[1;36m[ 3][t 1][2026-09-09 22:39:54.558332188][test-tos-collator.cpp:331][!testnode]	no init block in config. using zero state[0m
[1;36m[ 3][t 1][2026-09-09 22:39:54.558610202][test-tos-collator.cpp:356][!testnode]	Hardforks num in config: 0[0m
[1;36m[ 3][t 1][2026-09-09 22:39:54.558759014][manager-init.cpp:333][!starter]	Starting validator manager[0m
[1;33m[ 2][t 4][2026-09-09 22:39:54.572409683][celldb.cpp:371][!celldbin]	Using V1 DynamicBagOfCells with options V1{}[0m
[1;36m[ 3][t 5][2026-09-09 22:39:54.573164306][manager-init.cpp:39][!reiniter]	init_block_id=[ w=-1 s=9223372036854775808 seq=0 VpPinZ0dJmm1oaHSLrQ8lxp9ztCdeQrhNaNamiwwQqo= /3hfyEuGwlc3c3DqfcBOYb21xcXnwKHoTrgMJMAxMyA= ][0m
[1;36m[ 3][t 7][2026-09-09 22:39:54.583691205][download-state.cpp:491][!reiniter]	requested to download state of (-1,8000000000000000,0):5693E29D9D1D2669B5A1A1D22EB43C971A7DCED09D790AE135A35A9A2C3042AA:FF785FC84B86C257377370EA7DC04E61BDB5C5C5E7C0A1E84EB80C24C0313320 referenced by (-2147483648,0000000000000000,0):0000000000000000000000000000000000000000000000000000000000000000:0000000000000000000000000000000000000000000000000000000000000000 with split depth 0[0m
[1;33m[ 2][t 5][2026-09-09 22:39:54.584216969][download-state.cpp:1100][!downloadstate]	checked shard state (-1,8000000000000000,0):5693E29D9D1D2669B5A1A1D22EB43C971A7DCED09D790AE135A35A9A2C3042AA:FF785FC84B86C257377370EA7DC04E61BDB5C5C5E7C0A1E84EB80C24C0313320[0m
[1;36m[ 3][t 4][2026-09-09 22:39:54.584667155][celldb.cpp:251][!celldbin]	Validating metadata[0m
[1;36m[ 3][t 4][2026-09-09 22:39:54.584709698][celldb.cpp:307][!celldbin]	Validating metadata: OK[0m
[1;33m[ 2][t 1][2026-09-09 22:39:54.585097923][download-state.cpp:1697][!downloadstate]	written shard state file (-1,8000000000000000,0):5693E29D9D1D2669B5A1A1D22EB43C971A7DCED09D790AE135A35A9A2C3042AA:FF785FC84B86C257377370EA7DC04E61BDB5C5C5E7C0A1E84EB80C24C0313320[0m
[1;33m[ 2][t 4][2026-09-09 22:39:54.612765422][download-state.cpp:1759][!downloadstate]	finished downloading and storing shard state (-1,8000000000000000,0):5693E29D9D1D2669B5A1A1D22EB43C971A7DCED09D790AE135A35A9A2C3042AA:FF785FC84B86C257377370EA7DC04E61BDB5C5C5E7C0A1E84EB80C24C0313320[0m
[1;36m[ 3][t 6][2026-09-09 22:39:54.612815222][download-state.cpp:491][!reiniter]	requested to download state of (-1,8000000000000000,0):5693E29D9D1D2669B5A1A1D22EB43C971A7DCED09D790AE135A35A9A2C3042AA:FF785FC84B86C257377370EA7DC04E61BDB5C5C5E7C0A1E84EB80C24C0313320 referenced by (-1,8000000000000000,0):5693E29D9D1D2669B5A1A1D22EB43C971A7DCED09D790AE135A35A9A2C3042AA:FF785FC84B86C257377370EA7DC04E61BDB5C5C5E7C0A1E84EB80C24C0313320 with split depth 0[0m
[1;33m[ 2][t 6][2026-09-09 22:39:54.612844604][download-state.cpp:519][!downloadstate]	shard state (-1,8000000000000000,0):5693E29D9D1D2669B5A1A1D22EB43C971A7DCED09D790AE135A35A9A2C3042AA:FF785FC84B86C257377370EA7DC04E61BDB5C5C5E7C0A1E84EB80C24C0313320 already stored in db[0m
[1;33m[ 2][t 6][2026-09-09 22:39:54.612921481][download-state.cpp:1759][!downloadstate]	finished downloading and storing shard state (-1,8000000000000000,0):5693E29D9D1D2669B5A1A1D22EB43C971A7DCED09D790AE135A35A9A2C3042AA:FF785FC84B86C257377370EA7DC04E61BDB5C5C5E7C0A1E84EB80C24C0313320[0m
[1;36m[ 3][t 6][2026-09-09 22:39:54.612932323][manager-init.cpp:294][!reiniter]	downloaded masterchain state[0m
[1;33m[ 2][t 6][2026-09-09 22:39:54.612942673][shard-client.cpp:58][!shardclient]	Downloading shard states for masterchain block [ w=-1 s=9223372036854775808 seq=0 VpPinZ0dJmm1oaHSLrQ8lxp9ztCdeQrhNaNamiwwQqo= /3hfyEuGwlc3c3DqfcBOYb21xcXnwKHoTrgMJMAxMyA= ][0m
[1;33m[ 2][t 6][2026-09-09 22:39:54.612948598][shard-client.cpp:71][!shardclient]	Downloaded all shard states[0m
[1;36m[ 3][t 6][2026-09-09 22:39:54.613467388][manager-init.cpp:305][!reiniter]	downloaded all shards[0m
[1;36m[ 3][t 1][2026-09-09 22:39:54.613498313][manager-init.cpp:316][!reiniter]	persistent state download finished[0m
[1;31m[ 1][t 6][2026-09-09 22:39:54.614131103][manager-disk.cpp:291][!manager]	running collate query[0m
[1;33m[ 2][t 6][2026-09-09 22:39:54.614171560][collator.cpp:145][!collate(-1,8000000000000000):1]	Collator for shard (-1,8000000000000000) started[0m
[1;36m[ 3][t 7][2026-09-09 22:39:54.614234664][collator.cpp:832][!collate(-1,8000000000000000):1]	after_get_shard_blocks: got 0 ShardTopBlockDescriptions[0m
[1;36m[ 3][t 7][2026-09-09 22:39:54.614287296][collator.cpp:846][!collate(-1,8000000000000000):1]	after_get_storage_stat_cache : [Error : 0 : not implemented][0m
[1;33m[ 2][t 1][2026-09-09 22:39:54.614681495][collator.cpp:669][!collate(-1,8000000000000000):1]	in Collator::after_get_shard_state(0)[0m
[1;33m[ 2][t 1][2026-09-09 22:39:54.614707565][collator.cpp:2086][!collate(-1,8000000000000000):1]	running do_preinit()[0m
[1;36m[ 3][t 1][2026-09-09 22:39:54.614736425][collator.cpp:1779][!collate(-1,8000000000000000):1]	unpacking most recent masterchain state[0m
[1;31m[ 1][t 1][2026-09-09 22:39:54.614830201][collator.cpp:928][!collate(-1,8000000000000000):1]	block version 16 have been enabled in global configuration, but we support only 15 (upgrade validator software?)[0m
[1;36m[ 3][t 1][2026-09-09 22:39:54.614957542][collator.cpp:1842][!collate(-1,8000000000000000):1]	adding new workchain 0 to shard configuration in masterchain state[0m
[1;36m[ 3][t 1][2026-09-09 22:39:54.614992272][collator.cpp:1842][!collate(-1,8000000000000000):1]	adding new workchain 2 to shard configuration in masterchain state[0m
[1;36m[ 3][t 1][2026-09-09 22:39:54.615028952][collator.cpp:2266][!collate(-1,8000000000000000):1]	start_lt set to 1000000[0m
[1;36m[ 3][t 6][2026-09-09 22:39:54.615086592][collator.cpp:1047][!collate(-1,8000000000000000):1]	neighbor output queues fetched, took 0.000039s[0m
[1;33m[ 2][t 1][2026-09-09 22:39:54.615496242][collator.cpp:1169][!collate(-1,8000000000000000):1]	got outbound queue size from prev block #0: 0[0m
[1;33m[ 2][t 1][2026-09-09 22:39:54.615545132][collator.cpp:2439][!collate(-1,8000000000000000):1]	do_collate() : start[0m
[1;36m[ 3][t 1][2026-09-09 22:39:54.616571405][collator.cpp:2673][!collate(-1,8000000000000000):1]	cleaning outbound queue from messages already imported by neighbors[0m
[1;33m[ 2][t 1][2026-09-09 22:39:54.616578627][collator.cpp:2840][!collate(-1,8000000000000000):1]	deleted 0 messages from out_msg_queue, remaining queue size is 0[0m
[1;36m[ 3][t 1][2026-09-09 22:39:54.616593987][collator.cpp:2405][!collate(-1,8000000000000000):1]	fee recovery skipped (0ng)[0m
[1;36m[ 3][t 1][2026-09-09 22:39:54.616606271][collator.cpp:2527][!collate(-1,8000000000000000):1]	process dispatch queue[0m
[1;36m[ 3][t 1][2026-09-09 22:39:54.616612639][collator.cpp:2532][!collate(-1,8000000000000000):1]	create tick transactions[0m
[1;36m[ 3][t 1][2026-09-09 22:39:54.616626670][collator.cpp:2553][!collate(-1,8000000000000000):1]	process inbound internal messages[0m
[1;36m[ 3][t 1][2026-09-09 22:39:54.616632155][collator.cpp:4498][!collate(-1,8000000000000000):1]	process inbound external messages[0m
[1;36m[ 3][t 1][2026-09-09 22:39:54.616650185][collator.cpp:4506][!collate(-1,8000000000000000):1]	process newly-generated messages[0m
[1;36m[ 3][t 1][2026-09-09 22:39:54.616654639][collator.cpp:4511][!collate(-1,8000000000000000):1]	Don't wait for new external messages[0m
[1;36m[ 3][t 1][2026-09-09 22:39:54.616659888][collator.cpp:2575][!collate(-1,8000000000000000):1]	create tock transactions[0m
[1;36m[ 3][t 1][2026-09-09 22:39:54.616729560][collator.cpp:2580][!collate(-1,8000000000000000):1]	enqueue newly-generated messages[0m
[1;36m[ 3][t 1][2026-09-09 22:39:54.616734310][collator.cpp:5778][!collate(-1,8000000000000000):1]	final out_msg_queue size is 0[0m
[1;36m[ 3][t 1][2026-09-09 22:39:54.616737761][collator.cpp:5782][!collate(-1,8000000000000000):1]	block load statistics: gas=0 lt_delta=2 size_estimate=2561 collated_size_estimate=0[0m
[1;36m[ 3][t 1][2026-09-09 22:39:54.616741654][collator.cpp:5822][!collate(-1,8000000000000000):1]	block is underloaded[0m
[1;36m[ 3][t 1][2026-09-09 22:39:54.617115224][collator.cpp:5514][!collate(-1,8000000000000000):1]	masterchain validator set hash changed from 2805358205 to 2805358205[0m
[1;36m[ 3][t 1][2026-09-09 22:39:54.617126952][collator.cpp:5557][!collate(-1,8000000000000000):1]	Global balance is 0ng[0m
[1;36m[ 3][t 1][2026-09-09 22:39:54.617133887][collator.cpp:5677][!collate(-1,8000000000000000):1]	updating block creator statistics[0m
[1;36m[ 3][t 1][2026-09-09 22:39:54.617137721][collator.cpp:5693][!collate(-1,8000000000000000):1]	scanning for outdated CreatorStats entries[0m
[1;36m[ 3][t 1][2026-09-09 22:39:54.617143772][collator.cpp:5719][!collate(-1,8000000000000000):1]	removed 0 stale CreatorStats entries out of 0 scanned[0m
[1;36m[ 3][t 1][2026-09-09 22:39:54.617153293][collator.cpp:5600][!collate(-1,8000000000000000):1]	McStateExtra created[0m
[1;36m[ 3][t 1][2026-09-09 22:39:54.617172809][collator.cpp:6155][!collate(-1,8000000000000000):1]	creating Merkle update for the ShardState[0m
[1;36m[ 3][t 1][2026-09-09 22:39:54.617214030][collator.cpp:6168][!collate(-1,8000000000000000):1]	updating block profile statistics[0m
[1;36m[ 3][t 1][2026-09-09 22:39:54.617222213][collator.cpp:6170][!collate(-1,8000000000000000):1]	new ShardState and corresponding Merkle update created[0m
[1;36m[ 3][t 1][2026-09-09 22:39:54.617231422][collator.cpp:6410][!collate(-1,8000000000000000):1]	Value flow: (value-flow from_prev_blk:0ng to_next_blk:0ng imported:0ng exported:0ng fees_collected:0ng fees_imported:0ng recovered:0ng created:0ng minted:0ng)[0m
[1;36m[ 3][t 1][2026-09-09 22:39:54.617253612][collator.cpp:6508][!collate(-1,8000000000000000):1]	verifying new Block[0m
[1;36m[ 3][t 1][2026-09-09 22:39:54.617277493][collator.cpp:6513][!collate(-1,8000000000000000):1]	new Block created[0m
[1;36m[ 3][t 1][2026-09-09 22:39:54.617290819][collator.cpp:6729][!collate(-1,8000000000000000):1]	serializing new Block[0m
[1;36m[ 3][t 1][2026-09-09 22:39:54.617325937][collator.cpp:6760][!collate(-1,8000000000000000):1]	serialized block size 1913 bytes (preliminary estimate was 2561)[0m
[1;36m[ 3][t 1][2026-09-09 22:39:54.617331329][collator.cpp:6763][!collate(-1,8000000000000000):1]	size regression stats: 1913 18 6480 19 4 1 1[0m
[1;36m[ 3][t 1][2026-09-09 22:39:54.617335192][collator.cpp:6766][!collate(-1,8000000000000000):1]	serialized collated data size 33 bytes (preliminary estimate was 0)[0m
[1;36m[ 3][t 1][2026-09-09 22:39:54.617344520][collator.cpp:6826][!collate(-1,8000000000000000):1]	saving new BlockCandidate[0m
[1;33m[ 2][t 1][2026-09-09 22:39:54.619513558][collator.cpp:6865][!collate(-1,8000000000000000):1]	sending new BlockCandidate to Promise[0m
[1;33m[ 2][t 1][2026-09-09 22:39:54.619520548][collator.cpp:6866][!collate(-1,8000000000000000):1]	collation took 0.005356 s[0m
[1;33m[ 2][t 1][2026-09-09 22:39:54.619532313][collator.cpp:6867][!collate(-1,8000000000000000):1]	{{
	{set_block_candidate:145480.239439->145480.241603(0.002164)}
	{do_collate:145480.237613->145480.239445(0.001832)}
	{post_ext_processing:145480.238824->145480.239443(0.000619)}
	{wait_block_state #0:145480.236273->145480.236787(0.000514)}
	{get_storage_stat_cache:145480.236277->145480.236377(0.000100)[Error : 0 : not implemented]}
	{get_shard_blocks_for_collator:145480.236276->145480.236323(0.000047)}
	{neighbor_msg_queues:145480.237137->145480.237177(0.000039)}
}[0m
[1;33m[ 2][t 1][2026-09-09 22:39:54.619554814][collator.cpp:6978][!collate(-1,8000000000000000):1]	Collate query work time = 0.002152s, cpu time = 0.002150s[0m
[1;31m[ 1][t 6][2026-09-09 22:39:54.623000698][manager-disk.cpp:264][!manager]	created block [ w=-1 s=9223372036854775808 seq=1 ukYrjaTJUamaK6vFZsr7ZF6cbkQODwHyxQt+OHhR1Zo= Ilrj2koTwVgiv2uBHwwLh9NJHLT7KxN7C8vVxk/gAUM= ][0m
[1;33m[ 2][t 6][2026-09-09 22:39:54.623029234][validate-query.cpp:289][!fakevalidate(-1,8000000000000000):1#0]	validate query for (-1,8000000000000000,1):BA462B8DA4C951A99A2BABC566CAFB645E9C6E440E0F01F2C50B7E387851D59A:225AE3DA4A13C15822BF6B811F0C0B87D3491CB4FB2B137B0BCBD5C64FE00143 started[0m
[1;33m[ 2][t 4][2026-09-09 22:39:54.623134611][validate-query.cpp:786][!fakevalidate(-1,8000000000000000):1#0]	in ValidateQuery::after_get_latest_mc_state()[0m
[1;36m[ 3][t 4][2026-09-09 22:39:54.623151481][validate-query.cpp:884][!fakevalidate(-1,8000000000000000):1#0]	after_get_storage_stat_cache : [Error : 0 : not implemented][0m
[1;33m[ 2][t 1][2026-09-09 22:39:54.623393902][validate-query.cpp:904][!fakevalidate(-1,8000000000000000):1#0]	in ValidateQuery::after_get_shard_state(0)[0m
[1;31m[ 1][t 1][2026-09-09 22:39:54.623425874][validate-query.cpp:1002][!fakevalidate(-1,8000000000000000):1#0]	block version 16 have been enabled in global configuration, but we support only 15 (upgrade validator software?)[0m
[1;33m[ 2][t 1][2026-09-09 22:39:54.623482962][validate-query.cpp:786][!fakevalidate(-1,8000000000000000):1#0]	in ValidateQuery::after_get_latest_mc_state()[0m
[1;33m[ 2][t 1][2026-09-09 22:39:54.623488644][validate-query.cpp:7761][!fakevalidate(-1,8000000000000000):1#0]	try_validate stage 0[0m
[1;36m[ 3][t 1][2026-09-09 22:39:54.623595694][validate-query.cpp:2478][!fakevalidate(-1,8000000000000000):1#0]	masterchain validator set hash changed from 2805358205 to 2805358205[0m
[1;33m[ 2][t 1][2026-09-09 22:39:54.623610882][validate-query.cpp:7801][!fakevalidate(-1,8000000000000000):1#0]	try_validate stage 1[0m
[1;36m[ 3][t 1][2026-09-09 22:39:54.623615507][validate-query.cpp:7802][!fakevalidate(-1,8000000000000000):1#0]	running automated validity checks for block candidate (-1,8000000000000000,1):BA462B8DA4C951A99A2BABC566CAFB645E9C6E440E0F01F2C50B7E387851D59A:225AE3DA4A13C15822BF6B811F0C0B87D3491CB4FB2B137B0BCBD5C64FE00143[0m
[1;36m[ 3][t 1][2026-09-09 22:39:54.623686868][validate-query.cpp:3200][!fakevalidate(-1,8000000000000000):1#0]	pre-checking all Account updates between the old and the new state[0m
[1;36m[ 3][t 1][2026-09-09 22:39:54.623700568][validate-query.cpp:3393][!fakevalidate(-1,8000000000000000):1#0]	pre-checking all AccountBlocks, and all transactions of all accounts[0m
[1;36m[ 3][t 1][2026-09-09 22:39:54.623723563][validate-query.cpp:3652][!fakevalidate(-1,8000000000000000):1#0]	pre-checking the difference between the old and the new outbound message queues[0m
[1;36m[ 3][t 1][2026-09-09 22:39:54.623728262][validate-query.cpp:3673][!fakevalidate(-1,8000000000000000):1#0]	outbound message queue size: 0 -> 0[0m
[1;36m[ 3][t 1][2026-09-09 22:39:54.623733031][validate-query.cpp:3816][!fakevalidate(-1,8000000000000000):1#0]	checking the difference between the old and the new dispatch queues[0m
[1;36m[ 3][t 1][2026-09-09 22:39:54.623743512][validate-query.cpp:4574][!fakevalidate(-1,8000000000000000):1#0]	checking inbound messages listed in InMsgDescr[0m
[1;36m[ 3][t 1][2026-09-09 22:39:54.623753862][validate-query.cpp:5247][!fakevalidate(-1,8000000000000000):1#0]	checking outbound messages listed in OutMsgDescr[0m
[1;36m[ 3][t 1][2026-09-09 22:39:54.623760242][validate-query.cpp:5271][!fakevalidate(-1,8000000000000000):1#0]	checking ProcessedInfo[0m
[1;36m[ 3][t 1][2026-09-09 22:39:54.623764126][validate-query.cpp:5308][!fakevalidate(-1,8000000000000000):1#0]	ProcessedInfo claims to have processed all inbound messages up to (0,0000000000000000000000000000000000000000000000000000000000000000)[0m
[1;36m[ 3][t 1][2026-09-09 22:39:54.623775069][validate-query.cpp:6511][!fakevalidate(-1,8000000000000000):1#0]	checking all transactions[0m
[1;33m[ 2][t 1][2026-09-09 22:39:54.623828110][validate-query.cpp:7920][!fakevalidate(-1,8000000000000000):1#0]	try_validate stage 2[0m
[1;36m[ 3][t 1][2026-09-09 22:39:54.623839264][validate-query.cpp:6963][!fakevalidate(-1,8000000000000000):1#0]	checking header of the new shardchain state[0m
[1;36m[ 3][t 1][2026-09-09 22:39:54.623863735][validate-query.cpp:7262][!fakevalidate(-1,8000000000000000):1#0]	checking header of McStateExtra in the new masterchain state[0m
[1;36m[ 3][t 1][2026-09-09 22:39:54.624213040][validate-query.cpp:7576][!fakevalidate(-1,8000000000000000):1#0]	checking all CreatorStats updates between the old and the new state[0m
[1;33m[ 2][t 1][2026-09-09 22:39:54.624321320][validate-query.cpp:8017][!fakevalidate(-1,8000000000000000):1#0]	validation took 0.001298s[0m
[1;33m[ 2][t 1][2026-09-09 22:39:54.624326856][validate-query.cpp:8018][!fakevalidate(-1,8000000000000000):1#0]	Validate query work time = 0.000735s, cpu time = 0.000735s[0m
[1;33m[ 2][t 1][2026-09-09 22:39:54.624331424][validate-query.cpp:8020][!fakevalidate(-1,8000000000000000):1#0]	{{
	{wait_block_state #0:145480.245209->145480.245484(0.000275)}
	{get_top_masterchain_state_block:145480.245129->145480.245224(0.000095)}
	{set_block_candidate:145480.246313->145480.246395(0.000081)}
	{get_storage_stat_cache:145480.245212->145480.245241(0.000029)[Error : 0 : not implemented]}
	{wait_verify_shard_blocks:145480.245675->145480.245700(0.000026)}
	{get_top_masterchain_state_block:145480.245569->145480.245573(0.000004)}
}[0m
[1;33m[ 2][t 1][2026-09-09 22:39:54.624352752][validate-query.cpp:269][!fakevalidate(-1,8000000000000000):1#0]	validate query done[0m
[1;31m[ 1][t 5][2026-09-09 22:39:54.635629237][manager-disk.cpp:369][!manager]	success, block [ w=-1 s=9223372036854775808 seq=1 ukYrjaTJUamaK6vFZsr7ZF6cbkQODwHyxQt+OHhR1Zo= Ilrj2koTwVgiv2uBHwwLh9NJHLT7KxN7C8vVxk/gAUM= ] = (-1,8000000000000000,1):BA462B8DA4C951A99A2BABC566CAFB645E9C6E440E0F01F2C50B7E387851D59A:225AE3DA4A13C15822BF6B811F0C0B87D3491CB4FB2B137B0BCBD5C64FE00143 saved to disk[0m
