Running test Test_WorkchainBlock_NativePayoutExactFeeLower...
[ 4][t 0][2026-09-11 14:55:59.197989992][transaction.cpp:622]	unpacking account 0000000000000000000000000000000000000000000000000000000000000000
[ 4][t 0][2026-09-11 14:55:59.198224835][transaction.cpp:455]	last_paid=0; cells=0 bits=0
[ 4][t 0][2026-09-11 14:55:59.198235927][transaction.cpp:685]	end of Account.unpack() for 2:0000000000000000000000000000000000000000000000000000000000000000 (balance = 1000ng ; last_trans_lt = 1..2)
[ 4][t 0][2026-09-11 14:55:59.198262459][transaction.cpp:622]	unpacking account 31CF8E61894D648E857CC6D14F8352C20C14D12F92A5F8DCE26F01224A63376D
[ 4][t 0][2026-09-11 14:55:59.198271124][transaction.cpp:455]	last_paid=0; cells=0 bits=0
[ 4][t 0][2026-09-11 14:55:59.198276602][transaction.cpp:685]	end of Account.unpack() for 2:31CF8E61894D648E857CC6D14F8352C20C14D12F92A5F8DCE26F01224A63376D (balance = 1000ng ; last_trans_lt = 1..2)
[ 4][t 0][2026-09-11 14:55:59.198327558][transaction.cpp:3555]	storage paid for a message: 0 cells, 0 bits
[ 4][t 0][2026-09-11 14:55:59.198332791][transaction.cpp:3559]	computed fwd fees = 100 + 0
[ 4][t 0][2026-09-11 14:55:59.198501796][transaction.cpp:622]	unpacking account 0000000000000000000000000000000000000000000000000000000000000000
[ 4][t 0][2026-09-11 14:55:59.198509926][transaction.cpp:455]	last_paid=0; cells=0 bits=0
[ 4][t 0][2026-09-11 14:55:59.198517054][transaction.cpp:685]	end of Account.unpack() for 2:0000000000000000000000000000000000000000000000000000000000000000 (balance = 1000ng ; last_trans_lt = 1..2)
[ 4][t 0][2026-09-11 14:55:59.198522946][transaction.cpp:622]	unpacking account 31CF8E61894D648E857CC6D14F8352C20C14D12F92A5F8DCE26F01224A63376D
[ 4][t 0][2026-09-11 14:55:59.198529363][transaction.cpp:455]	last_paid=0; cells=0 bits=0
[ 4][t 0][2026-09-11 14:55:59.198535094][transaction.cpp:685]	end of Account.unpack() for 2:31CF8E61894D648E857CC6D14F8352C20C14D12F92A5F8DCE26F01224A63376D (balance = 1000ng ; last_trans_lt = 1..2)
[ 4][t 0][2026-09-11 14:55:59.198554423][transaction.cpp:3555]	storage paid for a message: 0 cells, 0 bits
[ 4][t 0][2026-09-11 14:55:59.198559091][transaction.cpp:3559]	computed fwd fees = 100 + 0
D75_EXACT_Q declared=99 Native_paid=100: -7200 at exact-fee equality
PASS in 1584.2us
1 test(s) passed
