Running test Test_WorkchainBlock_NativePayoutExactFeeHigher...
[ 4][t 0][2026-09-11 14:55:59.203508799][transaction.cpp:622]	unpacking account 0000000000000000000000000000000000000000000000000000000000000000
[ 4][t 0][2026-09-11 14:55:59.203751325][transaction.cpp:455]	last_paid=0; cells=0 bits=0
[ 4][t 0][2026-09-11 14:55:59.203768945][transaction.cpp:685]	end of Account.unpack() for 2:0000000000000000000000000000000000000000000000000000000000000000 (balance = 1000ng ; last_trans_lt = 1..2)
[ 4][t 0][2026-09-11 14:55:59.203796815][transaction.cpp:622]	unpacking account 31CF8E61894D648E857CC6D14F8352C20C14D12F92A5F8DCE26F01224A63376D
[ 4][t 0][2026-09-11 14:55:59.203804862][transaction.cpp:455]	last_paid=0; cells=0 bits=0
[ 4][t 0][2026-09-11 14:55:59.203810422][transaction.cpp:685]	end of Account.unpack() for 2:31CF8E61894D648E857CC6D14F8352C20C14D12F92A5F8DCE26F01224A63376D (balance = 1000ng ; last_trans_lt = 1..2)
[ 4][t 0][2026-09-11 14:55:59.203855604][transaction.cpp:3555]	storage paid for a message: 0 cells, 0 bits
[ 4][t 0][2026-09-11 14:55:59.203860170][transaction.cpp:3559]	computed fwd fees = 100 + 0
[ 4][t 0][2026-09-11 14:55:59.204017783][transaction.cpp:622]	unpacking account 0000000000000000000000000000000000000000000000000000000000000000
[ 4][t 0][2026-09-11 14:55:59.204025298][transaction.cpp:455]	last_paid=0; cells=0 bits=0
[ 4][t 0][2026-09-11 14:55:59.204031025][transaction.cpp:685]	end of Account.unpack() for 2:0000000000000000000000000000000000000000000000000000000000000000 (balance = 1000ng ; last_trans_lt = 1..2)
[ 4][t 0][2026-09-11 14:55:59.204037053][transaction.cpp:622]	unpacking account 31CF8E61894D648E857CC6D14F8352C20C14D12F92A5F8DCE26F01224A63376D
[ 4][t 0][2026-09-11 14:55:59.204042451][transaction.cpp:455]	last_paid=0; cells=0 bits=0
[ 4][t 0][2026-09-11 14:55:59.204048151][transaction.cpp:685]	end of Account.unpack() for 2:31CF8E61894D648E857CC6D14F8352C20C14D12F92A5F8DCE26F01224A63376D (balance = 1000ng ; last_trans_lt = 1..2)
[ 4][t 0][2026-09-11 14:55:59.204066033][transaction.cpp:3555]	storage paid for a message: 0 cells, 0 bits
[ 4][t 0][2026-09-11 14:55:59.204070102][transaction.cpp:3559]	computed fwd fees = 100 + 0
D75_EXACT_Q declared=101 Native_paid=100: -7200 at exact-fee equality
PASS in 1630.6us
1 test(s) passed
