[1/61] Building CXX object crypto/CMakeFiles/tos_block.dir/block/block.cpp.o
[2/61] Building CXX object crypto/CMakeFiles/tos_block.dir/block/transaction.cpp.o
[3/61] Building CXX object crypto/CMakeFiles/tos_block.dir/block/workchain-execution-dispatch.cpp.o
[4/61] Linking CXX static library crypto/libtos_block.a
[5/61] Checking the git repository for changes...
[6/59] Linking CXX executable crypto/func
[7/59] Compile FunC stdlib TVM v6 fee primitive coverage
[8/59] Linking CXX executable crypto/fift
[9/59] Generate /home/tomi/tos/build/crypto/smartcont/auto/highload-wallet-code.fif
[10/59] Generate /home/tomi/tos/build/crypto/smartcont/auto/restricted-wallet-code.fif
[11/59] Generate /home/tomi/tos/build/crypto/smartcont/auto/wallet-v4-code.fif
[12/59] Generate /home/tomi/tos/build/crypto/smartcont/auto/highload-wallet-v2-code.fif
[13/59] Generate /home/tomi/tos/build/crypto/smartcont/auto/restricted-wallet2-code.fif
[14/59] Generate /home/tomi/tos/build/crypto/smartcont/auto/simple-wallet-code.fif
[15/59] Generate /home/tomi/tos/build/crypto/smartcont/auto/wallet-code.fif
[16/59] Generate /home/tomi/tos/build/crypto/smartcont/auto/session-wallet-code.fif
[17/59] Generate /home/tomi/tos/build/crypto/smartcont/auto/wallet3-code.fif
[18/59] Generate /home/tomi/tos/build/crypto/smartcont/auto/restricted-wallet3-code.fif
[19/59] Generate /home/tomi/tos/build/crypto/smartcont/auto/simple-wallet-ext-code.fif
[20/59] Generate /home/tomi/tos/build/crypto/smartcont/auto/wallet-v5-code.fif
[21/59] Generate /home/tomi/tos/build/crypto/smartcont/auto/multisig-code.fif
[22/59] Generate /home/tomi/tos/build/crypto/smartcont/auto/pow-testgiver-code.fif
[23/59] Generate /home/tomi/tos/build/crypto/smartcont/auto/dns-manual-code.fif
[24/59] Generate /home/tomi/tos/build/crypto/smartcont/auto/payment-channel-code.fif
[25/59] Generate /home/tomi/tos/build/crypto/smartcont/auto/highload-wallet-code.cpp
[26/59] Generate /home/tomi/tos/build/crypto/smartcont/auto/simple-wallet-code.cpp
[27/59] Generate /home/tomi/tos/build/crypto/smartcont/auto/highload-wallet-v2-code.cpp
[28/59] Generate /home/tomi/tos/build/crypto/smartcont/auto/wallet-v4-code.cpp
[29/59] Generate /home/tomi/tos/build/crypto/smartcont/auto/wallet-code.cpp
[30/59] Generate /home/tomi/tos/build/crypto/smartcont/auto/restricted-wallet-code.cpp
[31/59] Generate /home/tomi/tos/build/crypto/smartcont/auto/restricted-wallet2-code.cpp
[32/59] Generate /home/tomi/tos/build/crypto/smartcont/auto/wallet3-code.cpp
[33/59] Generate /home/tomi/tos/build/crypto/smartcont/auto/session-wallet-code.cpp
[34/59] Generate /home/tomi/tos/build/crypto/smartcont/auto/restricted-wallet3-code.cpp
[35/59] Generate /home/tomi/tos/build/crypto/smartcont/auto/simple-wallet-ext-code.cpp
[36/59] Generate /home/tomi/tos/build/crypto/smartcont/auto/agent-account-code.fif
[37/59] Generate /home/tomi/tos/build/crypto/smartcont/auto/dns-auto-code.fif
[38/59] Generate /home/tomi/tos/build/crypto/smartcont/auto/wallet-v5-code.cpp
[39/59] Generate /home/tomi/tos/build/crypto/smartcont/auto/config-code.fif
[40/59] Generate /home/tomi/tos/build/crypto/smartcont/auto/task-escrow-code.fif
[41/59] Generate /home/tomi/tos/build/crypto/smartcont/auto/dns-manual-code.cpp
[42/59] Generate /home/tomi/tos/build/crypto/smartcont/auto/pow-testgiver-code.cpp
[43/59] Generate /home/tomi/tos/build/crypto/smartcont/auto/multisig-code.cpp
[44/59] Generate /home/tomi/tos/build/crypto/smartcont/auto/payment-channel-code.cpp
[45/59] Generate /home/tomi/tos/build/crypto/smartcont/auto/agent-account-code.cpp
[46/59] Generate /home/tomi/tos/build/crypto/smartcont/auto/dns-auto-code.cpp
[47/59] Generate /home/tomi/tos/build/crypto/smartcont/auto/task-escrow-code.cpp
[48/59] Generate /home/tomi/tos/build/crypto/smartcont/auto/config-code.cpp
[49/59] Generate /home/tomi/tos/build/crypto/smartcont/auto/elector-code.fif
[50/59] Generate /home/tomi/tos/build/crypto/smartcont/auto/elector-code.cpp
[51/59] Verify and embed the frozen TOS Service Protocol stablecoin escrow v1 BOC
NOTE: escrow v1 is deprecated (superseded by v2); this build exists only to verify the frozen historical artifact.
NOTE: escrow v1 is deprecated (superseded by v2); this build exists only to verify the frozen historical artifact.
[52/59] Verify and embed the frozen TOS Service Protocol stablecoin escrow v2 BOC
[53/59] Verify and embed the frozen TOS Native Service Registry BOC
[54/59] Generate /home/tomi/tos/build/crypto/smartcont/auto/prediction-market-code.fif
[55/59] Generate /home/tomi/tos/build/crypto/smartcont/auto/prediction-market-code.cpp
[56/59] Building CXX object crypto/CMakeFiles/smc-envelope.dir/smc-envelope/SmartContractCode.cpp.o
[57/59] Building CXX object CMakeFiles/test-workchain-block.dir/crypto/test/test-workchain-block.cpp.o
[58/59] Linking CXX static library crypto/libsmc-envelope.a
[59/59] Linking CXX executable test-workchain-block
