Traceback (most recent call last):
  File "/tmp/uno-m2-rng-run1/crypto/tests/kernel-symbols.py", line 80, in <module>
    main(sys.argv[1])
    ~~~~^^^^^^^^^^^^^
  File "/tmp/uno-m2-rng-run1/crypto/tests/kernel-symbols.py", line 70, in main
    for result in inspect(binary):
                  ~~~~~~~^^^^^^^^
  File "/tmp/uno-m2-rng-run1/crypto/tests/kernel-symbols.py", line 29, in inspect
    disassembly = subprocess.check_output(["objdump", "-d", "-C", binary], text=True)
  File "/home/tomi/.local/share/uv/python/cpython-3.14.4-linux-x86_64-gnu/lib/python3.14/subprocess.py", line 473, in check_output
    return run(*popenargs, stdout=PIPE, timeout=timeout, check=True,
           ~~~^^^^^^^^^^^^^^^^^^^^^^^^^^^^^^^^^^^^^^^^^^^^^^^^^^^^^^
               **kwargs).stdout
               ^^^^^^^^^
  File "/home/tomi/.local/share/uv/python/cpython-3.14.4-linux-x86_64-gnu/lib/python3.14/subprocess.py", line 555, in run
    with Popen(*popenargs, **kwargs) as process:
         ~~~~~^^^^^^^^^^^^^^^^^^^^^^
  File "/home/tomi/.local/share/uv/python/cpython-3.14.4-linux-x86_64-gnu/lib/python3.14/subprocess.py", line 1039, in __init__
    self._execute_child(args, executable, preexec_fn, close_fds,
    ~~~~~~~~~~~~~~~~~~~^^^^^^^^^^^^^^^^^^^^^^^^^^^^^^^^^^^^^^^^^
                        pass_fds, cwd, env,
                        ^^^^^^^^^^^^^^^^^^^
    ...<5 lines>...
                        gid, gids, uid, umask,
                        ^^^^^^^^^^^^^^^^^^^^^^
                        start_new_session, process_group)
                        ^^^^^^^^^^^^^^^^^^^^^^^^^^^^^^^^^
  File "/home/tomi/.local/share/uv/python/cpython-3.14.4-linux-x86_64-gnu/lib/python3.14/subprocess.py", line 1990, in _execute_child
    raise child_exception_type(errno_num, err_msg, err_filename)
FileNotFoundError: [Errno 2] No such file or directory: 'objdump'
