   Compiling proc-macro2 v1.0.107
   Compiling unicode-ident v1.0.24
   Compiling quote v1.0.47
   Compiling serde_core v1.0.229
   Compiling serde v1.0.229
   Compiling rand_core v0.10.1
   Compiling libc v0.2.189
   Compiling typenum v1.20.1
   Compiling subtle v2.6.1
   Compiling getrandom v0.4.3
   Compiling equivalent v1.0.2
   Compiling rustix v1.1.4
   Compiling hashbrown v0.17.1
   Compiling zmij v1.0.23
   Compiling bitflags v2.13.1
   Compiling winnow v0.7.15
   Compiling serde_json v1.0.151
   Compiling linux-raw-sys v0.12.1
   Compiling toml_write v0.1.2
   Compiling semver v1.0.28
   Compiling cfg-if v1.0.4
   Compiling fastrand v2.5.0
   Compiling cbindgen v0.29.0
   Compiling once_cell v1.21.4
   Compiling itoa v1.0.18
   Compiling memchr v2.8.3
   Compiling bitflags v1.3.2
   Compiling heck v0.5.0
   Compiling log v0.4.34
   Compiling byteorder v1.5.0
   Compiling keccak v0.1.6
   Compiling cpufeatures v0.3.1
   Compiling ff v0.14.0
   Compiling rustc_version v0.4.1
   Compiling indexmap v2.14.2
   Compiling keccak v0.2.2
   Compiling hybrid-array v0.4.14
   Compiling group v0.14.0
   Compiling curve25519-dalek v5.0.2 (https://github.com/tosnetwork/curve25519-dalek?rev=10042b03cfc92e505e9d33d2827d5c0f0d36989a#10042b03)
   Compiling crypto-common v0.2.2
   Compiling block-buffer v0.12.1
   Compiling tempfile v3.27.0
   Compiling digest v0.11.3
   Compiling sha3 v0.11.0
   Compiling syn v3.0.5
   Compiling syn v2.0.119
   Compiling serde_derive v1.0.229
   Compiling zeroize_derive v1.5.0
   Compiling curve25519-dalek-derive v0.1.1
   Compiling zeroize v1.9.0
   Compiling strobe-rs v0.10.0
   Compiling merlin v4.1.0 (https://github.com/tosnetwork/merlin?rev=ee857c79347e0e2201e5192523faea13ac9bf451#ee857c79)
   Compiling serde_spanned v0.6.9
   Compiling toml_datetime v0.6.11
   Compiling toml_edit v0.22.27
   Compiling toml v0.8.23
   Compiling bulletproofs v5.3.0 (/tmp/uno-m2-rng-run1/crypto/vendor/bulletproofs)
   Compiling tos-uno-crypto-prototype v0.1.0 (/tmp/uno-m2-rng-run1/crypto)
    Finished `release` profile [optimized] target(s) in 11.20s
