Running test Test_WorkchainBlock_AccountRegistryReplayConnectivity...
[1;31m[ 0][t 0][2026-09-09 10:32:23.524239493][test-workchain-block.cpp:9351]	Expectation failed: result.is_error()![0m
[pid 2011979] [time 1788949943] Signal: 6
------- Stack Backtrace -------
/home/tomi/tos/build/test-workchain-block(+0x6308e7)[0x5a4c82fa38e7]
/home/tomi/tos/build/test-workchain-block(+0xd287d)[0x5a4c82a4587d]
/lib/x86_64-linux-gnu/libc.so.6(+0x42520)[0x731fd4242520]
/lib/x86_64-linux-gnu/libc.so.6(pthread_kill+0x12c)[0x731fd42969bc]
/lib/x86_64-linux-gnu/libc.so.6(raise+0x16)[0x731fd4242476]
/lib/x86_64-linux-gnu/libc.so.6(abort+0xd3)[0x731fd42287f3]
/home/tomi/tos/build/test-workchain-block(+0x633ce7)[0x5a4c82fa6ce7]
/home/tomi/tos/build/test-workchain-block(+0x633de7)[0x5a4c82fa6de7]
/home/tomi/tos/build/test-workchain-block(+0x633997)[0x5a4c82fa6997]
/home/tomi/tos/build/test-workchain-block(+0x182f42)[0x5a4c82af5f42]
/home/tomi/tos/build/test-workchain-block(+0x1b057a)[0x5a4c82b2357a]
/home/tomi/tos/build/test-workchain-block(+0x63dabc)[0x5a4c82fb0abc]
/home/tomi/tos/build/test-workchain-block(+0x63d5e8)[0x5a4c82fb05e8]
/home/tomi/tos/build/test-workchain-block(+0xd965f)[0x5a4c82a4c65f]
/lib/x86_64-linux-gnu/libc.so.6(+0x29d90)[0x731fd4229d90]
/lib/x86_64-linux-gnu/libc.so.6(__libc_start_main+0x80)[0x731fd4229e40]
/home/tomi/tos/build/test-workchain-block(+0xd9505)[0x5a4c82a4c505]
-------------------------------
--- Enhanced Backtrace (libbacktrace) ---
    #0  ?? (test-workchain-block+0xd287c) [0x5a4c82a4587c]
    #1  ?? at libc_sigaction.c (libc.so.6+0x4251f) [0x731fd424251f]
    #2  __pthread_kill_implementation at pthread_kill.c:44 (libc.so.6+0x969bc) [0x731fd42969bc]
    #3  __pthread_kill_internal at pthread_kill.c:78 (libc.so.6+0x969bc) [0x731fd42969bc]
    #4  __GI___pthread_kill at pthread_kill.c:89 (libc.so.6+0x969bc) [0x731fd42969bc]
    #5  __GI_raise at raise.c:26 (libc.so.6+0x42475) [0x731fd4242475]
    #6  __GI_abort at abort.c:79 (libc.so.6+0x287f2) [0x731fd42287f2]
    #7  ?? (test-workchain-block+0x633ce6) [0x5a4c82fa6ce6]
    #8  ?? (test-workchain-block+0x633de6) [0x5a4c82fa6de6]
    #9  ?? (test-workchain-block+0x633996) [0x5a4c82fa6996]
    #10  ?? (test-workchain-block+0x182f41) [0x5a4c82af5f41]
    #11  ?? (test-workchain-block+0x1b0579) [0x5a4c82b23579]
    #12  ?? (test-workchain-block+0x63dabb) [0x5a4c82fb0abb]
    #13  ?? (test-workchain-block+0x63d5e7) [0x5a4c82fb05e7]
    #14  ?? (test-workchain-block+0xd965e) [0x5a4c82a4c65e]
    #15  __libc_start_call_main at libc_start_call_main.h:58 (libc.so.6+0x29d8f) [0x731fd4229d8f]
    #16  __libc_start_main_impl at libc-start.c:392 (libc.so.6+0x29e3f) [0x731fd4229e3f]
    #17  ?? (test-workchain-block+0xd9504) [0x5a4c82a4c504]
    #18   Êä%ý (unknown+0xffffffffffffffff) [0xffffffffffffffff]
------------------------------------------
[Thread debugging using libthread_db enabled]
Using host libthread_db library "/lib/x86_64-linux-gnu/libthread_db.so.1".
0x0000731fd42ea3aa in __GI___wait4 (pid=2011980, stat_loc=0x0, options=0, usage=0x0) at ../sysdeps/unix/sysv/linux/wait4.c:30
30	../sysdeps/unix/sysv/linux/wait4.c: No such file or directory.
[Current thread is 1 (Thread 0x731fd48f8800 (LWP 2011979))]

Thread 1 (Thread 0x731fd48f8800 (LWP 2011979) "test-workchain-"):
#0  0x0000731fd42ea3aa in __GI___wait4 (pid=2011980, stat_loc=0x0, options=0, usage=0x0) at ../sysdeps/unix/sysv/linux/wait4.c:30
        sc_ret = -512
        sc_ret = <optimized out>
#1  0x00005a4c82fa3b62 in td::Stacktrace::print_to_stderr(td::Stacktrace::PrintOptions const&) ()
No symbol table info available.
#2  0x00005a4c82a4587d in td::default_failure_signal_handler(int) ()
No symbol table info available.
#3  <signal handler called>
No locals.
#4  __pthread_kill_implementation (no_tid=0, signo=6, threadid=126580547356672) at ./nptl/pthread_kill.c:44
        tid = <optimized out>
        ret = 0
        pd = 0x731fd48f8800
        old_mask = {__val = {0 <repeats 16 times>}}
        ret = <optimized out>
        pd = <optimized out>
        old_mask = <optimized out>
        ret = <optimized out>
        tid = <optimized out>
        ret = <optimized out>
        resultvar = <optimized out>
        resultvar = <optimized out>
        __arg3 = <optimized out>
        __arg2 = <optimized out>
        __arg1 = <optimized out>
        _a3 = <optimized out>
        _a2 = <optimized out>
        _a1 = <optimized out>
        __futex = <optimized out>
        resultvar = <optimized out>
        __arg3 = <optimized out>
        __arg2 = <optimized out>
        __arg1 = <optimized out>
        _a3 = <optimized out>
        _a2 = <optimized out>
        _a1 = <optimized out>
        __futex = <optimized out>
        __private = <optimized out>
        __oldval = <optimized out>
        result = <optimized out>
#5  __pthread_kill_internal (signo=6, threadid=126580547356672) at ./nptl/pthread_kill.c:78
No locals.
#6  __GI___pthread_kill (threadid=126580547356672, signo=signo@entry=6) at ./nptl/pthread_kill.c:89
No locals.
#7  0x0000731fd4242476 in __GI_raise (sig=sig@entry=6) at ../sysdeps/posix/raise.c:26
        ret = <optimized out>
#8  0x0000731fd42287f3 in __GI_abort () at ./stdlib/abort.c:79
        save_stage = 1
        act = {__sigaction_handler = {sa_handler = 0x0, sa_sigaction = 0x0}, sa_mask = {__val = {0 <repeats 16 times>}}, sa_flags = 0, sa_restorer = 0x0}
        sigs = {__val = {32, 0 <repeats 15 times>}}
#9  0x00005a4c82fa6ce7 in td::process_fatal_error(td::CSlice) ()
No symbol table info available.
#10 0x00005a4c82fa6de7 in td::DefaultLog::append(td::CSlice, int) ()
No symbol table info available.
#11 0x00005a4c82fa6997 in td::Logger::~Logger() ()
No symbol table info available.
#12 0x00005a4c82af5f42 in Test_WorkchainBlock_AccountRegistryReplayConnectivity::run() ()
No symbol table info available.
#13 0x00005a4c82b2357a in td::Test::step() ()
No symbol table info available.
#14 0x00005a4c82fb0abc in td::TestsRunner::run_all_step() ()
No symbol table info available.
#15 0x00005a4c82fb05e8 in td::TestsRunner::run_all() ()
No symbol table info available.
#16 0x00005a4c82a4c65f in main ()
No symbol table info available.
[Inferior 1 (process 2011979) detached]
