    Checking itoa v1.0.18
    Checking libc v0.2.189
    Checking cfg-if v1.0.5
    Checking zerofrom v0.1.8
    Checking once_cell v1.21.4
    Checking stable_deref_trait v1.2.1
    Checking bytes v1.12.1
    Checking yoke v0.8.3
    Checking pin-project-lite v0.2.17
    Checking serde_core v1.0.229
    Checking futures-core v0.3.34
    Checking zerovec v0.11.8
    Checking errno v0.3.14
    Checking smallvec v1.16.2
    Checking typenum v1.20.1
    Checking serde v1.0.229
    Checking generic-array v0.14.7
    Checking signal-hook-registry v1.4.8
    Checking socket2 v0.6.5
    Checking mio v1.2.3
    Checking zmij v1.0.23
    Checking tokio v1.53.1
    Checking tinystr v0.8.4
    Checking http v1.5.0
    Checking memchr v2.8.3
    Checking writeable v0.6.4
    Checking litemap v0.8.3
    Checking icu_locale_core v2.3.0
    Checking serde_json v1.0.151
    Checking http-body v1.1.0
    Checking block-buffer v0.10.4
    Checking crypto-common v0.1.7
    Checking zerotrie v0.2.5
    Checking potential_utf v0.1.6
    Checking tracing-core v0.1.36
    Checking utf8_iter v1.0.4
    Checking percent-encoding v2.3.2
    Checking log v0.4.34
    Checking icu_collections v2.3.0
    Checking tracing v0.1.44
    Checking icu_provider v2.3.1
    Checking digest v0.10.7
    Checking num-traits v0.2.19
    Checking slab v0.4.12
    Checking futures-task v0.3.34
    Checking iana-time-zone v0.1.65
    Checking zeroize v1.9.0
    Checking cpufeatures v0.2.17
    Checking tower-service v0.3.3
    Checking rustls-pki-types v1.15.1
    Checking sha2 v0.10.9
    Checking chrono v0.4.45
    Checking futures-util v0.3.34
    Checking icu_properties_data v2.3.0
    Checking icu_normalizer_data v2.3.0
    Checking getrandom v0.2.17
    Checking untrusted v0.9.0
    Checking try-lock v0.2.5
    Checking ring v0.17.14
    Checking want v0.3.1
    Checking icu_normalizer v2.3.0
    Checking icu_properties v2.3.0
    Checking httparse v1.10.1
    Checking form_urlencoded v1.2.2
    Checking futures-channel v0.3.34
    Checking sync_wrapper v1.0.2
    Checking httpdate v1.0.3
    Checking tower-layer v0.3.3
    Checking atomic-waker v1.1.2
    Checking idna_adapter v1.2.2
    Checking hyper v1.11.1
    Checking rustls-webpki v0.103.15
    Checking zerocopy v0.8.59
    Checking tos-health-core v0.1.0 ($HOME/tos-node-health-impl/tools/node-health-monitor/crates/health-core)
    Checking base64 v0.23.1
    Checking subtle v2.6.1
    Checking ipnet v2.12.2
    Checking rustls v0.23.45
    Checking hyper-util v0.1.21
    Checking ahash v0.8.12
    Checking idna v1.1.0
    Checking tower v0.5.3
    Checking http-body-util v0.1.5
    Checking bitflags v2.13.2
    Checking ryu v1.0.23
    Checking url v2.5.8
    Checking serde_urlencoded v0.7.1
    Checking tokio-rustls v0.26.6
    Checking hashbrown v0.14.5
    Checking webpki-roots v1.0.9
    Checking mime v0.3.17
    Checking futures-sink v0.3.34
    Checking hashlink v0.9.1
    Checking tokio-util v0.7.19
    Checking axum-core v0.5.6
    Checking hyper-rustls v0.27.10
    Checking libsqlite3-sys v0.30.1
    Checking tower-http v0.6.11
    Checking serde_path_to_error v0.1.20
    Checking fallible-streaming-iterator v0.1.9
    Checking base64 v0.22.1
    Checking fallible-iterator v0.3.0
    Checking matchit v0.8.4
    Checking rusqlite v0.32.1
    Checking axum v0.8.9
    Checking reqwest v0.12.28
    Checking tos-health-services v0.1.0 ($HOME/tos-node-health-impl/tools/node-health-monitor/crates/health-services)
error: large size difference between variants
  --> crates/health-services/src/manager.rs:69:1
   |
69 | / enum ControlCommand {
70 | |     Ingest(Box<FactFrame>, EvidenceRow, Instant, oneshot::Sender<Result<bool, String>>),
   | |     ----------------------------------------------------------------------------------- the largest variant contains at least 352 bytes
71 | |     Pending(oneshot::Sender<Result<OutboxRows, String>>),
72 | |     Due(i64, oneshot::Sender<Result<OutboxRows, String>>),
73 | |     BeginAttempt(i64, String, i64, oneshot::Sender<Result<String, String>>),
   | |     ----------------------------------------------------------------------- the second-largest variant contains at least 48 bytes
74 | |     Delivered(i64, oneshot::Sender<Result<(), String>>),
75 | | }
   | |_^ the entire enum is at least 352 bytes
   |
   = help: for further information visit https://rust-lang.github.io/rust-clippy/rust-1.97.0/index.html#large_enum_variant
   = note: `-D clippy::large-enum-variant` implied by `-D warnings`
   = help: to override `-D warnings` add `#[allow(clippy::large_enum_variant)]`
help: consider boxing the large fields or introducing indirection in some other way to reduce the total size of the enum
   |
70 -     Ingest(Box<FactFrame>, EvidenceRow, Instant, oneshot::Sender<Result<bool, String>>),
70 +     Ingest(Box<FactFrame>, Box<EvidenceRow>, Instant, oneshot::Sender<Result<bool, String>>),
   |

error: could not compile `tos-health-services` (lib) due to 1 previous error
warning: build failed, waiting for other jobs to finish...
