[1/59] Checking the git repository for changes...
[2/57] Linking CXX executable crypto/func
[3/57] Compile FunC stdlib TVM v6 fee primitive coverage
[4/57] Linking CXX executable crypto/fift
[5/57] Generate /home/tomi/tos/build/crypto/smartcont/auto/restricted-wallet-code.fif
[6/57] Generate /home/tomi/tos/build/crypto/smartcont/auto/restricted-wallet2-code.fif
[7/57] Generate /home/tomi/tos/build/crypto/smartcont/auto/wallet3-code.fif
[8/57] Generate /home/tomi/tos/build/crypto/smartcont/auto/simple-wallet-code.fif
[9/57] Generate /home/tomi/tos/build/crypto/smartcont/auto/wallet-code.fif
[10/57] Generate /home/tomi/tos/build/crypto/smartcont/auto/highload-wallet-code.fif
[11/57] Generate /home/tomi/tos/build/crypto/smartcont/auto/session-wallet-code.fif
[12/57] Generate /home/tomi/tos/build/crypto/smartcont/auto/wallet-v4-code.fif
[13/57] Generate /home/tomi/tos/build/crypto/smartcont/auto/highload-wallet-v2-code.fif
[14/57] Generate /home/tomi/tos/build/crypto/smartcont/auto/simple-wallet-ext-code.fif
[15/57] Generate /home/tomi/tos/build/crypto/smartcont/auto/restricted-wallet3-code.fif
[16/57] Generate /home/tomi/tos/build/crypto/smartcont/auto/dns-manual-code.fif
[17/57] Generate /home/tomi/tos/build/crypto/smartcont/auto/wallet-v5-code.fif
[18/57] Generate /home/tomi/tos/build/crypto/smartcont/auto/pow-testgiver-code.fif
[19/57] Generate /home/tomi/tos/build/crypto/smartcont/auto/multisig-code.fif
[20/57] Generate /home/tomi/tos/build/crypto/smartcont/auto/payment-channel-code.fif
[21/57] Generate /home/tomi/tos/build/crypto/smartcont/auto/restricted-wallet2-code.cpp
[22/57] Generate /home/tomi/tos/build/crypto/smartcont/auto/restricted-wallet-code.cpp
[23/57] Generate /home/tomi/tos/build/crypto/smartcont/auto/session-wallet-code.cpp
[24/57] Generate /home/tomi/tos/build/crypto/smartcont/auto/wallet3-code.cpp
[25/57] Generate /home/tomi/tos/build/crypto/smartcont/auto/simple-wallet-ext-code.cpp
[26/57] Generate /home/tomi/tos/build/crypto/smartcont/auto/simple-wallet-code.cpp
[27/57] Generate /home/tomi/tos/build/crypto/smartcont/auto/wallet-code.cpp
[28/57] Generate /home/tomi/tos/build/crypto/smartcont/auto/highload-wallet-code.cpp
[29/57] Generate /home/tomi/tos/build/crypto/smartcont/auto/highload-wallet-v2-code.cpp
[30/57] Generate /home/tomi/tos/build/crypto/smartcont/auto/wallet-v4-code.cpp
[31/57] Generate /home/tomi/tos/build/crypto/smartcont/auto/agent-account-code.fif
[32/57] Generate /home/tomi/tos/build/crypto/smartcont/auto/restricted-wallet3-code.cpp
[33/57] Generate /home/tomi/tos/build/crypto/smartcont/auto/wallet-v5-code.cpp
[34/57] Generate /home/tomi/tos/build/crypto/smartcont/auto/config-code.fif
[35/57] Generate /home/tomi/tos/build/crypto/smartcont/auto/dns-auto-code.fif
[36/57] Generate /home/tomi/tos/build/crypto/smartcont/auto/dns-manual-code.cpp
[37/57] Generate /home/tomi/tos/build/crypto/smartcont/auto/task-escrow-code.fif
[38/57] Generate /home/tomi/tos/build/crypto/smartcont/auto/pow-testgiver-code.cpp
[39/57] Generate /home/tomi/tos/build/crypto/smartcont/auto/multisig-code.cpp
[40/57] Generate /home/tomi/tos/build/crypto/smartcont/auto/payment-channel-code.cpp
[41/57] Generate /home/tomi/tos/build/crypto/smartcont/auto/agent-account-code.cpp
[42/57] Generate /home/tomi/tos/build/crypto/smartcont/auto/dns-auto-code.cpp
[43/57] Generate /home/tomi/tos/build/crypto/smartcont/auto/task-escrow-code.cpp
[44/57] Generate /home/tomi/tos/build/crypto/smartcont/auto/config-code.cpp
[45/57] Generate /home/tomi/tos/build/crypto/smartcont/auto/elector-code.fif
[46/57] Generate /home/tomi/tos/build/crypto/smartcont/auto/elector-code.cpp
[47/57] Verify and embed the frozen TOS Service Protocol stablecoin escrow v1 BOC
NOTE: escrow v1 is deprecated (superseded by v2); this build exists only to verify the frozen historical artifact.
NOTE: escrow v1 is deprecated (superseded by v2); this build exists only to verify the frozen historical artifact.
[48/57] Verify and embed the frozen TOS Service Protocol stablecoin escrow v2 BOC
[49/57] Verify and embed the frozen TOS Native Service Registry BOC
[50/57] Generate /home/tomi/tos/build/crypto/smartcont/auto/prediction-market-code.fif
[51/57] Generate /home/tomi/tos/build/crypto/smartcont/auto/prediction-market-code.cpp
[52/57] Building CXX object crypto/CMakeFiles/smc-envelope.dir/smc-envelope/SmartContractCode.cpp.o
[53/57] Linking CXX static library crypto/libsmc-envelope.a
[54/57] Building CXX object emulator/CMakeFiles/emulator_static.dir/transaction-emulator.cpp.o
[55/57] Linking CXX static library emulator/libemulator_static.a
[56/57] Building CXX object CMakeFiles/test-workchain-block.dir/crypto/test/test-workchain-block.cpp.o
[57/57] Linking CXX executable test-workchain-block
