command: cargo test --locked -p tos-health-services --test http runtime_output_reflects_unknown_quality_and_rejects_conflicts -- --exact
timeout_seconds: 120
exit_code: 101

   Compiling tos-health-core v0.1.0 ($HOME/tos-node-health-impl/tools/node-health-monitor/crates/health-core)
   Compiling tos-health-services v0.1.0 ($HOME/tos-node-health-impl/tools/node-health-monitor/crates/health-services)
    Finished `test` profile [unoptimized + debuginfo] target(s) in 7.26s
     Running tests/http.rs (target/debug/deps/http-559405db5d53b52c)

running 1 test
test runtime_output_reflects_unknown_quality_and_rejects_conflicts ... FAILED

failures:

---- runtime_output_reflects_unknown_quality_and_rejects_conflicts stdout ----

thread 'runtime_output_reflects_unknown_quality_and_rejects_conflicts' (454634) panicked at crates/health-services/tests/http.rs:569:5:
assertion `left == right` failed
  left: Array []
 right: Array [String("first-sample-gap")]
note: run with `RUST_BACKTRACE=1` environment variable to display a backtrace


failures:
    runtime_output_reflects_unknown_quality_and_rejects_conflicts

test result: FAILED. 0 passed; 1 failed; 0 ignored; 0 measured; 12 filtered out; finished in 0.01s

error: test failed, to rerun pass `-p tos-health-services --test http`
