   Compiling tos-health-services v0.1.0 (/home/tomi/tos-node-health-c09-anchor-integration/tools/node-health-monitor/crates/health-services)
    Finished `test` profile [unoptimized + debuginfo] target(s) in 4.71s
     Running tests/manager_query_source.rs (target/debug/deps/manager_query_source-723ab372f789f937)

running 1 test
c09_import_phase retained=0 records=0 retained_ms=0 source_ms=2 publish_ms=0 cursor_ms=0
initial_page_ms=20
grant_during_catchup=503
c09_import_phase retained=0 records=0 retained_ms=0 source_ms=3 publish_ms=0 cursor_ms=0
page=2 rows=0 retained=0 global_m_seq=512 elapsed_ms=5 concurrent_grant_ms=Some(2)
c09_import_phase retained=0 records=0 retained_ms=0 source_ms=2 publish_ms=0 cursor_ms=0
page=3 rows=0 retained=0 global_m_seq=768 elapsed_ms=3 concurrent_grant_ms=Some(1)
c09_import_phase retained=0 records=0 retained_ms=0 source_ms=2 publish_ms=0 cursor_ms=0
page=4 rows=0 retained=0 global_m_seq=1024 elapsed_ms=3 concurrent_grant_ms=Some(0)
c09_import_phase retained=0 records=0 retained_ms=0 source_ms=2 publish_ms=0 cursor_ms=0
page=5 rows=0 retained=0 global_m_seq=1280 elapsed_ms=3 concurrent_grant_ms=Some(0)
c09_import_phase retained=0 records=0 retained_ms=0 source_ms=2 publish_ms=0 cursor_ms=0
page=6 rows=0 retained=0 global_m_seq=1536 elapsed_ms=3 concurrent_grant_ms=Some(1)
c09_import_phase retained=0 records=0 retained_ms=0 source_ms=2 publish_ms=0 cursor_ms=0
page=7 rows=0 retained=0 global_m_seq=1792 elapsed_ms=3 concurrent_grant_ms=Some(0)
c09_import_phase retained=0 records=0 retained_ms=0 source_ms=2 publish_ms=0 cursor_ms=0
page=8 rows=0 retained=0 global_m_seq=2048 elapsed_ms=3 concurrent_grant_ms=Some(0)
c09_import_phase retained=0 records=0 retained_ms=0 source_ms=2 publish_ms=0 cursor_ms=0
page=9 rows=0 retained=0 global_m_seq=2304 elapsed_ms=3 concurrent_grant_ms=Some(1)
c09_import_phase retained=0 records=0 retained_ms=0 source_ms=2 publish_ms=0 cursor_ms=2
page=10 rows=0 retained=0 global_m_seq=2560 elapsed_ms=5 concurrent_grant_ms=Some(0)
c09_import_phase retained=0 records=0 retained_ms=0 source_ms=2 publish_ms=0 cursor_ms=5
page=11 rows=0 retained=0 global_m_seq=2816 elapsed_ms=8 concurrent_grant_ms=Some(1)
c09_import_phase retained=0 records=0 retained_ms=0 source_ms=2 publish_ms=0 cursor_ms=1
page=12 rows=0 retained=0 global_m_seq=3072 elapsed_ms=4 concurrent_grant_ms=Some(0)
c09_import_phase retained=0 records=0 retained_ms=0 source_ms=3 publish_ms=0 cursor_ms=1
page=13 rows=0 retained=0 global_m_seq=3328 elapsed_ms=4 concurrent_grant_ms=Some(1)
c09_import_phase retained=0 records=0 retained_ms=0 source_ms=2 publish_ms=0 cursor_ms=0
page=14 rows=0 retained=0 global_m_seq=3584 elapsed_ms=3 concurrent_grant_ms=Some(1)
c09_import_phase retained=0 records=0 retained_ms=0 source_ms=2 publish_ms=0 cursor_ms=0
page=15 rows=0 retained=0 global_m_seq=3840 elapsed_ms=3 concurrent_grant_ms=Some(0)
c09_import_phase retained=0 records=0 retained_ms=0 source_ms=2 publish_ms=0 cursor_ms=1
page=16 rows=0 retained=0 global_m_seq=4096 elapsed_ms=4 concurrent_grant_ms=Some(0)
c09_import_phase retained=0 records=0 retained_ms=0 source_ms=2 publish_ms=0 cursor_ms=6
page=17 rows=0 retained=0 global_m_seq=4352 elapsed_ms=9 concurrent_grant_ms=Some(1)
c09_import_phase retained=0 records=24 retained_ms=0 source_ms=13 publish_ms=22 cursor_ms=1
page=18 rows=24 retained=24 global_m_seq=4608 elapsed_ms=37 concurrent_grant_ms=Some(1)
c09_import_phase retained=24 records=33 retained_ms=3 source_ms=17 publish_ms=32 cursor_ms=6
page=19 rows=33 retained=57 global_m_seq=4864 elapsed_ms=61 concurrent_grant_ms=Some(2)
c09_import_phase retained=57 records=80 retained_ms=6 source_ms=36 publish_ms=75 cursor_ms=1
page=20 rows=80 retained=137 global_m_seq=5120 elapsed_ms=121 concurrent_grant_ms=Some(2)
c09_import_phase retained=137 records=79 retained_ms=10 source_ms=44 publish_ms=75 cursor_ms=1
page=21 rows=79 retained=216 global_m_seq=5376 elapsed_ms=135 concurrent_grant_ms=Some(2)
c09_import_phase retained=216 records=78 retained_ms=15 source_ms=50 publish_ms=77 cursor_ms=1
page=22 rows=78 retained=294 global_m_seq=5632 elapsed_ms=147 concurrent_grant_ms=Some(2)
c09_import_phase retained=294 records=78 retained_ms=20 source_ms=58 publish_ms=76 cursor_ms=1
page=23 rows=78 retained=372 global_m_seq=5888 elapsed_ms=160 concurrent_grant_ms=Some(2)
c09_import_phase retained=372 records=78 retained_ms=26 source_ms=65 publish_ms=80 cursor_ms=1
page=24 rows=78 retained=450 global_m_seq=6144 elapsed_ms=178 concurrent_grant_ms=Some(1)
c09_import_phase retained=450 records=77 retained_ms=31 source_ms=72 publish_ms=79 cursor_ms=1
page=25 rows=77 retained=527 global_m_seq=6400 elapsed_ms=189 concurrent_grant_ms=Some(2)
c09_import_phase retained=527 records=76 retained_ms=36 source_ms=79 publish_ms=81 cursor_ms=1
page=26 rows=76 retained=603 global_m_seq=6656 elapsed_ms=205 concurrent_grant_ms=Some(2)
c09_import_phase retained=603 records=78 retained_ms=40 source_ms=87 publish_ms=93 cursor_ms=1
page=27 rows=78 retained=681 global_m_seq=6912 elapsed_ms=228 concurrent_grant_ms=Some(2)
c09_import_phase retained=681 records=77 retained_ms=45 source_ms=95 publish_ms=84 cursor_ms=0
page=28 rows=77 retained=758 global_m_seq=7168 elapsed_ms=233 concurrent_grant_ms=Some(2)
c09_import_phase retained=758 records=78 retained_ms=50 source_ms=103 publish_ms=93 cursor_ms=1
page=29 rows=78 retained=836 global_m_seq=7424 elapsed_ms=258 concurrent_grant_ms=Some(2)
c09_import_phase retained=836 records=79 retained_ms=56 source_ms=111 publish_ms=95 cursor_ms=1
page=30 rows=79 retained=915 global_m_seq=7680 elapsed_ms=273 concurrent_grant_ms=Some(1)
c09_import_phase retained=915 records=78 retained_ms=59 source_ms=118 publish_ms=92 cursor_ms=1
page=31 rows=78 retained=993 global_m_seq=7936 elapsed_ms=280 concurrent_grant_ms=Some(2)
c09_import_phase retained=993 records=77 retained_ms=66 source_ms=125 publish_ms=94 cursor_ms=1
page=32 rows=77 retained=1070 global_m_seq=8192 elapsed_ms=297 concurrent_grant_ms=Some(2)
c09_import_phase retained=1070 records=78 retained_ms=70 source_ms=133 publish_ms=96 cursor_ms=1
page=33 rows=78 retained=1148 global_m_seq=8448 elapsed_ms=313 concurrent_grant_ms=Some(3)
c09_import_phase retained=1148 records=78 retained_ms=75 source_ms=141 publish_ms=105 cursor_ms=2
page=34 rows=78 retained=1226 global_m_seq=8704 elapsed_ms=335 concurrent_grant_ms=Some(2)
c09_import_phase retained=1226 records=76 retained_ms=81 source_ms=147 publish_ms=97 cursor_ms=1
page=35 rows=76 retained=1302 global_m_seq=8960 elapsed_ms=339 concurrent_grant_ms=Some(2)
c09_import_phase retained=1302 records=77 retained_ms=86 source_ms=160 publish_ms=105 cursor_ms=1
page=36 rows=77 retained=1379 global_m_seq=9216 elapsed_ms=367 concurrent_grant_ms=Some(2)
c09_import_phase retained=1379 records=79 retained_ms=94 source_ms=164 publish_ms=103 cursor_ms=0
page=37 rows=79 retained=1458 global_m_seq=9472 elapsed_ms=377 concurrent_grant_ms=Some(2)
c09_import_phase retained=1458 records=78 retained_ms=96 source_ms=173 publish_ms=103 cursor_ms=1
page=38 rows=78 retained=1536 global_m_seq=9728 elapsed_ms=388 concurrent_grant_ms=Some(2)
c09_import_phase retained=1536 records=77 retained_ms=100 source_ms=179 publish_ms=104 cursor_ms=1
page=39 rows=77 retained=1613 global_m_seq=9984 elapsed_ms=405 concurrent_grant_ms=Some(2)
c09_import_phase retained=1613 records=75 retained_ms=105 source_ms=187 publish_ms=108 cursor_ms=1
page=40 rows=75 retained=1688 global_m_seq=10240 elapsed_ms=419 concurrent_grant_ms=Some(1)
c09_import_phase retained=1688 records=76 retained_ms=111 source_ms=194 publish_ms=74 cursor_ms=0
page=41 rows=76 retained=1764 global_m_seq=10496 elapsed_ms=393 concurrent_grant_ms=Some(2)
c09_import_phase retained=1764 records=78 retained_ms=115 source_ms=202 publish_ms=109 cursor_ms=1
page=42 rows=78 retained=1842 global_m_seq=10752 elapsed_ms=444 concurrent_grant_ms=Some(2)
c09_import_phase retained=1842 records=77 retained_ms=68 source_ms=112 publish_ms=58 cursor_ms=0
page=43 rows=77 retained=1919 global_m_seq=11008 elapsed_ms=250 concurrent_grant_ms=Some(2)
c09_import_phase retained=1919 records=76 retained_ms=124 source_ms=169 publish_ms=69 cursor_ms=0
page=44 rows=76 retained=1995 global_m_seq=11264 elapsed_ms=378 concurrent_grant_ms=Some(2)
c09_import_phase retained=1995 records=79 retained_ms=71 source_ms=127 publish_ms=73 cursor_ms=1
page=45 rows=79 retained=2074 global_m_seq=11520 elapsed_ms=289 concurrent_grant_ms=Some(2)
c09_import_phase retained=2074 records=77 retained_ms=72 source_ms=132 publish_ms=71 cursor_ms=0
page=46 rows=77 retained=2151 global_m_seq=11776 elapsed_ms=294 concurrent_grant_ms=Some(3)
c09_import_phase retained=2151 records=76 retained_ms=84 source_ms=143 publish_ms=64 cursor_ms=0
page=47 rows=76 retained=2227 global_m_seq=12032 elapsed_ms=306 concurrent_grant_ms=Some(2)
c09_import_phase retained=2227 records=77 retained_ms=86 source_ms=134 publish_ms=64 cursor_ms=0
page=48 rows=77 retained=2304 global_m_seq=12288 elapsed_ms=299 concurrent_grant_ms=Some(2)
c09_import_phase retained=2304 records=77 retained_ms=88 source_ms=137 publish_ms=67 cursor_ms=0
page=49 rows=77 retained=2381 global_m_seq=12544 elapsed_ms=312 concurrent_grant_ms=Some(2)
c09_import_phase retained=2381 records=77 retained_ms=84 source_ms=150 publish_ms=75 cursor_ms=1
page=50 rows=77 retained=2458 global_m_seq=12800 elapsed_ms=328 concurrent_grant_ms=Some(2)
c09_import_phase retained=2458 records=78 retained_ms=97 source_ms=166 publish_ms=93 cursor_ms=1
page=51 rows=78 retained=2479 global_m_seq=13056 elapsed_ms=373 concurrent_grant_ms=Some(2)
c09_import_phase retained=2479 records=78 retained_ms=95 source_ms=144 publish_ms=108 cursor_ms=1
page=52 rows=78 retained=2479 global_m_seq=13312 elapsed_ms=363 concurrent_grant_ms=Some(2)
c09_import_phase retained=2479 records=80 retained_ms=89 source_ms=295 publish_ms=102 cursor_ms=1
page=53 rows=80 retained=2479 global_m_seq=13568 elapsed_ms=503 concurrent_grant_ms=Some(2)
c09_import_phase retained=2479 records=77 retained_ms=88 source_ms=145 publish_ms=103 cursor_ms=0
page=54 rows=77 retained=2479 global_m_seq=13824 elapsed_ms=353 concurrent_grant_ms=Some(2)
c09_import_phase retained=2479 records=80 retained_ms=88 source_ms=175 publish_ms=108 cursor_ms=1
page=55 rows=80 retained=2479 global_m_seq=14080 elapsed_ms=388 concurrent_grant_ms=Some(2)
c09_import_phase retained=2479 records=78 retained_ms=96 source_ms=145 publish_ms=104 cursor_ms=1
page=56 rows=78 retained=2479 global_m_seq=14336 elapsed_ms=364 concurrent_grant_ms=Some(2)
c09_import_phase retained=2479 records=79 retained_ms=87 source_ms=162 publish_ms=117 cursor_ms=1
page=57 rows=79 retained=2479 global_m_seq=14592 elapsed_ms=385 concurrent_grant_ms=Some(2)
c09_import_phase retained=2479 records=79 retained_ms=87 source_ms=158 publish_ms=104 cursor_ms=1
page=58 rows=79 retained=2479 global_m_seq=14848 elapsed_ms=366 concurrent_grant_ms=Some(1)
c09_import_phase retained=2479 records=78 retained_ms=100 source_ms=167 publish_ms=98 cursor_ms=1
page=59 rows=78 retained=2479 global_m_seq=15104 elapsed_ms=383 concurrent_grant_ms=Some(2)
c09_import_phase retained=2479 records=79 retained_ms=98 source_ms=147 publish_ms=101 cursor_ms=1
page=60 rows=79 retained=2479 global_m_seq=15360 elapsed_ms=363 concurrent_grant_ms=Some(1)
c09_import_phase retained=2479 records=78 retained_ms=92 source_ms=148 publish_ms=109 cursor_ms=0
page=61 rows=78 retained=2479 global_m_seq=15616 elapsed_ms=366 concurrent_grant_ms=Some(2)
c09_import_phase retained=2479 records=77 retained_ms=89 source_ms=154 publish_ms=108 cursor_ms=1
page=62 rows=77 retained=2479 global_m_seq=15872 elapsed_ms=368 concurrent_grant_ms=Some(2)
c09_import_phase retained=2479 records=80 retained_ms=88 source_ms=167 publish_ms=102 cursor_ms=1
page=63 rows=80 retained=2479 global_m_seq=16128 elapsed_ms=374 concurrent_grant_ms=Some(2)
c09_import_phase retained=2479 records=78 retained_ms=94 source_ms=156 publish_ms=97 cursor_ms=1
page=64 rows=78 retained=2479 global_m_seq=16384 elapsed_ms=363 concurrent_grant_ms=Some(2)
c09_import_phase retained=2479 records=78 retained_ms=109 source_ms=146 publish_ms=101 cursor_ms=2
page=65 rows=78 retained=2479 global_m_seq=16640 elapsed_ms=375 concurrent_grant_ms=Some(2)
c09_import_phase retained=2479 records=78 retained_ms=88 source_ms=145 publish_ms=105 cursor_ms=0
page=66 rows=78 retained=2478 global_m_seq=16896 elapsed_ms=353 concurrent_grant_ms=Some(1)
c09_import_phase retained=2478 records=79 retained_ms=87 source_ms=150 publish_ms=108 cursor_ms=0
page=67 rows=79 retained=2478 global_m_seq=17152 elapsed_ms=362 concurrent_grant_ms=Some(2)
c09_import_phase retained=2478 records=81 retained_ms=87 source_ms=163 publish_ms=102 cursor_ms=1
page=68 rows=81 retained=2478 global_m_seq=17408 elapsed_ms=368 concurrent_grant_ms=Some(2)
c09_import_phase retained=2478 records=78 retained_ms=95 source_ms=155 publish_ms=98 cursor_ms=1
page=69 rows=78 retained=2478 global_m_seq=17664 elapsed_ms=365 concurrent_grant_ms=Some(2)
c09_import_phase retained=2478 records=79 retained_ms=97 source_ms=145 publish_ms=102 cursor_ms=1
page=70 rows=79 retained=2478 global_m_seq=17920 elapsed_ms=361 concurrent_grant_ms=Some(2)
c09_import_phase retained=2478 records=78 retained_ms=90 source_ms=145 publish_ms=102 cursor_ms=0
page=71 rows=78 retained=2478 global_m_seq=18176 elapsed_ms=353 concurrent_grant_ms=Some(2)
c09_import_phase retained=2478 records=79 retained_ms=88 source_ms=154 publish_ms=112 cursor_ms=1
page=72 rows=79 retained=2478 global_m_seq=18432 elapsed_ms=371 concurrent_grant_ms=Some(2)
c09_import_phase retained=2478 records=78 retained_ms=87 source_ms=161 publish_ms=98 cursor_ms=1
page=73 rows=78 retained=2478 global_m_seq=18688 elapsed_ms=362 concurrent_grant_ms=Some(2)
c09_import_phase retained=2478 records=78 retained_ms=96 source_ms=158 publish_ms=100 cursor_ms=1
page=74 rows=78 retained=2478 global_m_seq=18944 elapsed_ms=372 concurrent_grant_ms=Some(2)
c09_import_phase retained=2478 records=78 retained_ms=99 source_ms=145 publish_ms=103 cursor_ms=1
page=75 rows=78 retained=2478 global_m_seq=19200 elapsed_ms=365 concurrent_grant_ms=Some(2)
c09_import_phase retained=2478 records=78 retained_ms=87 source_ms=148 publish_ms=107 cursor_ms=0
page=76 rows=78 retained=2478 global_m_seq=19456 elapsed_ms=358 concurrent_grant_ms=Some(2)
c09_import_phase retained=2478 records=80 retained_ms=88 source_ms=152 publish_ms=110 cursor_ms=1
page=77 rows=80 retained=2478 global_m_seq=19712 elapsed_ms=368 concurrent_grant_ms=Some(2)
c09_import_phase retained=2478 records=78 retained_ms=87 source_ms=166 publish_ms=100 cursor_ms=1
page=78 rows=78 retained=2478 global_m_seq=19968 elapsed_ms=371 concurrent_grant_ms=Some(2)
c09_import_phase retained=2478 records=79 retained_ms=94 source_ms=157 publish_ms=97 cursor_ms=3
page=79 rows=79 retained=2478 global_m_seq=20224 elapsed_ms=367 concurrent_grant_ms=Some(2)
c09_import_phase retained=2478 records=79 retained_ms=96 source_ms=147 publish_ms=100 cursor_ms=0
page=80 rows=79 retained=2478 global_m_seq=20480 elapsed_ms=360 concurrent_grant_ms=Some(2)
c09_import_phase retained=2478 records=78 retained_ms=89 source_ms=146 publish_ms=104 cursor_ms=0
page=81 rows=78 retained=2478 global_m_seq=20736 elapsed_ms=355 concurrent_grant_ms=Some(2)
c09_import_phase retained=2478 records=77 retained_ms=88 source_ms=155 publish_ms=107 cursor_ms=1
page=82 rows=77 retained=2478 global_m_seq=20992 elapsed_ms=367 concurrent_grant_ms=Some(2)
c09_import_phase retained=2478 records=79 retained_ms=87 source_ms=160 publish_ms=102 cursor_ms=1
page=83 rows=79 retained=2478 global_m_seq=21248 elapsed_ms=367 concurrent_grant_ms=Some(2)
c09_import_phase retained=2478 records=78 retained_ms=97 source_ms=158 publish_ms=104 cursor_ms=1
page=84 rows=78 retained=2477 global_m_seq=21504 elapsed_ms=379 concurrent_grant_ms=Some(2)
c09_import_phase retained=2477 records=78 retained_ms=99 source_ms=146 publish_ms=99 cursor_ms=1
page=85 rows=78 retained=2477 global_m_seq=21760 elapsed_ms=360 concurrent_grant_ms=Some(2)
c09_import_phase retained=2477 records=80 retained_ms=91 source_ms=146 publish_ms=105 cursor_ms=1
page=86 rows=80 retained=2477 global_m_seq=22016 elapsed_ms=357 concurrent_grant_ms=Some(2)
c09_import_phase retained=2477 records=76 retained_ms=88 source_ms=153 publish_ms=105 cursor_ms=1
page=87 rows=76 retained=2477 global_m_seq=22272 elapsed_ms=364 concurrent_grant_ms=Some(2)
c09_import_phase retained=2477 records=79 retained_ms=88 source_ms=152 publish_ms=112 cursor_ms=1
page=88 rows=79 retained=2477 global_m_seq=22528 elapsed_ms=372 concurrent_grant_ms=Some(2)
c09_import_phase retained=2477 records=79 retained_ms=95 source_ms=157 publish_ms=103 cursor_ms=2
page=89 rows=79 retained=2477 global_m_seq=22784 elapsed_ms=373 concurrent_grant_ms=Some(2)
c09_import_phase retained=2477 records=79 retained_ms=93 source_ms=151 publish_ms=100 cursor_ms=1
page=90 rows=79 retained=2477 global_m_seq=23040 elapsed_ms=362 concurrent_grant_ms=Some(2)
c09_import_phase retained=2477 records=80 retained_ms=94 source_ms=146 publish_ms=105 cursor_ms=1
page=91 rows=80 retained=2477 global_m_seq=23296 elapsed_ms=360 concurrent_grant_ms=Some(2)
c09_import_phase retained=2477 records=79 retained_ms=86 source_ms=148 publish_ms=106 cursor_ms=0
page=92 rows=79 retained=2477 global_m_seq=23552 elapsed_ms=360 concurrent_grant_ms=Some(2)
c09_import_phase retained=2477 records=78 retained_ms=87 source_ms=152 publish_ms=110 cursor_ms=1
page=93 rows=78 retained=2477 global_m_seq=23808 elapsed_ms=367 concurrent_grant_ms=Some(2)
c09_import_phase retained=2477 records=77 retained_ms=89 source_ms=164 publish_ms=99 cursor_ms=0
page=94 rows=77 retained=2477 global_m_seq=24064 elapsed_ms=371 concurrent_grant_ms=Some(2)
c09_import_phase retained=2477 records=79 retained_ms=98 source_ms=154 publish_ms=100 cursor_ms=1
page=95 rows=79 retained=2477 global_m_seq=24320 elapsed_ms=368 concurrent_grant_ms=Some(1)
c09_import_phase retained=2477 records=80 retained_ms=98 source_ms=148 publish_ms=108 cursor_ms=0
page=96 rows=80 retained=2477 global_m_seq=24576 elapsed_ms=373 concurrent_grant_ms=Some(2)
c09_import_phase retained=2477 records=78 retained_ms=87 source_ms=146 publish_ms=113 cursor_ms=1
page=97 rows=78 retained=2477 global_m_seq=24832 elapsed_ms=366 concurrent_grant_ms=Some(2)
c09_import_phase retained=2477 records=78 retained_ms=88 source_ms=155 publish_ms=115 cursor_ms=1
page=98 rows=78 retained=2477 global_m_seq=25088 elapsed_ms=375 concurrent_grant_ms=Some(2)
c09_import_phase retained=2477 records=25 retained_ms=93 source_ms=149 publish_ms=52 cursor_ms=1
page=99 rows=25 retained=2477 global_m_seq=25171 elapsed_ms=311 concurrent_grant_ms=Some(2)
peak_retained=2479 slowest_page_ms=503 slowest_concurrent_grant_ms=3
caught_up_ms=36322 grant_after_catchup=200 revoked=200 raced_updates=0
c09_import_phase retained=2477 records=0 retained_ms=95 source_ms=141 publish_ms=0 cursor_ms=0
steady_rows=0 global_m_seq=25171 elapsed_ms=247
test live_read_only_projection_cost_witness ... ok

test result: ok. 1 passed; 0 failed; 0 ignored; 0 measured; 21 filtered out; finished in 36.60s

