[1/62] Checking the git repository for changes...
[2/62] Building CXX object CMakeFiles/git.dir/git.cc.o
[3/62] Linking CXX static library libgit.a
[4/62] Building CXX object crypto/CMakeFiles/tos_block.dir/block/workchain-block-execution.cpp.o
[5/62] Building CXX object crypto/CMakeFiles/tos_block.dir/block/workchain-execution-dispatch.cpp.o
[6/62] Building CXX object crypto/CMakeFiles/tos_block.dir/block/block.cpp.o
[7/62] Building CXX object crypto/CMakeFiles/tos_block.dir/block/transaction.cpp.o
[8/62] Linking CXX static library crypto/libtos_block.a
[9/62] Linking CXX executable crypto/func
[10/62] Compile FunC stdlib TVM v6 fee primitive coverage
[11/62] Linking CXX executable crypto/fift
[12/62] Generate /tmp/uno-publication-build/crypto/smartcont/auto/session-wallet-code.fif
[13/62] Generate /tmp/uno-publication-build/crypto/smartcont/auto/highload-wallet-code.fif
[14/62] Generate /tmp/uno-publication-build/crypto/smartcont/auto/restricted-wallet2-code.fif
[15/62] Generate /tmp/uno-publication-build/crypto/smartcont/auto/restricted-wallet3-code.fif
[16/62] Generate /tmp/uno-publication-build/crypto/smartcont/auto/highload-wallet-v2-code.fif
[17/62] Generate /tmp/uno-publication-build/crypto/smartcont/auto/simple-wallet-code.fif
[18/62] Generate /tmp/uno-publication-build/crypto/smartcont/auto/wallet-v4-code.fif
[19/62] Generate /tmp/uno-publication-build/crypto/smartcont/auto/restricted-wallet-code.fif
[20/62] Generate /tmp/uno-publication-build/crypto/smartcont/auto/wallet-code.fif
[21/62] Generate /tmp/uno-publication-build/crypto/smartcont/auto/wallet3-code.fif
[22/62] Generate /tmp/uno-publication-build/crypto/smartcont/auto/simple-wallet-ext-code.fif
[23/62] Generate /tmp/uno-publication-build/crypto/smartcont/auto/wallet-v5-code.fif
[24/62] Generate /tmp/uno-publication-build/crypto/smartcont/auto/dns-manual-code.fif
[25/62] Generate /tmp/uno-publication-build/crypto/smartcont/auto/pow-testgiver-code.fif
[26/62] Generate /tmp/uno-publication-build/crypto/smartcont/auto/multisig-code.fif
[27/62] Generate /tmp/uno-publication-build/crypto/smartcont/auto/payment-channel-code.fif
[28/62] Generate /tmp/uno-publication-build/crypto/smartcont/auto/restricted-wallet-code.cpp
[29/62] Generate /tmp/uno-publication-build/crypto/smartcont/auto/highload-wallet-code.cpp
[30/62] Generate /tmp/uno-publication-build/crypto/smartcont/auto/restricted-wallet2-code.cpp
[31/62] Generate /tmp/uno-publication-build/crypto/smartcont/auto/wallet-code.cpp
[32/62] Generate /tmp/uno-publication-build/crypto/smartcont/auto/simple-wallet-code.cpp
[33/62] Generate /tmp/uno-publication-build/crypto/smartcont/auto/wallet-v4-code.cpp
[34/62] Generate /tmp/uno-publication-build/crypto/smartcont/auto/restricted-wallet3-code.cpp
[35/62] Generate /tmp/uno-publication-build/crypto/smartcont/auto/highload-wallet-v2-code.cpp
[36/62] Generate /tmp/uno-publication-build/crypto/smartcont/auto/wallet3-code.cpp
[37/62] Generate /tmp/uno-publication-build/crypto/smartcont/auto/session-wallet-code.cpp
[38/62] Generate /tmp/uno-publication-build/crypto/smartcont/auto/agent-account-code.fif
[39/62] Generate /tmp/uno-publication-build/crypto/smartcont/auto/simple-wallet-ext-code.cpp
[40/62] Generate /tmp/uno-publication-build/crypto/smartcont/auto/dns-auto-code.fif
[41/62] Generate /tmp/uno-publication-build/crypto/smartcont/auto/wallet-v5-code.cpp
[42/62] Generate /tmp/uno-publication-build/crypto/smartcont/auto/config-code.fif
[43/62] Generate /tmp/uno-publication-build/crypto/smartcont/auto/dns-manual-code.cpp
[44/62] Generate /tmp/uno-publication-build/crypto/smartcont/auto/task-escrow-code.fif
[45/62] Generate /tmp/uno-publication-build/crypto/smartcont/auto/pow-testgiver-code.cpp
[46/62] Generate /tmp/uno-publication-build/crypto/smartcont/auto/multisig-code.cpp
[47/62] Generate /tmp/uno-publication-build/crypto/smartcont/auto/payment-channel-code.cpp
[48/62] Generate /tmp/uno-publication-build/crypto/smartcont/auto/agent-account-code.cpp
[49/62] Generate /tmp/uno-publication-build/crypto/smartcont/auto/dns-auto-code.cpp
[50/62] Generate /tmp/uno-publication-build/crypto/smartcont/auto/task-escrow-code.cpp
[51/62] Generate /tmp/uno-publication-build/crypto/smartcont/auto/config-code.cpp
[52/62] Generate /tmp/uno-publication-build/crypto/smartcont/auto/elector-code.fif
[53/62] Generate /tmp/uno-publication-build/crypto/smartcont/auto/elector-code.cpp
[54/62] Generate /tmp/uno-publication-build/crypto/smartcont/auto/prediction-market-code.fif
[55/62] Verify and embed the frozen TOS Service Protocol stablecoin escrow v1 BOC
NOTE: escrow v1 is deprecated (superseded by v2); this build exists only to verify the frozen historical artifact.
NOTE: escrow v1 is deprecated (superseded by v2); this build exists only to verify the frozen historical artifact.
[56/62] Verify and embed the frozen TOS Service Protocol stablecoin escrow v2 BOC
[57/62] Generate /tmp/uno-publication-build/crypto/smartcont/auto/prediction-market-code.cpp
[58/62] Verify and embed the frozen TOS Native Service Registry BOC
[59/62] Building CXX object crypto/CMakeFiles/smc-envelope.dir/smc-envelope/SmartContractCode.cpp.o
[60/62] Linking CXX static library crypto/libsmc-envelope.a
[61/62] Building CXX object CMakeFiles/test-workchain-block.dir/crypto/test/test-workchain-block.cpp.o
[62/62] Linking CXX executable test-workchain-block
