Running test Test_WorkchainBlock_EngineConfigurationAcceptedCadence...
[1;31m[ 0][t 0][2026-09-09 15:21:23.179428989][test-workchain-block.cpp:269]	Expectation failed: cs.size() == 64 && cs.size_refs() == 2 ? 0 : 402 is not equal to 0 (402 != 0)[0m
[pid 1151313] [time 1788967283] Signal: 6
------- Stack Backtrace -------
/tmp/uno-publication-build/test-workchain-block(+0x640117)[0x5eb922117117]
/tmp/uno-publication-build/test-workchain-block(+0xd287d)[0x5eb921ba987d]
/lib/x86_64-linux-gnu/libc.so.6(+0x42520)[0x75322cc42520]
/lib/x86_64-linux-gnu/libc.so.6(pthread_kill+0x12c)[0x75322cc969bc]
/lib/x86_64-linux-gnu/libc.so.6(raise+0x16)[0x75322cc42476]
/lib/x86_64-linux-gnu/libc.so.6(abort+0xd3)[0x75322cc287f3]
/tmp/uno-publication-build/test-workchain-block(+0x6435e7)[0x5eb92211a5e7]
/tmp/uno-publication-build/test-workchain-block(+0x6436e7)[0x5eb92211a6e7]
/tmp/uno-publication-build/test-workchain-block(+0x6432a7)[0x5eb92211a2a7]
/tmp/uno-publication-build/test-workchain-block(+0x1ec605)[0x5eb921cc3605]
/tmp/uno-publication-build/test-workchain-block(+0x1afeca)[0x5eb921c86eca]
/tmp/uno-publication-build/test-workchain-block(+0x64d5ac)[0x5eb9221245ac]
/tmp/uno-publication-build/test-workchain-block(+0x64d0d8)[0x5eb9221240d8]
/tmp/uno-publication-build/test-workchain-block(+0xd92df)[0x5eb921bb02df]
/lib/x86_64-linux-gnu/libc.so.6(+0x29d90)[0x75322cc29d90]
/lib/x86_64-linux-gnu/libc.so.6(__libc_start_main+0x80)[0x75322cc29e40]
/tmp/uno-publication-build/test-workchain-block(+0xd9185)[0x5eb921bb0185]
-------------------------------
--- Enhanced Backtrace (libbacktrace) ---
    #0  ?? (test-workchain-block+0xd287c) [0x5eb921ba987c]
    #1  ?? at libc_sigaction.c (libc.so.6+0x4251f) [0x75322cc4251f]
    #2  __pthread_kill_implementation at pthread_kill.c:44 (libc.so.6+0x969bc) [0x75322cc969bc]
    #3  __pthread_kill_internal at pthread_kill.c:78 (libc.so.6+0x969bc) [0x75322cc969bc]
    #4  __GI___pthread_kill at pthread_kill.c:89 (libc.so.6+0x969bc) [0x75322cc969bc]
    #5  __GI_raise at raise.c:26 (libc.so.6+0x42475) [0x75322cc42475]
    #6  __GI_abort at abort.c:79 (libc.so.6+0x287f2) [0x75322cc287f2]
    #7  ?? (test-workchain-block+0x6435e6) [0x5eb92211a5e6]
    #8  ?? (test-workchain-block+0x6436e6) [0x5eb92211a6e6]
    #9  ?? (test-workchain-block+0x6432a6) [0x5eb92211a2a6]
    #10  ?? (test-workchain-block+0x1ec604) [0x5eb921cc3604]
    #11  ?? (test-workchain-block+0x1afec9) [0x5eb921c86ec9]
    #12  ?? (test-workchain-block+0x64d5ab) [0x5eb9221245ab]
    #13  ?? (test-workchain-block+0x64d0d7) [0x5eb9221240d7]
    #14  ?? (test-workchain-block+0xd92de) [0x5eb921bb02de]
    #15  __libc_start_call_main at libc_start_call_main.h:58 (libc.so.6+0x29d8f) [0x75322cc29d8f]
    #16  __libc_start_main_impl at libc-start.c:392 (libc.so.6+0x29e3f) [0x75322cc29e3f]
    #17  ?? (test-workchain-block+0xd9184) [0x5eb921bb0184]
    #18  @®šü (unknown+0xffffffffffffffff) [0xffffffffffffffff]
------------------------------------------
[Thread debugging using libthread_db enabled]
Using host libthread_db library "/lib/x86_64-linux-gnu/libthread_db.so.1".
0x000075322ccea3aa in __GI___wait4 (pid=1151314, stat_loc=0x0, options=0, usage=0x0) at ../sysdeps/unix/sysv/linux/wait4.c:30
30	../sysdeps/unix/sysv/linux/wait4.c: No such file or directory.
[Current thread is 1 (Thread 0x75322d2ca800 (LWP 1151313))]

Thread 1 (Thread 0x75322d2ca800 (LWP 1151313) "test-workchain-"):
#0  0x000075322ccea3aa in __GI___wait4 (pid=1151314, stat_loc=0x0, options=0, usage=0x0) at ../sysdeps/unix/sysv/linux/wait4.c:30
        sc_ret = -512
        sc_ret = <optimized out>
#1  0x00005eb922117392 in td::Stacktrace::print_to_stderr(td::Stacktrace::PrintOptions const&) ()
No symbol table info available.
#2  0x00005eb921ba987d in td::default_failure_signal_handler(int) ()
No symbol table info available.
#3  <signal handler called>
No locals.
#4  __pthread_kill_implementation (no_tid=0, signo=6, threadid=128858366715904) at ./nptl/pthread_kill.c:44
        tid = <optimized out>
        ret = 0
        pd = 0x75322d2ca800
        old_mask = {__val = {0 <repeats 16 times>}}
        ret = <optimized out>
        pd = <optimized out>
        old_mask = <optimized out>
        ret = <optimized out>
        tid = <optimized out>
        ret = <optimized out>
        resultvar = <optimized out>
        resultvar = <optimized out>
        __arg3 = <optimized out>
        __arg2 = <optimized out>
        __arg1 = <optimized out>
        _a3 = <optimized out>
        _a2 = <optimized out>
        _a1 = <optimized out>
        __futex = <optimized out>
        resultvar = <optimized out>
        __arg3 = <optimized out>
        __arg2 = <optimized out>
        __arg1 = <optimized out>
        _a3 = <optimized out>
        _a2 = <optimized out>
        _a1 = <optimized out>
        __futex = <optimized out>
        __private = <optimized out>
        __oldval = <optimized out>
        result = <optimized out>
#5  __pthread_kill_internal (signo=6, threadid=128858366715904) at ./nptl/pthread_kill.c:78
No locals.
#6  __GI___pthread_kill (threadid=128858366715904, signo=signo@entry=6) at ./nptl/pthread_kill.c:89
No locals.
#7  0x000075322cc42476 in __GI_raise (sig=sig@entry=6) at ../sysdeps/posix/raise.c:26
        ret = <optimized out>
#8  0x000075322cc287f3 in __GI_abort () at ./stdlib/abort.c:79
        save_stage = 1
        act = {__sigaction_handler = {sa_handler = 0x0, sa_sigaction = 0x0}, sa_mask = {__val = {0 <repeats 16 times>}}, sa_flags = 0, sa_restorer = 0x0}
        sigs = {__val = {32, 0 <repeats 15 times>}}
#9  0x00005eb92211a5e7 in td::process_fatal_error(td::CSlice) ()
No symbol table info available.
#10 0x00005eb92211a6e7 in td::DefaultLog::append(td::CSlice, int) ()
No symbol table info available.
#11 0x00005eb92211a2a7 in td::Logger::~Logger() ()
No symbol table info available.
#12 0x00005eb921cc3605 in (anonymous namespace)::Test_WorkchainBlock_EngineConfigurationAcceptedCadence::run() ()
No symbol table info available.
#13 0x00005eb921c86eca in td::Test::step() ()
No symbol table info available.
#14 0x00005eb9221245ac in td::TestsRunner::run_all_step() ()
No symbol table info available.
#15 0x00005eb9221240d8 in td::TestsRunner::run_all() ()
No symbol table info available.
#16 0x00005eb921bb02df in main ()
No symbol table info available.
[Inferior 1 (process 1151313) detached]
