[1/83] Generate block tlb source files
[2/83] Checking the git repository for changes...
[3/83] Building CXX object CMakeFiles/git.dir/git.cc.o
[4/83] Linking CXX static library libgit.a
[5/83] Building CXX object crypto/CMakeFiles/tos_block.dir/block/check-proof.cpp.o
[6/83] Building CXX object crypto/CMakeFiles/tos_crypto.dir/vm/boc-compression.cpp.o
[7/83] Building CXX object crypto/CMakeFiles/tos_block.dir/block/workchain-block-execution.cpp.o
[8/83] Building CXX object crypto/CMakeFiles/tos_block.dir/block/block-parse.cpp.o
[9/83] Building CXX object crypto/CMakeFiles/tos_block.dir/block/workchain-execution-dispatch.cpp.o
[10/83] Building CXX object crypto/CMakeFiles/func.dir/func/parse-func.cpp.o
[11/83] Building CXX object crypto/CMakeFiles/tos_crypto.dir/vm/tosops.cpp.o
[12/83] Building CXX object crypto/CMakeFiles/tos_block.dir/block/mc-config.cpp.o
[13/83] Building CXX object crypto/CMakeFiles/tos_block.dir/block/block.cpp.o
[14/83] Building CXX object crypto/CMakeFiles/tos_block.dir/block/signature-set.cpp.o
[15/83] Building CXX object crypto/CMakeFiles/tos_block.dir/block/transaction.cpp.o
[16/83] Building CXX object crypto/CMakeFiles/tos_block.dir/block/block-auto.cpp.o
[17/83] Linking CXX static library crypto/libtos_block.a
[18/83] Linking CXX static library crypto/libtos_crypto.a
[19/83] Linking CXX executable crypto/func
[20/83] Compile FunC stdlib TVM v6 fee primitive coverage
[21/83] Linking CXX executable crypto/fift
[22/83] Generate /tmp/uno-publication-build/crypto/smartcont/auto/session-wallet-code.fif
[23/83] Generate /tmp/uno-publication-build/crypto/smartcont/auto/highload-wallet-code.fif
[24/83] Generate /tmp/uno-publication-build/crypto/smartcont/auto/simple-wallet-code.fif
[25/83] Generate /tmp/uno-publication-build/crypto/smartcont/auto/wallet-code.fif
[26/83] Generate /tmp/uno-publication-build/crypto/smartcont/auto/restricted-wallet2-code.fif
[27/83] Generate /tmp/uno-publication-build/crypto/smartcont/auto/wallet3-code.fif
[28/83] Generate /tmp/uno-publication-build/crypto/smartcont/auto/highload-wallet-v2-code.fif
[29/83] Generate /tmp/uno-publication-build/crypto/smartcont/auto/restricted-wallet-code.fif
[30/83] Generate /tmp/uno-publication-build/crypto/smartcont/auto/restricted-wallet3-code.fif
[31/83] Generate /tmp/uno-publication-build/crypto/smartcont/auto/simple-wallet-ext-code.fif
[32/83] Generate /tmp/uno-publication-build/crypto/smartcont/auto/wallet-v4-code.fif
[33/83] Generate /tmp/uno-publication-build/crypto/smartcont/auto/dns-manual-code.fif
[34/83] Generate /tmp/uno-publication-build/crypto/smartcont/auto/wallet-v5-code.fif
[35/83] Generate /tmp/uno-publication-build/crypto/smartcont/auto/pow-testgiver-code.fif
[36/83] Generate /tmp/uno-publication-build/crypto/smartcont/auto/multisig-code.fif
[37/83] Generate /tmp/uno-publication-build/crypto/smartcont/auto/agent-account-code.fif
[38/83] Generate /tmp/uno-publication-build/crypto/smartcont/auto/wallet-code.cpp
[39/83] Verify and embed the frozen TOS Native Service Registry BOC
FAILED: crypto/smartcont/auto/native-registry-code.cpp /tmp/uno-publication-build/crypto/smartcont/auto/native-registry-code.cpp 
cd /home/tomi/tos-m2 && /home/tomi/tos-m2/scripts/embed-tos-service-native-registry-v1.sh /tmp/uno-publication-build/crypto/smartcont/auto/native-registry-code.cpp native-registry
required compiler is unavailable: /home/tomi/tos-m2/build/crypto/func
[40/83] Verify and embed the frozen TOS Service Protocol stablecoin escrow v2 BOC
FAILED: crypto/smartcont/auto/tos-service-stablecoin-escrow-v2.cpp /tmp/uno-publication-build/crypto/smartcont/auto/tos-service-stablecoin-escrow-v2.cpp 
cd /home/tomi/tos-m2 && /home/tomi/tos-m2/scripts/embed-tos-service-stablecoin-escrow-v2.sh /tmp/uno-publication-build/crypto/smartcont/auto/tos-service-stablecoin-escrow-v2.cpp tos-service-stablecoin-escrow-v2
required compiler is unavailable: /home/tomi/tos-m2/build/crypto/func
[41/83] Generate /tmp/uno-publication-build/crypto/smartcont/auto/session-wallet-code.cpp
[42/83] Generate /tmp/uno-publication-build/crypto/smartcont/auto/highload-wallet-code.cpp
[43/83] Generate /tmp/uno-publication-build/crypto/smartcont/auto/simple-wallet-code.cpp
[44/83] Generate /tmp/uno-publication-build/crypto/smartcont/auto/wallet3-code.cpp
[45/83] Generate /tmp/uno-publication-build/crypto/smartcont/auto/payment-channel-code.fif
[46/83] Verify and embed the frozen TOS Service Protocol stablecoin escrow v1 BOC
FAILED: crypto/smartcont/auto/tos-service-stablecoin-escrow-v1.cpp /tmp/uno-publication-build/crypto/smartcont/auto/tos-service-stablecoin-escrow-v1.cpp 
cd /home/tomi/tos-m2 && /home/tomi/tos-m2/scripts/embed-tos-service-stablecoin-escrow-v1.sh /tmp/uno-publication-build/crypto/smartcont/auto/tos-service-stablecoin-escrow-v1.cpp tos-service-stablecoin-escrow-v1
NOTE: escrow v1 is deprecated (superseded by v2); this build exists only to verify the frozen historical artifact.
required compiler is unavailable: /home/tomi/tos-m2/build/crypto/func
[47/83] Generate /tmp/uno-publication-build/crypto/smartcont/auto/restricted-wallet2-code.cpp
[48/83] Generate /tmp/uno-publication-build/crypto/smartcont/auto/restricted-wallet-code.cpp
[49/83] Generate /tmp/uno-publication-build/crypto/smartcont/auto/restricted-wallet3-code.cpp
[50/83] Generate /tmp/uno-publication-build/crypto/smartcont/auto/highload-wallet-v2-code.cpp
[51/83] Generate /tmp/uno-publication-build/crypto/smartcont/auto/simple-wallet-ext-code.cpp
[52/83] Generate /tmp/uno-publication-build/crypto/smartcont/auto/wallet-v4-code.cpp
[53/83] Generate /tmp/uno-publication-build/crypto/smartcont/auto/wallet-v5-code.cpp
[54/83] Generate /tmp/uno-publication-build/crypto/smartcont/auto/dns-manual-code.cpp
[55/83] Generate /tmp/uno-publication-build/crypto/smartcont/auto/dns-auto-code.fif
[56/83] Generate /tmp/uno-publication-build/crypto/smartcont/auto/config-code.fif
[57/83] Generate /tmp/uno-publication-build/crypto/smartcont/auto/task-escrow-code.fif
[58/83] Generate /tmp/uno-publication-build/crypto/smartcont/auto/pow-testgiver-code.cpp
[59/83] Generate /tmp/uno-publication-build/crypto/smartcont/auto/multisig-code.cpp
[60/83] Generate /tmp/uno-publication-build/crypto/smartcont/auto/agent-account-code.cpp
[61/83] Generate /tmp/uno-publication-build/crypto/smartcont/auto/elector-code.fif
[62/83] Generate /tmp/uno-publication-build/crypto/smartcont/auto/prediction-market-code.fif
ninja: build stopped: subcommand failed.
