Running test Test_WorkchainBlock_CoordinatorStateLayout...
PASS in 239.9us
Running test Test_WorkchainBlock_CoordinatorStateExactFraming...
PASS in 23.6us
Running test Test_WorkchainBlock_ResourcePolicyWire...
PASS in 30.8us
Running test Test_WorkchainBlock_EngineConfigurationFraming...
PASS in 37.1us
Running test Test_WorkchainBlock_EngineConfigurationAcceptedCadence...
PASS in 19.2us
Running test Test_WorkchainBlock_BatchPolicyVersionIdentityAgreement...
PASS in 2213.0ns
Running test Test_WorkchainBlock_BatchProfileUnsupportedNodeProbe...
PASS in 891.0ns
Running test Test_WorkchainBlock_ClaimedFeeOuterFraming...
PASS in 15.1us
Running test Test_WorkchainBlock_ClaimedFeeShortNativeFraming...
PASS in 4643.0ns
Running test Test_WorkchainBlock_ClaimedFeeSpecialNativeFraming...
PASS in 4814.0ns
Running test Test_WorkchainBlock_ClaimedFeeUnknownNativeFraming...
PASS in 4564.0ns
Running test Test_WorkchainBlock_ResourcePolicyRejectsSpecialBeforeDecoder...
PASS in 1668.0ns
Running test Test_WorkchainBlock_ResourcePolicyEncodedSpecialCells...
PASS in 40.8us
Running test Test_WorkchainBlock_ResourcePolicyMalformedClosure...
PASS in 23.0us
Running test Test_WorkchainBlock_BounceValueIsolation...
PASS in 72.3us
Running test Test_WorkchainBlock_PayoutPrincipalAndFees...
PASS in 25.3us
Running test Test_WorkchainBlock_NativeAccountValueFlow...
PASS in 31.4us
Running test Test_WorkchainBlock_ParticipantRecordBinding...
PASS in 12.6us
Running test Test_WorkchainBlock_HostIdentityBinding...
PASS in 46.7us
Running test Test_WorkchainBlock_AdmittedIdentityAgreement...
PASS in 21.2us
Running test Test_WorkchainBlock_AccountDeclarationsCodec...
PASS in 43.9us
Running test Test_WorkchainBlock_AccountDeclarationsMalformed...
PASS in 18.4us
Running test Test_WorkchainBlock_AccountAccessBinding...
PASS in 13.2us
Running test Test_WorkchainBlock_AccountAccessExactCoverage...
PASS in 6449.0ns
Running test Test_WorkchainBlock_ParticipantLtPlan...
PASS in 2678.0ns
Running test Test_WorkchainBlock_ParticipantLtExhaustion...
PASS in 2230.0ns
Running test Test_WorkchainBlock_ResourcePolicyLocalLoadFailure...
PASS in 116.8us
Running test Test_WorkchainBlock_CoordinatorStateLocalLoadFailure...
PASS in 40.3us
Running test Test_WorkchainBlock_ScopedStateReadObserver...
PASS in 66.3us
Running test Test_WorkchainBlock_StateReadRefusalLeavesProofUnchanged...
PASS in 30.2us
Running test Test_WorkchainBlock_StateReadMeterProofTracking...
PASS in 179.5us
Running test Test_WorkchainBlock_AccountDictionaryChanges...
PASS in 160.2us
Running test Test_WorkchainBlock_AccountDictionaryBinding...
PASS in 15.3us
Running test Test_WorkchainBlock_BatchInputUnionExactBounds...
PASS in 44.5us
Running test Test_WorkchainBlock_BatchInputRootCountPrecedesAcquisition...
PASS in 1522.0ns
Running test Test_WorkchainBlock_DeclarationShapeCountsSharedSubtreesWithoutExpansion...
PASS in 24.4ms
Running test Test_WorkchainBlock_BatchInputNativeSpecialAndFailureProvenance...
PASS in 131.6us
Running test Test_WorkchainBlock_BatchInputHostMismatchAndCorruptInbox...
PASS in 20.8us
Running test Test_WorkchainBlock_BatchInputDeclarationSemanticsAndProvenance...
PASS in 80.1us
Running test Test_WorkchainBlock_DeclarationSingleLeafZeroAllowance...
PASS in 3220.0ns
Running test Test_WorkchainBlock_BatchInputDeclarationCacheBindsRemainingWidth...
PASS in 39.9us
Running test Test_WorkchainBlock_BoundedInboxCountBeforeWorkspace...
PASS in 292.3us
Running test Test_WorkchainBlock_BoundedInboxStructureMatchesNativeDictionary...
PASS in 4822.0us
Running test Test_WorkchainBlock_BoundedInboxUniformPrefixLabels...
PASS in 9013.9us
Running test Test_WorkchainBlock_BoundedInboxStopsBeforeSemanticDecode...
PASS in 195.2us
Running test Test_WorkchainBlock_NativeDisposalPlan...
PASS in 261.1us
Running test Test_WorkchainBlock_NativeBounceMessage...
PASS in 43.2us
Running test Test_WorkchainBlock_NativeBounceStorage...
PASS in 5694.0ns
Running test Test_WorkchainBlock_NativeBounceStorageCaller...
PASS in 116.3us
Running test Test_WorkchainBlock_NativeBounceBody...
PASS in 260.1us
Running test Test_WorkchainBlock_NativeInboxPlan...
PASS in 92.0us
Running test Test_WorkchainBlock_NativeTransferEffects...
PASS in 48.6us
Running test Test_WorkchainBlock_NativeAllocation...
PASS in 153.9us
Running test Test_WorkchainBlock_BatchNativeAllocation...
PASS in 151.3us
Running test Test_WorkchainBlock_MessagePricesDefaultInitialization...
PASS in 526.0ns
Running test Test_WorkchainBlock_DisposalFixturePricesOverwritePriorState...
PASS in 1018.0ns
Running test Test_WorkchainBlock_AggregateFeeSettlement...
PASS in 1352.8us
Running test Test_WorkchainBlock_NativeDisposalEntry...
PASS in 35.2ms
Running test Test_WorkchainBlock_NativeCoordinatorEntry...
PASS in 2335.2us
Running test Test_WorkchainBlock_MeteredAccountLookupProof...
PASS in 97.1us
Running test Test_WorkchainBlock_AccountReplacementStateDependencies...
PASS in 249.3us
Running test Test_WorkchainBlock_AccountEngineExecution...
PASS in 16.2ms
Running test Test_WorkchainBlock_HostInputCommitment...
PASS in 130.1us
Running test Test_WorkchainBlock_ExtractExecutorFromShardState...
PASS in 139.9us
Running test Test_WorkchainBlock_CounterReplay...
PASS in 35.6us
Running test Test_WorkchainBlock_CounterPayloadSurvivesBatchReplay...
PASS in 91.5ms
Running test Test_WorkchainBlock_StorageParticipantNativeWrapper...
PASS in 108.3us
Running test Test_WorkchainBlock_StorageOverlayNativeCommit...
PASS in 244.8us
Running test Test_WorkchainBlock_ReplayStorageCachePreservesValidation...
PASS in 3744.0us
Running test Test_WorkchainBlock_CanonicalInboundList...
PASS in 99.2us
Running test Test_WorkchainBlock_InboundCommitmentAndMembership...
PASS in 187.7us
Running test Test_WorkchainBlock_ExecutorWitnessEncoding...
PASS in 42.0us
Running test Test_WorkchainBlock_BatchAccountCommitAndReload...
PASS in 978.5us
Running test Test_WorkchainBlock_ResolvedBatchStaging...
PASS in 142.1us
Running test Test_WorkchainBlock_StorageFixtureDictionaryContracts...
PASS in 9640.0ns
Running test Test_WorkchainBlock_FixtureDictionaryReachesNativeAccountLimit...
PASS in 2566.8ms
Running test Test_WorkchainBlock_BatchExecutorCellBudgetIncludesFullWrapper...
PASS in 56.7ms
Running test Test_WorkchainBlock_BatchPreparationRejectsUnsettledState...
PASS in 63.8us
Running test Test_WorkchainBlock_NativePayoutPair...
PASS in 1077.5us
Running test Test_WorkchainBlock_NativePayoutPricing...
PASS in 247.9us
Running test Test_WorkchainBlock_BatchNativeMessageSettlement...
PASS in 674.2us
Running test Test_WorkchainBlock_BatchCommitmentReplay...
PASS in 31.7us
Running test Test_WorkchainBlock_NativeQueueViewIsBoundToInput...
PASS in 11.3us
Running test Test_WorkchainBlock_UnmatchedBatchInputDoesNotInvokeEngine...
PASS in 18.1us
Running test Test_WorkchainBlock_BatchCommitmentRejectsEffectMutations...
PASS in 70.6us
Running test Test_WorkchainBlock_BatchDescriptionParsersAndScope...
PASS in 8183.0ns
Running test Test_WorkchainBlock_RejectMalformedBatchDescription...
PASS in 2399.0ns
Running test Test_WorkchainBlock_ScopeClassifiesEveryConstructorPrefix...
PASS in 4536.0ns
Running test Test_WorkchainBlock_RetiredBatchDescriptorRejected...
PASS in 7858.0ns
Running test Test_WorkchainBlock_BatchTimeFollowsEveryInputAndLeavesEndSpace...
PASS in 31.3us
Running test Test_WorkchainBlock_MissingImportEnumeratorIsLocalFailure...
PASS in 852.0ns
Running test Test_WorkchainBlock_ImportEnumeratorStateFaultIsLocalFailure...
PASS in 7678.0ns
Running test Test_WorkchainBlock_InboxReconstructedFromNativeImports...
PASS in 8156.5us
Running test Test_WorkchainBlock_NativeBatchCreditIsAtomicAndReplayable...
PASS in 226.0us
Running test Test_WorkchainBlock_AccountEmulatorRejectsBatchTransaction...
PASS in 3835.0ns
Running test Test_WorkchainBlock_ResultWireRoundTrip...
PASS in 35.0us
Running test Test_WorkchainBlock_RejectNonCanonicalResultWire...
PASS in 24.8us
Running test Test_WorkchainBlock_RejectEveryResultMutation...
PASS in 44.9us
Running test Test_WorkchainBlock_RejectOverflowAndMissingContext...
PASS in 20.3us
Running test Test_WorkchainBlock_CollationCandidateScope...
PASS in 1245.0ns
Running test Test_WorkchainBlock_InputPreflightUnionAndExactLimits...
PASS in 4494.0ns
Running test Test_WorkchainBlock_InputPreflightStopsBeforeOverLimitLoad...
PASS in 2184.0ns
Running test Test_WorkchainBlock_InputPreflightDeepSharedGraph...
PASS in 888.7us
Running test Test_WorkchainBlock_InputPreflightUnavailableAndSpecial...
PASS in 2293.0ns
Running test Test_WorkchainBlock_EngineSpecialInputClassification...
PASS in 64.5us
Running test Test_WorkchainBlock_EngineExceptionIsNotCandidateInvalid...
PASS in 53.0us
Running test Test_WorkchainBlock_RegistryScopeIsolation...
PASS in 38.2us
Running test Test_WorkchainBlock_IngressProtocolScopeDoesNotDependOnRegistry...
PASS in 687.0ns
Running test Test_WorkchainBlock_DeclaredScopePreventsLocalComputeFallback...
PASS in 6171.0ns
Running test Test_WorkchainBlock_RegistryRequiresConsensusActivation...
PASS in 15.3us
Running test Test_WorkchainBlock_PublicIngressPolicyCodecAndDescriptorBinding...
PASS in 8105.0ns
Running test Test_WorkchainBlock_PublicIngressRequiresStandardWorkchainRange...
PASS in 3168.0ns
Running test Test_WorkchainBlock_DualNativeIngressCodecAndVersion...
PASS in 23.6us
Running test Test_WorkchainBlock_MultiAccountAdmissionVersionInstallation...
PASS in 301.8us
Running test Test_WorkchainBlock_AccountRegistryReplayConnectivity...
PASS in 661.8us
Running test Test_WorkchainBlock_MultiAccountRegistryBinding...
PASS in 399.4us
Running test Test_WorkchainBlock_PublicIngressTableCanonicalKeys...
PASS in 17.3us
Running test Test_WorkchainBlock_NativeDestinationRouting...
PASS in 10.4us
Running test Test_WorkchainBlock_NativeSenderEnforcesPublicExecutorAddress...
PASS in 175.1us
Running test Test_WorkchainBlock_ActivatedHostWithoutIngressPolicyIsIdle...
PASS in 5428.0ns
Running test Test_WorkchainBlock_NativeIngressParameterPresenceRequiresActivation...
PASS in 11.5us
Running test Test_WorkchainBlock_ResolvedBlockResourcePolicy...
PASS in 82.0us
Running test Test_WorkchainBlock_ReceiverRequiresMatchingPublicIngressPolicy...
PASS in 27.9us
Running test Test_WorkchainBlock_SenderResolvesIngressWithoutForeignEngine...
PASS in 37.5us
Running test Test_WorkchainBlock_ScopedWorkchainConfigurationResolution...
PASS in 4023.0ns
125 test(s) passed
