[1;36m[ 3][t 1][2026-09-09 22:34:36.737863905][test-tos-collator.cpp:331][!testnode]	no init block in config. using zero state[0m
[1;36m[ 3][t 1][2026-09-09 22:34:36.738249199][test-tos-collator.cpp:356][!testnode]	Hardforks num in config: 0[0m
[1;36m[ 3][t 7][2026-09-09 22:34:36.739355795][manager-init.cpp:333][!starter]	Starting validator manager[0m
[1;36m[ 3][t 1][2026-09-09 22:34:36.750285467][manager-init.cpp:39][!reiniter]	init_block_id=[ w=-1 s=9223372036854775808 seq=0 V4NxZQUAx0nqsLeKS1yX+0Z6+vJ7y4nrpV+jp/T15IE= dpHp+23aaGORTK12v0zL4GNLYaLvnUQ90bL3k1VtHkY= ][0m
[1;33m[ 2][t 5][2026-09-09 22:34:36.751696524][celldb.cpp:371][!celldbin]	Using V1 DynamicBagOfCells with options V1{}[0m
[1;36m[ 3][t 6][2026-09-09 22:34:36.758309988][download-state.cpp:491][!reiniter]	requested to download state of (-1,8000000000000000,0):578371650500C749EAB0B78A4B5C97FB467AFAF27BCB89EBA55FA3A7F4F5E481:7691E9FB6DDA6863914CAD76BF4CCBE0634B61A2EF9D443DD1B2F793556D1E46 referenced by (-2147483648,0000000000000000,0):0000000000000000000000000000000000000000000000000000000000000000:0000000000000000000000000000000000000000000000000000000000000000 with split depth 0[0m
[1;33m[ 2][t 7][2026-09-09 22:34:36.758757354][download-state.cpp:1100][!downloadstate]	checked shard state (-1,8000000000000000,0):578371650500C749EAB0B78A4B5C97FB467AFAF27BCB89EBA55FA3A7F4F5E481:7691E9FB6DDA6863914CAD76BF4CCBE0634B61A2EF9D443DD1B2F793556D1E46[0m
[1;33m[ 2][t 7][2026-09-09 22:34:36.759641883][download-state.cpp:1697][!downloadstate]	written shard state file (-1,8000000000000000,0):578371650500C749EAB0B78A4B5C97FB467AFAF27BCB89EBA55FA3A7F4F5E481:7691E9FB6DDA6863914CAD76BF4CCBE0634B61A2EF9D443DD1B2F793556D1E46[0m
[1;36m[ 3][t 5][2026-09-09 22:34:36.762511196][celldb.cpp:251][!celldbin]	Validating metadata[0m
[1;36m[ 3][t 5][2026-09-09 22:34:36.762552790][celldb.cpp:307][!celldbin]	Validating metadata: OK[0m
[1;33m[ 2][t 7][2026-09-09 22:34:36.787273769][download-state.cpp:1759][!downloadstate]	finished downloading and storing shard state (-1,8000000000000000,0):578371650500C749EAB0B78A4B5C97FB467AFAF27BCB89EBA55FA3A7F4F5E481:7691E9FB6DDA6863914CAD76BF4CCBE0634B61A2EF9D443DD1B2F793556D1E46[0m
[1;36m[ 3][t 1][2026-09-09 22:34:36.787332396][download-state.cpp:491][!reiniter]	requested to download state of (-1,8000000000000000,0):578371650500C749EAB0B78A4B5C97FB467AFAF27BCB89EBA55FA3A7F4F5E481:7691E9FB6DDA6863914CAD76BF4CCBE0634B61A2EF9D443DD1B2F793556D1E46 referenced by (-1,8000000000000000,0):578371650500C749EAB0B78A4B5C97FB467AFAF27BCB89EBA55FA3A7F4F5E481:7691E9FB6DDA6863914CAD76BF4CCBE0634B61A2EF9D443DD1B2F793556D1E46 with split depth 0[0m
[1;33m[ 2][t 5][2026-09-09 22:34:36.787421537][download-state.cpp:519][!downloadstate]	shard state (-1,8000000000000000,0):578371650500C749EAB0B78A4B5C97FB467AFAF27BCB89EBA55FA3A7F4F5E481:7691E9FB6DDA6863914CAD76BF4CCBE0634B61A2EF9D443DD1B2F793556D1E46 already stored in db[0m
[1;33m[ 2][t 7][2026-09-09 22:34:36.787660150][download-state.cpp:1759][!downloadstate]	finished downloading and storing shard state (-1,8000000000000000,0):578371650500C749EAB0B78A4B5C97FB467AFAF27BCB89EBA55FA3A7F4F5E481:7691E9FB6DDA6863914CAD76BF4CCBE0634B61A2EF9D443DD1B2F793556D1E46[0m
[1;36m[ 3][t 7][2026-09-09 22:34:36.787681375][manager-init.cpp:294][!reiniter]	downloaded masterchain state[0m
[1;33m[ 2][t 7][2026-09-09 22:34:36.787693536][shard-client.cpp:58][!shardclient]	Downloading shard states for masterchain block [ w=-1 s=9223372036854775808 seq=0 V4NxZQUAx0nqsLeKS1yX+0Z6+vJ7y4nrpV+jp/T15IE= dpHp+23aaGORTK12v0zL4GNLYaLvnUQ90bL3k1VtHkY= ][0m
[1;33m[ 2][t 7][2026-09-09 22:34:36.787700566][shard-client.cpp:71][!shardclient]	Downloaded all shard states[0m
[1;36m[ 3][t 7][2026-09-09 22:34:36.788194719][manager-init.cpp:305][!reiniter]	downloaded all shards[0m
[1;36m[ 3][t 7][2026-09-09 22:34:36.788207336][manager-init.cpp:316][!reiniter]	persistent state download finished[0m
[1;31m[ 1][t 7][2026-09-09 22:34:36.788854372][manager-disk.cpp:291][!manager]	running collate query[0m
[1;33m[ 2][t 7][2026-09-09 22:34:36.788895683][collator.cpp:145][!collate(-1,8000000000000000):1]	Collator for shard (-1,8000000000000000) started[0m
[1;36m[ 3][t 7][2026-09-09 22:34:36.788982203][collator.cpp:832][!collate(-1,8000000000000000):1]	after_get_shard_blocks: got 0 ShardTopBlockDescriptions[0m
[1;36m[ 3][t 7][2026-09-09 22:34:36.788996939][collator.cpp:846][!collate(-1,8000000000000000):1]	after_get_storage_stat_cache : [Error : 0 : not implemented][0m
[1;33m[ 2][t 7][2026-09-09 22:34:36.789521054][collator.cpp:669][!collate(-1,8000000000000000):1]	in Collator::after_get_shard_state(0)[0m
[1;33m[ 2][t 7][2026-09-09 22:34:36.789532692][collator.cpp:2086][!collate(-1,8000000000000000):1]	running do_preinit()[0m
[1;36m[ 3][t 7][2026-09-09 22:34:36.789542394][collator.cpp:1779][!collate(-1,8000000000000000):1]	unpacking most recent masterchain state[0m
[1;31m[ 1][t 7][2026-09-09 22:34:36.789588728][collator.cpp:928][!collate(-1,8000000000000000):1]	block version 16 have been enabled in global configuration, but we support only 15 (upgrade validator software?)[0m
[1;36m[ 3][t 7][2026-09-09 22:34:36.789639874][collator.cpp:1842][!collate(-1,8000000000000000):1]	adding new workchain 0 to shard configuration in masterchain state[0m
[1;36m[ 3][t 7][2026-09-09 22:34:36.789662948][collator.cpp:1842][!collate(-1,8000000000000000):1]	adding new workchain 2 to shard configuration in masterchain state[0m
[1;36m[ 3][t 7][2026-09-09 22:34:36.789681358][collator.cpp:2266][!collate(-1,8000000000000000):1]	start_lt set to 1000000[0m
[1;36m[ 3][t 1][2026-09-09 22:34:36.789719997][collator.cpp:1047][!collate(-1,8000000000000000):1]	neighbor output queues fetched, took 0.000029s[0m
[1;33m[ 2][t 6][2026-09-09 22:34:36.790137437][collator.cpp:1169][!collate(-1,8000000000000000):1]	got outbound queue size from prev block #0: 0[0m
[1;33m[ 2][t 6][2026-09-09 22:34:36.790204907][collator.cpp:2439][!collate(-1,8000000000000000):1]	do_collate() : start[0m
[1;36m[ 3][t 6][2026-09-09 22:34:36.791657931][collator.cpp:2673][!collate(-1,8000000000000000):1]	cleaning outbound queue from messages already imported by neighbors[0m
[1;33m[ 2][t 6][2026-09-09 22:34:36.791674606][collator.cpp:2840][!collate(-1,8000000000000000):1]	deleted 0 messages from out_msg_queue, remaining queue size is 0[0m
[1;36m[ 3][t 6][2026-09-09 22:34:36.791708742][collator.cpp:2405][!collate(-1,8000000000000000):1]	fee recovery skipped (0ng)[0m
[1;36m[ 3][t 6][2026-09-09 22:34:36.791737946][collator.cpp:2527][!collate(-1,8000000000000000):1]	process dispatch queue[0m
[1;36m[ 3][t 6][2026-09-09 22:34:36.791767986][collator.cpp:2532][!collate(-1,8000000000000000):1]	create tick transactions[0m
[1;36m[ 3][t 6][2026-09-09 22:34:36.791805957][collator.cpp:2553][!collate(-1,8000000000000000):1]	process inbound internal messages[0m
[1;36m[ 3][t 6][2026-09-09 22:34:36.791819208][collator.cpp:4498][!collate(-1,8000000000000000):1]	process inbound external messages[0m
[1;36m[ 3][t 6][2026-09-09 22:34:36.791856732][collator.cpp:4506][!collate(-1,8000000000000000):1]	process newly-generated messages[0m
[1;36m[ 3][t 6][2026-09-09 22:34:36.791867647][collator.cpp:4511][!collate(-1,8000000000000000):1]	Don't wait for new external messages[0m
[1;36m[ 3][t 6][2026-09-09 22:34:36.791879628][collator.cpp:2575][!collate(-1,8000000000000000):1]	create tock transactions[0m
[1;36m[ 3][t 6][2026-09-09 22:34:36.792055185][collator.cpp:2580][!collate(-1,8000000000000000):1]	enqueue newly-generated messages[0m
[1;36m[ 3][t 6][2026-09-09 22:34:36.792067414][collator.cpp:5778][!collate(-1,8000000000000000):1]	final out_msg_queue size is 0[0m
[1;36m[ 3][t 6][2026-09-09 22:34:36.792076755][collator.cpp:5782][!collate(-1,8000000000000000):1]	block load statistics: gas=0 lt_delta=2 size_estimate=2561 collated_size_estimate=0[0m
[1;36m[ 3][t 6][2026-09-09 22:34:36.792087519][collator.cpp:5822][!collate(-1,8000000000000000):1]	block is underloaded[0m
[1;36m[ 3][t 6][2026-09-09 22:34:36.792867260][collator.cpp:5514][!collate(-1,8000000000000000):1]	masterchain validator set hash changed from 2805358205 to 2805358205[0m
[1;36m[ 3][t 6][2026-09-09 22:34:36.792879374][collator.cpp:5557][!collate(-1,8000000000000000):1]	Global balance is 0ng[0m
[1;36m[ 3][t 6][2026-09-09 22:34:36.792886277][collator.cpp:5677][!collate(-1,8000000000000000):1]	updating block creator statistics[0m
[1;36m[ 3][t 6][2026-09-09 22:34:36.792890754][collator.cpp:5693][!collate(-1,8000000000000000):1]	scanning for outdated CreatorStats entries[0m
[1;36m[ 3][t 6][2026-09-09 22:34:36.792896980][collator.cpp:5719][!collate(-1,8000000000000000):1]	removed 0 stale CreatorStats entries out of 0 scanned[0m
[1;36m[ 3][t 6][2026-09-09 22:34:36.792907969][collator.cpp:5600][!collate(-1,8000000000000000):1]	McStateExtra created[0m
[1;36m[ 3][t 6][2026-09-09 22:34:36.792939503][collator.cpp:6155][!collate(-1,8000000000000000):1]	creating Merkle update for the ShardState[0m
[1;36m[ 3][t 6][2026-09-09 22:34:36.792982375][collator.cpp:6168][!collate(-1,8000000000000000):1]	updating block profile statistics[0m
[1;36m[ 3][t 6][2026-09-09 22:34:36.792990134][collator.cpp:6170][!collate(-1,8000000000000000):1]	new ShardState and corresponding Merkle update created[0m
[1;36m[ 3][t 6][2026-09-09 22:34:36.792999023][collator.cpp:6410][!collate(-1,8000000000000000):1]	Value flow: (value-flow from_prev_blk:0ng to_next_blk:0ng imported:0ng exported:0ng fees_collected:0ng fees_imported:0ng recovered:0ng created:0ng minted:0ng)[0m
[1;36m[ 3][t 6][2026-09-09 22:34:36.793021538][collator.cpp:6508][!collate(-1,8000000000000000):1]	verifying new Block[0m
[1;36m[ 3][t 6][2026-09-09 22:34:36.793051998][collator.cpp:6513][!collate(-1,8000000000000000):1]	new Block created[0m
[1;36m[ 3][t 6][2026-09-09 22:34:36.793061721][collator.cpp:6729][!collate(-1,8000000000000000):1]	serializing new Block[0m
[1;36m[ 3][t 6][2026-09-09 22:34:36.793096939][collator.cpp:6760][!collate(-1,8000000000000000):1]	serialized block size 1913 bytes (preliminary estimate was 2561)[0m
[1;36m[ 3][t 6][2026-09-09 22:34:36.793101743][collator.cpp:6763][!collate(-1,8000000000000000):1]	size regression stats: 1913 18 6480 19 4 1 1[0m
[1;36m[ 3][t 6][2026-09-09 22:34:36.793105883][collator.cpp:6766][!collate(-1,8000000000000000):1]	serialized collated data size 33 bytes (preliminary estimate was 0)[0m
[1;36m[ 3][t 6][2026-09-09 22:34:36.793114560][collator.cpp:6826][!collate(-1,8000000000000000):1]	saving new BlockCandidate[0m
[1;33m[ 2][t 6][2026-09-09 22:34:36.795346226][collator.cpp:6865][!collate(-1,8000000000000000):1]	sending new BlockCandidate to Promise[0m
[1;33m[ 2][t 6][2026-09-09 22:34:36.795353563][collator.cpp:6866][!collate(-1,8000000000000000):1]	collation took 0.006471 s[0m
[1;33m[ 2][t 6][2026-09-09 22:34:36.795364396][collator.cpp:6867][!collate(-1,8000000000000000):1]	{{
	{do_collate:145162.412285->145162.415215(0.002930)}
	{set_block_candidate:145162.415209->145162.417436(0.002227)}
	{post_ext_processing:145162.414157->145162.415214(0.001057)}
	{wait_block_state #0:145162.410993->145162.411617(0.000624)}
	{get_storage_stat_cache:145162.410999->145162.411087(0.000087)[Error : 0 : not implemented]}
	{get_shard_blocks_for_collator:145162.410999->145162.411072(0.000073)}
	{neighbor_msg_queues:145162.411780->145162.411809(0.000029)}
}[0m
[1;33m[ 2][t 6][2026-09-09 22:34:36.795387411][collator.cpp:6978][!collate(-1,8000000000000000):1]	Collate query work time = 0.003065s, cpu time = 0.003062s[0m
[1;31m[ 1][t 5][2026-09-09 22:34:36.798853698][manager-disk.cpp:264][!manager]	created block [ w=-1 s=9223372036854775808 seq=1 UX8hTLgwal3qkHQR0xapYm0g1DT+g9b4RM6PPISH2iI= 9UjE3zZU2OCu+yYc9ZzmtKwzSMqYdfEw8iCpB3DHWow= ][0m
[1;33m[ 2][t 5][2026-09-09 22:34:36.798928228][validate-query.cpp:289][!fakevalidate(-1,8000000000000000):1#0]	validate query for (-1,8000000000000000,1):517F214CB8306A5DEA907411D316A9626D20D434FE83D6F844CE8F3C8487DA22:F548C4DF3654D8E0AEFB261CF59CE6B4AC3348CA9875F130F220A90770C75A8C started[0m
[1;33m[ 2][t 5][2026-09-09 22:34:36.799045291][validate-query.cpp:786][!fakevalidate(-1,8000000000000000):1#0]	in ValidateQuery::after_get_latest_mc_state()[0m
[1;36m[ 3][t 5][2026-09-09 22:34:36.799062258][validate-query.cpp:884][!fakevalidate(-1,8000000000000000):1#0]	after_get_storage_stat_cache : [Error : 0 : not implemented][0m
[1;33m[ 2][t 1][2026-09-09 22:34:36.799275102][validate-query.cpp:904][!fakevalidate(-1,8000000000000000):1#0]	in ValidateQuery::after_get_shard_state(0)[0m
[1;31m[ 1][t 1][2026-09-09 22:34:36.799326890][validate-query.cpp:1002][!fakevalidate(-1,8000000000000000):1#0]	block version 16 have been enabled in global configuration, but we support only 15 (upgrade validator software?)[0m
[1;33m[ 2][t 1][2026-09-09 22:34:36.799433134][validate-query.cpp:786][!fakevalidate(-1,8000000000000000):1#0]	in ValidateQuery::after_get_latest_mc_state()[0m
[1;33m[ 2][t 1][2026-09-09 22:34:36.799442684][validate-query.cpp:7761][!fakevalidate(-1,8000000000000000):1#0]	try_validate stage 0[0m
[1;36m[ 3][t 1][2026-09-09 22:34:36.799640310][validate-query.cpp:2478][!fakevalidate(-1,8000000000000000):1#0]	masterchain validator set hash changed from 2805358205 to 2805358205[0m
[1;33m[ 2][t 1][2026-09-09 22:34:36.799673504][validate-query.cpp:7801][!fakevalidate(-1,8000000000000000):1#0]	try_validate stage 1[0m
[1;36m[ 3][t 1][2026-09-09 22:34:36.799681530][validate-query.cpp:7802][!fakevalidate(-1,8000000000000000):1#0]	running automated validity checks for block candidate (-1,8000000000000000,1):517F214CB8306A5DEA907411D316A9626D20D434FE83D6F844CE8F3C8487DA22:F548C4DF3654D8E0AEFB261CF59CE6B4AC3348CA9875F130F220A90770C75A8C[0m
[1;36m[ 3][t 1][2026-09-09 22:34:36.799805791][validate-query.cpp:3200][!fakevalidate(-1,8000000000000000):1#0]	pre-checking all Account updates between the old and the new state[0m
[1;36m[ 3][t 1][2026-09-09 22:34:36.799828254][validate-query.cpp:3393][!fakevalidate(-1,8000000000000000):1#0]	pre-checking all AccountBlocks, and all transactions of all accounts[0m
[1;36m[ 3][t 1][2026-09-09 22:34:36.799862862][validate-query.cpp:3652][!fakevalidate(-1,8000000000000000):1#0]	pre-checking the difference between the old and the new outbound message queues[0m
[1;36m[ 3][t 1][2026-09-09 22:34:36.799870168][validate-query.cpp:3673][!fakevalidate(-1,8000000000000000):1#0]	outbound message queue size: 0 -> 0[0m
[1;36m[ 3][t 1][2026-09-09 22:34:36.799877777][validate-query.cpp:3816][!fakevalidate(-1,8000000000000000):1#0]	checking the difference between the old and the new dispatch queues[0m
[1;36m[ 3][t 1][2026-09-09 22:34:36.799893050][validate-query.cpp:4574][!fakevalidate(-1,8000000000000000):1#0]	checking inbound messages listed in InMsgDescr[0m
[1;36m[ 3][t 1][2026-09-09 22:34:36.799908338][validate-query.cpp:5247][!fakevalidate(-1,8000000000000000):1#0]	checking outbound messages listed in OutMsgDescr[0m
[1;36m[ 3][t 1][2026-09-09 22:34:36.799928452][validate-query.cpp:5271][!fakevalidate(-1,8000000000000000):1#0]	checking ProcessedInfo[0m
[1;36m[ 3][t 1][2026-09-09 22:34:36.799934598][validate-query.cpp:5308][!fakevalidate(-1,8000000000000000):1#0]	ProcessedInfo claims to have processed all inbound messages up to (0,0000000000000000000000000000000000000000000000000000000000000000)[0m
[1;36m[ 3][t 1][2026-09-09 22:34:36.799950354][validate-query.cpp:6511][!fakevalidate(-1,8000000000000000):1#0]	checking all transactions[0m
[1;33m[ 2][t 1][2026-09-09 22:34:36.800055560][validate-query.cpp:7920][!fakevalidate(-1,8000000000000000):1#0]	try_validate stage 2[0m
[1;36m[ 3][t 1][2026-09-09 22:34:36.800079190][validate-query.cpp:6963][!fakevalidate(-1,8000000000000000):1#0]	checking header of the new shardchain state[0m
[1;36m[ 3][t 1][2026-09-09 22:34:36.800133516][validate-query.cpp:7262][!fakevalidate(-1,8000000000000000):1#0]	checking header of McStateExtra in the new masterchain state[0m
[1;36m[ 3][t 1][2026-09-09 22:34:36.800868174][validate-query.cpp:7576][!fakevalidate(-1,8000000000000000):1#0]	checking all CreatorStats updates between the old and the new state[0m
[1;33m[ 2][t 7][2026-09-09 22:34:36.801034881][validate-query.cpp:8017][!fakevalidate(-1,8000000000000000):1#0]	validation took 0.002118s[0m
[1;33m[ 2][t 7][2026-09-09 22:34:36.801048621][validate-query.cpp:8018][!fakevalidate(-1,8000000000000000):1#0]	Validate query work time = 0.001450s, cpu time = 0.001448s[0m
[1;33m[ 2][t 7][2026-09-09 22:34:36.801057276][validate-query.cpp:8020][!fakevalidate(-1,8000000000000000):1#0]	{{
	{wait_block_state #0:145162.421123->145162.421365(0.000241)}
	{set_block_candidate:145162.422979->145162.423083(0.000103)}
	{get_top_masterchain_state_block:145162.421032->145162.421135(0.000103)}
	{wait_verify_shard_blocks:145162.421707->145162.421763(0.000055)}
	{get_storage_stat_cache:145162.421128->145162.421152(0.000024)[Error : 0 : not implemented]}
	{get_top_masterchain_state_block:145162.421515->145162.421523(0.000008)}
}[0m
[1;33m[ 2][t 7][2026-09-09 22:34:36.801089940][validate-query.cpp:269][!fakevalidate(-1,8000000000000000):1#0]	validate query done[0m
[1;31m[ 1][t 5][2026-09-09 22:34:36.813469091][manager-disk.cpp:369][!manager]	success, block [ w=-1 s=9223372036854775808 seq=1 UX8hTLgwal3qkHQR0xapYm0g1DT+g9b4RM6PPISH2iI= 9UjE3zZU2OCu+yYc9ZzmtKwzSMqYdfEw8iCpB3DHWow= ] = (-1,8000000000000000,1):517F214CB8306A5DEA907411D316A9626D20D434FE83D6F844CE8F3C8487DA22:F548C4DF3654D8E0AEFB261CF59CE6B4AC3348CA9875F130F220A90770C75A8C saved to disk[0m
