[1;36m[ 3][t 1][2026-09-09 22:34:36.829663643][test-tos-collator.cpp:331][!testnode]	no init block in config. using zero state[0m
[1;36m[ 3][t 1][2026-09-09 22:34:36.829937232][test-tos-collator.cpp:356][!testnode]	Hardforks num in config: 0[0m
[1;36m[ 3][t 1][2026-09-09 22:34:36.830067760][manager-init.cpp:333][!starter]	Starting validator manager[0m
[1;36m[ 3][t 1][2026-09-09 22:34:36.841059939][manager-init.cpp:344][!starter]	init_block_id = (-1,8000000000000000,1):517F214CB8306A5DEA907411D316A9626D20D434FE83D6F844CE8F3C8487DA22:F548C4DF3654D8E0AEFB261CF59CE6B4AC3348CA9875F130F220A90770C75A8C[0m
[1;36m[ 3][t 1][2026-09-09 22:34:36.841085013][manager-init.cpp:345][!starter]	config init_block_id = (-1,8000000000000000,0):578371650500C749EAB0B78A4B5C97FB467AFAF27BCB89EBA55FA3A7F4F5E481:7691E9FB6DDA6863914CAD76BF4CCBE0634B61A2EF9D443DD1B2F793556D1E46[0m
[1;33m[ 2][t 3][2026-09-09 22:34:36.843766887][celldb.cpp:371][!celldbin]	Using V1 DynamicBagOfCells with options V1{}[0m
[1;31m[ 1][t 7][2026-09-09 22:34:36.848020666][archive-manager.cpp:1045][!archive]	checking file /tmp/uno-genesis-routing-3/unserved/db/archive/states/zerostate_-1_CF8DECDCBA9D0B110BE6AF316AEDD50395BBF8E3337A4AF4DF77BE506C9BE692[0m
[1;36m[ 3][t 3][2026-09-09 22:34:36.851287378][celldb.cpp:251][!celldbin]	Validating metadata[0m
[1;36m[ 3][t 3][2026-09-09 22:34:36.851413989][celldb.cpp:307][!celldbin]	Validating metadata: OK[0m
[1;36m[ 3][t 7][2026-09-09 22:34:36.854384375][manager-init.cpp:384][!starter]	gc_block_id = (-1,8000000000000000,0):578371650500C749EAB0B78A4B5C97FB467AFAF27BCB89EBA55FA3A7F4F5E481:7691E9FB6DDA6863914CAD76BF4CCBE0634B61A2EF9D443DD1B2F793556D1E46[0m
[1;36m[ 3][t 7][2026-09-09 22:34:36.854496323][manager-init.cpp:434][!starter]	Starting shard client[0m
[1;36m[ 3][t 7][2026-09-09 22:34:36.854535751][manager-init.cpp:438][!starter]	Started shard client[0m
[1;36m[ 3][t 7][2026-09-09 22:34:36.854542910][manager-init.cpp:448][!starter]	Last key block is (-1,8000000000000000,0):578371650500C749EAB0B78A4B5C97FB467AFAF27BCB89EBA55FA3A7F4F5E481:7691E9FB6DDA6863914CAD76BF4CCBE0634B61A2EF9D443DD1B2F793556D1E46[0m
[1;31m[ 1][t 7][2026-09-09 22:34:36.855201417][manager-disk.cpp:291][!manager]	running collate query[0m
[1;33m[ 2][t 7][2026-09-09 22:34:36.855227889][collator.cpp:145][!collate(0,8000000000000000):1]	Collator for shard (0,8000000000000000) started[0m
[1;36m[ 3][t 7][2026-09-09 22:34:36.855259266][collator.cpp:846][!collate(0,8000000000000000):1]	after_get_storage_stat_cache : [Error : 0 : not implemented][0m
[1;33m[ 2][t 6][2026-09-09 22:34:36.870318799][collator.cpp:669][!collate(0,8000000000000000):1]	in Collator::after_get_shard_state(0)[0m
[1;33m[ 2][t 3][2026-09-09 22:34:36.870594388][collator.cpp:631][!collate(0,8000000000000000):1]	in Collator::after_get_mc_state()[0m
[1;33m[ 2][t 6][2026-09-09 22:34:36.870919150][collator.cpp:2086][!collate(0,8000000000000000):1]	running do_preinit()[0m
[1;36m[ 3][t 6][2026-09-09 22:34:36.870938016][collator.cpp:1779][!collate(0,8000000000000000):1]	unpacking most recent masterchain state[0m
[1;31m[ 1][t 6][2026-09-09 22:34:36.870990620][collator.cpp:928][!collate(0,8000000000000000):1]	block version 16 have been enabled in global configuration, but we support only 15 (upgrade validator software?)[0m
[1;36m[ 3][t 6][2026-09-09 22:34:36.871111833][collator.cpp:2266][!collate(0,8000000000000000):1]	start_lt set to 2000000[0m
[1;36m[ 3][t 3][2026-09-09 22:34:36.871446228][out-msg-queue-proof.cpp:437][!disk-outmsgqueueimporter]	Done importing neighbor msg queues for shard (0,8000000000000000) from (-1,8000000000000000,1) in 0.000302s sources{ local=1} cache_size=1[0m
[1;33m[ 2][t 7][2026-09-09 22:34:36.871474745][collator.cpp:1169][!collate(0,8000000000000000):1]	got outbound queue size from prev block #0: 0[0m
[1;36m[ 3][t 7][2026-09-09 22:34:36.871497607][collator.cpp:1047][!collate(0,8000000000000000):1]	neighbor output queues fetched, took 0.000363s[0m
[1;33m[ 2][t 7][2026-09-09 22:34:36.871538454][collator.cpp:1103][!collate(0,8000000000000000):1]	obtained outbound queue for neighbor #0((-1,8000000000000000))[0m
[1;33m[ 2][t 7][2026-09-09 22:34:36.871560269][collator.cpp:1103][!collate(0,8000000000000000):1]	obtained outbound queue for neighbor #1((0,8000000000000000))[0m
[1;33m[ 2][t 7][2026-09-09 22:34:36.871577150][collator.cpp:2439][!collate(0,8000000000000000):1]	do_collate() : start[0m
[1;36m[ 3][t 7][2026-09-09 22:34:36.872088180][collator.cpp:2673][!collate(0,8000000000000000):1]	cleaning outbound queue from messages already imported by neighbors[0m
[1;33m[ 2][t 7][2026-09-09 22:34:36.872099135][collator.cpp:2840][!collate(0,8000000000000000):1]	deleted 0 messages from out_msg_queue, remaining queue size is 0[0m
[1;36m[ 3][t 7][2026-09-09 22:34:36.872109823][collator.cpp:2527][!collate(0,8000000000000000):1]	process dispatch queue[0m
[1;36m[ 3][t 7][2026-09-09 22:34:36.872120548][collator.cpp:2532][!collate(0,8000000000000000):1]	create tick transactions[0m
[1;36m[ 3][t 7][2026-09-09 22:34:36.872123104][collator.cpp:2553][!collate(0,8000000000000000):1]	process inbound internal messages[0m
[1;36m[ 3][t 7][2026-09-09 22:34:36.872126299][collator.cpp:4498][!collate(0,8000000000000000):1]	process inbound external messages[0m
[1;36m[ 3][t 7][2026-09-09 22:34:36.872214732][transaction.cpp:2524][!collate(0,8000000000000000):1]	steps: 12 gas: used=1335, max=1000000, limit=1000000, credit=0[0m
[1;36m[ 3][t 7][2026-09-09 22:34:36.872218846][transaction.cpp:2526][!collate(0,8000000000000000):1]	out_of_gas=false, accepted=true, success=true, time=0.000016s, cpu_time=0.000016[0m
[1;36m[ 3][t 7][2026-09-09 22:34:36.872293690][collator.cpp:4506][!collate(0,8000000000000000):1]	process newly-generated messages[0m
[1;36m[ 3][t 7][2026-09-09 22:34:36.872297430][collator.cpp:4511][!collate(0,8000000000000000):1]	Don't wait for new external messages[0m
[1;36m[ 3][t 7][2026-09-09 22:34:36.872300558][collator.cpp:2575][!collate(0,8000000000000000):1]	create tock transactions[0m
[1;36m[ 3][t 7][2026-09-09 22:34:36.872302802][collator.cpp:2580][!collate(0,8000000000000000):1]	enqueue newly-generated messages[0m
[1;36m[ 3][t 7][2026-09-09 22:34:36.872304680][collator.cpp:5778][!collate(0,8000000000000000):1]	final out_msg_queue size is 0[0m
[1;36m[ 3][t 7][2026-09-09 22:34:36.872306813][collator.cpp:5782][!collate(0,8000000000000000):1]	block load statistics: gas=1335 lt_delta=2 size_estimate=2799 collated_size_estimate=0[0m
[1;36m[ 3][t 7][2026-09-09 22:34:36.872309195][collator.cpp:5822][!collate(0,8000000000000000):1]	block is underloaded[0m
[1;36m[ 3][t 7][2026-09-09 22:34:36.872343393][collator.cpp:6155][!collate(0,8000000000000000):1]	creating Merkle update for the ShardState[0m
[1;36m[ 3][t 7][2026-09-09 22:34:36.872364779][collator.cpp:6168][!collate(0,8000000000000000):1]	updating block profile statistics[0m
[1;36m[ 3][t 7][2026-09-09 22:34:36.872368860][collator.cpp:6170][!collate(0,8000000000000000):1]	new ShardState and corresponding Merkle update created[0m
[1;36m[ 3][t 7][2026-09-09 22:34:36.872375578][collator.cpp:6410][!collate(0,8000000000000000):1]	Value flow: (value-flow from_prev_blk:1000000000000ng to_next_blk:999999986550ng imported:0ng exported:0ng fees_collected:13450ng fees_imported:0ng recovered:0ng created:0ng minted:0ng)[0m
[1;36m[ 3][t 7][2026-09-09 22:34:36.872392330][collator.cpp:6508][!collate(0,8000000000000000):1]	verifying new Block[0m
[1;36m[ 3][t 7][2026-09-09 22:34:36.872406073][collator.cpp:6513][!collate(0,8000000000000000):1]	new Block created[0m
[1;36m[ 3][t 7][2026-09-09 22:34:36.872418286][collator.cpp:6729][!collate(0,8000000000000000):1]	serializing new Block[0m
[1;36m[ 3][t 7][2026-09-09 22:34:36.872440498][collator.cpp:6760][!collate(0,8000000000000000):1]	serialized block size 1691 bytes (preliminary estimate was 2799)[0m
[1;36m[ 3][t 7][2026-09-09 22:34:36.872443787][collator.cpp:6763][!collate(0,8000000000000000):1]	size regression stats: 1691 15 5495 18 2 1 1[0m
[1;36m[ 3][t 7][2026-09-09 22:34:36.872445960][collator.cpp:6766][!collate(0,8000000000000000):1]	serialized collated data size 33 bytes (preliminary estimate was 0)[0m
[1;36m[ 3][t 7][2026-09-09 22:34:36.872453527][collator.cpp:6826][!collate(0,8000000000000000):1]	saving new BlockCandidate[0m
[1;33m[ 2][t 7][2026-09-09 22:34:36.874673400][collator.cpp:6865][!collate(0,8000000000000000):1]	sending new BlockCandidate to Promise[0m
[1;33m[ 2][t 7][2026-09-09 22:34:36.874678472][collator.cpp:6866][!collate(0,8000000000000000):1]	collation took 0.019457 s[0m
[1;33m[ 2][t 7][2026-09-09 22:34:36.874683366][collator.cpp:6867][!collate(0,8000000000000000):1]	{{
	{wait_block_state #0:145162.477328->145162.492427(0.015100)}
	{set_block_candidate:145162.494546->145162.496763(0.002217)}
	{do_collate:145162.493661->145162.494551(0.000890)}
	{neighbor_msg_queues:145162.493224->145162.493588(0.000363)}
	{get_top_masterchain_state_block:145162.492429->145162.492719(0.000290)}
	{wait_block_data #-1:145162.492724->145162.493006(0.000282)}
	{post_ext_processing:145162.494395->145162.494550(0.000155)}
	{get_storage_stat_cache:145162.477333->145162.477349(0.000016)[Error : 0 : not implemented]}
}[0m
[1;33m[ 2][t 7][2026-09-09 22:34:36.874697876][collator.cpp:6978][!collate(0,8000000000000000):1]	Collate query work time = 0.001090s, cpu time = 0.001088s[0m
[1;31m[ 1][t 1][2026-09-09 22:34:36.878256859][manager-disk.cpp:264][!manager]	created block [ w=0 s=9223372036854775808 seq=1 6ewvz9WUSM8PUkSiFI8wcMr6GXPrtITpHmNxkOuz5V0= fsR9jb0TW6U8BVO4oGwabsOdbnH8XSaUkY92xKVlYlE= ][0m
[1;33m[ 2][t 1][2026-09-09 22:34:36.878306014][validate-query.cpp:289][!fakevalidate(0,8000000000000000):1#0]	validate query for (0,8000000000000000,1):E9EC2FCFD59448CF0F5244A2148F3070CAFA1973EBB484E91E637190EBB3E55D:7EC47D8DBD135BA53C0553B8A06C1A6EC39D6E71FC5D2694918F76C4A5656251 started[0m
[1;33m[ 2][t 1][2026-09-09 22:34:36.878403550][validate-query.cpp:786][!fakevalidate(0,8000000000000000):1#0]	in ValidateQuery::after_get_latest_mc_state()[0m
[1;36m[ 3][t 1][2026-09-09 22:34:36.878417753][validate-query.cpp:884][!fakevalidate(0,8000000000000000):1#0]	after_get_storage_stat_cache : [Error : 0 : not implemented][0m
[1;33m[ 2][t 1][2026-09-09 22:34:36.878494579][validate-query.cpp:829][!fakevalidate(0,8000000000000000):1#0]	in ValidateQuery::after_get_mc_state() for (-1,8000000000000000,1):517F214CB8306A5DEA907411D316A9626D20D434FE83D6F844CE8F3C8487DA22:F548C4DF3654D8E0AEFB261CF59CE6B4AC3348CA9875F130F220A90770C75A8C[0m
[1;31m[ 1][t 1][2026-09-09 22:34:36.878562619][validate-query.cpp:1002][!fakevalidate(0,8000000000000000):1#0]	block version 16 have been enabled in global configuration, but we support only 15 (upgrade validator software?)[0m
[1;33m[ 2][t 1][2026-09-09 22:34:36.878922444][validate-query.cpp:904][!fakevalidate(0,8000000000000000):1#0]	in ValidateQuery::after_get_shard_state(0)[0m
[1;33m[ 2][t 1][2026-09-09 22:34:36.878932173][validate-query.cpp:786][!fakevalidate(0,8000000000000000):1#0]	in ValidateQuery::after_get_latest_mc_state()[0m
[1;33m[ 2][t 1][2026-09-09 22:34:36.878939316][validate-query.cpp:7761][!fakevalidate(0,8000000000000000):1#0]	try_validate stage 0[0m
[1;33m[ 2][t 1][2026-09-09 22:34:36.879109321][validate-query.cpp:1794][!fakevalidate(0,8000000000000000):1#0]	obtained outbound queue for neighbor #1 : (0,8000000000000000)[0m
[1;36m[ 3][t 1][2026-09-09 22:34:36.879119861][validate-query.cpp:1822][!fakevalidate(0,8000000000000000):1#0]	(
  hme_empty)
x{4_}[0m
[1;33m[ 2][t 1][2026-09-09 22:34:36.879134409][validate-query.cpp:1794][!fakevalidate(0,8000000000000000):1#0]	obtained outbound queue for neighbor #0 : (-1,8000000000000000)[0m
[1;36m[ 3][t 1][2026-09-09 22:34:36.879141612][validate-query.cpp:1822][!fakevalidate(0,8000000000000000):1#0]	(
  hme_empty)
x{4_}[0m
[1;36m[ 3][t 1][2026-09-09 22:34:36.879148282][validate-query.cpp:1845][!fakevalidate(0,8000000000000000):1#0]	all neighbor output queues fetched[0m
[1;33m[ 2][t 1][2026-09-09 22:34:36.879154404][validate-query.cpp:7801][!fakevalidate(0,8000000000000000):1#0]	try_validate stage 1[0m
[1;36m[ 3][t 1][2026-09-09 22:34:36.879158926][validate-query.cpp:7802][!fakevalidate(0,8000000000000000):1#0]	running automated validity checks for block candidate (0,8000000000000000,1):E9EC2FCFD59448CF0F5244A2148F3070CAFA1973EBB484E91E637190EBB3E55D:7EC47D8DBD135BA53C0553B8A06C1A6EC39D6E71FC5D2694918F76C4A5656251[0m
[1;36m[ 3][t 1][2026-09-09 22:34:36.879279193][validate-query.cpp:3200][!fakevalidate(0,8000000000000000):1#0]	pre-checking all Account updates between the old and the new state[0m
[1;36m[ 3][t 1][2026-09-09 22:34:36.879298451][validate-query.cpp:3393][!fakevalidate(0,8000000000000000):1#0]	pre-checking all AccountBlocks, and all transactions of all accounts[0m
[1;36m[ 3][t 1][2026-09-09 22:34:36.879332632][validate-query.cpp:3652][!fakevalidate(0,8000000000000000):1#0]	pre-checking the difference between the old and the new outbound message queues[0m
[1;36m[ 3][t 1][2026-09-09 22:34:36.879338902][validate-query.cpp:3673][!fakevalidate(0,8000000000000000):1#0]	outbound message queue size: 0 -> 0[0m
[1;36m[ 3][t 1][2026-09-09 22:34:36.879345186][validate-query.cpp:3816][!fakevalidate(0,8000000000000000):1#0]	checking the difference between the old and the new dispatch queues[0m
[1;36m[ 3][t 1][2026-09-09 22:34:36.879351559][validate-query.cpp:4574][!fakevalidate(0,8000000000000000):1#0]	checking inbound messages listed in InMsgDescr[0m
[1;36m[ 3][t 1][2026-09-09 22:34:36.879378750][validate-query.cpp:5247][!fakevalidate(0,8000000000000000):1#0]	checking outbound messages listed in OutMsgDescr[0m
[1;36m[ 3][t 1][2026-09-09 22:34:36.879387564][validate-query.cpp:5271][!fakevalidate(0,8000000000000000):1#0]	checking ProcessedInfo[0m
[1;36m[ 3][t 1][2026-09-09 22:34:36.879392314][validate-query.cpp:5308][!fakevalidate(0,8000000000000000):1#0]	ProcessedInfo claims to have processed all inbound messages up to (1000001,FFFFFFFFFFFFFFFFFFFFFFFFFFFFFFFFFFFFFFFFFFFFFFFFFFFFFFFFFFFFFFFF)[0m
[1;36m[ 3][t 1][2026-09-09 22:34:36.879409851][validate-query.cpp:6511][!fakevalidate(0,8000000000000000):1#0]	checking all transactions[0m
[1;36m[ 3][t 1][2026-09-09 22:34:36.879504055][transaction.cpp:2524][!fakevalidate(0,8000000000000000):1#0]	steps: 12 gas: used=1335, max=1000000, limit=1000000, credit=0[0m
[1;36m[ 3][t 1][2026-09-09 22:34:36.879511144][transaction.cpp:2526][!fakevalidate(0,8000000000000000):1#0]	out_of_gas=false, accepted=true, success=true, time=0.000027s, cpu_time=0.000027[0m
[1;33m[ 2][t 1][2026-09-09 22:34:36.879608751][validate-query.cpp:7920][!fakevalidate(0,8000000000000000):1#0]	try_validate stage 2[0m
[1;36m[ 3][t 1][2026-09-09 22:34:36.879638742][validate-query.cpp:6963][!fakevalidate(0,8000000000000000):1#0]	checking header of the new shardchain state[0m
[1;33m[ 2][t 6][2026-09-09 22:34:36.879758615][validate-query.cpp:8017][!fakevalidate(0,8000000000000000):1#0]	validation took 0.001464s[0m
[1;33m[ 2][t 6][2026-09-09 22:34:36.879771330][validate-query.cpp:8018][!fakevalidate(0,8000000000000000):1#0]	Validate query work time = 0.000670s, cpu time = 0.000669s[0m
[1;33m[ 2][t 6][2026-09-09 22:34:36.879777463][validate-query.cpp:8020][!fakevalidate(0,8000000000000000):1#0]	{{
	{wait_block_state #0:145162.500482->145162.501012(0.000530)}
	{wait_block_message_queue #0:145162.501111->145162.501224(0.000113)}
	{get_top_masterchain_state_block:145162.500407->145162.500493(0.000086)}
	{mc wait_block_state:145162.500505->145162.500584(0.000080)}
	{set_block_candidate:145162.501743->145162.501808(0.000064)}
	{get_top_masterchain_state_block:145162.500997->145162.501022(0.000025)}
	{get_storage_stat_cache:145162.500487->145162.500508(0.000020)[Error : 0 : not implemented]}
	{get_block_handle:145162.500486->145162.500504(0.000018)}
}[0m
[1;33m[ 2][t 6][2026-09-09 22:34:36.879806937][validate-query.cpp:269][!fakevalidate(0,8000000000000000):1#0]	validate query done[0m
[1;36m[ 3][t 1][2026-09-09 22:34:36.888011889][test-tos-collator.cpp:448][!manager]	Ignoring newly-generated ShardTopBlockDescr for (0,8000000000000000,1):E9EC2FCFD59448CF0F5244A2148F3070CAFA1973EBB484E91E637190EBB3E55D:7EC47D8DBD135BA53C0553B8A06C1A6EC39D6E71FC5D2694918F76C4A5656251[0m
[1;31m[ 1][t 1][2026-09-09 22:34:36.888042250][manager-disk.cpp:369][!manager]	success, block [ w=0 s=9223372036854775808 seq=1 6ewvz9WUSM8PUkSiFI8wcMr6GXPrtITpHmNxkOuz5V0= fsR9jb0TW6U8BVO4oGwabsOdbnH8XSaUkY92xKVlYlE= ] = (0,8000000000000000,1):E9EC2FCFD59448CF0F5244A2148F3070CAFA1973EBB484E91E637190EBB3E55D:7EC47D8DBD135BA53C0553B8A06C1A6EC39D6E71FC5D2694918F76C4A5656251 saved to disk[0m
