[ 4][t 0][2026-09-11 15:17:58.549573002][mc-config.cpp:572]	workchain description dictionary created
[ 4][t 0][2026-09-11 15:17:58.549812774][mc-config.cpp:2347]	unpacked info for workchain 0: basic=true, active=true, accept_msgs=true, min_split=0, max_split=0
[ 4][t 0][2026-09-11 15:17:58.549821457][mc-config.cpp:2347]	unpacked info for workchain 2: basic=true, active=true, accept_msgs=true, min_split=0, max_split=0
AUTHENTICATED_FLOOR state=250 base=2 units=1 floor=252 fee=251
[ 4][t 0][2026-09-11 15:17:58.550221109][transaction.cpp:621]	unpacking account 1111111111111111111111111111111111111111111111111111111111111111
[ 4][t 0][2026-09-11 15:17:58.550241851][transaction.cpp:454]	last_paid=0; cells=10 bits=3308
[ 4][t 0][2026-09-11 15:17:58.550251388][transaction.cpp:684]	end of Account.unpack() for 2:1111111111111111111111111111111111111111111111111111111111111111 (balance = 0ng ; last_trans_lt = 14000001..14000002)
[ 4][t 0][2026-09-11 15:17:58.550347030][transaction.cpp:621]	unpacking account 0000000000000000000000000000000000000000000000000000000000000000
[ 4][t 0][2026-09-11 15:17:58.550355221][transaction.cpp:454]	last_paid=0; cells=6 bits=966
[ 4][t 0][2026-09-11 15:17:58.550360765][transaction.cpp:684]	end of Account.unpack() for 2:0000000000000000000000000000000000000000000000000000000000000000 (balance = 21003000000ng ; last_trans_lt = 14000001..14000002)
[ 4][t 0][2026-09-11 15:17:58.550367207][transaction.cpp:621]	unpacking account FFFFFFFFFFFFFFFFFFFFFFFFFFFFFFFFFFFFFFFFFFFFFFFFFFFFFFFFFFFFFFFF
[ 4][t 0][2026-09-11 15:17:58.550375488][transaction.cpp:454]	last_paid=0; cells=3 bits=124
[ 4][t 0][2026-09-11 15:17:58.550380613][transaction.cpp:684]	end of Account.unpack() for 2:FFFFFFFFFFFFFFFFFFFFFFFFFFFFFFFFFFFFFFFFFFFFFFFFFFFFFFFFFFFFFFFF (balance = 1000000000ng ; last_trans_lt = 14000001..14000002)
KERNEL_MATCHING_PROOF_OK fee=251 units=3636
[ 4][t 0][2026-09-11 15:17:58.579193019][transaction.cpp:621]	unpacking account 0000000000000000000000000000000000000000000000000000000000000000
[ 4][t 0][2026-09-11 15:17:58.579220521][transaction.cpp:454]	last_paid=0; cells=6 bits=966
[ 4][t 0][2026-09-11 15:17:58.579229248][transaction.cpp:684]	end of Account.unpack() for 2:0000000000000000000000000000000000000000000000000000000000000000 (balance = 21003000000ng ; last_trans_lt = 0..14000002)
[ 4][t 0][2026-09-11 15:17:58.579254502][transaction.cpp:621]	unpacking account 1111111111111111111111111111111111111111111111111111111111111111
[ 4][t 0][2026-09-11 15:17:58.579261887][transaction.cpp:454]	last_paid=0; cells=10 bits=3308
[ 4][t 0][2026-09-11 15:17:58.579268235][transaction.cpp:684]	end of Account.unpack() for 2:1111111111111111111111111111111111111111111111111111111111111111 (balance = 0ng ; last_trans_lt = 0..14000002)
[ 4][t 0][2026-09-11 15:17:58.604840786][transaction.cpp:621]	unpacking account FFFFFFFFFFFFFFFFFFFFFFFFFFFFFFFFFFFFFFFFFFFFFFFFFFFFFFFFFFFFFFFF
[ 4][t 0][2026-09-11 15:17:58.604855379][transaction.cpp:454]	last_paid=0; cells=3 bits=124
[ 4][t 0][2026-09-11 15:17:58.604861338][transaction.cpp:684]	end of Account.unpack() for 2:FFFFFFFFFFFFFFFFFFFFFFFFFFFFFFFFFFFFFFFFFFFFFFFFFFFFFFFFFFFFFFFF (balance = 1000000000ng ; last_trans_lt = 0..14000002)
[ 4][t 0][2026-09-11 15:17:58.604880384][transaction.cpp:621]	unpacking account FFFFFFFFFFFFFFFFFFFFFFFFFFFFFFFFFFFFFFFFFFFFFFFFFFFFFFFFFFFFFFFF
[ 4][t 0][2026-09-11 15:17:58.604886414][transaction.cpp:454]	last_paid=0; cells=3 bits=124
[ 4][t 0][2026-09-11 15:17:58.604890641][transaction.cpp:684]	end of Account.unpack() for 2:FFFFFFFFFFFFFFFFFFFFFFFFFFFFFFFFFFFFFFFFFFFFFFFFFFFFFFFFFFFFFFFF (balance = 1000000000ng ; last_trans_lt = 0..14000002)
[ 4][t 0][2026-09-11 15:17:58.604920929][transaction.cpp:3554]	storage paid for a message: 0 cells, 0 bits
[ 4][t 0][2026-09-11 15:17:58.604924349][transaction.cpp:3558]	computed fwd fees = 100 + 0
[ 0][t 0][2026-09-11 15:17:58.605916311][probe.cpp:55]	Check `result.is_error()` failed
