[ 4][t 0][2026-09-11 15:15:51.531519824][mc-config.cpp:572]	workchain description dictionary created
[ 4][t 0][2026-09-11 15:15:51.531720642][mc-config.cpp:2347]	unpacked info for workchain 0: basic=true, active=true, accept_msgs=true, min_split=0, max_split=0
[ 4][t 0][2026-09-11 15:15:51.531729181][mc-config.cpp:2347]	unpacked info for workchain 2: basic=true, active=true, accept_msgs=true, min_split=0, max_split=0
AUTHENTICATED_FLOOR state=250 base=2 units=1 floor=252 fee=252
[ 4][t 0][2026-09-11 15:15:51.532107278][transaction.cpp:621]	unpacking account 1111111111111111111111111111111111111111111111111111111111111111
[ 4][t 0][2026-09-11 15:15:51.532125530][transaction.cpp:454]	last_paid=0; cells=10 bits=3308
[ 4][t 0][2026-09-11 15:15:51.532139720][transaction.cpp:684]	end of Account.unpack() for 2:1111111111111111111111111111111111111111111111111111111111111111 (balance = 0ng ; last_trans_lt = 14000001..14000002)
[ 4][t 0][2026-09-11 15:15:51.532233721][transaction.cpp:621]	unpacking account 0000000000000000000000000000000000000000000000000000000000000000
[ 4][t 0][2026-09-11 15:15:51.532241894][transaction.cpp:454]	last_paid=0; cells=6 bits=966
[ 4][t 0][2026-09-11 15:15:51.532247483][transaction.cpp:684]	end of Account.unpack() for 2:0000000000000000000000000000000000000000000000000000000000000000 (balance = 21003000000ng ; last_trans_lt = 14000001..14000002)
[ 4][t 0][2026-09-11 15:15:51.532254055][transaction.cpp:621]	unpacking account FFFFFFFFFFFFFFFFFFFFFFFFFFFFFFFFFFFFFFFFFFFFFFFFFFFFFFFFFFFFFFFF
[ 4][t 0][2026-09-11 15:15:51.532260747][transaction.cpp:454]	last_paid=0; cells=3 bits=124
[ 4][t 0][2026-09-11 15:15:51.532266082][transaction.cpp:684]	end of Account.unpack() for 2:FFFFFFFFFFFFFFFFFFFFFFFFFFFFFFFFFFFFFFFFFFFFFFFFFFFFFFFFFFFFFFFF (balance = 1000000000ng ; last_trans_lt = 14000001..14000002)
KERNEL_MATCHING_PROOF_OK fee=252 units=3636
[ 4][t 0][2026-09-11 15:15:51.560898879][transaction.cpp:621]	unpacking account 0000000000000000000000000000000000000000000000000000000000000000
[ 4][t 0][2026-09-11 15:15:51.560921290][transaction.cpp:454]	last_paid=0; cells=6 bits=966
[ 4][t 0][2026-09-11 15:15:51.560929743][transaction.cpp:684]	end of Account.unpack() for 2:0000000000000000000000000000000000000000000000000000000000000000 (balance = 21003000000ng ; last_trans_lt = 0..14000002)
[ 4][t 0][2026-09-11 15:15:51.560952705][transaction.cpp:621]	unpacking account 1111111111111111111111111111111111111111111111111111111111111111
[ 4][t 0][2026-09-11 15:15:51.560960115][transaction.cpp:454]	last_paid=0; cells=10 bits=3308
[ 4][t 0][2026-09-11 15:15:51.560965291][transaction.cpp:684]	end of Account.unpack() for 2:1111111111111111111111111111111111111111111111111111111111111111 (balance = 0ng ; last_trans_lt = 0..14000002)
[ 4][t 0][2026-09-11 15:15:51.586545985][transaction.cpp:621]	unpacking account FFFFFFFFFFFFFFFFFFFFFFFFFFFFFFFFFFFFFFFFFFFFFFFFFFFFFFFFFFFFFFFF
[ 4][t 0][2026-09-11 15:15:51.586558735][transaction.cpp:454]	last_paid=0; cells=3 bits=124
[ 4][t 0][2026-09-11 15:15:51.586564726][transaction.cpp:684]	end of Account.unpack() for 2:FFFFFFFFFFFFFFFFFFFFFFFFFFFFFFFFFFFFFFFFFFFFFFFFFFFFFFFFFFFFFFFF (balance = 1000000000ng ; last_trans_lt = 0..14000002)
[ 4][t 0][2026-09-11 15:15:51.586583692][transaction.cpp:621]	unpacking account FFFFFFFFFFFFFFFFFFFFFFFFFFFFFFFFFFFFFFFFFFFFFFFFFFFFFFFFFFFFFFFF
[ 4][t 0][2026-09-11 15:15:51.586589488][transaction.cpp:454]	last_paid=0; cells=3 bits=124
[ 4][t 0][2026-09-11 15:15:51.586593839][transaction.cpp:684]	end of Account.unpack() for 2:FFFFFFFFFFFFFFFFFFFFFFFFFFFFFFFFFFFFFFFFFFFFFFFFFFFFFFFFFFFFFFFF (balance = 1000000000ng ; last_trans_lt = 0..14000002)
[ 4][t 0][2026-09-11 15:15:51.586625558][transaction.cpp:3554]	storage paid for a message: 0 cells, 0 bits
[ 4][t 0][2026-09-11 15:15:51.586628878][transaction.cpp:3558]	computed fwd fees = 100 + 0
FEE_ADMISSION_EXACT_FLOOR_ACCEPTED effects produced
