Running test Test_WithdrawalCodec_RecordRoundtripAndPaidOutwardFee...
PASS in 218.2us
Running test Test_WithdrawalCodec_IdentitiesDoNotUseFutureLt...
PASS in 10.5us
Running test Test_WithdrawalCodec_ExactInputAndCheckedSum...
PASS in 51.3us
Running test Test_WithdrawalCodec_SpecialRootsAndDescendantsReject...
PASS in 16.3us
Running test Test_WithdrawalCodec_CanonicalContextBindsAllComponents...
D78_HOST_CONTEXT_BYTES=566
PASS in 30.4us
Running test Test_WithdrawalCodec_ControlCountUniquenessAndClosure...
PASS in 133.4us
Running test Test_SystemOrigin_ThreeMembersRequireSequenceAndRoundtrip...
PASS in 2094.7us
Running test Test_WithdrawalAccount_AuthenticatedEnvelopeAndCombinedPending...
PASS in 938.9us
Running test Test_SystemOrigin_IdenticalSweepAttributionUsesDistinctIssuedSequences...
PASS in 584.5us
Running test Test_WithdrawalCodec_D78RejectsPrelockTagsAndKeepsFeeSeparate...
PASS in 107.3us
Running test Test_WithdrawalCodec_D78CurrentVectorsRemainExact...
PASS in 43.7us
11 test(s) passed
