[1/65] Checking the git repository for changes...
[2/65] Building CXX object CMakeFiles/git.dir/git.cc.o
[3/65] Linking CXX static library libgit.a
[4/65] Linking CXX executable crypto/func
[5/65] Compile FunC stdlib TVM v6 fee primitive coverage
[6/65] Linking CXX executable crypto/fift
[7/65] Generate $HOME/tos-node-health-c01-build/crypto/smartcont/auto/restricted-wallet-code.fif
[8/65] Generate $HOME/tos-node-health-c01-build/crypto/smartcont/auto/session-wallet-code.fif
[9/65] Generate $HOME/tos-node-health-c01-build/crypto/smartcont/auto/simple-wallet-code.fif
[10/65] Generate $HOME/tos-node-health-c01-build/crypto/smartcont/auto/wallet-code.fif
[11/65] Generate $HOME/tos-node-health-c01-build/crypto/smartcont/auto/wallet3-code.fif
[12/65] Generate $HOME/tos-node-health-c01-build/crypto/smartcont/auto/highload-wallet-code.fif
[13/65] Generate $HOME/tos-node-health-c01-build/crypto/smartcont/auto/highload-wallet-v2-code.fif
[14/65] Generate $HOME/tos-node-health-c01-build/crypto/smartcont/auto/wallet-v4-code.fif
[15/65] Generate $HOME/tos-node-health-c01-build/crypto/smartcont/auto/restricted-wallet2-code.fif
[16/65] Generate $HOME/tos-node-health-c01-build/crypto/smartcont/auto/wallet-v5-code.fif
[17/65] Generate $HOME/tos-node-health-c01-build/crypto/smartcont/auto/multisig-code.fif
[18/65] Generate $HOME/tos-node-health-c01-build/crypto/smartcont/auto/wallet-code.cpp
[19/65] Generate $HOME/tos-node-health-c01-build/crypto/smartcont/auto/restricted-wallet-code.cpp
[20/65] Generate $HOME/tos-node-health-c01-build/crypto/smartcont/auto/simple-wallet-code.cpp
[21/65] Generate $HOME/tos-node-health-c01-build/crypto/smartcont/auto/wallet3-code.cpp
[22/65] Generate $HOME/tos-node-health-c01-build/crypto/smartcont/auto/highload-wallet-code.cpp
[23/65] Generate $HOME/tos-node-health-c01-build/crypto/smartcont/auto/wallet-v4-code.cpp
[24/65] Generate $HOME/tos-node-health-c01-build/crypto/smartcont/auto/highload-wallet-v2-code.cpp
[25/65] Generate $HOME/tos-node-health-c01-build/crypto/smartcont/auto/restricted-wallet2-code.cpp
[26/65] Generate $HOME/tos-node-health-c01-build/crypto/smartcont/auto/restricted-wallet3-code.fif
[27/65] Generate $HOME/tos-node-health-c01-build/crypto/smartcont/auto/multisig-code.cpp
[28/65] Generate $HOME/tos-node-health-c01-build/crypto/smartcont/auto/wallet-v5-code.cpp
[29/65] Generate $HOME/tos-node-health-c01-build/crypto/smartcont/auto/task-escrow-code.fif
[30/65] Generate $HOME/tos-node-health-c01-build/crypto/smartcont/auto/dns-manual-code.fif
[31/65] Generate $HOME/tos-node-health-c01-build/crypto/smartcont/auto/pow-testgiver-code.fif
[32/65] Generate $HOME/tos-node-health-c01-build/crypto/smartcont/auto/simple-wallet-ext-code.fif
[33/65] Generate $HOME/tos-node-health-c01-build/crypto/smartcont/auto/session-wallet-code.cpp
[34/65] Generate $HOME/tos-node-health-c01-build/crypto/smartcont/auto/payment-channel-code.fif
[35/65] Generate $HOME/tos-node-health-c01-build/crypto/smartcont/auto/restricted-wallet3-code.cpp
[36/65] Generate $HOME/tos-node-health-c01-build/crypto/smartcont/auto/config-code.fif
[37/65] Generate $HOME/tos-node-health-c01-build/crypto/smartcont/auto/task-escrow-code.cpp
[38/65] Generate $HOME/tos-node-health-c01-build/crypto/smartcont/auto/dns-auto-code.fif
[39/65] Generate $HOME/tos-node-health-c01-build/crypto/smartcont/auto/simple-wallet-ext-code.cpp
[40/65] Generate $HOME/tos-node-health-c01-build/crypto/smartcont/auto/dns-manual-code.cpp
[41/65] Generate $HOME/tos-node-health-c01-build/crypto/smartcont/auto/pow-testgiver-code.cpp
[42/65] Generate $HOME/tos-node-health-c01-build/crypto/smartcont/auto/agent-account-code.fif
[43/65] Generate $HOME/tos-node-health-c01-build/crypto/smartcont/auto/payment-channel-code.cpp
[44/65] Generate $HOME/tos-node-health-c01-build/crypto/smartcont/auto/dns-auto-code.cpp
[45/65] Generate $HOME/tos-node-health-c01-build/crypto/smartcont/auto/config-code.cpp
[46/65] Generate $HOME/tos-node-health-c01-build/crypto/smartcont/auto/elector-code.fif
[47/65] Generate $HOME/tos-node-health-c01-build/crypto/smartcont/auto/agent-account-code.cpp
[48/65] Generate $HOME/tos-node-health-c01-build/crypto/smartcont/auto/elector-code.cpp
[49/65] Generate $HOME/tos-node-health-c01-build/crypto/smartcont/auto/prediction-market-code.fif
[50/65] Generate $HOME/tos-node-health-c01-build/crypto/smartcont/auto/prediction-market-code.cpp
[51/65] Verify and embed the frozen TOS Service Protocol stablecoin escrow v1 BOC
NOTE: escrow v1 is deprecated (superseded by v2); this build exists only to verify the frozen historical artifact.
NOTE: escrow v1 is deprecated (superseded by v2); this build exists only to verify the frozen historical artifact.
[52/65] Verify and embed the frozen TOS Service Protocol stablecoin escrow v2 BOC
[53/65] Verify and embed the frozen TOS Native Service Registry BOC
[54/65] Building CXX object CMakeFiles/test-health-publisher-bench.dir/test/test-health-publisher-bench.cpp.o
[55/65] Building CXX object quic/CMakeFiles/quic.dir/quic-sender.cpp.o
[56/65] Building CXX object crypto/CMakeFiles/smc-envelope.dir/smc-envelope/SmartContractCode.cpp.o
[57/65] Building CXX object validator-engine/CMakeFiles/validator-engine.dir/validator-engine.cpp.o
[58/65] Linking CXX static library crypto/libsmc-envelope.a
[59/65] Linking CXX static library quic/libquic.a
[60/65] Linking CXX executable test-health-core-registry
[61/65] Linking CXX executable test-health-collector-completion
[62/65] Linking CXX executable test-health-collector-timestamps
[63/65] Linking CXX executable test-health-publisher-bench
[64/65] Linking CXX executable test-health-native-snapshot
[65/65] Linking CXX executable validator-engine/validator-engine
EXIT=0
