[1/176] Checking the git repository for changes...
[2/122] Building CXX object CMakeFiles/test-health-native-snapshot.dir/test/test-health-native-snapshot.cpp.o
[3/122] Building CXX object CMakeFiles/test-health-collector-completion.dir/test/test-health-collector-completion.cpp.o
[4/122] Building CXX object overlay/CMakeFiles/overlay.dir/broadcast-simple.cpp.o
[5/122] Building CXX object CMakeFiles/test-health-core-registry.dir/test/test-health-core-registry.cpp.o
[6/122] Building CXX object overlay/CMakeFiles/overlay.dir/broadcast-fec.cpp.o
[7/122] Building CXX object overlay/CMakeFiles/overlay.dir/broadcast-twostep.cpp.o
[8/122] Building CXX object overlay/CMakeFiles/overlay.dir/overlay-peers.cpp.o
[9/122] Building CXX object CMakeFiles/test-health-publisher-bench.dir/test/test-health-publisher-bench.cpp.o
[10/122] Building CXX object validator/CMakeFiles/validator.dir/collation-manager.cpp.o
[11/122] Building CXX object CMakeFiles/test-health-collector-timestamps.dir/test/test-health-collector-timestamps.cpp.o
[12/122] Building CXX object validator/CMakeFiles/validator-db.dir/db/archiver.cpp.o
[13/122] Building CXX object overlay/CMakeFiles/overlay.dir/overlay-manager.cpp.o
[14/122] Building CXX object overlay/CMakeFiles/overlay.dir/broadcast-plumtree.cpp.o
[15/122] Building CXX object metrics/CMakeFiles/metrics.dir/metrics-collectors.cpp.o
[16/122] Building CXX object crypto/CMakeFiles/tos_db.dir/vm/db/DynamicBagOfCellsDbV2.cpp.o
[17/122] Linking CXX static library crypto/libtos_db.a
[18/122] Building CXX object metrics/CMakeFiles/metrics.dir/prometheus-exporter.cpp.o
[19/122] Building CXX object http/CMakeFiles/toshttp.dir/http-inbound-connection.cpp.o
[20/122] Building CXX object overlay/CMakeFiles/overlay.dir/overlay.cpp.o
[21/122] Linking CXX static library overlay/liboverlay.a
[22/122] Building CXX object validator/CMakeFiles/validator-db.dir/db/archive-slice.cpp.o
[23/122] Building CXX object http/CMakeFiles/toshttp.dir/http-server.cpp.o
[24/122] Linking CXX static library http/libtoshttp.a
[25/122] Linking CXX static library metrics/libmetrics.a
[26/122] Linking CXX executable test-health-native-snapshot
[27/122] Building CXX object validator/CMakeFiles/full-node.dir/full-node-custom-overlays.cpp.o
[28/122] Linking CXX executable test-health-core-registry
[29/122] Linking CXX executable test-health-collector-completion
[30/122] Linking CXX executable test-health-collector-timestamps
[31/122] Linking CXX executable test-health-publisher-bench
[32/122] Building CXX object validator/CMakeFiles/validator-db.dir/db/archive-manager.cpp.o
[33/122] Building CXX object validator/CMakeFiles/validator-db.dir/db/rootdb.cpp.o
[34/122] Building CXX object validator/CMakeFiles/validator-db.dir/db/celldb.cpp.o
[35/122] Building CXX object validator/CMakeFiles/validator-common.dir/downloaders/wait-block-state-merge.cpp.o
[36/122] Building CXX object quic/CMakeFiles/quic.dir/quic-sender.cpp.o
[37/122] Building CXX object validator/CMakeFiles/validator-db.dir/db/statedb.cpp.o
[38/122] Building CXX object validator/CMakeFiles/validator-common.dir/block-handle.cpp.o
[39/122] Building CXX object validator/CMakeFiles/validator-common.dir/validator-options.cpp.o
[40/122] Building CXX object validator-engine/CMakeFiles/validator-engine.dir/json-rpc-server-send.cpp.o
[41/122] Building CXX object validator/CMakeFiles/validator-common.dir/apply-block.cpp.o
[42/122] Building CXX object validator/CMakeFiles/validator-common.dir/downloaders/wait-block-state.cpp.o
[43/122] Building CXX object validator/CMakeFiles/validator-common.dir/queue-size-counter.cpp.o
[44/122] Building CXX object validator/CMakeFiles/validator.dir/collator-node/collator-node-session.cpp.o
[45/122] Building CXX object validator/CMakeFiles/validator-common.dir/downloaders/download-state.cpp.o
[46/122] Building CXX object validator/CMakeFiles/validator.dir/downloaders/wait-block-data.cpp.o
[47/122] Building CXX object validator/CMakeFiles/validator.dir/collator-node/collator-node.cpp.o
[48/122] Building CXX object validator/CMakeFiles/validator-common.dir/manager-init.cpp.o
[49/122] Building CXX object validator/CMakeFiles/validator.dir/get-next-key-blocks.cpp.o
[50/122] Building CXX object validator/CMakeFiles/validator-common.dir/shard-client.cpp.o
[51/122] Building CXX object validator/CMakeFiles/validator.dir/import-db-slice.cpp.o
[52/122] Building CXX object validator/CMakeFiles/validator.dir/token-manager.cpp.o
[53/122] Building CXX object validator/CMakeFiles/validator.dir/validator-telemetry.cpp.o
[54/122] Building CXX object validator/CMakeFiles/validator.dir/validate-broadcast.cpp.o
[55/122] Building CXX object validator/CMakeFiles/validator.dir/storage-stat-cache.cpp.o
[56/122] Building CXX object validator/CMakeFiles/validator.dir/import-db-slice-local.cpp.o
[57/122] Building CXX object validator/CMakeFiles/validator.dir/state-serializer.cpp.o
[58/122] Building CXX object validator/CMakeFiles/validator.dir/impl/applied-ext-message-cleanup.cpp.o
[59/122] Building CXX object validator/CMakeFiles/validator.dir/shard-block-verifier.cpp.o
[60/122] Building CXX object validator/CMakeFiles/validator.dir/consensus/simplex/bus.cpp.o
[61/122] Building CXX object validator/CMakeFiles/validator.dir/shard-block-retainer.cpp.o
[62/122] Building CXX object validator/CMakeFiles/validator.dir/consensus/simplex/collator-schedule.cpp.o
[63/122] Building CXX object validator/CMakeFiles/validator.dir/consensus/simplex/certificate.cpp.o
[64/122] Building CXX object validator/CMakeFiles/validator.dir/consensus/simplex/candidate-resolver.cpp.o
[65/122] Building CXX object validator/CMakeFiles/validator.dir/consensus/simplex/metric-collector.cpp.o
[66/122] Building CXX object validator/CMakeFiles/validator.dir/consensus/simplex/db.cpp.o
[67/122] Building CXX object validator/CMakeFiles/validator.dir/consensus/simplex/consensus.cpp.o
[68/122] Building CXX object validator/CMakeFiles/validator.dir/consensus/simplex/votes.cpp.o
[69/122] Building CXX object validator/CMakeFiles/validator.dir/consensus/block-accepter.cpp.o
[70/122] Building CXX object validator/CMakeFiles/validator.dir/consensus/block-validator.cpp.o
[71/122] Building CXX object validator/CMakeFiles/validator.dir/consensus/misbehavior-reporter.cpp.o
[72/122] Building CXX object validator/CMakeFiles/validator.dir/consensus/block-producer.cpp.o
[73/122] Building CXX object validator/CMakeFiles/validator.dir/consensus/block-sync-overlay.cpp.o
[74/122] Building CXX object validator/CMakeFiles/validator.dir/consensus/simplex/state-resolver.cpp.o
[75/122] Building CXX object validator/CMakeFiles/validator.dir/consensus/chain-state.cpp.o
[76/122] Building CXX object validator/CMakeFiles/validator.dir/consensus/simplex/pool.cpp.o
[77/122] Building CXX object validator/CMakeFiles/validator.dir/consensus/bus.cpp.o
[78/122] Building CXX object validator/CMakeFiles/validator.dir/consensus/trace-collector.cpp.o
[79/122] Building CXX object validator/CMakeFiles/validator.dir/consensus/types.cpp.o
[80/122] Building CXX object validator/CMakeFiles/validator.dir/consensus/utils.cpp.o
[81/122] Building CXX object validator/CMakeFiles/validator.dir/consensus/private-overlay.cpp.o
[82/122] Building CXX object validator/CMakeFiles/validator.dir/consensus/bridge.cpp.o
[83/122] Building CXX object validator/CMakeFiles/full-node.dir/net/download-archive-slice.cpp.o
[84/122] Building CXX object validator/CMakeFiles/full-node.dir/full-node-serializer.cpp.o
[85/122] Building CXX object validator/CMakeFiles/full-node.dir/net/download-block-new.cpp.o
[86/122] Building CXX object validator/CMakeFiles/full-node.dir/net/download-next-blocks.cpp.o
[87/122] Building CXX object validator/CMakeFiles/full-node.dir/net/download-proof.cpp.o
[88/122] Building CXX object validator/CMakeFiles/full-node.dir/full-node.cpp.o
[89/122] Building CXX object validator/CMakeFiles/full-node.dir/net/download-state.cpp.o
[90/122] Building CXX object validator/CMakeFiles/full-node.dir/net/get-next-key-blocks.cpp.o
[91/122] Building CXX object validator/impl/CMakeFiles/tos_validator.dir/check-proof.cpp.o
[92/122] Building CXX object validator/CMakeFiles/full-node.dir/full-node-master.cpp.o
[93/122] Building CXX object validator/CMakeFiles/full-node.dir/full-node-fast-sync-overlays.cpp.o
[94/122] Building CXX object validator/impl/CMakeFiles/tos_validator.dir/external-message.cpp.o
[95/122] Building CXX object validator/impl/CMakeFiles/tos_validator.dir/accept-block.cpp.o
[96/122] Building CXX object validator/CMakeFiles/full-node.dir/full-node-shard.cpp.o
[97/122] Linking CXX static library validator/libfull-node.a
[98/122] Building CXX object validator/impl/CMakeFiles/tos_validator.dir/ext-message-checker.cpp.o
[99/122] Building CXX object validator/impl/CMakeFiles/tos_validator.dir/ext-message-pool.cpp.o
[100/122] Building CXX object validator/CMakeFiles/validator.dir/manager.cpp.o
[101/122] Building CXX object validator/impl/CMakeFiles/tos_validator.dir/fabric.cpp.o
[102/122] Building CXX object validator-engine/CMakeFiles/validator-engine.dir/json-rpc-server-blocks.cpp.o
[103/122] Building CXX object validator/impl/CMakeFiles/tos_validator.dir/out-msg-queue-proof.cpp.o
[104/122] Linking CXX static library quic/libquic.a
[105/122] Building CXX object validator/impl/CMakeFiles/tos_validator.dir/top-shard-descr.cpp.o
[106/122] Building CXX object validator-engine/CMakeFiles/validator-engine.dir/json-rpc-server-accounts.cpp.o
[107/122] Building CXX object validator/impl/CMakeFiles/tos_validator.dir/collator.cpp.o
[108/122] Building CXX object validator-engine/CMakeFiles/validator-engine.dir/json-rpc-server-transactions.cpp.o
[109/122] Building CXX object validator-engine/CMakeFiles/validator-engine.dir/json-rpc-server.cpp.o
[110/122] Building CXX object validator-engine/CMakeFiles/validator-engine.dir/json-rpc-server-runmethod.cpp.o
[111/122] Building CXX object validator-engine/CMakeFiles/validator-engine.dir/json-rpc-server-token.cpp.o
[112/122] Building CXX object validator-engine/CMakeFiles/validator-engine.dir/json-rpc-server-shared.cpp.o
[113/122] Building CXX object validator-engine/CMakeFiles/validator-engine.dir/json-rpc-server-utils.cpp.o
[114/122] Building CXX object validator-engine/CMakeFiles/validator-engine.dir/json-rpc-server-account-capability.cpp.o
[115/122] Building CXX object validator/impl/CMakeFiles/tos_validator.dir/liteserver.cpp.o
[116/122] Building CXX object validator-engine/CMakeFiles/validator-engine.dir/json-rpc-server-config.cpp.o
[117/122] Building CXX object validator-engine/CMakeFiles/validator-engine.dir/json-rpc-server-wc0index.cpp.o
[118/122] Building CXX object validator/impl/CMakeFiles/tos_validator.dir/validate-query.cpp.o
[119/122] Linking CXX static library validator/impl/libtos_validator.a
[120/122] Linking CXX static library validator/libvalidator.a
[121/122] Building CXX object validator-engine/CMakeFiles/validator-engine.dir/validator-engine.cpp.o
[122/122] Linking CXX executable validator-engine/validator-engine
EXIT=0
