Running test Test_WorkchainBlock_CoordinatorStateLayout...
PASS in 311.7us
Running test Test_WorkchainBlock_CoordinatorStateExactFraming...
PASS in 26.2us
Running test Test_WorkchainBlock_ResourcePolicyWire...
PASS in 41.8us
Running test Test_WorkchainBlock_EngineConfigurationFraming...
PASS in 48.7us
Running test Test_WorkchainBlock_EngineConfigurationAcceptedCadence...
PASS in 21.1us
Running test Test_WorkchainBlock_BatchPolicyVersionIdentityAgreement...
PASS in 2689.0ns
Running test Test_WorkchainBlock_BatchProfileUnsupportedNodeProbe...
PASS in 1232.0ns
Running test Test_WorkchainBlock_ClaimedFeeOuterFraming...
PASS in 18.1us
Running test Test_WorkchainBlock_ClaimedFeeShortNativeFraming...
PASS in 4606.0ns
Running test Test_WorkchainBlock_ClaimedFeeSpecialNativeFraming...
PASS in 4878.0ns
Running test Test_WorkchainBlock_ClaimedFeeUnknownNativeFraming...
PASS in 5027.0ns
Running test Test_WorkchainBlock_ResourcePolicyRejectsSpecialBeforeDecoder...
PASS in 1480.0ns
Running test Test_WorkchainBlock_ResourcePolicyEncodedSpecialCells...
PASS in 41.6us
Running test Test_WorkchainBlock_ResourcePolicyMalformedClosure...
PASS in 24.0us
Running test Test_WorkchainBlock_BounceValueIsolation...
PASS in 88.3us
Running test Test_WorkchainBlock_PayoutPrincipalAndFees...
PASS in 25.8us
Running test Test_WorkchainBlock_NativeAccountValueFlow...
PASS in 36.9us
Running test Test_WorkchainBlock_ParticipantRecordBinding...
PASS in 14.2us
Running test Test_WorkchainBlock_HostIdentityBinding...
PASS in 47.3us
Running test Test_WorkchainBlock_AdmittedIdentityAgreement...
PASS in 21.1us
Running test Test_WorkchainBlock_AccountDeclarationsCodec...
PASS in 43.3us
Running test Test_WorkchainBlock_AccountDeclarationsMalformed...
PASS in 18.9us
Running test Test_WorkchainBlock_AccountAccessBinding...
PASS in 20.1us
Running test Test_WorkchainBlock_AccountAccessExactCoverage...
PASS in 6615.0ns
Running test Test_WorkchainBlock_ParticipantLtPlan...
PASS in 3294.0ns
Running test Test_WorkchainBlock_ParticipantLtExhaustion...
PASS in 1910.0ns
Running test Test_WorkchainBlock_ResourcePolicyLocalLoadFailure...
PASS in 149.7us
Running test Test_WorkchainBlock_CoordinatorStateLocalLoadFailure...
PASS in 40.5us
Running test Test_WorkchainBlock_ScopedStateReadObserver...
PASS in 81.7us
Running test Test_WorkchainBlock_StateReadRefusalLeavesProofUnchanged...
PASS in 30.8us
Running test Test_WorkchainBlock_StateReadMeterProofTracking...
PASS in 188.9us
Running test Test_WorkchainBlock_CounterConfigurationEnvelope...
PASS in 64.1us
Running test Test_WorkchainBlock_AccountDictionaryChanges...
PASS in 143.7us
Running test Test_WorkchainBlock_AccountDictionaryBinding...
PASS in 15.6us
Running test Test_WorkchainBlock_BatchInputUnionExactBounds...
PASS in 47.5us
Running test Test_WorkchainBlock_BatchInputRootCountPrecedesAcquisition...
PASS in 1814.0ns
Running test Test_WorkchainBlock_DeclarationShapeCountsSharedSubtreesWithoutExpansion...
PASS in 25.1ms
Running test Test_WorkchainBlock_BatchInputNativeSpecialAndFailureProvenance...
PASS in 138.5us
Running test Test_WorkchainBlock_BatchInputHostMismatchAndCorruptInbox...
PASS in 20.4us
Running test Test_WorkchainBlock_BatchInputDeclarationSemanticsAndProvenance...
PASS in 82.3us
Running test Test_WorkchainBlock_DeclarationSingleLeafZeroAllowance...
PASS in 3249.0ns
Running test Test_WorkchainBlock_BatchInputDeclarationCacheBindsRemainingWidth...
PASS in 41.1us
Running test Test_WorkchainBlock_BoundedInboxCountBeforeWorkspace...
PASS in 321.9us
Running test Test_WorkchainBlock_BoundedInboxStructureMatchesNativeDictionary...
PASS in 4858.7us
Running test Test_WorkchainBlock_BoundedInboxUniformPrefixLabels...
PASS in 9072.5us
Running test Test_WorkchainBlock_BoundedInboxStopsBeforeSemanticDecode...
PASS in 196.1us
Running test Test_WorkchainBlock_NativeDisposalPlan...
PASS in 289.2us
Running test Test_WorkchainBlock_NativeBounceMessage...
PASS in 44.2us
Running test Test_WorkchainBlock_NativeBounceStorage...
PASS in 12.1us
Running test Test_WorkchainBlock_NativeBounceStorageCaller...
PASS in 109.7us
Running test Test_WorkchainBlock_NativeBounceBody...
PASS in 258.9us
Running test Test_WorkchainBlock_NativeInboxPlan...
PASS in 99.1us
Running test Test_WorkchainBlock_NativeTransferEffects...
PASS in 52.4us
Running test Test_WorkchainBlock_NativeAllocation...
PASS in 164.9us
Running test Test_WorkchainBlock_BatchNativeAllocation...
PASS in 155.7us
Running test Test_WorkchainBlock_MessagePricesDefaultInitialization...
PASS in 1186.0ns
Running test Test_WorkchainBlock_DisposalFixturePricesOverwritePriorState...
PASS in 1159.0ns
Running test Test_WorkchainBlock_AggregateFeeSettlement...
PASS in 1413.6us
Running test Test_WorkchainBlock_NativeDisposalEntry...
PASS in 35.4ms
Running test Test_WorkchainBlock_NativeCoordinatorEntry...
PASS in 2352.0us
Running test Test_WorkchainBlock_MeteredAccountLookupProof...
PASS in 108.6us
Running test Test_WorkchainBlock_AccountReplacementStateDependencies...
PASS in 247.5us
Running test Test_WorkchainBlock_AccountEngineExecution...
PASS in 16.2ms
Running test Test_WorkchainBlock_HostInputCommitment...
PASS in 132.6us
Running test Test_WorkchainBlock_ExtractExecutorFromShardState...
PASS in 143.3us
Running test Test_WorkchainBlock_CounterReplay...
PASS in 33.6us
Running test Test_WorkchainBlock_CounterPayloadSurvivesBatchReplay...
PASS in 96.9ms
Running test Test_WorkchainBlock_StorageParticipantNativeWrapper...
PASS in 116.4us
Running test Test_WorkchainBlock_StorageOverlayNativeCommit...
PASS in 248.8us
Running test Test_WorkchainBlock_ReplayStorageCachePreservesValidation...
PASS in 3784.7us
Running test Test_WorkchainBlock_CanonicalInboundList...
PASS in 103.5us
Running test Test_WorkchainBlock_InboundCommitmentAndMembership...
PASS in 178.8us
Running test Test_WorkchainBlock_ExecutorWitnessEncoding...
PASS in 39.4us
Running test Test_WorkchainBlock_BatchAccountCommitAndReload...
PASS in 994.6us
Running test Test_WorkchainBlock_ResolvedBatchStaging...
PASS in 150.6us
Running test Test_WorkchainBlock_StorageFixtureDictionaryContracts...
PASS in 10.1us
Running test Test_WorkchainBlock_FixtureDictionaryReachesNativeAccountLimit...
PASS in 3067.6ms
Running test Test_WorkchainBlock_BatchExecutorCellBudgetIncludesFullWrapper...
PASS in 58.0ms
Running test Test_WorkchainBlock_BatchPreparationRejectsUnsettledState...
PASS in 65.1us
Running test Test_WorkchainBlock_NativePayoutPair...
PASS in 1477.8us
Running test Test_WorkchainBlock_NativePayoutPricing...
PASS in 271.0us
Running test Test_WorkchainBlock_BatchNativeMessageSettlement...
PASS in 253.4us
Running test Test_WorkchainBlock_BatchCommitmentReplay...
PASS in 30.8us
Running test Test_WorkchainBlock_NativeQueueViewIsBoundToInput...
PASS in 11.3us
Running test Test_WorkchainBlock_UnmatchedBatchInputDoesNotInvokeEngine...
PASS in 18.0us
Running test Test_WorkchainBlock_BatchCommitmentRejectsEffectMutations...
PASS in 71.2us
Running test Test_WorkchainBlock_BatchDescriptionParsersAndScope...
PASS in 7548.0ns
Running test Test_WorkchainBlock_RejectMalformedBatchDescription...
PASS in 2438.0ns
Running test Test_WorkchainBlock_ScopeClassifiesEveryConstructorPrefix...
PASS in 4784.0ns
Running test Test_WorkchainBlock_RetiredBatchDescriptorRejected...
PASS in 7287.0ns
Running test Test_WorkchainBlock_BatchTimeFollowsEveryInputAndLeavesEndSpace...
PASS in 31.7us
Running test Test_WorkchainBlock_MissingImportEnumeratorIsLocalFailure...
PASS in 1154.0ns
Running test Test_WorkchainBlock_ImportEnumeratorStateFaultIsLocalFailure...
PASS in 4361.0ns
Running test Test_WorkchainBlock_InboxReconstructedFromNativeImports...
PASS in 8142.8us
Running test Test_WorkchainBlock_NativeBatchCreditIsAtomicAndReplayable...
PASS in 228.5us
Running test Test_WorkchainBlock_AccountEmulatorRejectsBatchTransaction...
PASS in 4182.0ns
Running test Test_WorkchainBlock_ResultWireRoundTrip...
PASS in 34.2us
Running test Test_WorkchainBlock_RejectNonCanonicalResultWire...
PASS in 25.2us
Running test Test_WorkchainBlock_RejectEveryResultMutation...
PASS in 45.5us
Running test Test_WorkchainBlock_RejectOverflowAndMissingContext...
PASS in 20.6us
Running test Test_WorkchainBlock_CollationCandidateScope...
PASS in 1392.0ns
Running test Test_WorkchainBlock_InputPreflightUnionAndExactLimits...
PASS in 4541.0ns
Running test Test_WorkchainBlock_InputPreflightStopsBeforeOverLimitLoad...
PASS in 2224.0ns
Running test Test_WorkchainBlock_InputPreflightDeepSharedGraph...
PASS in 889.1us
Running test Test_WorkchainBlock_InputPreflightUnavailableAndSpecial...
PASS in 2403.0ns
Running test Test_WorkchainBlock_EngineSpecialInputClassification...
PASS in 65.1us
Running test Test_WorkchainBlock_EngineExceptionIsNotCandidateInvalid...
PASS in 49.4us
Running test Test_WorkchainBlock_RegistryScopeIsolation...
PASS in 46.0us
Running test Test_WorkchainBlock_IngressProtocolScopeDoesNotDependOnRegistry...
PASS in 712.0ns
Running test Test_WorkchainBlock_DeclaredScopePreventsLocalComputeFallback...
PASS in 8817.0ns
Running test Test_WorkchainBlock_RegistryRequiresConsensusActivation...
PASS in 23.1us
Running test Test_WorkchainBlock_PublicIngressPolicyCodecAndDescriptorBinding...
PASS in 11.0us
Running test Test_WorkchainBlock_PublicIngressRequiresStandardWorkchainRange...
PASS in 3040.0ns
Running test Test_WorkchainBlock_DualNativeIngressCodecAndVersion...
PASS in 21.9us
Running test Test_WorkchainBlock_MultiAccountAdmissionVersionInstallation...
PASS in 305.4us
Running test Test_WorkchainBlock_AccountRegistryReplayConnectivity...
PASS in 659.2us
Running test Test_WorkchainBlock_MultiAccountRegistryBinding...
PASS in 415.8us
Running test Test_WorkchainBlock_PublicIngressTableCanonicalKeys...
PASS in 17.5us
Running test Test_WorkchainBlock_NativeDestinationRouting...
PASS in 10.2us
Running test Test_WorkchainBlock_NativeSenderEnforcesPublicExecutorAddress...
PASS in 169.1us
Running test Test_WorkchainBlock_ActivatedHostWithoutIngressPolicyIsIdle...
PASS in 5517.0ns
Running test Test_WorkchainBlock_NativeIngressParameterPresenceRequiresActivation...
PASS in 11.5us
Running test Test_WorkchainBlock_ResolvedBlockResourcePolicy...
PASS in 90.7us
Running test Test_WorkchainBlock_ReceiverRequiresMatchingPublicIngressPolicy...
PASS in 35.9us
Running test Test_WorkchainBlock_SenderResolvesIngressWithoutForeignEngine...
PASS in 37.7us
Running test Test_WorkchainBlock_ScopedWorkchainConfigurationResolution...
PASS in 5374.0ns
126 test(s) passed
