Script started on 2026-09-29 14:15:36+00:00 [<not executed on terminal>]
   Compiling proc-macro2 v1.0.107
   Compiling quote v1.0.47
   Compiling unicode-ident v1.0.26
   Compiling libc v0.2.189
   Compiling syn v3.0.6
   Compiling stable_deref_trait v1.2.1
   Compiling once_cell v1.21.4
   Compiling bytes v1.12.1
   Compiling synstructure v0.14.0
   Compiling zerovec-derive v0.11.6
   Compiling zerofrom-derive v0.1.8
   Compiling yoke-derive v0.8.3
   Compiling zerofrom v0.1.8
   Compiling shlex v2.0.1
   Compiling find-msvc-tools v0.1.14
   Compiling itoa v1.0.18
   Compiling version_check v0.9.5
   Compiling pin-project-lite v0.2.17
   Compiling yoke v0.8.3
   Compiling cc v1.5.1
   Compiling zerovec v0.11.8
   Compiling displaydoc v0.2.7
   Compiling cfg-if v1.0.5
   Compiling futures-core v0.3.34
   Compiling smallvec v1.16.2
   Compiling errno v0.3.14
   Compiling tinystr v0.8.4
   Compiling signal-hook-registry v1.4.8
   Compiling tokio-macros v2.7.2
   Compiling mio v1.2.3
   Compiling socket2 v0.6.5
   Compiling serde_core v1.0.229
   Compiling litemap v0.8.3
   Compiling writeable v0.6.4
   Compiling tokio v1.53.1
   Compiling icu_locale_core v2.3.0
   Compiling zerotrie v0.2.5
   Compiling potential_utf v0.1.6
   Compiling http v1.5.0
   Compiling icu_properties_data v2.3.0
   Compiling utf8_iter v1.0.4
   Compiling icu_normalizer_data v2.3.0
   Compiling percent-encoding v2.3.2
   Compiling icu_collections v2.3.0
   Compiling http-body v1.1.0
   Compiling icu_provider v2.3.1
   Compiling ring v0.17.14
   Compiling tracing-core v0.1.36
   Compiling log v0.4.34
   Compiling tracing v0.1.44
   Compiling generic-array v0.14.7
   Compiling futures-task v0.3.34
   Compiling httparse v1.10.1
   Compiling serde v1.0.229
   Compiling tower-service v0.3.3
   Compiling slab v0.4.12
   Compiling zeroize v1.9.0
   Compiling futures-util v0.3.34
   Compiling rustls-pki-types v1.15.1
   Compiling icu_normalizer v2.3.0
   Compiling icu_properties v2.3.0
   Compiling form_urlencoded v1.2.2
   Compiling getrandom v0.2.17
   Compiling serde_derive v1.0.229
   Compiling untrusted v0.9.0
   Compiling typenum v1.20.1
   Compiling zmij v1.0.23
   Compiling zerocopy v0.8.59
   Compiling try-lock v0.2.5
   Compiling want v0.3.1
   Compiling idna_adapter v1.2.2
   Compiling futures-channel v0.3.34
   Compiling sync_wrapper v1.0.2
   Compiling ahash v0.8.12
   Compiling rustls v0.23.45
   Compiling autocfg v1.5.1
   Compiling tower-layer v0.3.3
   Compiling serde_json v1.0.151
   Compiling atomic-waker v1.1.2
   Compiling httpdate v1.0.3
   Compiling num-traits v0.2.19
   Compiling hyper v1.11.1
   Compiling idna v1.1.0
   Compiling rustls-webpki v0.103.15
   Compiling subtle v2.6.1
   Compiling pkg-config v0.3.34
   Compiling vcpkg v0.2.15
   Compiling memchr v2.8.3
   Compiling base64 v0.23.1
   Compiling ipnet v2.12.2
   Compiling hyper-util v0.1.21
   Compiling libsqlite3-sys v0.30.1
   Compiling url v2.5.8
   Compiling tower v0.5.3
   Compiling crypto-common v0.1.7
   Compiling block-buffer v0.10.4
   Compiling http-body-util v0.1.5
   Compiling bitflags v2.13.2
   Compiling ryu v1.0.23
   Compiling digest v0.10.7
   Compiling serde_urlencoded v0.7.1
   Compiling tokio-rustls v0.26.6
   Compiling hashbrown v0.14.5
   Compiling webpki-roots v1.0.9
   Compiling iana-time-zone v0.1.65
   Compiling cpufeatures v0.2.17
   Compiling mime v0.3.17
   Compiling futures-sink v0.3.34
   Compiling axum-core v0.5.6
   Compiling tokio-util v0.7.19
   Compiling sha2 v0.10.9
   Compiling chrono v0.4.45
   Compiling hyper-rustls v0.27.10
   Compiling hashlink v0.9.1
   Compiling tower-http v0.6.11
   Compiling serde_path_to_error v0.1.20
   Compiling matchit v0.8.4
   Compiling base64 v0.22.1
   Compiling fallible-iterator v0.3.0
   Compiling fallible-streaming-iterator v0.1.9
   Compiling reqwest v0.12.28
   Compiling rusqlite v0.32.1
   Compiling axum v0.8.9
   Compiling tos-health-core v0.1.0 (/home/tomi/tos-node-health-c05-mutation/tools/node-health-monitor/crates/health-core)
   Compiling tos-health-services v0.1.0 (/home/tomi/tos-node-health-c05-mutation/tools/node-health-monitor/crates/health-services)
    Finished `test` profile [unoptimized + debuginfo] target(s) in 33.89s
     Running tests/witness_archive.rs (target/debug/deps/witness_archive-fafe8d2194926f95)

running 1 test

thread 'synthetic_valid_clock_current_route_qualifies_context_without_proof' (1536697) panicked at crates/health-services/tests/witness_archive.rs:358:5:
assertion `left == right` failed: same-generation replay cannot recreate the forgotten first M age witness
  left: String("qualified")
 right: "unknown"
note: run with `RUST_BACKTRACE=1` environment variable to display a backtrace
test synthetic_valid_clock_current_route_qualifies_context_without_proof ... FAILED

failures:

failures:
    synthetic_valid_clock_current_route_qualifies_context_without_proof

test result: FAILED. 0 passed; 1 failed; 0 ignored; 0 measured; 8 filtered out; finished in 0.04s

error: test failed, to rerun pass `-p tos-health-services --test witness_archive`

Script done on 2026-09-29 14:16:10+00:00 [COMMAND_EXIT_CODE="101"]
