Running test Test_WorkchainBlock_CoordinatorStateLayout...
PASS in 214.2us
Running test Test_WorkchainBlock_CoordinatorStateExactFraming...
PASS in 23.9us
Running test Test_WorkchainBlock_ResourcePolicyWire...
PASS in 31.5us
Running test Test_WorkchainBlock_EngineConfigurationFraming...
PASS in 33.9us
Running test Test_WorkchainBlock_BatchPolicyVersionIdentityAgreement...
PASS in 1830.0ns
Running test Test_WorkchainBlock_BatchProfileUnsupportedNodeProbe...
PASS in 999.0ns
Running test Test_WorkchainBlock_ClaimedFeeOuterFraming...
PASS in 19.4us
Running test Test_WorkchainBlock_ClaimedFeeShortNativeFraming...
PASS in 5161.0ns
Running test Test_WorkchainBlock_ClaimedFeeSpecialNativeFraming...
PASS in 5088.0ns
Running test Test_WorkchainBlock_ClaimedFeeUnknownNativeFraming...
PASS in 4926.0ns
Running test Test_WorkchainBlock_ResourcePolicyRejectsSpecialBeforeDecoder...
PASS in 1376.0ns
Running test Test_WorkchainBlock_ResourcePolicyEncodedSpecialCells...
PASS in 40.6us
Running test Test_WorkchainBlock_ResourcePolicyMalformedClosure...
PASS in 23.2us
Running test Test_WorkchainBlock_BounceValueIsolation...
PASS in 59.1us
Running test Test_WorkchainBlock_PayoutPrincipalAndFees...
PASS in 26.3us
Running test Test_WorkchainBlock_NativeAccountValueFlow...
PASS in 26.7us
Running test Test_WorkchainBlock_ParticipantRecordBinding...
PASS in 18.1us
Running test Test_WorkchainBlock_HostIdentityBinding...
PASS in 44.3us
Running test Test_WorkchainBlock_AdmittedIdentityAgreement...
PASS in 19.3us
Running test Test_WorkchainBlock_AccountDeclarationsCodec...
PASS in 30.2us
Running test Test_WorkchainBlock_AccountDeclarationsMalformed...
PASS in 17.7us
Running test Test_WorkchainBlock_AccountAccessBinding...
PASS in 14.1us
Running test Test_WorkchainBlock_AccountAccessExactCoverage...
PASS in 11.5us
Running test Test_WorkchainBlock_ParticipantLtPlan...
PASS in 2453.0ns
Running test Test_WorkchainBlock_ParticipantLtExhaustion...
PASS in 1974.0ns
Running test Test_WorkchainBlock_ResourcePolicyLocalLoadFailure...
PASS in 108.6us
Running test Test_WorkchainBlock_CoordinatorStateLocalLoadFailure...
PASS in 39.1us
Running test Test_WorkchainBlock_ScopedStateReadObserver...
PASS in 58.4us
Running test Test_WorkchainBlock_StateReadRefusalLeavesProofUnchanged...
PASS in 30.4us
Running test Test_WorkchainBlock_StateReadMeterProofTracking...
PASS in 178.9us
Running test Test_WorkchainBlock_AccountDictionaryChanges...
PASS in 155.0us
Running test Test_WorkchainBlock_AccountDictionaryBinding...
PASS in 15.2us
Running test Test_WorkchainBlock_BatchInputUnionExactBounds...
PASS in 43.7us
Running test Test_WorkchainBlock_BatchInputRootCountPrecedesAcquisition...
PASS in 1541.0ns
Running test Test_WorkchainBlock_DeclarationShapeCountsSharedSubtreesWithoutExpansion...
PASS in 24.4ms
Running test Test_WorkchainBlock_BatchInputNativeSpecialAndFailureProvenance...
PASS in 123.4us
Running test Test_WorkchainBlock_BatchInputHostMismatchAndCorruptInbox...
PASS in 20.2us
Running test Test_WorkchainBlock_BatchInputDeclarationSemanticsAndProvenance...
PASS in 90.4us
Running test Test_WorkchainBlock_DeclarationSingleLeafZeroAllowance...
PASS in 3061.0ns
Running test Test_WorkchainBlock_BatchInputDeclarationCacheBindsRemainingWidth...
PASS in 39.7us
Running test Test_WorkchainBlock_BoundedInboxCountBeforeWorkspace...
PASS in 272.5us
Running test Test_WorkchainBlock_BoundedInboxStructureMatchesNativeDictionary...
PASS in 4811.2us
Running test Test_WorkchainBlock_BoundedInboxUniformPrefixLabels...
PASS in 8793.4us
Running test Test_WorkchainBlock_BoundedInboxStopsBeforeSemanticDecode...
PASS in 189.1us
Running test Test_WorkchainBlock_NativeDisposalPlan...
PASS in 255.3us
Running test Test_WorkchainBlock_NativeBounceMessage...
PASS in 42.0us
Running test Test_WorkchainBlock_NativeBounceStorage...
PASS in 5623.0ns
Running test Test_WorkchainBlock_NativeBounceStorageCaller...
PASS in 107.1us
Running test Test_WorkchainBlock_NativeBounceBody...
PASS in 263.5us
Running test Test_WorkchainBlock_NativeInboxPlan...
PASS in 87.5us
Running test Test_WorkchainBlock_NativeTransferEffects...
PASS in 54.4us
Running test Test_WorkchainBlock_NativeAllocation...
PASS in 145.8us
Running test Test_WorkchainBlock_BatchNativeAllocation...
PASS in 152.1us
Running test Test_WorkchainBlock_MessagePricesDefaultInitialization...
PASS in 421.0ns
Running test Test_WorkchainBlock_DisposalFixturePricesOverwritePriorState...
PASS in 743.0ns
Running test Test_WorkchainBlock_AggregateFeeSettlement...
PASS in 1325.8us
Running test Test_WorkchainBlock_NativeDisposalEntry...
PASS in 35.4ms
Running test Test_WorkchainBlock_NativeCoordinatorEntry...
PASS in 2339.1us
Running test Test_WorkchainBlock_MeteredAccountLookupProof...
PASS in 98.0us
Running test Test_WorkchainBlock_AccountReplacementStateDependencies...
PASS in 252.7us
Running test Test_WorkchainBlock_AccountEngineExecution...
PASS in 16.1ms
Running test Test_WorkchainBlock_HostInputCommitment...
PASS in 130.5us
Running test Test_WorkchainBlock_ExtractExecutorFromShardState...
PASS in 132.6us
Running test Test_WorkchainBlock_CounterReplay...
PASS in 32.7us
Running test Test_WorkchainBlock_CounterPayloadSurvivesBatchReplay...
PASS in 90.2ms
Running test Test_WorkchainBlock_StorageParticipantNativeWrapper...
PASS in 113.7us
Running test Test_WorkchainBlock_StorageOverlayNativeCommit...
PASS in 254.6us
Running test Test_WorkchainBlock_ReplayStorageCachePreservesValidation...
PASS in 3741.6us
Running test Test_WorkchainBlock_CanonicalInboundList...
PASS in 103.8us
Running test Test_WorkchainBlock_InboundCommitmentAndMembership...
PASS in 184.4us
Running test Test_WorkchainBlock_ExecutorWitnessEncoding...
PASS in 39.6us
Running test Test_WorkchainBlock_BatchAccountCommitAndReload...
PASS in 993.4us
Running test Test_WorkchainBlock_ResolvedBatchStaging...
PASS in 144.1us
Running test Test_WorkchainBlock_StorageFixtureDictionaryContracts...
PASS in 9835.0ns
Running test Test_WorkchainBlock_FixtureDictionaryReachesNativeAccountLimit...
PASS in 2729.9ms
Running test Test_WorkchainBlock_BatchExecutorCellBudgetIncludesFullWrapper...
PASS in 57.9ms
Running test Test_WorkchainBlock_BatchPreparationRejectsUnsettledState...
PASS in 64.4us
Running test Test_WorkchainBlock_NativePayoutPair...
PASS in 1068.3us
Running test Test_WorkchainBlock_NativePayoutPricing...
PASS in 249.1us
Running test Test_WorkchainBlock_BatchNativeMessageSettlement...
PASS in 689.9us
Running test Test_WorkchainBlock_BatchCommitmentReplay...
PASS in 34.2us
Running test Test_WorkchainBlock_NativeQueueViewIsBoundToInput...
PASS in 11.8us
Running test Test_WorkchainBlock_UnmatchedBatchInputDoesNotInvokeEngine...
PASS in 19.1us
Running test Test_WorkchainBlock_BatchCommitmentRejectsEffectMutations...
PASS in 75.3us
Running test Test_WorkchainBlock_BatchDescriptionParsersAndScope...
PASS in 8734.0ns
Running test Test_WorkchainBlock_RejectMalformedBatchDescription...
PASS in 2458.0ns
Running test Test_WorkchainBlock_ScopeClassifiesEveryConstructorPrefix...
PASS in 4687.0ns
Running test Test_WorkchainBlock_RetiredBatchDescriptorRejected...
PASS in 8184.0ns
Running test Test_WorkchainBlock_BatchTimeFollowsEveryInputAndLeavesEndSpace...
PASS in 34.0us
Running test Test_WorkchainBlock_MissingImportEnumeratorIsLocalFailure...
PASS in 879.0ns
Running test Test_WorkchainBlock_ImportEnumeratorStateFaultIsLocalFailure...
PASS in 7956.0ns
Running test Test_WorkchainBlock_InboxReconstructedFromNativeImports...
PASS in 8367.3us
Running test Test_WorkchainBlock_NativeBatchCreditIsAtomicAndReplayable...
PASS in 225.7us
Running test Test_WorkchainBlock_AccountEmulatorRejectsBatchTransaction...
PASS in 4137.0ns
Running test Test_WorkchainBlock_ResultWireRoundTrip...
PASS in 35.2us
Running test Test_WorkchainBlock_RejectNonCanonicalResultWire...
PASS in 24.7us
Running test Test_WorkchainBlock_RejectEveryResultMutation...
PASS in 45.1us
Running test Test_WorkchainBlock_RejectOverflowAndMissingContext...
PASS in 20.6us
Running test Test_WorkchainBlock_CollationCandidateScope...
PASS in 1258.0ns
Running test Test_WorkchainBlock_InputPreflightUnionAndExactLimits...
PASS in 4518.0ns
Running test Test_WorkchainBlock_InputPreflightStopsBeforeOverLimitLoad...
PASS in 2219.0ns
Running test Test_WorkchainBlock_InputPreflightDeepSharedGraph...
PASS in 888.8us
Running test Test_WorkchainBlock_InputPreflightUnavailableAndSpecial...
PASS in 2422.0ns
Running test Test_WorkchainBlock_EngineSpecialInputClassification...
PASS in 64.0us
Running test Test_WorkchainBlock_EngineExceptionIsNotCandidateInvalid...
PASS in 51.3us
Running test Test_WorkchainBlock_RegistryScopeIsolation...
PASS in 37.5us
Running test Test_WorkchainBlock_IngressProtocolScopeDoesNotDependOnRegistry...
PASS in 723.0ns
Running test Test_WorkchainBlock_DeclaredScopePreventsLocalComputeFallback...
PASS in 6322.0ns
Running test Test_WorkchainBlock_RegistryRequiresConsensusActivation...
PASS in 15.4us
Running test Test_WorkchainBlock_PublicIngressPolicyCodecAndDescriptorBinding...
PASS in 7848.0ns
Running test Test_WorkchainBlock_PublicIngressRequiresStandardWorkchainRange...
PASS in 3128.0ns
Running test Test_WorkchainBlock_DualNativeIngressCodecAndVersion...
PASS in 25.3us
Running test Test_WorkchainBlock_MultiAccountAdmissionVersionInstallation...
PASS in 305.2us
Running test Test_WorkchainBlock_AccountRegistryReplayConnectivity...
PASS in 664.4us
Running test Test_WorkchainBlock_MultiAccountRegistryBinding...
PASS in 407.4us
Running test Test_WorkchainBlock_PublicIngressTableCanonicalKeys...
PASS in 17.3us
Running test Test_WorkchainBlock_NativeDestinationRouting...
PASS in 10.7us
Running test Test_WorkchainBlock_NativeSenderEnforcesPublicExecutorAddress...
PASS in 172.9us
Running test Test_WorkchainBlock_ActivatedHostWithoutIngressPolicyIsIdle...
PASS in 5505.0ns
Running test Test_WorkchainBlock_NativeIngressParameterPresenceRequiresActivation...
PASS in 11.6us
Running test Test_WorkchainBlock_ResolvedBlockResourcePolicy...
PASS in 83.2us
Running test Test_WorkchainBlock_ReceiverRequiresMatchingPublicIngressPolicy...
PASS in 28.0us
Running test Test_WorkchainBlock_SenderResolvesIngressWithoutForeignEngine...
PASS in 37.1us
Running test Test_WorkchainBlock_ScopedWorkchainConfigurationResolution...
PASS in 4104.0ns
124 test(s) passed
