Internal ctest changing into directory: /tmp/uno-publication-build
Test project /tmp/uno-publication-build
    Start 19: test-counter-account-binding-readiness
1/6 Test #19: test-counter-account-binding-readiness ............***Failed    0.26 sec
-- Counter fixture active; retained if interrupted: /tmp/uno-publication-build/counter-integration-b7c2294d2a25
CMake Error at /home/tomi/tos-m2/test/test-counter-disk-integration.cmake:171 (message):
  bootstrap: exit 2, expected 0; see
  /tmp/uno-publication-build/counter-integration-b7c2294d2a25/bootstrap.log
Call Stack (most recent call first):
  /home/tomi/tos-m2/test/test-counter-disk-integration.cmake:212 (run_node)



CMake Error at /home/tomi/tos-m2/test/counter-fixture-lifecycle.cmake:58 (message):
  Counter fixture FAILED (1); retained for inspection:
  /tmp/uno-publication-build/counter-integration-b7c2294d2a25
Call Stack (most recent call first):
  /home/tomi/tos-m2/test/test-counter-disk-integration.cmake:3 (counter_run_fixture)



    Start 25: test-counter-activation-missing_capability
2/6 Test #25: test-counter-activation-missing_capability ........***Failed    0.26 sec
-- Counter fixture active; retained if interrupted: /tmp/uno-publication-build/counter-integration-c3e2be613a54
CMake Error at /home/tomi/tos-m2/test/test-counter-disk-integration.cmake:171 (message):
  bootstrap: exit 2, expected 0; see
  /tmp/uno-publication-build/counter-integration-c3e2be613a54/bootstrap.log
Call Stack (most recent call first):
  /home/tomi/tos-m2/test/test-counter-disk-integration.cmake:212 (run_node)



CMake Error at /home/tomi/tos-m2/test/counter-fixture-lifecycle.cmake:58 (message):
  Counter fixture FAILED (1); retained for inspection:
  /tmp/uno-publication-build/counter-integration-c3e2be613a54
Call Stack (most recent call first):
  /home/tomi/tos-m2/test/test-counter-disk-integration.cmake:3 (counter_run_fixture)



    Start 26: test-counter-config-presence-missing_capability
3/6 Test #26: test-counter-config-presence-missing_capability ...   Passed    0.15 sec
    Start 27: test-counter-activation-old_version
4/6 Test #27: test-counter-activation-old_version ...............***Failed    0.26 sec
-- Counter fixture active; retained if interrupted: /tmp/uno-publication-build/counter-integration-f75a2b0e2280
CMake Error at /home/tomi/tos-m2/test/test-counter-disk-integration.cmake:171 (message):
  bootstrap: exit 2, expected 0; see
  /tmp/uno-publication-build/counter-integration-f75a2b0e2280/bootstrap.log
Call Stack (most recent call first):
  /home/tomi/tos-m2/test/test-counter-disk-integration.cmake:212 (run_node)



CMake Error at /home/tomi/tos-m2/test/counter-fixture-lifecycle.cmake:58 (message):
  Counter fixture FAILED (1); retained for inspection:
  /tmp/uno-publication-build/counter-integration-f75a2b0e2280
Call Stack (most recent call first):
  /home/tomi/tos-m2/test/test-counter-disk-integration.cmake:3 (counter_run_fixture)



    Start 28: test-counter-config-presence-old_version
5/6 Test #28: test-counter-config-presence-old_version ..........   Passed    0.15 sec
    Start 29: test-counter-config-binding
6/6 Test #29: test-counter-config-binding .......................   Passed    0.15 sec

50% tests passed, 3 tests failed out of 6

Total Test time (real) =   1.24 sec

The following tests FAILED:
	 19 - test-counter-account-binding-readiness (Failed)
	 25 - test-counter-activation-missing_capability (Failed)
	 27 - test-counter-activation-old_version (Failed)
