[0/1] Re-running CMake...
-- Use openssl: /tmp/uno-publication-build/third-party/openssl/lib/libcrypto.a
-- CMAKE_BUILD_TYPE is set to Release
-- Could NOT find uring (missing: uring_LIBRARIES uring_INCLUDE_DIR) 
-- Enabling RTTI in all builds
-- ROCKSDB_PLUGINS: 
-- ROCKSDB PLUGINS TO BUILD 
-- JNI library is disabled
-- Could NOT find Libev (missing: LIBEV_LIBRARY LIBEV_INCLUDE_DIR) (Required is at least version "4.11")
-- Could NOT find Libnghttp3 (missing: LIBNGHTTP3_LIBRARY LIBNGHTTP3_INCLUDE_DIR) (Required is at least version "1.14.0")
-- Could NOT find Libbrotlienc (missing: LIBBROTLIENC_LIBRARY LIBBROTLIENC_INCLUDE_DIR) (Required is at least version "1.0.9")
-- Could NOT find Libbrotlidec (missing: LIBBROTLIDEC_LIBRARY LIBBROTLIDEC_INCLUDE_DIR) (Required is at least version "1.0.9")
-- summary of build options:

    Package version: 1.22.0
    Library version: 24:0:8
    Install prefix:  /usr
    Target system:   Linux
    Compiler:
      Build type:     Release
      C compiler:     /usr/bin/clang
      CFLAGS:         -O3  
      C++ compiler:   /usr/bin/clang++
      CXXFLAGS:       -O3  
      WARNCFLAGS:       -Wextra -Wall -Wconversion -Winline -Wmissing-declarations -Wmissing-prototypes -Wnested-externs -Wpointer-arith -Wshadow -Wundef -Wwrite-strings -Waddress -Wattributes -Wcast-align -Wdeclaration-after-statement -Wdiv-by-zero -Wempty-body -Wendif-labels -Wfloat-equal -Wformat-nonliteral -Wformat-security -Wmissing-field-initializers -Wmissing-noreturn -Wno-format-nonliteral -Wredundant-decls -Wsign-conversion -Wstrict-prototypes -Wunreachable-code -Wunused-macros -Wunused-parameter -Wvla -Wshorten-64-to-32 -Wlanguage-extension-token -Wpragmas -Wunreachable-code-break -Wheader-guard -Wsometimes-uninitialized -Wmissing-variable-declarations
      WARNCXXFLAGS:     -Wall -Wformat-security -Wno-extern-c-compat -Wsometimes-uninitialized -Wno-noexcept-type
    Library:
      Shared:         ON
      Static:         ON
    Test:
      Build Test:     OFF
    Libs:
      OpenSSL:        TRUE (LIBS='/tmp/uno-publication-build/third-party/openssl/lib/libssl.a;/tmp/uno-publication-build/third-party/openssl/lib/libcrypto.a;dl')
      Libev:          FALSE (LIBS='')
      Libnghttp3:     FALSE (LIBS='')
      GnuTLS:         FALSE (LIBS='')
      BoringSSL:      FALSE (LIBS='')
      Picotls:        FALSE (LIBS='')
      wolfSSL:        FALSE (LIBS='')
      Jemalloc:        (LIBS='')
      Libbrotlienc:   FALSE (LIBS='')
      Libbrotlidec:   FALSE (LIBS='')

-- Use Secp256k1: /tmp/uno-publication-build/third-party/secp256k1/lib/libsecp256k1.a
-- Building libbacktrace from: /home/tomi/tos-m2/third-party/libbacktrace
-- Using preconfigured zlib: /tmp/uno-publication-build/third-party/zlib/lib/libz.a
-- Using ccache
-- Using zlib /tmp/uno-publication-build/third-party/zlib/lib/libz.a
-- Found ZLIB: /tmp/uno-publication-build/third-party/zlib/include /tmp/uno-publication-build/third-party/zlib/lib/libz.a
-- Using libbacktrace for enhanced stack traces
-- Found LZ4 /tmp/uno-publication-build/third-party/lz4/lib/liblz4.a /home/tomi/tos-m2/third-party/lz4/lib
-- Checking for module 'benchmark'
--   No package 'benchmark' found
-- Google Benchmark not found via pkg-config - gbench-coro target disabled
-- Found Readline: /usr/include /usr/lib/x86_64-linux-gnu/libreadline.so
-- Using Sodium /tmp/uno-publication-build/third-party/sodium/lib/libsodium.a
-- Configuring done
-- Generating done
-- Build files have been written to: /tmp/uno-publication-build
[1/60] Checking the git repository for changes...
[2/5] Building CXX object CMakeFiles/test-tos-collator.dir/test/test-tos-collator.cpp.o
[3/5] Linking CXX executable test-tos-collator
[4/5] Building CXX object CMakeFiles/test-workchain-block.dir/crypto/test/test-workchain-block.cpp.o
[5/5] Linking CXX executable test-workchain-block
