Internal ctest changing into directory: /tmp/uno-publication-build
Test project /tmp/uno-publication-build
        Start  98: test-workchain-handwritten-tags
        Start  90: test-db
        Start  47: test-tdutils
        Start  37: test-vm
        Start  52: test-adnl
        Start  36: test-bigint
        Start  48: test-toslib-offline
        Start  46: test-tdactor
  1/128 Test  #98: test-workchain-handwritten-tags ..................................   Passed    0.07 sec
        Start   4: test-workchain-proof-operation-trace
  2/128 Test  #46: test-tdactor .....................................................   Passed   16.80 sec
        Start  53: test-dht
  3/128 Test   #4: test-workchain-proof-operation-trace .............................   Passed   18.41 sec
        Start  35: test-ed25519
  4/128 Test  #48: test-toslib-offline ..............................................   Passed   18.77 sec
        Start  51: test-tol
  5/128 Test  #51: test-tol .........................................................***Failed    0.04 sec
Found 669 tests
Running test 1/669: a-tests.tol
  Error compiling tol: tol exit_code = 2
  stderr:
Failed to discover Tol stdlib.
Probably, you have a non-standard Tol installation.
Please, provide env variable TOL_STDLIB referencing to tol-stdlib/ folder.

        Start  44: test-smartcont
  6/128 Test  #52: test-adnl ........................................................   Passed   26.62 sec
        Start 125: test-consensus-simplex2-empty-chain-restart
  7/128 Test  #53: test-dht .........................................................   Passed   11.33 sec
        Start 124: test-consensus-simplex2-state-resolver-catch-up
  8/128 Test  #36: test-bigint ......................................................   Passed   28.30 sec
        Start 114: test-consensus-simplex2-manager-ingress-adversarial
  9/128 Test  #44: test-smartcont ...................................................   Passed   10.38 sec
        Start 113: test-consensus-simplex2-adaptive-byzantine
 10/128 Test  #35: test-ed25519 .....................................................   Passed   12.15 sec
        Start  96: test-coro
 11/128 Test #114: test-consensus-simplex2-manager-ingress-adversarial ..............   Passed    7.04 sec
        Start  92: test-uno-crypto-rust
 12/128 Test #125: test-consensus-simplex2-empty-chain-restart ......................   Passed    9.45 sec
        Start  59: test-download-state-budget
 13/128 Test #124: test-consensus-simplex2-state-resolver-catch-up ..................   Passed    8.03 sec
        Start 112: test-consensus-simplex2-relay-loop
 14/128 Test  #96: test-coro ........................................................   Passed    5.64 sec
        Start 111: test-consensus-simplex2-malicious-observer
 15/128 Test #113: test-consensus-simplex2-adaptive-byzantine .......................   Passed    7.03 sec
        Start 110: test-consensus-simplex2-partition
 16/128 Test  #37: test-vm ..........................................................   Passed   38.94 sec
        Start 126: test-consensus-simplex2-query-abuse
 17/128 Test  #92: test-uno-crypto-rust .............................................   Passed    4.22 sec
        Start 109: test-consensus-simplex2-restart
 18/128 Test  #59: test-download-state-budget .......................................   Passed    5.14 sec
        Start  38: test-fift
 19/128 Test #112: test-consensus-simplex2-relay-loop ...............................   Passed    5.14 sec
        Start  54: test-rldp2
 20/128 Test #111: test-consensus-simplex2-malicious-observer .......................   Passed    5.13 sec
        Start 108: test-consensus-simplex2-loss
 21/128 Test #110: test-consensus-simplex2-partition ................................   Passed    5.13 sec
        Start  95: test-uno-crypto-header-guard
 22/128 Test #126: test-consensus-simplex2-query-abuse ..............................   Passed    5.13 sec
        Start  40: test-workchain-block
 23/128 Test #109: test-consensus-simplex2-restart ..................................   Passed    5.07 sec
        Start  15: plumtree-graph-sim-fec-stress
 24/128 Test  #95: test-uno-crypto-header-guard .....................................   Passed    3.63 sec
        Start  56: test-rldp2-query-eviction
 25/128 Test #108: test-consensus-simplex2-loss .....................................   Passed    4.13 sec
        Start  24: test-counter-native-sender
 26/128 Test  #24: test-counter-native-sender .......................................***Failed    0.22 sec
-- Counter fixture active; retained if interrupted: /tmp/uno-publication-build/counter-integration-0163509fe4ba
CMake Error at /home/tomi/tos-m2/test/test-counter-disk-integration.cmake:171 (message):
  bootstrap: exit 2, expected 0; see
  /tmp/uno-publication-build/counter-integration-0163509fe4ba/bootstrap.log
Call Stack (most recent call first):
  /home/tomi/tos-m2/test/test-counter-disk-integration.cmake:212 (run_node)



CMake Error at /home/tomi/tos-m2/test/counter-fixture-lifecycle.cmake:58 (message):
  Counter fixture FAILED (1); retained for inspection:
  /tmp/uno-publication-build/counter-integration-0163509fe4ba
Call Stack (most recent call first):
  /home/tomi/tos-m2/test/test-counter-disk-integration.cmake:3 (counter_run_fixture)



        Start  66: test-http-server-limits
 27/128 Test  #54: test-rldp2 .......................................................   Passed    5.05 sec
        Start  73: test-uno-state-snapshot
 28/128 Test  #38: test-fift ........................................................   Passed    5.80 sec
        Start  18: test-counter-disk-integration
 29/128 Test  #56: test-rldp2-query-eviction ........................................   Passed    2.00 sec
        Start  89: test-tddb
 30/128 Test  #18: test-counter-disk-integration ....................................***Failed    0.23 sec
-- Counter fixture active; retained if interrupted: /tmp/uno-publication-build/counter-integration-5b6f4c788a38
CMake Error at /home/tomi/tos-m2/test/test-counter-disk-integration.cmake:171 (message):
  bootstrap: exit 2, expected 0; see
  /tmp/uno-publication-build/counter-integration-5b6f4c788a38/bootstrap.log
Call Stack (most recent call first):
  /home/tomi/tos-m2/test/test-counter-disk-integration.cmake:212 (run_node)



CMake Error at /home/tomi/tos-m2/test/counter-fixture-lifecycle.cmake:58 (message):
  Counter fixture FAILED (1); retained for inspection:
  /tmp/uno-publication-build/counter-integration-5b6f4c788a38
Call Stack (most recent call first):
  /home/tomi/tos-m2/test/test-counter-disk-integration.cmake:3 (counter_run_fixture)



        Start  94: test-uno-crypto-kernel-gates
 31/128 Test  #40: test-workchain-block .............................................   Passed    3.34 sec
        Start 103: test-persistent-treap
 32/128 Test  #66: test-http-server-limits ..........................................   Passed    2.03 sec
        Start  70: test-celldb-actor-restart
 33/128 Test  #15: plumtree-graph-sim-fec-stress ....................................   Passed    3.30 sec
        Start  21: test-counter-idle-replay
 34/128 Test  #21: test-counter-idle-replay .........................................***Failed    0.24 sec
-- Counter fixture active; retained if interrupted: /tmp/uno-publication-build/counter-integration-6a4a8aa6076b
CMake Error at /home/tomi/tos-m2/test/test-counter-disk-integration.cmake:171 (message):
  bootstrap: exit 2, expected 0; see
  /tmp/uno-publication-build/counter-integration-6a4a8aa6076b/bootstrap.log
Call Stack (most recent call first):
  /home/tomi/tos-m2/test/test-counter-disk-integration.cmake:212 (run_node)



CMake Error at /home/tomi/tos-m2/test/counter-fixture-lifecycle.cmake:58 (message):
  Counter fixture FAILED (1); retained for inspection:
  /tmp/uno-publication-build/counter-integration-6a4a8aa6076b
Call Stack (most recent call first):
  /home/tomi/tos-m2/test/test-counter-disk-integration.cmake:3 (counter_run_fixture)



        Start  50: test-func-legacy
 35/128 Test  #89: test-tddb ........................................................   Passed    1.38 sec
        Start  23: test-counter-cross-delivery
 36/128 Test #103: test-persistent-treap ............................................   Passed    1.32 sec
        Start  91: test-uno-crypto-abi-real
 37/128 Test  #23: test-counter-cross-delivery ......................................***Failed    0.31 sec
-- Counter fixture active; retained if interrupted: /tmp/uno-publication-build/counter-integration-08bd8f887e92
CMake Error at /home/tomi/tos-m2/test/test-counter-disk-integration.cmake:171 (message):
  bootstrap: exit 2, expected 0; see
  /tmp/uno-publication-build/counter-integration-08bd8f887e92/bootstrap.log
Call Stack (most recent call first):
  /home/tomi/tos-m2/test/test-counter-disk-integration.cmake:212 (run_node)



CMake Error at /home/tomi/tos-m2/test/counter-fixture-lifecycle.cmake:58 (message):
  Counter fixture FAILED (1); retained for inspection:
  /tmp/uno-publication-build/counter-integration-08bd8f887e92
Call Stack (most recent call first):
  /home/tomi/tos-m2/test/test-counter-disk-integration.cmake:3 (counter_run_fixture)



        Start  93: test-uno-crypto-symbols
 38/128 Test  #94: test-uno-crypto-kernel-gates .....................................   Passed    1.67 sec
        Start  49: test-func
 39/128 Test  #70: test-celldb-actor-restart ........................................   Passed    1.19 sec
        Start   6: plumtree-graph-sim-smoke
 40/128 Test  #50: test-func-legacy .................................................   Passed    1.21 sec
        Start  22: test-counter-self-delivery
 41/128 Test   #6: plumtree-graph-sim-smoke .........................................   Passed    0.62 sec
        Start  12: plumtree-graph-sim-rotating-outage
 42/128 Test  #22: test-counter-self-delivery .......................................***Failed    0.28 sec
-- Counter fixture active; retained if interrupted: /tmp/uno-publication-build/counter-integration-22dcdcd6ee8e
CMake Error at /home/tomi/tos-m2/test/test-counter-disk-integration.cmake:171 (message):
  bootstrap: exit 2, expected 0; see
  /tmp/uno-publication-build/counter-integration-22dcdcd6ee8e/bootstrap.log
Call Stack (most recent call first):
  /home/tomi/tos-m2/test/test-counter-disk-integration.cmake:212 (run_node)



CMake Error at /home/tomi/tos-m2/test/counter-fixture-lifecycle.cmake:58 (message):
  Counter fixture FAILED (1); retained for inspection:
  /tmp/uno-publication-build/counter-integration-22dcdcd6ee8e
Call Stack (most recent call first):
  /home/tomi/tos-m2/test/test-counter-disk-integration.cmake:3 (counter_run_fixture)



        Start  11: plumtree-graph-sim-selective-forwarding
 43/128 Test  #91: test-uno-crypto-abi-real .........................................   Passed    1.11 sec
        Start   3: test-workchain-proof-backend
 44/128 Test  #49: test-func ........................................................   Passed    0.92 sec
        Start  76: test-keyring-temp-key
 45/128 Test  #93: test-uno-crypto-symbols ..........................................   Passed    1.12 sec
        Start   8: plumtree-graph-sim-loss
 46/128 Test  #12: plumtree-graph-sim-rotating-outage ...............................   Passed    0.78 sec
        Start  10: plumtree-graph-sim-partition-recovery
 47/128 Test  #76: test-keyring-temp-key ............................................   Passed    0.61 sec
        Start  45: test-net
 48/128 Test   #8: plumtree-graph-sim-loss ..........................................   Passed    0.54 sec
        Start  88: test-fec
 49/128 Test  #11: plumtree-graph-sim-selective-forwarding ..........................   Passed    0.85 sec
        Start  82: test-rldp2-inbound-transfer-bound
 50/128 Test   #3: test-workchain-proof-backend .....................................   Passed    0.91 sec
        Start  30: test-counter-engine-config
 51/128 Test  #88: test-fec .........................................................   Passed    0.40 sec
        Start  27: test-counter-activation-old_version
 52/128 Test  #27: test-counter-activation-old_version ..............................***Failed    0.01 sec
CMake Error at /home/tomi/tos-m2/test/counter-fixture-lifecycle.cmake:25 (message):
  Counter fixture retention/admission cap 16 reached in
  /tmp/uno-publication-build; inspect retained/incomplete fixtures before
  retrying
Call Stack (most recent call first):
  /home/tomi/tos-m2/test/test-counter-disk-integration.cmake:3 (counter_run_fixture)



        Start  25: test-counter-activation-missing_capability
 53/128 Test  #25: test-counter-activation-missing_capability .......................***Failed    0.01 sec
CMake Error at /home/tomi/tos-m2/test/counter-fixture-lifecycle.cmake:25 (message):
  Counter fixture retention/admission cap 16 reached in
  /tmp/uno-publication-build; inspect retained/incomplete fixtures before
  retrying
Call Stack (most recent call first):
  /home/tomi/tos-m2/test/test-counter-disk-integration.cmake:3 (counter_run_fixture)



        Start  16: plumtree-graph-sim-simple-stress
 54/128 Test  #82: test-rldp2-inbound-transfer-bound ................................   Passed    0.41 sec
        Start 127: test-consensus-simplex2-codec-boundary
 55/128 Test  #10: plumtree-graph-sim-partition-recovery ............................   Passed    0.57 sec
        Start   2: test-workchain-proof-boundary-gates
 56/128 Test  #45: test-net .........................................................   Passed    0.55 sec
        Start 123: test-validator-manager-resource-policy-actor
 57/128 Test  #30: test-counter-engine-config .......................................***Failed    0.29 sec
-- Counter fixture active; retained if interrupted: /tmp/uno-publication-build/counter-integration-78d4e8329999
CMake Error at /home/tomi/tos-m2/test/test-counter-disk-integration.cmake:171 (message):
  bootstrap: exit 2, expected 0; see
  /tmp/uno-publication-build/counter-integration-78d4e8329999/bootstrap.log
Call Stack (most recent call first):
  /home/tomi/tos-m2/test/test-counter-disk-integration.cmake:212 (run_node)



CMake Error at /home/tomi/tos-m2/test/counter-fixture-lifecycle.cmake:58 (message):
  Counter fixture FAILED (1); retained for inspection:
  /tmp/uno-publication-build/counter-integration-78d4e8329999
Call Stack (most recent call first):
  /home/tomi/tos-m2/test/test-counter-disk-integration.cmake:3 (counter_run_fixture)



        Start   1: test-workchain-activation-control-gates
 58/128 Test #127: test-consensus-simplex2-codec-boundary ...........................   Passed    0.25 sec
        Start  34: test-uno-split-prefix-storage-smoke
 59/128 Test   #2: test-workchain-proof-boundary-gates ..............................   Passed    0.26 sec
        Start  31: test-uno-partition-storage-smoke
 60/128 Test #123: test-validator-manager-resource-policy-actor .....................   Passed    0.20 sec
        Start  33: test-uno-split-storage-smoke
 61/128 Test   #1: test-workchain-activation-control-gates ..........................   Passed    0.19 sec
        Start  29: test-counter-config-binding
 62/128 Test  #29: test-counter-config-binding ......................................***Failed    0.02 sec
CMake Error at /home/tomi/tos-m2/test/counter-fixture-lifecycle.cmake:25 (message):
  Counter fixture retention/admission cap 16 reached in
  /tmp/uno-publication-build; inspect retained/incomplete fixtures before
  retrying
Call Stack (most recent call first):
  /home/tomi/tos-m2/test/test-counter-disk-integration.cmake:3 (counter_run_fixture)



        Start  32: test-uno-incremental-storage-smoke
 63/128 Test  #16: plumtree-graph-sim-simple-stress .................................   Passed    0.36 sec
        Start  28: test-counter-config-presence-old_version
 64/128 Test  #28: test-counter-config-presence-old_version .........................***Failed    0.01 sec
CMake Error at /home/tomi/tos-m2/test/counter-fixture-lifecycle.cmake:25 (message):
  Counter fixture retention/admission cap 16 reached in
  /tmp/uno-publication-build; inspect retained/incomplete fixtures before
  retrying
Call Stack (most recent call first):
  /home/tomi/tos-m2/test/test-counter-disk-integration.cmake:3 (counter_run_fixture)



        Start  26: test-counter-config-presence-missing_capability
 65/128 Test  #26: test-counter-config-presence-missing_capability ..................***Failed    0.01 sec
CMake Error at /home/tomi/tos-m2/test/counter-fixture-lifecycle.cmake:25 (message):
  Counter fixture retention/admission cap 16 reached in
  /tmp/uno-publication-build; inspect retained/incomplete fixtures before
  retrying
Call Stack (most recent call first):
  /home/tomi/tos-m2/test/test-counter-disk-integration.cmake:3 (counter_run_fixture)



        Start  85: test-wallet-index
 66/128 Test  #34: test-uno-split-prefix-storage-smoke ..............................   Passed    0.18 sec
        Start 106: test-ffi-event-loop
 67/128 Test  #31: test-uno-partition-storage-smoke .................................   Passed    0.16 sec
        Start  74: test-counter-genesis-domain
 68/128 Test  #33: test-uno-split-storage-smoke .....................................   Passed    0.17 sec
        Start  20: test-counter-fixture-lifecycle
 69/128 Test  #32: test-uno-incremental-storage-smoke ...............................   Passed    0.15 sec
        Start   7: plumtree-graph-sim-simple-smoke
 70/128 Test  #85: test-wallet-index ................................................   Passed    0.18 sec
        Start  13: plumtree-graph-sim-simple-selective-forwarding
 71/128 Test #106: test-ffi-event-loop ..............................................   Passed    0.11 sec
        Start   9: plumtree-graph-sim-simple-loss
 72/128 Test  #20: test-counter-fixture-lifecycle ...................................   Passed    0.10 sec
        Start  14: plumtree-graph-sim-simple-rotating-outage
 73/128 Test   #7: plumtree-graph-sim-simple-smoke ..................................   Passed    0.09 sec
        Start  39: test-cells
 74/128 Test  #74: test-counter-genesis-domain ......................................   Passed    0.15 sec
        Start  55: test-rldp2-connection-cap
 75/128 Test  #39: test-cells .......................................................   Passed    0.06 sec
        Start   5: test-quorum-static-grep
 76/128 Test  #13: plumtree-graph-sim-simple-selective-forwarding ...................   Passed    0.09 sec
        Start  87: test-emulator
 77/128 Test   #9: plumtree-graph-sim-simple-loss ...................................   Passed    0.09 sec
        Start  99: test-scheduler-stop
 78/128 Test  #55: test-rldp2-connection-cap ........................................   Passed    0.05 sec
        Start 128: test-consensus-simplex2-genesis-config
 79/128 Test  #14: plumtree-graph-sim-simple-rotating-outage ........................   Passed    0.09 sec
        Start  17: test-counter-collator-admission
 80/128 Test   #5: test-quorum-static-grep ..........................................   Passed    0.04 sec
        Start 117: test-consensus-simplex2-state-resolver-inflight-admission-unit
 81/128 Test  #17: test-counter-collator-admission ..................................   Passed    0.03 sec
        Start 122: test-consensus-validator-manager-resource-policy-unit
 82/128 Test  #99: test-scheduler-stop ..............................................   Passed    0.04 sec
        Start 118: test-consensus-simplex2-skipped-slot-resolution-unit
 83/128 Test #128: test-consensus-simplex2-genesis-config ...........................   Passed    0.04 sec
        Start 116: test-consensus-simplex2-state-resolver-cache-unit
 84/128 Test #117: test-consensus-simplex2-state-resolver-inflight-admission-unit ...   Passed    0.03 sec
        Start 115: test-consensus-simplex2-candidate-relay-eviction
 85/128 Test  #87: test-emulator ....................................................   Passed    0.07 sec
        Start 119: test-consensus-simplex2-candidate-resolver-retention-unit
 86/128 Test #122: test-consensus-validator-manager-resource-policy-unit ............   Passed    0.02 sec
        Start 105: test-ffi-awaitable
 87/128 Test #115: test-consensus-simplex2-candidate-relay-eviction .................   Passed    0.02 sec
        Start  69: test-celldb-streaming-import
 88/128 Test #118: test-consensus-simplex2-skipped-slot-resolution-unit .............   Passed    0.03 sec
        Start 120: test-consensus-simplex2-candidate-resolver-interleaving-unit
 89/128 Test #116: test-consensus-simplex2-state-resolver-cache-unit ................   Passed    0.03 sec
        Start  81: test-metrics-label-bound
 90/128 Test #119: test-consensus-simplex2-candidate-resolver-retention-unit ........   Passed    0.02 sec
        Start 121: test-consensus-simplex2-db-finalized-slot-dedup-unit
 91/128 Test #105: test-ffi-awaitable ...............................................   Passed    0.02 sec
        Start 100: test-runtime
 92/128 Test #120: test-consensus-simplex2-candidate-resolver-interleaving-unit .....   Passed    0.02 sec
        Start  43: test-workchain-admission
 93/128 Test  #81: test-metrics-label-bound .........................................   Passed    0.02 sec
        Start  75: test-block-handle-flags
 94/128 Test  #43: test-workchain-admission .........................................   Passed    0.01 sec
        Start  60: test-download-next-blocks-validation
 95/128 Test  #69: test-celldb-streaming-import .....................................   Passed    0.04 sec
        Start  68: test-vm-exception-hardening
 96/128 Test #121: test-consensus-simplex2-db-finalized-slot-dedup-unit .............   Passed    0.03 sec
        Start  71: test-validator-options
 97/128 Test #100: test-runtime .....................................................   Passed    0.02 sec
        Start  57: test-rldp-http-proxy-routing
 98/128 Test  #75: test-block-handle-flags ..........................................   Passed    0.01 sec
        Start  58: test-overlay-peer-cleanup
 99/128 Test  #60: test-download-next-blocks-validation .............................   Passed    0.01 sec
        Start  61: test-ext-message-pool
100/128 Test  #68: test-vm-exception-hardening ......................................   Passed    0.01 sec
        Start  64: test-config-transition
101/128 Test  #71: test-validator-options ...........................................   Passed    0.01 sec
        Start  62: test-msg-envelope
102/128 Test  #57: test-rldp-http-proxy-routing .....................................   Passed    0.01 sec
        Start  72: test-full-node-shard-routing
103/128 Test  #58: test-overlay-peer-cleanup ........................................   Passed    0.01 sec
        Start  84: test-weak-ptr-registry
104/128 Test  #61: test-ext-message-pool ............................................   Passed    0.01 sec
        Start  41: test-workchain-proof-work
105/128 Test  #64: test-config-transition ...........................................   Passed    0.01 sec
        Start  63: test-rate-limiter
106/128 Test  #62: test-msg-envelope ................................................   Passed    0.01 sec
        Start  79: test-promise-loss-contract
107/128 Test  #72: test-full-node-shard-routing .....................................   Passed    0.01 sec
        Start 101: test-test-scheduler
108/128 Test  #84: test-weak-ptr-registry ...........................................   Passed    0.01 sec
        Start  77: test-collator-node-limits
109/128 Test  #41: test-workchain-proof-work ........................................   Passed    0.01 sec
        Start  67: test-wallet-message-processor
110/128 Test  #63: test-rate-limiter ................................................   Passed    0.01 sec
        Start  83: test-consensus-config-admission
111/128 Test  #79: test-promise-loss-contract .......................................   Passed    0.01 sec
        Start  78: test-rldp2-connection-limits
112/128 Test #101: test-test-scheduler ..............................................   Passed    0.01 sec
        Start 107: test-liteserver-admission
113/128 Test  #77: test-collator-node-limits ........................................   Passed    0.01 sec
        Start 104: test-lru-cache
114/128 Test  #67: test-wallet-message-processor ....................................   Passed    0.01 sec
        Start 102: test-backpressure-queue
115/128 Test  #83: test-consensus-config-admission ..................................   Passed    0.01 sec
        Start  65: test-json-rpc-parse
116/128 Test  #78: test-rldp2-connection-limits .....................................   Passed    0.01 sec
        Start  80: test-json-rpc-handler-guard
117/128 Test #107: test-liteserver-admission ........................................   Passed    0.01 sec
        Start  86: test-quorum
118/128 Test #104: test-lru-cache ...................................................   Passed    0.01 sec
        Start  42: test-workchain-proof-contracts
119/128 Test #102: test-backpressure-queue ..........................................   Passed    0.01 sec
        Start  97: test-workchain-instance-identity
120/128 Test  #65: test-json-rpc-parse ..............................................   Passed    0.01 sec
        Start  19: test-counter-account-binding-readiness
121/128 Test  #80: test-json-rpc-handler-guard ......................................   Passed    0.01 sec
122/128 Test  #86: test-quorum ......................................................   Passed    0.01 sec
123/128 Test  #42: test-workchain-proof-contracts ...................................   Passed    0.01 sec
124/128 Test  #97: test-workchain-instance-identity .................................   Passed    0.01 sec
125/128 Test  #19: test-counter-account-binding-readiness ...........................***Failed    0.01 sec
CMake Error at /home/tomi/tos-m2/test/counter-fixture-lifecycle.cmake:25 (message):
  Counter fixture retention/admission cap 16 reached in
  /tmp/uno-publication-build; inspect retained/incomplete fixtures before
  retrying
Call Stack (most recent call first):
  /home/tomi/tos-m2/test/test-counter-disk-integration.cmake:3 (counter_run_fixture)



126/128 Test  #73: test-uno-state-snapshot ..........................................   Passed   21.55 sec
127/128 Test  #47: test-tdutils .....................................................   Passed  123.46 sec
128/128 Test  #90: test-db ..........................................................   Passed  389.16 sec

90% tests passed, 13 tests failed out of 128

Label Time Summary:
d40          =   0.08 sec*proc (2 tests)
i13          =   0.19 sec*proc (1 test)
private      =   0.19 sec*proc (2 tests)
smoke        =   0.66 sec*proc (4 tests)
storage      =   0.66 sec*proc (4 tests)
uno          =   0.66 sec*proc (4 tests)
workchain    =   0.27 sec*proc (3 tests)

Total Test time (real) = 389.17 sec

The following tests FAILED:
	 18 - test-counter-disk-integration (Failed)
	 19 - test-counter-account-binding-readiness (Failed)
	 21 - test-counter-idle-replay (Failed)
	 22 - test-counter-self-delivery (Failed)
	 23 - test-counter-cross-delivery (Failed)
	 24 - test-counter-native-sender (Failed)
	 25 - test-counter-activation-missing_capability (Failed)
	 26 - test-counter-config-presence-missing_capability (Failed)
	 27 - test-counter-activation-old_version (Failed)
	 28 - test-counter-config-presence-old_version (Failed)
	 29 - test-counter-config-binding (Failed)
	 30 - test-counter-engine-config (Failed)
	 51 - test-tol (Failed)
