Running test Test_WorkchainBlock_CoordinatorStateLayout...
PASS in 219.3us
Running test Test_WorkchainBlock_CoordinatorStateExactFraming...
PASS in 29.8us
Running test Test_WorkchainBlock_ResourcePolicyWire...
PASS in 75.0us
Running test Test_WorkchainBlock_EngineConfigurationFraming...
PASS in 43.0us
Running test Test_WorkchainBlock_EngineConfigurationAcceptedCadence...
PASS in 21.5us
Running test Test_WorkchainBlock_BatchPolicyVersionIdentityAgreement...
PASS in 2043.0ns
Running test Test_WorkchainBlock_BatchProfileUnsupportedNodeProbe...
PASS in 988.0ns
Running test Test_WorkchainBlock_ClaimedFeeOuterFraming...
PASS in 19.1us
Running test Test_WorkchainBlock_ClaimedFeeShortNativeFraming...
PASS in 4392.0ns
Running test Test_WorkchainBlock_ClaimedFeeSpecialNativeFraming...
PASS in 4819.0ns
Running test Test_WorkchainBlock_ClaimedFeeUnknownNativeFraming...
PASS in 4870.0ns
Running test Test_WorkchainBlock_ResourcePolicyRejectsSpecialBeforeDecoder...
PASS in 1522.0ns
Running test Test_WorkchainBlock_ResourcePolicyEncodedSpecialCells...
PASS in 43.1us
Running test Test_WorkchainBlock_ResourcePolicyMalformedClosure...
PASS in 23.0us
Running test Test_WorkchainBlock_BounceValueIsolation...
PASS in 55.6us
Running test Test_WorkchainBlock_PayoutPrincipalAndFees...
PASS in 30.3us
Running test Test_WorkchainBlock_NativeAccountValueFlow...
PASS in 26.5us
Running test Test_WorkchainBlock_ParticipantRecordBinding...
PASS in 11.5us
Running test Test_WorkchainBlock_HostIdentityBinding...
PASS in 44.3us
Running test Test_WorkchainBlock_AdmittedIdentityAgreement...
PASS in 25.1us
Running test Test_WorkchainBlock_AccountDeclarationsCodec...
PASS in 30.6us
Running test Test_WorkchainBlock_AccountDeclarationsMalformed...
PASS in 18.1us
Running test Test_WorkchainBlock_AccountAccessBinding...
PASS in 7973.0ns
Running test Test_WorkchainBlock_AccountAccessExactCoverage...
PASS in 6259.0ns
Running test Test_WorkchainBlock_ParticipantLtPlan...
PASS in 2421.0ns
Running test Test_WorkchainBlock_ParticipantLtExhaustion...
PASS in 1823.0ns
Running test Test_WorkchainBlock_ResourcePolicyLocalLoadFailure...
PASS in 108.0us
Running test Test_WorkchainBlock_CoordinatorStateLocalLoadFailure...
PASS in 40.8us
Running test Test_WorkchainBlock_ScopedStateReadObserver...
PASS in 56.9us
Running test Test_WorkchainBlock_StateReadRefusalLeavesProofUnchanged...
PASS in 35.5us
Running test Test_WorkchainBlock_StateReadMeterProofTracking...
PASS in 176.8us
Running test Test_WorkchainBlock_AccountDictionaryChanges...
PASS in 138.6us
Running test Test_WorkchainBlock_AccountDictionaryBinding...
PASS in 15.1us
Running test Test_WorkchainBlock_BatchInputUnionExactBounds...
PASS in 50.0us
Running test Test_WorkchainBlock_BatchInputRootCountPrecedesAcquisition...
PASS in 1512.0ns
Running test Test_WorkchainBlock_DeclarationShapeCountsSharedSubtreesWithoutExpansion...
PASS in 24.3ms
Running test Test_WorkchainBlock_BatchInputNativeSpecialAndFailureProvenance...
PASS in 119.8us
Running test Test_WorkchainBlock_BatchInputHostMismatchAndCorruptInbox...
PASS in 19.8us
Running test Test_WorkchainBlock_BatchInputDeclarationSemanticsAndProvenance...
PASS in 73.0us
Running test Test_WorkchainBlock_DeclarationSingleLeafZeroAllowance...
PASS in 3216.0ns
Running test Test_WorkchainBlock_BatchInputDeclarationCacheBindsRemainingWidth...
PASS in 39.7us
Running test Test_WorkchainBlock_BoundedInboxCountBeforeWorkspace...
PASS in 270.5us
Running test Test_WorkchainBlock_BoundedInboxStructureMatchesNativeDictionary...
PASS in 4770.2us
Running test Test_WorkchainBlock_BoundedInboxUniformPrefixLabels...
PASS in 8815.8us
Running test Test_WorkchainBlock_BoundedInboxStopsBeforeSemanticDecode...
PASS in 197.3us
Running test Test_WorkchainBlock_NativeDisposalPlan...
PASS in 241.6us
Running test Test_WorkchainBlock_NativeBounceMessage...
PASS in 42.4us
Running test Test_WorkchainBlock_NativeBounceStorage...
PASS in 5664.0ns
Running test Test_WorkchainBlock_NativeBounceStorageCaller...
PASS in 105.1us
Running test Test_WorkchainBlock_NativeBounceBody...
PASS in 261.7us
Running test Test_WorkchainBlock_NativeInboxPlan...
PASS in 86.9us
Running test Test_WorkchainBlock_NativeTransferEffects...
PASS in 47.7us
Running test Test_WorkchainBlock_NativeAllocation...
PASS in 160.5us
Running test Test_WorkchainBlock_BatchNativeAllocation...
PASS in 145.9us
Running test Test_WorkchainBlock_MessagePricesDefaultInitialization...
PASS in 392.0ns
Running test Test_WorkchainBlock_DisposalFixturePricesOverwritePriorState...
PASS in 703.0ns
Running test Test_WorkchainBlock_AggregateFeeSettlement...
PASS in 1322.6us
Running test Test_WorkchainBlock_NativeDisposalEntry...
PASS in 35.1ms
Running test Test_WorkchainBlock_NativeCoordinatorEntry...
PASS in 2338.1us
Running test Test_WorkchainBlock_MeteredAccountLookupProof...
PASS in 97.0us
Running test Test_WorkchainBlock_AccountReplacementStateDependencies...
PASS in 241.8us
Running test Test_WorkchainBlock_AccountEngineExecution...
PASS in 16.1ms
Running test Test_WorkchainBlock_HostInputCommitment...
PASS in 133.6us
Running test Test_WorkchainBlock_ExtractExecutorFromShardState...
PASS in 137.1us
Running test Test_WorkchainBlock_CounterReplay...
PASS in 32.5us
Running test Test_WorkchainBlock_CounterPayloadSurvivesBatchReplay...
PASS in 89.2ms
Running test Test_WorkchainBlock_StorageParticipantNativeWrapper...
PASS in 104.0us
Running test Test_WorkchainBlock_StorageOverlayNativeCommit...
PASS in 246.0us
Running test Test_WorkchainBlock_ReplayStorageCachePreservesValidation...
PASS in 3728.4us
Running test Test_WorkchainBlock_CanonicalInboundList...
PASS in 98.5us
Running test Test_WorkchainBlock_InboundCommitmentAndMembership...
PASS in 188.3us
Running test Test_WorkchainBlock_ExecutorWitnessEncoding...
PASS in 42.6us
Running test Test_WorkchainBlock_BatchAccountCommitAndReload...
PASS in 988.2us
Running test Test_WorkchainBlock_ResolvedBatchStaging...
PASS in 139.5us
Running test Test_WorkchainBlock_StorageFixtureDictionaryContracts...
PASS in 9676.0ns
Running test Test_WorkchainBlock_FixtureDictionaryReachesNativeAccountLimit...
PASS in 3131.6ms
Running test Test_WorkchainBlock_BatchExecutorCellBudgetIncludesFullWrapper...
PASS in 56.9ms
Running test Test_WorkchainBlock_BatchPreparationRejectsUnsettledState...
PASS in 65.4us
Running test Test_WorkchainBlock_NativePayoutPair...
PASS in 1065.5us
Running test Test_WorkchainBlock_NativePayoutPricing...
PASS in 248.1us
Running test Test_WorkchainBlock_BatchNativeMessageSettlement...
PASS in 674.6us
Running test Test_WorkchainBlock_BatchCommitmentReplay...
PASS in 32.6us
Running test Test_WorkchainBlock_NativeQueueViewIsBoundToInput...
PASS in 12.7us
Running test Test_WorkchainBlock_UnmatchedBatchInputDoesNotInvokeEngine...
PASS in 18.1us
Running test Test_WorkchainBlock_BatchCommitmentRejectsEffectMutations...
PASS in 71.7us
Running test Test_WorkchainBlock_BatchDescriptionParsersAndScope...
PASS in 8411.0ns
Running test Test_WorkchainBlock_RejectMalformedBatchDescription...
PASS in 2415.0ns
Running test Test_WorkchainBlock_ScopeClassifiesEveryConstructorPrefix...
PASS in 4491.0ns
Running test Test_WorkchainBlock_RetiredBatchDescriptorRejected...
PASS in 7824.0ns
Running test Test_WorkchainBlock_BatchTimeFollowsEveryInputAndLeavesEndSpace...
PASS in 32.7us
Running test Test_WorkchainBlock_MissingImportEnumeratorIsLocalFailure...
PASS in 713.0ns
Running test Test_WorkchainBlock_ImportEnumeratorStateFaultIsLocalFailure...
PASS in 7534.0ns
Running test Test_WorkchainBlock_InboxReconstructedFromNativeImports...
PASS in 8155.2us
Running test Test_WorkchainBlock_NativeBatchCreditIsAtomicAndReplayable...
PASS in 223.9us
Running test Test_WorkchainBlock_AccountEmulatorRejectsBatchTransaction...
PASS in 5413.0ns
Running test Test_WorkchainBlock_ResultWireRoundTrip...
PASS in 38.0us
Running test Test_WorkchainBlock_RejectNonCanonicalResultWire...
PASS in 25.7us
Running test Test_WorkchainBlock_RejectEveryResultMutation...
PASS in 49.9us
Running test Test_WorkchainBlock_RejectOverflowAndMissingContext...
PASS in 20.4us
Running test Test_WorkchainBlock_CollationCandidateScope...
PASS in 1419.0ns
Running test Test_WorkchainBlock_InputPreflightUnionAndExactLimits...
PASS in 4511.0ns
Running test Test_WorkchainBlock_InputPreflightStopsBeforeOverLimitLoad...
PASS in 2532.0ns
Running test Test_WorkchainBlock_InputPreflightDeepSharedGraph...
PASS in 877.5us
Running test Test_WorkchainBlock_InputPreflightUnavailableAndSpecial...
PASS in 2394.0ns
Running test Test_WorkchainBlock_EngineSpecialInputClassification...
PASS in 68.7us
Running test Test_WorkchainBlock_EngineExceptionIsNotCandidateInvalid...
PASS in 52.3us
Running test Test_WorkchainBlock_RegistryScopeIsolation...
PASS in 38.5us
Running test Test_WorkchainBlock_IngressProtocolScopeDoesNotDependOnRegistry...
PASS in 623.0ns
Running test Test_WorkchainBlock_DeclaredScopePreventsLocalComputeFallback...
PASS in 6220.0ns
Running test Test_WorkchainBlock_RegistryRequiresConsensusActivation...
PASS in 15.3us
Running test Test_WorkchainBlock_PublicIngressPolicyCodecAndDescriptorBinding...
PASS in 8261.0ns
Running test Test_WorkchainBlock_PublicIngressRequiresStandardWorkchainRange...
PASS in 3147.0ns
Running test Test_WorkchainBlock_DualNativeIngressCodecAndVersion...
PASS in 24.2us
Running test Test_WorkchainBlock_MultiAccountAdmissionVersionInstallation...
PASS in 297.9us
Running test Test_WorkchainBlock_AccountRegistryReplayConnectivity...
PASS in 664.5us
Running test Test_WorkchainBlock_MultiAccountRegistryBinding...
PASS in 395.0us
Running test Test_WorkchainBlock_PublicIngressTableCanonicalKeys...
PASS in 17.5us
Running test Test_WorkchainBlock_NativeDestinationRouting...
PASS in 10.1us
Running test Test_WorkchainBlock_NativeSenderEnforcesPublicExecutorAddress...
PASS in 167.0us
Running test Test_WorkchainBlock_ActivatedHostWithoutIngressPolicyIsIdle...
PASS in 5482.0ns
Running test Test_WorkchainBlock_NativeIngressParameterPresenceRequiresActivation...
PASS in 10.9us
Running test Test_WorkchainBlock_ResolvedBlockResourcePolicy...
PASS in 82.4us
Running test Test_WorkchainBlock_ReceiverRequiresMatchingPublicIngressPolicy...
PASS in 28.2us
Running test Test_WorkchainBlock_SenderResolvesIngressWithoutForeignEngine...
PASS in 37.6us
Running test Test_WorkchainBlock_ScopedWorkchainConfigurationResolution...
PASS in 4054.0ns
125 test(s) passed
