Running test Test_WorkchainBlock_NativePayoutExactFeeHigher...
[ 4][t 0][2026-09-11 15:37:38.516045004][transaction.cpp:622]	unpacking account 0000000000000000000000000000000000000000000000000000000000000000
[ 4][t 0][2026-09-11 15:37:38.516482509][transaction.cpp:455]	last_paid=0; cells=0 bits=0
[ 4][t 0][2026-09-11 15:37:38.516502658][transaction.cpp:685]	end of Account.unpack() for 2:0000000000000000000000000000000000000000000000000000000000000000 (balance = 1000ng ; last_trans_lt = 1..2)
[ 4][t 0][2026-09-11 15:37:38.516544394][transaction.cpp:622]	unpacking account 31CF8E61894D648E857CC6D14F8352C20C14D12F92A5F8DCE26F01224A63376D
[ 4][t 0][2026-09-11 15:37:38.516559456][transaction.cpp:455]	last_paid=0; cells=0 bits=0
[ 4][t 0][2026-09-11 15:37:38.516567314][transaction.cpp:685]	end of Account.unpack() for 2:31CF8E61894D648E857CC6D14F8352C20C14D12F92A5F8DCE26F01224A63376D (balance = 1000ng ; last_trans_lt = 1..2)
[ 4][t 0][2026-09-11 15:37:38.516671230][transaction.cpp:3555]	storage paid for a message: 0 cells, 0 bits
[ 4][t 0][2026-09-11 15:37:38.516677797][transaction.cpp:3559]	computed fwd fees = 100 + 0
[ 4][t 0][2026-09-11 15:37:38.516853084][transaction.cpp:622]	unpacking account 0000000000000000000000000000000000000000000000000000000000000000
[ 4][t 0][2026-09-11 15:37:38.516862908][transaction.cpp:455]	last_paid=0; cells=0 bits=0
[ 4][t 0][2026-09-11 15:37:38.516873988][transaction.cpp:685]	end of Account.unpack() for 2:0000000000000000000000000000000000000000000000000000000000000000 (balance = 1000ng ; last_trans_lt = 1..2)
[ 4][t 0][2026-09-11 15:37:38.516881382][transaction.cpp:622]	unpacking account 31CF8E61894D648E857CC6D14F8352C20C14D12F92A5F8DCE26F01224A63376D
[ 4][t 0][2026-09-11 15:37:38.516894978][transaction.cpp:455]	last_paid=0; cells=0 bits=0
[ 4][t 0][2026-09-11 15:37:38.516901658][transaction.cpp:685]	end of Account.unpack() for 2:31CF8E61894D648E857CC6D14F8352C20C14D12F92A5F8DCE26F01224A63376D (balance = 1000ng ; last_trans_lt = 1..2)
[ 4][t 0][2026-09-11 15:37:38.516928026][transaction.cpp:3555]	storage paid for a message: 0 cells, 0 bits
[ 4][t 0][2026-09-11 15:37:38.516934237][transaction.cpp:3559]	computed fwd fees = 100 + 0
D75_EXACT_Q declared=101 Native_paid=100: -7200 at exact-fee equality
PASS in 2340.5us
1 test(s) passed
