BEGIN	range/0/8/1/valid
OBS	[0, 0, 0, 0, 0, 0, 0, 0, 0, 0, 0, 0, 0, 0, 0, 0, 0, 0, 0, 0, 0, 0, 0, 0, 0, 0, 0, 0, 0, 0, 0, 0]
BEGIN	range/0/8/1/ip-only-response
OBS	[108, 78, 155, 40, 33, 199, 229, 254, 225, 172, 118, 1, 221, 49, 215, 35, 165, 211, 189, 19, 237, 197, 112, 94, 175, 119, 60, 214, 92, 185, 185, 96]
BEGIN	range/0/8/1/wrong-domain
OBS	[214, 45, 61, 11, 12, 226, 94, 3, 212, 253, 252, 41, 177, 173, 48, 66, 10, 131, 144, 164, 103, 130, 176, 29, 45, 176, 254, 240, 228, 146, 94, 81]
BEGIN	range/0/8/1/field-0-zero
BEGIN	range/0/8/1/field-0-invalid
BEGIN	range/0/8/1/field-0-point
OBS	[38, 11, 41, 229, 128, 136, 104, 65, 45, 123, 52, 152, 122, 114, 36, 42, 14, 116, 76, 34, 171, 206, 157, 217, 129, 25, 62, 77, 74, 21, 118, 10]
BEGIN	range/0/8/1/field-1-zero
BEGIN	range/0/8/1/field-1-invalid
BEGIN	range/0/8/1/field-1-point
OBS	[162, 118, 250, 207, 225, 161, 108, 43, 39, 233, 186, 189, 27, 60, 239, 136, 20, 243, 214, 246, 168, 244, 107, 213, 96, 49, 154, 42, 155, 32, 40, 37]
BEGIN	range/0/8/1/field-2-zero
BEGIN	range/0/8/1/field-2-invalid
BEGIN	range/0/8/1/field-2-point
OBS	[202, 128, 153, 6, 99, 99, 214, 67, 88, 151, 38, 170, 225, 116, 22, 188, 87, 209, 80, 148, 252, 0, 216, 66, 236, 27, 246, 14, 4, 101, 62, 89]
BEGIN	range/0/8/1/field-3-zero
BEGIN	range/0/8/1/field-3-invalid
BEGIN	range/0/8/1/field-3-point
OBS	[96, 160, 96, 226, 135, 98, 232, 152, 206, 157, 252, 163, 205, 136, 247, 217, 221, 105, 6, 62, 82, 231, 200, 20, 18, 203, 113, 120, 148, 128, 215, 11]
BEGIN	range/0/8/1/field-4-zero
OBS	[202, 230, 26, 104, 151, 40, 98, 194, 4, 4, 230, 26, 161, 88, 168, 146, 55, 162, 6, 5, 74, 108, 150, 168, 148, 181, 54, 245, 80, 19, 249, 15]
BEGIN	range/0/8/1/field-4-invalid
BEGIN	range/0/8/1/field-4-point
BEGIN	range/0/8/1/field-5-zero
OBS	[222, 15, 156, 67, 97, 179, 28, 245, 47, 19, 18, 237, 112, 240, 171, 244, 81, 251, 119, 125, 96, 109, 41, 59, 96, 197, 46, 30, 20, 50, 82, 87]
BEGIN	range/0/8/1/field-5-invalid
BEGIN	range/0/8/1/field-5-point
BEGIN	range/0/8/1/field-6-zero
OBS	[66, 155, 46, 155, 199, 67, 140, 226, 20, 187, 91, 48, 29, 19, 76, 87, 211, 128, 202, 120, 11, 75, 247, 225, 146, 242, 119, 151, 86, 112, 208, 7]
BEGIN	range/0/8/1/field-6-invalid
BEGIN	range/0/8/1/field-6-point
BEGIN	range/0/8/1/field-7-zero
BEGIN	range/0/8/1/field-7-invalid
BEGIN	range/0/8/1/field-7-point
OBS	[238, 143, 93, 254, 249, 98, 244, 244, 96, 120, 77, 65, 216, 134, 205, 16, 42, 229, 12, 133, 134, 177, 214, 11, 8, 25, 210, 193, 155, 15, 194, 45]
BEGIN	range/0/8/1/field-8-zero
BEGIN	range/0/8/1/field-8-invalid
BEGIN	range/0/8/1/field-8-point
OBS	[90, 214, 42, 241, 133, 184, 166, 66, 220, 125, 85, 109, 209, 189, 35, 163, 250, 70, 3, 243, 249, 245, 119, 114, 116, 111, 229, 165, 185, 59, 56, 90]
BEGIN	range/0/8/1/field-9-zero
BEGIN	range/0/8/1/field-9-invalid
BEGIN	range/0/8/1/field-9-point
OBS	[190, 14, 203, 128, 100, 134, 178, 33, 17, 136, 161, 210, 136, 179, 103, 245, 222, 24, 30, 212, 136, 57, 183, 162, 144, 102, 59, 24, 30, 55, 203, 10]
BEGIN	range/0/8/1/field-10-zero
BEGIN	range/0/8/1/field-10-invalid
BEGIN	range/0/8/1/field-10-point
OBS	[226, 38, 78, 23, 216, 98, 182, 30, 214, 203, 167, 176, 72, 252, 1, 224, 192, 225, 196, 251, 102, 238, 71, 9, 22, 46, 74, 189, 144, 160, 87, 27]
BEGIN	range/0/8/1/field-11-zero
BEGIN	range/0/8/1/field-11-invalid
BEGIN	range/0/8/1/field-11-point
OBS	[234, 159, 64, 189, 190, 89, 101, 49, 5, 8, 79, 59, 102, 11, 238, 230, 4, 198, 92, 134, 251, 141, 52, 144, 28, 146, 64, 49, 129, 231, 179, 55]
BEGIN	range/0/8/1/field-12-zero
BEGIN	range/0/8/1/field-12-invalid
BEGIN	range/0/8/1/field-12-point
OBS	[156, 240, 64, 122, 17, 83, 206, 99, 40, 69, 24, 33, 231, 74, 20, 55, 67, 207, 120, 23, 86, 205, 222, 44, 93, 188, 206, 175, 124, 25, 252, 54]
BEGIN	range/0/8/1/field-13-zero
OBS	[220, 201, 72, 69, 22, 108, 99, 133, 89, 16, 146, 227, 173, 7, 62, 141, 7, 62, 187, 58, 1, 25, 162, 242, 251, 121, 67, 220, 251, 200, 168, 83]
BEGIN	range/0/8/1/field-13-invalid
BEGIN	range/0/8/1/field-13-point
BEGIN	range/0/8/1/field-14-zero
OBS	[8, 240, 66, 240, 24, 212, 83, 241, 34, 236, 203, 68, 16, 61, 166, 191, 102, 156, 159, 86, 134, 153, 36, 56, 109, 71, 23, 169, 62, 33, 182, 46]
BEGIN	range/0/8/1/field-14-invalid
BEGIN	range/0/8/1/field-14-point
BEGIN	range/0/8/1/commitment-0-invalid
BEGIN	range/0/8/1/commitment-0-point
OBS	[10, 29, 145, 32, 16, 97, 226, 35, 114, 103, 211, 242, 3, 206, 145, 47, 159, 240, 220, 63, 14, 81, 211, 243, 18, 213, 234, 199, 192, 12, 250, 101]
BEGIN	range/0/8/1/truncated-0
BEGIN	range/0/8/1/truncated-1
BEGIN	range/0/8/1/truncated-479
BEGIN	range/0/8/1/truncated-448
BEGIN	range/0/8/1/trailing
BEGIN	range/0/8/1/invalid-bits
BEGIN	range/0/8/1/short-generators
BEGIN	range/0/8/1/short-parties
BEGIN	range/0/8/1/empty-values
BEGIN	range/0/8/1/nonpower-values
BEGIN	range/0/8/2/valid
OBS	[0, 0, 0, 0, 0, 0, 0, 0, 0, 0, 0, 0, 0, 0, 0, 0, 0, 0, 0, 0, 0, 0, 0, 0, 0, 0, 0, 0, 0, 0, 0, 0]
BEGIN	range/0/8/2/ip-only-response
OBS	[80, 233, 12, 223, 183, 67, 66, 123, 97, 158, 199, 197, 251, 100, 157, 252, 164, 251, 88, 10, 227, 196, 33, 151, 65, 86, 214, 212, 6, 250, 77, 84]
BEGIN	range/0/8/2/wrong-domain
OBS	[230, 102, 111, 130, 9, 15, 203, 184, 123, 201, 33, 76, 178, 127, 54, 170, 212, 30, 132, 10, 36, 14, 50, 99, 30, 255, 3, 81, 4, 10, 112, 116]
BEGIN	range/0/8/4/valid
OBS	[0, 0, 0, 0, 0, 0, 0, 0, 0, 0, 0, 0, 0, 0, 0, 0, 0, 0, 0, 0, 0, 0, 0, 0, 0, 0, 0, 0, 0, 0, 0, 0]
BEGIN	range/0/8/4/ip-only-response
OBS	[12, 80, 171, 154, 238, 14, 3, 181, 33, 223, 40, 156, 103, 123, 253, 164, 101, 152, 19, 242, 250, 216, 254, 103, 36, 5, 229, 88, 100, 44, 105, 108]
BEGIN	range/0/8/4/wrong-domain
OBS	[40, 85, 180, 63, 176, 160, 214, 193, 47, 239, 175, 131, 244, 15, 133, 83, 24, 61, 19, 221, 85, 249, 6, 162, 50, 136, 237, 121, 243, 27, 25, 82]
BEGIN	range/0/8/8/valid
OBS	[0, 0, 0, 0, 0, 0, 0, 0, 0, 0, 0, 0, 0, 0, 0, 0, 0, 0, 0, 0, 0, 0, 0, 0, 0, 0, 0, 0, 0, 0, 0, 0]
BEGIN	range/0/8/8/ip-only-response
OBS	[50, 152, 122, 88, 144, 100, 213, 107, 140, 218, 235, 24, 119, 217, 174, 19, 93, 213, 148, 189, 82, 105, 111, 61, 131, 229, 147, 185, 176, 131, 74, 33]
BEGIN	range/0/8/8/wrong-domain
OBS	[4, 225, 142, 185, 27, 215, 14, 178, 208, 150, 79, 187, 67, 218, 239, 176, 8, 222, 5, 239, 59, 72, 66, 117, 39, 47, 203, 118, 37, 182, 132, 110]
BEGIN	range/0/8/16/valid
OBS	[0, 0, 0, 0, 0, 0, 0, 0, 0, 0, 0, 0, 0, 0, 0, 0, 0, 0, 0, 0, 0, 0, 0, 0, 0, 0, 0, 0, 0, 0, 0, 0]
BEGIN	range/0/8/16/ip-only-response
OBS	[138, 104, 12, 185, 237, 67, 83, 10, 222, 186, 167, 63, 57, 214, 165, 223, 141, 192, 83, 4, 53, 26, 86, 221, 129, 67, 34, 170, 76, 140, 240, 103]
BEGIN	range/0/8/16/wrong-domain
OBS	[84, 21, 26, 72, 66, 183, 100, 101, 239, 223, 175, 133, 21, 179, 167, 69, 33, 176, 252, 22, 28, 90, 139, 217, 159, 165, 223, 253, 69, 246, 197, 55]
BEGIN	range/0/8/32/valid
OBS	[0, 0, 0, 0, 0, 0, 0, 0, 0, 0, 0, 0, 0, 0, 0, 0, 0, 0, 0, 0, 0, 0, 0, 0, 0, 0, 0, 0, 0, 0, 0, 0]
BEGIN	range/0/8/32/ip-only-response
OBS	[124, 198, 35, 157, 184, 125, 181, 20, 192, 55, 203, 139, 53, 192, 16, 37, 204, 250, 232, 139, 146, 189, 241, 181, 250, 142, 1, 232, 25, 255, 170, 119]
BEGIN	range/0/8/32/wrong-domain
OBS	[84, 71, 7, 35, 123, 27, 89, 13, 138, 63, 149, 57, 176, 125, 100, 198, 11, 225, 204, 7, 228, 208, 139, 49, 185, 13, 220, 72, 239, 11, 84, 19]
BEGIN	range/0/16/1/valid
OBS	[0, 0, 0, 0, 0, 0, 0, 0, 0, 0, 0, 0, 0, 0, 0, 0, 0, 0, 0, 0, 0, 0, 0, 0, 0, 0, 0, 0, 0, 0, 0, 0]
BEGIN	range/0/16/1/ip-only-response
OBS	[86, 219, 161, 245, 67, 62, 148, 55, 119, 60, 155, 98, 169, 133, 217, 186, 104, 205, 78, 190, 254, 210, 20, 154, 229, 48, 125, 134, 58, 224, 13, 80]
BEGIN	range/0/16/1/wrong-domain
OBS	[6, 109, 50, 244, 62, 180, 200, 188, 95, 9, 16, 26, 224, 245, 214, 218, 150, 1, 207, 132, 210, 69, 163, 203, 254, 242, 41, 158, 198, 254, 100, 81]
BEGIN	range/0/16/2/valid
OBS	[0, 0, 0, 0, 0, 0, 0, 0, 0, 0, 0, 0, 0, 0, 0, 0, 0, 0, 0, 0, 0, 0, 0, 0, 0, 0, 0, 0, 0, 0, 0, 0]
BEGIN	range/0/16/2/ip-only-response
OBS	[158, 45, 115, 168, 129, 169, 169, 58, 100, 221, 6, 167, 200, 255, 12, 207, 209, 143, 162, 166, 29, 108, 48, 93, 59, 159, 102, 116, 238, 122, 7, 45]
BEGIN	range/0/16/2/wrong-domain
OBS	[72, 76, 91, 235, 254, 168, 13, 4, 41, 191, 129, 93, 133, 84, 167, 187, 15, 236, 218, 168, 248, 52, 141, 236, 225, 211, 236, 56, 171, 92, 219, 23]
BEGIN	range/0/16/4/valid
OBS	[0, 0, 0, 0, 0, 0, 0, 0, 0, 0, 0, 0, 0, 0, 0, 0, 0, 0, 0, 0, 0, 0, 0, 0, 0, 0, 0, 0, 0, 0, 0, 0]
BEGIN	range/0/16/4/ip-only-response
OBS	[34, 179, 3, 80, 14, 89, 72, 180, 132, 0, 255, 246, 184, 248, 228, 252, 132, 237, 147, 34, 19, 149, 117, 93, 210, 255, 248, 131, 224, 56, 126, 57]
BEGIN	range/0/16/4/wrong-domain
OBS	[164, 7, 192, 70, 187, 67, 114, 142, 226, 73, 27, 168, 101, 101, 163, 179, 168, 72, 212, 137, 202, 135, 33, 36, 93, 80, 146, 140, 188, 194, 184, 14]
BEGIN	range/0/16/8/valid
OBS	[0, 0, 0, 0, 0, 0, 0, 0, 0, 0, 0, 0, 0, 0, 0, 0, 0, 0, 0, 0, 0, 0, 0, 0, 0, 0, 0, 0, 0, 0, 0, 0]
BEGIN	range/0/16/8/ip-only-response
OBS	[248, 65, 224, 127, 255, 90, 70, 215, 92, 0, 0, 80, 135, 99, 154, 142, 105, 112, 6, 249, 34, 190, 1, 183, 197, 90, 234, 54, 16, 173, 192, 101]
BEGIN	range/0/16/8/wrong-domain
OBS	[186, 44, 165, 102, 123, 57, 15, 79, 80, 152, 82, 51, 53, 64, 53, 119, 79, 175, 86, 93, 144, 171, 3, 54, 84, 9, 136, 18, 35, 93, 44, 30]
BEGIN	range/0/16/16/valid
OBS	[0, 0, 0, 0, 0, 0, 0, 0, 0, 0, 0, 0, 0, 0, 0, 0, 0, 0, 0, 0, 0, 0, 0, 0, 0, 0, 0, 0, 0, 0, 0, 0]
BEGIN	range/0/16/16/ip-only-response
OBS	[102, 124, 11, 130, 56, 202, 248, 60, 118, 172, 55, 191, 3, 37, 168, 250, 64, 220, 192, 113, 36, 235, 121, 147, 30, 135, 13, 217, 133, 255, 30, 12]
BEGIN	range/0/16/16/wrong-domain
OBS	[92, 30, 243, 141, 111, 69, 201, 91, 95, 210, 12, 179, 138, 1, 35, 65, 68, 150, 87, 145, 150, 166, 236, 70, 220, 73, 84, 226, 128, 42, 28, 37]
BEGIN	range/0/16/32/valid
OBS	[0, 0, 0, 0, 0, 0, 0, 0, 0, 0, 0, 0, 0, 0, 0, 0, 0, 0, 0, 0, 0, 0, 0, 0, 0, 0, 0, 0, 0, 0, 0, 0]
BEGIN	range/0/16/32/ip-only-response
OBS	[90, 172, 133, 61, 116, 10, 64, 196, 15, 195, 32, 107, 192, 11, 247, 111, 159, 190, 48, 203, 48, 45, 222, 45, 99, 247, 53, 202, 243, 49, 131, 64]
BEGIN	range/0/16/32/wrong-domain
OBS	[100, 211, 47, 167, 89, 254, 127, 167, 55, 141, 16, 224, 100, 200, 236, 127, 68, 89, 75, 26, 158, 255, 180, 160, 35, 124, 209, 78, 193, 124, 110, 111]
BEGIN	range/0/32/1/valid
OBS	[0, 0, 0, 0, 0, 0, 0, 0, 0, 0, 0, 0, 0, 0, 0, 0, 0, 0, 0, 0, 0, 0, 0, 0, 0, 0, 0, 0, 0, 0, 0, 0]
BEGIN	range/0/32/1/ip-only-response
OBS	[164, 35, 221, 48, 92, 230, 172, 35, 114, 170, 232, 34, 182, 104, 58, 217, 142, 107, 6, 212, 208, 60, 136, 101, 230, 128, 43, 207, 242, 121, 227, 116]
BEGIN	range/0/32/1/wrong-domain
OBS	[118, 40, 156, 36, 123, 63, 244, 187, 147, 17, 119, 158, 157, 56, 77, 66, 98, 176, 20, 236, 164, 218, 129, 195, 8, 233, 65, 193, 213, 134, 27, 59]
BEGIN	range/0/32/2/valid
OBS	[0, 0, 0, 0, 0, 0, 0, 0, 0, 0, 0, 0, 0, 0, 0, 0, 0, 0, 0, 0, 0, 0, 0, 0, 0, 0, 0, 0, 0, 0, 0, 0]
BEGIN	range/0/32/2/ip-only-response
OBS	[68, 68, 190, 115, 175, 44, 210, 251, 165, 110, 194, 112, 190, 198, 52, 100, 99, 50, 143, 39, 3, 89, 26, 31, 170, 161, 254, 178, 59, 99, 244, 86]
BEGIN	range/0/32/2/wrong-domain
OBS	[56, 129, 67, 34, 233, 248, 113, 41, 134, 101, 91, 82, 223, 16, 106, 107, 72, 178, 183, 160, 16, 118, 140, 85, 24, 239, 225, 48, 21, 105, 254, 66]
BEGIN	range/0/32/4/valid
OBS	[0, 0, 0, 0, 0, 0, 0, 0, 0, 0, 0, 0, 0, 0, 0, 0, 0, 0, 0, 0, 0, 0, 0, 0, 0, 0, 0, 0, 0, 0, 0, 0]
BEGIN	range/0/32/4/ip-only-response
OBS	[46, 216, 115, 26, 23, 86, 180, 5, 208, 10, 46, 200, 198, 95, 44, 245, 151, 141, 79, 169, 49, 118, 120, 160, 137, 164, 126, 123, 39, 78, 195, 78]
BEGIN	range/0/32/4/wrong-domain
OBS	[190, 84, 178, 111, 21, 242, 200, 148, 77, 171, 109, 59, 0, 53, 59, 47, 140, 200, 171, 224, 48, 2, 7, 46, 95, 252, 203, 63, 101, 63, 76, 21]
BEGIN	range/0/32/8/valid
OBS	[0, 0, 0, 0, 0, 0, 0, 0, 0, 0, 0, 0, 0, 0, 0, 0, 0, 0, 0, 0, 0, 0, 0, 0, 0, 0, 0, 0, 0, 0, 0, 0]
BEGIN	range/0/32/8/ip-only-response
OBS	[48, 104, 1, 154, 224, 40, 50, 159, 136, 232, 64, 46, 205, 198, 159, 228, 137, 253, 140, 143, 171, 215, 53, 77, 12, 60, 223, 123, 74, 12, 86, 19]
BEGIN	range/0/32/8/wrong-domain
OBS	[236, 33, 169, 63, 77, 112, 64, 193, 242, 103, 127, 240, 16, 141, 228, 151, 173, 45, 234, 77, 193, 89, 119, 41, 79, 239, 38, 234, 212, 212, 39, 7]
BEGIN	range/0/32/16/valid
OBS	[0, 0, 0, 0, 0, 0, 0, 0, 0, 0, 0, 0, 0, 0, 0, 0, 0, 0, 0, 0, 0, 0, 0, 0, 0, 0, 0, 0, 0, 0, 0, 0]
BEGIN	range/0/32/16/ip-only-response
OBS	[114, 25, 154, 26, 154, 209, 93, 148, 18, 119, 211, 230, 159, 211, 135, 133, 118, 64, 213, 112, 142, 96, 124, 19, 252, 208, 182, 170, 33, 4, 197, 18]
BEGIN	range/0/32/16/wrong-domain
OBS	[28, 175, 32, 0, 67, 189, 194, 102, 219, 180, 181, 223, 49, 245, 28, 228, 26, 73, 217, 10, 90, 166, 231, 197, 61, 198, 88, 21, 20, 77, 26, 16]
BEGIN	range/0/32/32/valid
OBS	[0, 0, 0, 0, 0, 0, 0, 0, 0, 0, 0, 0, 0, 0, 0, 0, 0, 0, 0, 0, 0, 0, 0, 0, 0, 0, 0, 0, 0, 0, 0, 0]
BEGIN	range/0/32/32/ip-only-response
OBS	[78, 116, 122, 213, 8, 133, 135, 205, 220, 159, 77, 191, 111, 2, 144, 126, 158, 244, 88, 77, 230, 139, 205, 169, 90, 121, 202, 220, 236, 145, 205, 49]
BEGIN	range/0/32/32/wrong-domain
OBS	[232, 124, 29, 7, 0, 217, 71, 17, 86, 32, 26, 53, 49, 115, 224, 112, 252, 205, 34, 224, 47, 129, 220, 210, 148, 64, 50, 18, 4, 52, 5, 57]
BEGIN	range/0/64/1/valid
OBS	[0, 0, 0, 0, 0, 0, 0, 0, 0, 0, 0, 0, 0, 0, 0, 0, 0, 0, 0, 0, 0, 0, 0, 0, 0, 0, 0, 0, 0, 0, 0, 0]
BEGIN	range/0/64/1/ip-only-response
OBS	[6, 145, 55, 190, 53, 108, 118, 134, 36, 94, 44, 195, 252, 69, 204, 211, 17, 158, 148, 66, 75, 184, 104, 65, 35, 215, 210, 149, 47, 59, 146, 109]
BEGIN	range/0/64/1/wrong-domain
OBS	[138, 91, 226, 130, 208, 40, 29, 226, 169, 198, 154, 206, 73, 227, 18, 170, 109, 98, 34, 93, 123, 116, 148, 126, 119, 50, 188, 185, 218, 13, 108, 42]
BEGIN	range/0/64/2/valid
OBS	[0, 0, 0, 0, 0, 0, 0, 0, 0, 0, 0, 0, 0, 0, 0, 0, 0, 0, 0, 0, 0, 0, 0, 0, 0, 0, 0, 0, 0, 0, 0, 0]
BEGIN	range/0/64/2/ip-only-response
OBS	[220, 105, 163, 205, 45, 118, 188, 146, 14, 111, 227, 111, 42, 203, 65, 181, 204, 206, 193, 198, 216, 141, 120, 217, 110, 156, 124, 235, 35, 195, 27, 2]
BEGIN	range/0/64/2/wrong-domain
OBS	[54, 3, 43, 242, 156, 202, 127, 195, 21, 255, 144, 181, 199, 102, 119, 7, 146, 120, 80, 120, 4, 214, 113, 66, 210, 238, 96, 73, 237, 8, 93, 121]
BEGIN	range/0/64/2/field-0-zero
BEGIN	range/0/64/2/field-0-invalid
BEGIN	range/0/64/2/field-0-point
OBS	[116, 175, 170, 251, 99, 28, 128, 103, 211, 95, 65, 39, 195, 194, 111, 88, 131, 66, 206, 54, 109, 35, 18, 128, 119, 35, 19, 232, 166, 49, 50, 24]
BEGIN	range/0/64/2/field-1-zero
BEGIN	range/0/64/2/field-1-invalid
BEGIN	range/0/64/2/field-1-point
OBS	[174, 109, 73, 204, 38, 223, 165, 115, 145, 145, 64, 209, 13, 174, 215, 240, 53, 144, 25, 17, 13, 29, 101, 85, 208, 209, 107, 223, 211, 167, 99, 110]
BEGIN	range/0/64/2/field-2-zero
BEGIN	range/0/64/2/field-2-invalid
BEGIN	range/0/64/2/field-2-point
OBS	[2, 247, 48, 143, 73, 47, 65, 98, 115, 131, 178, 168, 173, 234, 43, 197, 224, 112, 159, 232, 127, 212, 225, 102, 44, 96, 74, 209, 27, 190, 232, 103]
BEGIN	range/0/64/2/field-3-zero
BEGIN	range/0/64/2/field-3-invalid
BEGIN	range/0/64/2/field-3-point
OBS	[76, 203, 179, 96, 221, 26, 231, 70, 39, 73, 108, 245, 103, 83, 120, 8, 98, 195, 118, 13, 223, 45, 77, 40, 188, 154, 77, 178, 43, 85, 149, 49]
BEGIN	range/0/64/2/field-4-zero
OBS	[46, 29, 59, 24, 54, 120, 117, 207, 100, 131, 138, 214, 85, 209, 1, 154, 192, 155, 132, 7, 3, 81, 205, 83, 226, 251, 158, 122, 36, 181, 248, 88]
BEGIN	range/0/64/2/field-4-invalid
BEGIN	range/0/64/2/field-4-point
BEGIN	range/0/64/2/field-5-zero
OBS	[104, 155, 108, 183, 212, 214, 105, 218, 183, 223, 200, 131, 172, 223, 3, 250, 176, 66, 245, 188, 47, 194, 216, 0, 58, 206, 156, 223, 129, 107, 96, 52]
BEGIN	range/0/64/2/field-5-invalid
BEGIN	range/0/64/2/field-5-point
BEGIN	range/0/64/2/field-6-zero
OBS	[130, 25, 241, 67, 40, 70, 216, 9, 44, 252, 64, 36, 21, 138, 102, 15, 77, 45, 166, 153, 41, 152, 136, 172, 18, 122, 207, 196, 149, 32, 5, 127]
BEGIN	range/0/64/2/field-6-invalid
BEGIN	range/0/64/2/field-6-point
BEGIN	range/0/64/2/field-7-zero
BEGIN	range/0/64/2/field-7-invalid
BEGIN	range/0/64/2/field-7-point
OBS	[40, 21, 243, 105, 249, 172, 184, 68, 93, 108, 162, 7, 160, 123, 131, 107, 0, 118, 206, 246, 71, 116, 58, 204, 19, 173, 229, 41, 121, 98, 77, 70]
BEGIN	range/0/64/2/field-8-zero
BEGIN	range/0/64/2/field-8-invalid
BEGIN	range/0/64/2/field-8-point
OBS	[126, 130, 198, 209, 122, 136, 247, 112, 162, 227, 155, 252, 76, 252, 119, 49, 109, 246, 23, 219, 175, 166, 137, 61, 255, 109, 192, 132, 121, 58, 32, 58]
BEGIN	range/0/64/2/field-9-zero
BEGIN	range/0/64/2/field-9-invalid
BEGIN	range/0/64/2/field-9-point
OBS	[86, 212, 57, 71, 221, 28, 17, 237, 73, 145, 169, 240, 87, 182, 107, 1, 85, 148, 10, 128, 179, 171, 114, 59, 162, 105, 222, 71, 156, 47, 54, 38]
BEGIN	range/0/64/2/field-10-zero
BEGIN	range/0/64/2/field-10-invalid
BEGIN	range/0/64/2/field-10-point
OBS	[126, 59, 75, 156, 195, 229, 39, 134, 231, 185, 52, 131, 193, 188, 27, 69, 95, 50, 206, 209, 85, 228, 68, 82, 154, 40, 134, 249, 121, 146, 95, 20]
BEGIN	range/0/64/2/field-11-zero
BEGIN	range/0/64/2/field-11-invalid
BEGIN	range/0/64/2/field-11-point
OBS	[236, 198, 4, 218, 41, 120, 163, 20, 180, 226, 255, 28, 211, 230, 144, 216, 237, 34, 208, 115, 194, 245, 247, 104, 151, 81, 173, 91, 69, 56, 75, 42]
BEGIN	range/0/64/2/field-12-zero
BEGIN	range/0/64/2/field-12-invalid
BEGIN	range/0/64/2/field-12-point
OBS	[44, 18, 40, 243, 7, 219, 210, 140, 220, 208, 27, 137, 119, 178, 24, 210, 28, 59, 221, 96, 160, 121, 235, 121, 165, 245, 93, 30, 111, 249, 254, 112]
BEGIN	range/0/64/2/field-13-zero
BEGIN	range/0/64/2/field-13-invalid
BEGIN	range/0/64/2/field-13-point
OBS	[72, 139, 73, 146, 108, 251, 157, 133, 137, 140, 163, 135, 61, 31, 168, 29, 175, 34, 165, 36, 99, 144, 66, 168, 243, 81, 126, 109, 220, 218, 13, 56]
BEGIN	range/0/64/2/field-14-zero
BEGIN	range/0/64/2/field-14-invalid
BEGIN	range/0/64/2/field-14-point
OBS	[152, 228, 144, 39, 26, 245, 161, 181, 248, 35, 215, 62, 36, 45, 173, 74, 148, 95, 179, 49, 241, 243, 195, 117, 185, 32, 104, 3, 243, 54, 242, 88]
BEGIN	range/0/64/2/field-15-zero
BEGIN	range/0/64/2/field-15-invalid
BEGIN	range/0/64/2/field-15-point
OBS	[82, 255, 255, 67, 25, 16, 45, 144, 6, 77, 229, 59, 66, 143, 73, 182, 58, 159, 251, 140, 6, 34, 37, 110, 98, 84, 119, 247, 115, 154, 186, 39]
BEGIN	range/0/64/2/field-16-zero
BEGIN	range/0/64/2/field-16-invalid
BEGIN	range/0/64/2/field-16-point
OBS	[174, 112, 250, 168, 69, 80, 83, 145, 214, 6, 2, 86, 52, 206, 58, 116, 234, 247, 122, 243, 180, 170, 113, 13, 219, 131, 194, 44, 170, 4, 189, 54]
BEGIN	range/0/64/2/field-17-zero
BEGIN	range/0/64/2/field-17-invalid
BEGIN	range/0/64/2/field-17-point
OBS	[156, 158, 77, 244, 11, 215, 30, 224, 209, 228, 2, 69, 50, 48, 73, 57, 116, 57, 241, 18, 107, 31, 99, 50, 202, 112, 102, 74, 72, 97, 189, 4]
BEGIN	range/0/64/2/field-18-zero
BEGIN	range/0/64/2/field-18-invalid
BEGIN	range/0/64/2/field-18-point
OBS	[72, 96, 60, 247, 243, 213, 210, 51, 113, 10, 59, 218, 81, 100, 232, 103, 100, 26, 139, 131, 8, 147, 28, 139, 162, 190, 90, 99, 101, 67, 141, 113]
BEGIN	range/0/64/2/field-19-zero
BEGIN	range/0/64/2/field-19-invalid
BEGIN	range/0/64/2/field-19-point
OBS	[172, 154, 79, 20, 66, 238, 149, 216, 78, 172, 240, 147, 204, 90, 186, 182, 119, 224, 151, 223, 33, 100, 68, 116, 68, 117, 239, 65, 177, 90, 118, 24]
BEGIN	range/0/64/2/field-20-zero
BEGIN	range/0/64/2/field-20-invalid
BEGIN	range/0/64/2/field-20-point
OBS	[246, 204, 150, 217, 125, 1, 255, 49, 225, 79, 144, 37, 243, 121, 132, 60, 69, 11, 71, 27, 169, 84, 118, 219, 142, 53, 75, 217, 191, 5, 184, 35]
BEGIN	range/0/64/2/field-21-zero
OBS	[134, 174, 228, 146, 84, 74, 79, 131, 82, 156, 193, 253, 47, 180, 94, 126, 126, 195, 233, 96, 136, 218, 218, 43, 234, 226, 225, 141, 72, 98, 31, 91]
BEGIN	range/0/64/2/field-21-invalid
BEGIN	range/0/64/2/field-21-point
BEGIN	range/0/64/2/field-22-zero
OBS	[28, 225, 192, 245, 77, 253, 242, 46, 191, 7, 18, 112, 49, 249, 123, 125, 221, 93, 19, 80, 75, 147, 250, 241, 159, 173, 55, 111, 110, 166, 34, 16]
BEGIN	range/0/64/2/field-22-invalid
BEGIN	range/0/64/2/field-22-point
BEGIN	range/0/64/2/commitment-0-invalid
BEGIN	range/0/64/2/commitment-0-point
OBS	[122, 130, 132, 119, 167, 109, 112, 54, 151, 177, 184, 110, 141, 77, 187, 76, 246, 250, 171, 124, 180, 6, 149, 78, 111, 27, 170, 55, 29, 195, 172, 50]
BEGIN	range/0/64/2/commitment-1-zero
OBS	[134, 151, 223, 64, 186, 87, 126, 65, 46, 214, 77, 31, 253, 192, 106, 104, 108, 55, 48, 148, 42, 220, 45, 49, 236, 110, 81, 15, 247, 241, 204, 25]
BEGIN	range/0/64/2/commitment-1-invalid
BEGIN	range/0/64/2/commitment-1-point
OBS	[94, 134, 18, 40, 148, 38, 165, 2, 38, 184, 206, 38, 190, 50, 117, 114, 143, 33, 250, 89, 114, 52, 155, 242, 12, 46, 132, 49, 212, 20, 95, 123]
BEGIN	range/0/64/2/truncated-0
BEGIN	range/0/64/2/truncated-1
BEGIN	range/0/64/2/truncated-735
BEGIN	range/0/64/2/truncated-704
BEGIN	range/0/64/2/trailing
BEGIN	range/0/64/2/invalid-bits
BEGIN	range/0/64/2/short-generators
BEGIN	range/0/64/2/short-parties
BEGIN	range/0/64/2/empty-values
BEGIN	range/0/64/2/nonpower-values
BEGIN	range/0/64/4/valid
OBS	[0, 0, 0, 0, 0, 0, 0, 0, 0, 0, 0, 0, 0, 0, 0, 0, 0, 0, 0, 0, 0, 0, 0, 0, 0, 0, 0, 0, 0, 0, 0, 0]
BEGIN	range/0/64/4/ip-only-response
OBS	[148, 237, 56, 224, 65, 2, 78, 178, 216, 6, 130, 144, 161, 77, 94, 162, 150, 73, 163, 100, 77, 8, 225, 21, 75, 132, 252, 55, 237, 143, 168, 116]
BEGIN	range/0/64/4/wrong-domain
OBS	[138, 143, 26, 103, 104, 25, 148, 55, 200, 109, 213, 141, 109, 132, 144, 183, 132, 72, 49, 33, 126, 227, 34, 237, 92, 159, 236, 49, 13, 13, 141, 86]
BEGIN	range/0/64/8/valid
OBS	[0, 0, 0, 0, 0, 0, 0, 0, 0, 0, 0, 0, 0, 0, 0, 0, 0, 0, 0, 0, 0, 0, 0, 0, 0, 0, 0, 0, 0, 0, 0, 0]
BEGIN	range/0/64/8/ip-only-response
OBS	[102, 207, 101, 240, 169, 200, 48, 11, 146, 255, 83, 48, 223, 109, 138, 190, 114, 160, 207, 124, 26, 134, 14, 127, 10, 117, 60, 34, 109, 0, 24, 126]
BEGIN	range/0/64/8/wrong-domain
OBS	[84, 176, 191, 233, 143, 86, 254, 219, 11, 35, 191, 214, 199, 204, 86, 88, 50, 208, 120, 192, 143, 56, 218, 5, 165, 108, 55, 184, 93, 85, 211, 105]
BEGIN	range/0/64/16/valid
OBS	[0, 0, 0, 0, 0, 0, 0, 0, 0, 0, 0, 0, 0, 0, 0, 0, 0, 0, 0, 0, 0, 0, 0, 0, 0, 0, 0, 0, 0, 0, 0, 0]
BEGIN	range/0/64/16/ip-only-response
OBS	[206, 120, 192, 93, 178, 163, 130, 29, 86, 179, 239, 28, 242, 61, 143, 152, 124, 187, 175, 95, 20, 168, 154, 81, 182, 109, 39, 170, 20, 138, 111, 83]
BEGIN	range/0/64/16/wrong-domain
OBS	[154, 222, 242, 79, 203, 163, 28, 184, 169, 215, 12, 146, 5, 97, 82, 207, 16, 126, 65, 114, 99, 60, 86, 240, 3, 186, 53, 255, 164, 31, 217, 110]
BEGIN	range/0/64/32/valid
OBS	[0, 0, 0, 0, 0, 0, 0, 0, 0, 0, 0, 0, 0, 0, 0, 0, 0, 0, 0, 0, 0, 0, 0, 0, 0, 0, 0, 0, 0, 0, 0, 0]
BEGIN	range/0/64/32/ip-only-response
OBS	[86, 78, 24, 78, 81, 200, 135, 151, 135, 205, 197, 165, 123, 24, 192, 39, 47, 190, 94, 4, 90, 66, 16, 246, 129, 212, 245, 16, 188, 203, 132, 122]
BEGIN	range/0/64/32/wrong-domain
OBS	[100, 255, 247, 162, 10, 28, 128, 84, 97, 10, 141, 49, 35, 166, 131, 9, 110, 129, 19, 62, 255, 122, 239, 214, 151, 21, 100, 243, 172, 33, 166, 106]
BEGIN	range/1/8/1/valid
OBS	[0, 0, 0, 0, 0, 0, 0, 0, 0, 0, 0, 0, 0, 0, 0, 0, 0, 0, 0, 0, 0, 0, 0, 0, 0, 0, 0, 0, 0, 0, 0, 0]
BEGIN	range/1/8/1/ip-only-response
OBS	[26, 157, 175, 5, 33, 38, 85, 132, 237, 104, 37, 26, 138, 73, 245, 157, 74, 128, 66, 153, 150, 65, 148, 252, 78, 203, 160, 238, 171, 67, 121, 24]
BEGIN	range/1/8/1/wrong-domain
OBS	[182, 249, 16, 45, 195, 9, 101, 126, 6, 131, 25, 192, 116, 137, 11, 113, 46, 157, 162, 211, 76, 204, 171, 181, 160, 66, 136, 101, 138, 227, 150, 83]
BEGIN	range/1/8/2/valid
OBS	[0, 0, 0, 0, 0, 0, 0, 0, 0, 0, 0, 0, 0, 0, 0, 0, 0, 0, 0, 0, 0, 0, 0, 0, 0, 0, 0, 0, 0, 0, 0, 0]
BEGIN	range/1/8/2/ip-only-response
OBS	[60, 111, 52, 169, 211, 140, 253, 78, 50, 77, 80, 95, 202, 222, 44, 166, 37, 104, 227, 180, 13, 101, 121, 105, 222, 152, 65, 29, 195, 182, 98, 119]
BEGIN	range/1/8/2/wrong-domain
OBS	[68, 84, 146, 192, 174, 173, 197, 155, 252, 22, 8, 59, 110, 224, 99, 179, 41, 138, 102, 48, 0, 101, 18, 203, 47, 5, 115, 129, 131, 98, 162, 116]
BEGIN	range/1/8/4/valid
OBS	[0, 0, 0, 0, 0, 0, 0, 0, 0, 0, 0, 0, 0, 0, 0, 0, 0, 0, 0, 0, 0, 0, 0, 0, 0, 0, 0, 0, 0, 0, 0, 0]
BEGIN	range/1/8/4/ip-only-response
OBS	[240, 169, 24, 224, 139, 24, 174, 3, 233, 43, 66, 82, 37, 39, 187, 160, 190, 194, 86, 97, 145, 171, 180, 137, 229, 98, 42, 125, 86, 33, 1, 76]
BEGIN	range/1/8/4/wrong-domain
OBS	[116, 253, 151, 100, 148, 180, 45, 129, 78, 69, 14, 113, 101, 90, 162, 68, 139, 27, 132, 189, 246, 39, 199, 21, 167, 162, 186, 39, 204, 162, 76, 95]
BEGIN	range/1/8/8/valid
OBS	[0, 0, 0, 0, 0, 0, 0, 0, 0, 0, 0, 0, 0, 0, 0, 0, 0, 0, 0, 0, 0, 0, 0, 0, 0, 0, 0, 0, 0, 0, 0, 0]
BEGIN	range/1/8/8/ip-only-response
OBS	[220, 113, 18, 139, 159, 101, 241, 78, 220, 154, 104, 237, 202, 21, 57, 103, 192, 60, 208, 139, 186, 128, 176, 203, 201, 140, 9, 99, 218, 51, 29, 6]
BEGIN	range/1/8/8/wrong-domain
OBS	[24, 223, 92, 153, 242, 188, 64, 73, 21, 36, 83, 54, 193, 126, 188, 15, 182, 98, 19, 181, 49, 214, 217, 77, 113, 75, 232, 246, 198, 105, 171, 53]
BEGIN	range/1/8/16/valid
OBS	[0, 0, 0, 0, 0, 0, 0, 0, 0, 0, 0, 0, 0, 0, 0, 0, 0, 0, 0, 0, 0, 0, 0, 0, 0, 0, 0, 0, 0, 0, 0, 0]
BEGIN	range/1/8/16/ip-only-response
OBS	[130, 19, 124, 61, 8, 156, 192, 64, 138, 201, 230, 228, 144, 230, 156, 84, 67, 144, 241, 126, 244, 246, 156, 146, 67, 201, 200, 147, 184, 96, 177, 77]
BEGIN	range/1/8/16/wrong-domain
OBS	[130, 59, 55, 39, 140, 34, 5, 16, 32, 27, 37, 163, 142, 134, 144, 217, 53, 239, 143, 86, 175, 203, 181, 178, 175, 27, 48, 32, 54, 62, 80, 65]
BEGIN	range/1/8/32/valid
OBS	[0, 0, 0, 0, 0, 0, 0, 0, 0, 0, 0, 0, 0, 0, 0, 0, 0, 0, 0, 0, 0, 0, 0, 0, 0, 0, 0, 0, 0, 0, 0, 0]
BEGIN	range/1/8/32/ip-only-response
OBS	[92, 112, 164, 19, 66, 85, 14, 97, 114, 39, 210, 190, 7, 32, 222, 154, 93, 178, 166, 25, 130, 51, 42, 175, 18, 220, 130, 228, 248, 125, 32, 35]
BEGIN	range/1/8/32/wrong-domain
OBS	[126, 250, 74, 22, 243, 26, 49, 177, 123, 32, 61, 248, 253, 7, 181, 160, 7, 186, 228, 29, 63, 242, 178, 138, 12, 57, 142, 105, 183, 161, 16, 99]
BEGIN	range/1/16/1/valid
OBS	[0, 0, 0, 0, 0, 0, 0, 0, 0, 0, 0, 0, 0, 0, 0, 0, 0, 0, 0, 0, 0, 0, 0, 0, 0, 0, 0, 0, 0, 0, 0, 0]
BEGIN	range/1/16/1/ip-only-response
OBS	[84, 80, 210, 203, 224, 171, 220, 87, 236, 203, 175, 216, 14, 57, 75, 32, 151, 205, 33, 147, 229, 50, 44, 22, 143, 132, 27, 116, 4, 0, 113, 50]
BEGIN	range/1/16/1/wrong-domain
OBS	[36, 108, 210, 24, 27, 0, 234, 216, 61, 133, 145, 199, 18, 126, 9, 103, 92, 2, 104, 104, 81, 14, 249, 48, 103, 28, 64, 28, 232, 141, 105, 11]
BEGIN	range/1/16/2/valid
OBS	[0, 0, 0, 0, 0, 0, 0, 0, 0, 0, 0, 0, 0, 0, 0, 0, 0, 0, 0, 0, 0, 0, 0, 0, 0, 0, 0, 0, 0, 0, 0, 0]
BEGIN	range/1/16/2/ip-only-response
OBS	[218, 133, 54, 8, 16, 37, 87, 74, 28, 145, 138, 229, 247, 70, 140, 20, 169, 132, 120, 18, 59, 160, 141, 60, 29, 187, 250, 208, 68, 137, 71, 35]
BEGIN	range/1/16/2/wrong-domain
OBS	[240, 219, 178, 216, 69, 81, 216, 48, 156, 229, 109, 128, 140, 9, 85, 119, 52, 115, 73, 124, 65, 67, 81, 180, 84, 184, 155, 93, 148, 157, 40, 99]
BEGIN	range/1/16/4/valid
OBS	[0, 0, 0, 0, 0, 0, 0, 0, 0, 0, 0, 0, 0, 0, 0, 0, 0, 0, 0, 0, 0, 0, 0, 0, 0, 0, 0, 0, 0, 0, 0, 0]
BEGIN	range/1/16/4/ip-only-response
OBS	[158, 168, 235, 21, 50, 163, 144, 8, 106, 90, 199, 250, 201, 12, 101, 158, 54, 96, 54, 110, 44, 44, 79, 171, 205, 203, 172, 85, 208, 161, 165, 19]
BEGIN	range/1/16/4/wrong-domain
OBS	[126, 89, 215, 175, 195, 22, 231, 172, 179, 92, 148, 28, 58, 6, 104, 214, 97, 24, 224, 9, 142, 208, 196, 120, 254, 215, 144, 223, 85, 57, 157, 94]
BEGIN	range/1/16/8/valid
OBS	[0, 0, 0, 0, 0, 0, 0, 0, 0, 0, 0, 0, 0, 0, 0, 0, 0, 0, 0, 0, 0, 0, 0, 0, 0, 0, 0, 0, 0, 0, 0, 0]
BEGIN	range/1/16/8/ip-only-response
OBS	[158, 95, 198, 250, 98, 41, 22, 74, 98, 154, 189, 175, 223, 101, 39, 174, 239, 188, 121, 6, 99, 144, 217, 201, 202, 99, 80, 29, 64, 162, 212, 107]
BEGIN	range/1/16/8/wrong-domain
OBS	[126, 229, 101, 163, 183, 128, 215, 224, 218, 99, 104, 221, 119, 52, 96, 235, 77, 200, 253, 14, 128, 213, 83, 232, 194, 108, 209, 163, 71, 35, 245, 127]
BEGIN	range/1/16/16/valid
OBS	[0, 0, 0, 0, 0, 0, 0, 0, 0, 0, 0, 0, 0, 0, 0, 0, 0, 0, 0, 0, 0, 0, 0, 0, 0, 0, 0, 0, 0, 0, 0, 0]
BEGIN	range/1/16/16/ip-only-response
OBS	[56, 119, 196, 4, 30, 146, 26, 117, 190, 118, 109, 167, 73, 189, 226, 237, 55, 79, 230, 121, 152, 97, 60, 159, 49, 205, 244, 173, 19, 233, 50, 31]
BEGIN	range/1/16/16/wrong-domain
OBS	[74, 235, 28, 233, 50, 221, 44, 37, 217, 195, 109, 50, 107, 19, 52, 62, 248, 189, 31, 5, 175, 10, 183, 154, 18, 157, 178, 226, 170, 199, 2, 29]
BEGIN	range/1/16/32/valid
OBS	[0, 0, 0, 0, 0, 0, 0, 0, 0, 0, 0, 0, 0, 0, 0, 0, 0, 0, 0, 0, 0, 0, 0, 0, 0, 0, 0, 0, 0, 0, 0, 0]
BEGIN	range/1/16/32/ip-only-response
OBS	[32, 200, 204, 129, 203, 50, 47, 116, 106, 197, 230, 192, 10, 51, 27, 1, 151, 138, 42, 34, 196, 245, 45, 107, 58, 242, 7, 48, 227, 103, 200, 39]
BEGIN	range/1/16/32/wrong-domain
OBS	[0, 41, 52, 76, 98, 227, 86, 218, 195, 206, 178, 141, 29, 81, 22, 47, 74, 28, 181, 142, 102, 190, 143, 195, 63, 183, 21, 109, 132, 160, 182, 123]
BEGIN	range/1/32/1/valid
OBS	[0, 0, 0, 0, 0, 0, 0, 0, 0, 0, 0, 0, 0, 0, 0, 0, 0, 0, 0, 0, 0, 0, 0, 0, 0, 0, 0, 0, 0, 0, 0, 0]
BEGIN	range/1/32/1/ip-only-response
OBS	[214, 199, 46, 248, 66, 208, 138, 127, 165, 179, 60, 97, 41, 21, 53, 18, 147, 53, 160, 212, 3, 23, 74, 46, 100, 245, 219, 101, 140, 25, 2, 88]
BEGIN	range/1/32/1/wrong-domain
OBS	[74, 7, 117, 232, 198, 64, 50, 21, 64, 248, 222, 32, 159, 71, 29, 164, 139, 20, 111, 88, 59, 73, 189, 91, 223, 163, 186, 128, 30, 62, 154, 14]
BEGIN	range/1/32/2/valid
OBS	[0, 0, 0, 0, 0, 0, 0, 0, 0, 0, 0, 0, 0, 0, 0, 0, 0, 0, 0, 0, 0, 0, 0, 0, 0, 0, 0, 0, 0, 0, 0, 0]
BEGIN	range/1/32/2/ip-only-response
OBS	[6, 144, 171, 92, 108, 62, 187, 24, 115, 78, 183, 206, 151, 24, 12, 115, 28, 96, 105, 107, 104, 140, 74, 145, 106, 228, 164, 80, 162, 33, 175, 0]
BEGIN	range/1/32/2/wrong-domain
OBS	[2, 177, 253, 227, 11, 105, 212, 87, 203, 165, 114, 153, 72, 101, 105, 35, 168, 142, 133, 179, 225, 91, 204, 231, 83, 84, 61, 8, 214, 106, 177, 107]
BEGIN	range/1/32/4/valid
OBS	[0, 0, 0, 0, 0, 0, 0, 0, 0, 0, 0, 0, 0, 0, 0, 0, 0, 0, 0, 0, 0, 0, 0, 0, 0, 0, 0, 0, 0, 0, 0, 0]
BEGIN	range/1/32/4/ip-only-response
OBS	[196, 157, 38, 248, 101, 232, 223, 33, 228, 109, 134, 80, 0, 16, 199, 144, 103, 22, 174, 182, 182, 196, 102, 37, 226, 192, 74, 117, 129, 124, 99, 88]
BEGIN	range/1/32/4/wrong-domain
OBS	[12, 187, 32, 149, 89, 247, 45, 53, 240, 45, 213, 149, 180, 138, 20, 115, 103, 72, 200, 109, 150, 164, 60, 90, 57, 66, 206, 244, 149, 205, 174, 117]
BEGIN	range/1/32/8/valid
OBS	[0, 0, 0, 0, 0, 0, 0, 0, 0, 0, 0, 0, 0, 0, 0, 0, 0, 0, 0, 0, 0, 0, 0, 0, 0, 0, 0, 0, 0, 0, 0, 0]
BEGIN	range/1/32/8/ip-only-response
OBS	[78, 227, 158, 130, 45, 68, 223, 77, 32, 76, 14, 182, 93, 25, 91, 42, 170, 196, 189, 25, 79, 171, 11, 172, 38, 200, 34, 201, 43, 174, 22, 102]
BEGIN	range/1/32/8/wrong-domain
OBS	[110, 252, 175, 158, 211, 66, 53, 74, 85, 213, 33, 140, 254, 165, 202, 61, 156, 26, 26, 84, 2, 133, 120, 148, 200, 10, 183, 48, 187, 185, 30, 114]
BEGIN	range/1/32/16/valid
OBS	[0, 0, 0, 0, 0, 0, 0, 0, 0, 0, 0, 0, 0, 0, 0, 0, 0, 0, 0, 0, 0, 0, 0, 0, 0, 0, 0, 0, 0, 0, 0, 0]
BEGIN	range/1/32/16/ip-only-response
OBS	[182, 93, 161, 101, 204, 204, 154, 71, 164, 74, 65, 6, 107, 177, 79, 54, 156, 169, 64, 186, 87, 26, 150, 152, 56, 69, 80, 23, 166, 140, 232, 5]
BEGIN	range/1/32/16/wrong-domain
OBS	[154, 41, 236, 9, 148, 225, 252, 30, 142, 232, 84, 177, 236, 50, 119, 31, 212, 169, 243, 215, 126, 50, 220, 165, 69, 64, 214, 4, 94, 77, 175, 6]
BEGIN	range/1/32/32/valid
OBS	[0, 0, 0, 0, 0, 0, 0, 0, 0, 0, 0, 0, 0, 0, 0, 0, 0, 0, 0, 0, 0, 0, 0, 0, 0, 0, 0, 0, 0, 0, 0, 0]
BEGIN	range/1/32/32/ip-only-response
OBS	[4, 110, 226, 169, 175, 116, 104, 47, 155, 162, 127, 145, 225, 85, 16, 72, 173, 17, 36, 253, 218, 143, 111, 108, 145, 251, 198, 167, 149, 50, 137, 74]
BEGIN	range/1/32/32/wrong-domain
OBS	[136, 142, 15, 110, 134, 214, 219, 214, 11, 167, 72, 32, 129, 48, 33, 115, 14, 67, 149, 204, 128, 100, 56, 24, 133, 140, 36, 12, 20, 44, 168, 65]
BEGIN	range/1/64/1/valid
OBS	[0, 0, 0, 0, 0, 0, 0, 0, 0, 0, 0, 0, 0, 0, 0, 0, 0, 0, 0, 0, 0, 0, 0, 0, 0, 0, 0, 0, 0, 0, 0, 0]
BEGIN	range/1/64/1/ip-only-response
OBS	[4, 14, 31, 185, 12, 5, 43, 22, 218, 169, 186, 100, 228, 169, 132, 172, 74, 81, 69, 185, 196, 160, 12, 173, 167, 80, 255, 100, 197, 131, 120, 27]
BEGIN	range/1/64/1/wrong-domain
OBS	[164, 73, 101, 185, 113, 134, 101, 217, 243, 247, 115, 79, 223, 114, 221, 238, 171, 213, 214, 106, 192, 232, 17, 179, 223, 165, 197, 188, 153, 233, 213, 52]
BEGIN	range/1/64/2/valid
OBS	[0, 0, 0, 0, 0, 0, 0, 0, 0, 0, 0, 0, 0, 0, 0, 0, 0, 0, 0, 0, 0, 0, 0, 0, 0, 0, 0, 0, 0, 0, 0, 0]
BEGIN	range/1/64/2/ip-only-response
OBS	[204, 1, 209, 63, 91, 32, 171, 227, 157, 111, 83, 42, 58, 109, 251, 218, 247, 132, 203, 139, 47, 224, 89, 196, 184, 5, 215, 56, 138, 202, 145, 43]
BEGIN	range/1/64/2/wrong-domain
OBS	[186, 94, 74, 67, 235, 96, 209, 6, 82, 73, 234, 27, 135, 182, 251, 91, 136, 168, 13, 85, 28, 123, 115, 172, 81, 60, 39, 58, 45, 162, 33, 57]
BEGIN	range/1/64/4/valid
OBS	[0, 0, 0, 0, 0, 0, 0, 0, 0, 0, 0, 0, 0, 0, 0, 0, 0, 0, 0, 0, 0, 0, 0, 0, 0, 0, 0, 0, 0, 0, 0, 0]
BEGIN	range/1/64/4/ip-only-response
OBS	[162, 23, 110, 41, 129, 201, 147, 23, 176, 34, 49, 178, 165, 210, 12, 58, 137, 221, 41, 51, 200, 249, 191, 123, 69, 53, 92, 185, 173, 166, 64, 107]
BEGIN	range/1/64/4/wrong-domain
OBS	[122, 48, 203, 62, 146, 248, 144, 167, 98, 56, 12, 14, 174, 234, 179, 130, 68, 85, 134, 3, 80, 133, 126, 194, 69, 239, 91, 81, 58, 144, 154, 44]
BEGIN	range/1/64/8/valid
OBS	[0, 0, 0, 0, 0, 0, 0, 0, 0, 0, 0, 0, 0, 0, 0, 0, 0, 0, 0, 0, 0, 0, 0, 0, 0, 0, 0, 0, 0, 0, 0, 0]
BEGIN	range/1/64/8/ip-only-response
OBS	[2, 91, 235, 114, 235, 94, 223, 177, 44, 145, 110, 175, 10, 203, 219, 188, 207, 149, 196, 24, 90, 110, 87, 91, 136, 52, 88, 8, 239, 6, 101, 104]
BEGIN	range/1/64/8/wrong-domain
OBS	[30, 221, 57, 6, 168, 133, 227, 66, 93, 38, 43, 59, 207, 109, 23, 83, 4, 183, 45, 147, 120, 174, 84, 3, 234, 94, 9, 66, 216, 57, 247, 120]
BEGIN	range/1/64/16/valid
OBS	[0, 0, 0, 0, 0, 0, 0, 0, 0, 0, 0, 0, 0, 0, 0, 0, 0, 0, 0, 0, 0, 0, 0, 0, 0, 0, 0, 0, 0, 0, 0, 0]
BEGIN	range/1/64/16/ip-only-response
OBS	[32, 196, 49, 179, 236, 122, 191, 35, 207, 181, 168, 28, 242, 246, 224, 230, 130, 106, 109, 161, 114, 203, 129, 238, 46, 146, 191, 186, 122, 134, 151, 92]
BEGIN	range/1/64/16/wrong-domain
OBS	[128, 58, 7, 76, 206, 46, 73, 81, 172, 121, 125, 33, 14, 12, 76, 243, 120, 102, 198, 30, 126, 63, 3, 176, 18, 217, 173, 87, 220, 107, 42, 30]
BEGIN	range/1/64/32/valid
OBS	[0, 0, 0, 0, 0, 0, 0, 0, 0, 0, 0, 0, 0, 0, 0, 0, 0, 0, 0, 0, 0, 0, 0, 0, 0, 0, 0, 0, 0, 0, 0, 0]
BEGIN	range/1/64/32/ip-only-response
OBS	[42, 128, 71, 204, 214, 55, 198, 159, 245, 166, 61, 86, 19, 203, 161, 159, 130, 100, 127, 71, 120, 177, 76, 74, 71, 211, 173, 227, 233, 192, 241, 76]
BEGIN	range/1/64/32/wrong-domain
OBS	[64, 193, 251, 104, 152, 243, 110, 180, 164, 34, 149, 205, 123, 27, 86, 46, 92, 60, 148, 17, 138, 88, 174, 70, 178, 38, 40, 116, 240, 39, 100, 127]
BEGIN	range/20260909/8/1/valid
OBS	[0, 0, 0, 0, 0, 0, 0, 0, 0, 0, 0, 0, 0, 0, 0, 0, 0, 0, 0, 0, 0, 0, 0, 0, 0, 0, 0, 0, 0, 0, 0, 0]
BEGIN	range/20260909/8/1/ip-only-response
OBS	[224, 66, 132, 169, 245, 58, 59, 188, 155, 18, 123, 24, 82, 183, 4, 12, 249, 97, 33, 187, 112, 236, 139, 249, 161, 241, 15, 56, 213, 85, 245, 85]
BEGIN	range/20260909/8/1/wrong-domain
OBS	[168, 97, 240, 114, 176, 95, 148, 239, 184, 68, 154, 106, 169, 224, 207, 94, 106, 10, 93, 62, 185, 165, 171, 78, 118, 68, 52, 84, 179, 40, 115, 75]
BEGIN	range/20260909/8/2/valid
OBS	[0, 0, 0, 0, 0, 0, 0, 0, 0, 0, 0, 0, 0, 0, 0, 0, 0, 0, 0, 0, 0, 0, 0, 0, 0, 0, 0, 0, 0, 0, 0, 0]
BEGIN	range/20260909/8/2/ip-only-response
OBS	[146, 105, 167, 111, 251, 54, 182, 231, 179, 79, 78, 166, 121, 186, 149, 197, 216, 8, 142, 26, 42, 250, 122, 221, 190, 189, 70, 126, 10, 95, 143, 17]
BEGIN	range/20260909/8/2/wrong-domain
OBS	[232, 191, 254, 215, 136, 131, 134, 127, 233, 227, 1, 235, 80, 252, 219, 81, 17, 57, 198, 250, 10, 82, 29, 121, 247, 151, 224, 37, 58, 192, 56, 120]
BEGIN	range/20260909/8/4/valid
OBS	[0, 0, 0, 0, 0, 0, 0, 0, 0, 0, 0, 0, 0, 0, 0, 0, 0, 0, 0, 0, 0, 0, 0, 0, 0, 0, 0, 0, 0, 0, 0, 0]
BEGIN	range/20260909/8/4/ip-only-response
OBS	[114, 82, 1, 136, 3, 149, 119, 234, 182, 33, 64, 60, 41, 27, 116, 6, 53, 53, 210, 122, 143, 77, 148, 142, 64, 126, 197, 146, 119, 143, 251, 87]
BEGIN	range/20260909/8/4/wrong-domain
OBS	[176, 219, 8, 159, 154, 74, 21, 105, 48, 76, 49, 216, 146, 213, 50, 166, 159, 113, 238, 148, 188, 179, 155, 131, 51, 244, 219, 70, 166, 67, 167, 5]
BEGIN	range/20260909/8/8/valid
OBS	[0, 0, 0, 0, 0, 0, 0, 0, 0, 0, 0, 0, 0, 0, 0, 0, 0, 0, 0, 0, 0, 0, 0, 0, 0, 0, 0, 0, 0, 0, 0, 0]
BEGIN	range/20260909/8/8/ip-only-response
OBS	[192, 253, 253, 232, 55, 52, 203, 17, 228, 11, 182, 54, 175, 100, 240, 148, 13, 198, 190, 123, 33, 216, 35, 50, 187, 253, 161, 239, 61, 221, 26, 46]
BEGIN	range/20260909/8/8/wrong-domain
OBS	[116, 16, 228, 4, 75, 163, 250, 30, 153, 244, 79, 12, 173, 72, 58, 112, 31, 120, 79, 23, 105, 49, 63, 218, 118, 99, 100, 79, 227, 208, 96, 115]
BEGIN	range/20260909/8/16/valid
OBS	[0, 0, 0, 0, 0, 0, 0, 0, 0, 0, 0, 0, 0, 0, 0, 0, 0, 0, 0, 0, 0, 0, 0, 0, 0, 0, 0, 0, 0, 0, 0, 0]
BEGIN	range/20260909/8/16/ip-only-response
OBS	[174, 134, 64, 116, 21, 52, 81, 25, 208, 193, 68, 60, 114, 138, 250, 80, 119, 95, 42, 208, 10, 17, 24, 39, 115, 86, 18, 166, 23, 24, 192, 73]
BEGIN	range/20260909/8/16/wrong-domain
OBS	[236, 73, 236, 162, 77, 87, 38, 74, 1, 108, 98, 213, 17, 184, 169, 133, 111, 209, 206, 29, 133, 239, 223, 212, 70, 17, 76, 234, 126, 214, 82, 105]
BEGIN	range/20260909/8/32/valid
OBS	[0, 0, 0, 0, 0, 0, 0, 0, 0, 0, 0, 0, 0, 0, 0, 0, 0, 0, 0, 0, 0, 0, 0, 0, 0, 0, 0, 0, 0, 0, 0, 0]
BEGIN	range/20260909/8/32/ip-only-response
OBS	[160, 79, 181, 215, 243, 151, 94, 37, 76, 45, 235, 72, 79, 112, 0, 96, 244, 199, 76, 189, 134, 243, 144, 67, 83, 55, 207, 71, 237, 119, 228, 14]
BEGIN	range/20260909/8/32/wrong-domain
OBS	[164, 120, 241, 54, 44, 198, 142, 115, 164, 27, 245, 66, 137, 152, 140, 142, 189, 143, 235, 31, 21, 139, 183, 87, 158, 77, 213, 63, 223, 3, 116, 52]
BEGIN	range/20260909/16/1/valid
OBS	[0, 0, 0, 0, 0, 0, 0, 0, 0, 0, 0, 0, 0, 0, 0, 0, 0, 0, 0, 0, 0, 0, 0, 0, 0, 0, 0, 0, 0, 0, 0, 0]
BEGIN	range/20260909/16/1/ip-only-response
OBS	[212, 36, 83, 70, 25, 12, 186, 75, 60, 21, 52, 164, 146, 164, 30, 105, 47, 177, 173, 170, 16, 199, 103, 215, 212, 79, 33, 205, 235, 169, 157, 93]
BEGIN	range/20260909/16/1/wrong-domain
OBS	[140, 49, 250, 142, 251, 249, 114, 202, 133, 95, 31, 218, 59, 38, 216, 77, 200, 191, 106, 139, 60, 155, 153, 134, 37, 44, 132, 221, 107, 79, 19, 101]
BEGIN	range/20260909/16/2/valid
OBS	[0, 0, 0, 0, 0, 0, 0, 0, 0, 0, 0, 0, 0, 0, 0, 0, 0, 0, 0, 0, 0, 0, 0, 0, 0, 0, 0, 0, 0, 0, 0, 0]
BEGIN	range/20260909/16/2/ip-only-response
OBS	[78, 6, 52, 73, 175, 231, 114, 196, 55, 168, 230, 113, 141, 100, 161, 245, 220, 161, 38, 200, 148, 225, 147, 244, 202, 59, 224, 94, 159, 106, 41, 72]
BEGIN	range/20260909/16/2/wrong-domain
OBS	[130, 155, 51, 53, 236, 211, 208, 26, 152, 115, 228, 45, 205, 250, 92, 147, 19, 140, 89, 188, 109, 44, 41, 13, 211, 178, 212, 137, 157, 127, 142, 119]
BEGIN	range/20260909/16/4/valid
OBS	[0, 0, 0, 0, 0, 0, 0, 0, 0, 0, 0, 0, 0, 0, 0, 0, 0, 0, 0, 0, 0, 0, 0, 0, 0, 0, 0, 0, 0, 0, 0, 0]
BEGIN	range/20260909/16/4/ip-only-response
OBS	[184, 244, 29, 42, 57, 220, 49, 82, 245, 81, 76, 23, 24, 237, 75, 27, 47, 40, 250, 81, 27, 167, 42, 44, 224, 19, 128, 7, 61, 238, 204, 27]
BEGIN	range/20260909/16/4/wrong-domain
OBS	[120, 245, 79, 239, 134, 176, 198, 73, 137, 224, 1, 48, 38, 178, 25, 205, 178, 200, 133, 97, 165, 116, 121, 155, 50, 74, 222, 217, 176, 205, 95, 85]
BEGIN	range/20260909/16/8/valid
OBS	[0, 0, 0, 0, 0, 0, 0, 0, 0, 0, 0, 0, 0, 0, 0, 0, 0, 0, 0, 0, 0, 0, 0, 0, 0, 0, 0, 0, 0, 0, 0, 0]
BEGIN	range/20260909/16/8/ip-only-response
OBS	[58, 80, 38, 14, 0, 22, 101, 21, 99, 114, 228, 179, 224, 116, 106, 139, 241, 60, 72, 136, 151, 68, 73, 238, 99, 92, 237, 39, 237, 65, 127, 65]
BEGIN	range/20260909/16/8/wrong-domain
OBS	[194, 206, 19, 228, 66, 216, 171, 204, 2, 104, 49, 231, 156, 231, 214, 176, 132, 203, 178, 16, 156, 116, 117, 19, 161, 242, 19, 241, 205, 178, 47, 70]
BEGIN	range/20260909/16/16/valid
OBS	[0, 0, 0, 0, 0, 0, 0, 0, 0, 0, 0, 0, 0, 0, 0, 0, 0, 0, 0, 0, 0, 0, 0, 0, 0, 0, 0, 0, 0, 0, 0, 0]
BEGIN	range/20260909/16/16/ip-only-response
OBS	[200, 36, 108, 121, 137, 91, 6, 251, 116, 114, 158, 116, 141, 185, 246, 211, 253, 255, 99, 154, 96, 42, 63, 83, 110, 186, 143, 162, 74, 119, 181, 69]
BEGIN	range/20260909/16/16/wrong-domain
OBS	[226, 159, 82, 191, 54, 191, 52, 174, 107, 107, 119, 81, 251, 31, 94, 18, 227, 148, 153, 115, 157, 122, 225, 100, 120, 176, 209, 162, 218, 253, 1, 0]
BEGIN	range/20260909/16/32/valid
OBS	[0, 0, 0, 0, 0, 0, 0, 0, 0, 0, 0, 0, 0, 0, 0, 0, 0, 0, 0, 0, 0, 0, 0, 0, 0, 0, 0, 0, 0, 0, 0, 0]
BEGIN	range/20260909/16/32/ip-only-response
OBS	[242, 124, 39, 68, 56, 6, 184, 67, 171, 127, 192, 155, 80, 84, 129, 49, 160, 235, 233, 4, 140, 119, 95, 191, 231, 156, 158, 156, 235, 147, 94, 4]
BEGIN	range/20260909/16/32/wrong-domain
OBS	[212, 2, 222, 15, 42, 190, 197, 19, 18, 102, 147, 58, 96, 171, 220, 95, 136, 210, 175, 192, 70, 148, 10, 30, 3, 100, 61, 68, 198, 177, 54, 65]
BEGIN	range/20260909/32/1/valid
OBS	[0, 0, 0, 0, 0, 0, 0, 0, 0, 0, 0, 0, 0, 0, 0, 0, 0, 0, 0, 0, 0, 0, 0, 0, 0, 0, 0, 0, 0, 0, 0, 0]
BEGIN	range/20260909/32/1/ip-only-response
OBS	[96, 234, 213, 11, 108, 214, 0, 162, 227, 205, 105, 108, 219, 184, 147, 198, 146, 160, 39, 142, 172, 251, 171, 147, 221, 173, 132, 225, 110, 209, 97, 44]
BEGIN	range/20260909/32/1/wrong-domain
OBS	[248, 57, 62, 127, 44, 253, 33, 82, 50, 25, 51, 234, 139, 136, 67, 147, 155, 248, 145, 207, 75, 84, 61, 189, 195, 34, 77, 136, 70, 4, 164, 123]
BEGIN	range/20260909/32/2/valid
OBS	[0, 0, 0, 0, 0, 0, 0, 0, 0, 0, 0, 0, 0, 0, 0, 0, 0, 0, 0, 0, 0, 0, 0, 0, 0, 0, 0, 0, 0, 0, 0, 0]
BEGIN	range/20260909/32/2/ip-only-response
OBS	[196, 115, 153, 214, 50, 133, 253, 163, 52, 214, 19, 50, 224, 221, 32, 201, 243, 95, 238, 23, 0, 104, 222, 195, 79, 195, 81, 20, 119, 140, 165, 84]
BEGIN	range/20260909/32/2/wrong-domain
OBS	[54, 85, 88, 121, 199, 129, 150, 225, 103, 38, 251, 114, 123, 80, 243, 183, 124, 7, 225, 145, 62, 78, 119, 91, 138, 178, 0, 240, 182, 0, 166, 0]
BEGIN	range/20260909/32/4/valid
OBS	[0, 0, 0, 0, 0, 0, 0, 0, 0, 0, 0, 0, 0, 0, 0, 0, 0, 0, 0, 0, 0, 0, 0, 0, 0, 0, 0, 0, 0, 0, 0, 0]
BEGIN	range/20260909/32/4/ip-only-response
OBS	[102, 26, 253, 53, 64, 136, 12, 74, 50, 58, 12, 226, 241, 64, 27, 162, 33, 106, 61, 185, 136, 54, 38, 76, 99, 84, 240, 238, 2, 176, 85, 14]
BEGIN	range/20260909/32/4/wrong-domain
OBS	[94, 223, 80, 0, 21, 44, 169, 22, 195, 17, 192, 82, 127, 186, 234, 117, 241, 117, 55, 29, 67, 12, 56, 196, 192, 105, 66, 116, 196, 184, 43, 101]
BEGIN	range/20260909/32/8/valid
OBS	[0, 0, 0, 0, 0, 0, 0, 0, 0, 0, 0, 0, 0, 0, 0, 0, 0, 0, 0, 0, 0, 0, 0, 0, 0, 0, 0, 0, 0, 0, 0, 0]
BEGIN	range/20260909/32/8/ip-only-response
OBS	[100, 213, 64, 138, 246, 133, 179, 214, 139, 96, 210, 140, 242, 8, 66, 234, 94, 146, 238, 164, 95, 41, 145, 12, 164, 171, 82, 190, 70, 121, 240, 114]
BEGIN	range/20260909/32/8/wrong-domain
OBS	[182, 215, 238, 100, 175, 9, 144, 42, 2, 17, 87, 129, 29, 8, 91, 179, 58, 193, 88, 64, 167, 48, 228, 97, 144, 196, 201, 39, 191, 65, 6, 89]
BEGIN	range/20260909/32/16/valid
OBS	[0, 0, 0, 0, 0, 0, 0, 0, 0, 0, 0, 0, 0, 0, 0, 0, 0, 0, 0, 0, 0, 0, 0, 0, 0, 0, 0, 0, 0, 0, 0, 0]
BEGIN	range/20260909/32/16/ip-only-response
OBS	[224, 98, 123, 120, 95, 242, 220, 18, 43, 114, 91, 254, 171, 207, 214, 149, 51, 248, 134, 218, 194, 119, 23, 66, 44, 163, 83, 145, 194, 76, 249, 22]
BEGIN	range/20260909/32/16/wrong-domain
OBS	[152, 134, 25, 135, 239, 137, 94, 33, 8, 147, 164, 45, 139, 137, 150, 41, 112, 26, 188, 96, 188, 24, 83, 156, 228, 21, 77, 244, 22, 92, 202, 113]
BEGIN	range/20260909/32/32/valid
OBS	[0, 0, 0, 0, 0, 0, 0, 0, 0, 0, 0, 0, 0, 0, 0, 0, 0, 0, 0, 0, 0, 0, 0, 0, 0, 0, 0, 0, 0, 0, 0, 0]
BEGIN	range/20260909/32/32/ip-only-response
OBS	[108, 126, 151, 69, 147, 247, 58, 97, 210, 72, 70, 54, 11, 38, 191, 166, 32, 85, 44, 190, 64, 244, 166, 158, 106, 253, 251, 153, 223, 71, 174, 55]
BEGIN	range/20260909/32/32/wrong-domain
OBS	[250, 74, 112, 71, 204, 228, 17, 206, 77, 172, 53, 172, 50, 34, 253, 112, 116, 235, 125, 174, 186, 106, 228, 73, 252, 72, 131, 56, 79, 122, 205, 84]
BEGIN	range/20260909/64/1/valid
OBS	[0, 0, 0, 0, 0, 0, 0, 0, 0, 0, 0, 0, 0, 0, 0, 0, 0, 0, 0, 0, 0, 0, 0, 0, 0, 0, 0, 0, 0, 0, 0, 0]
BEGIN	range/20260909/64/1/ip-only-response
OBS	[98, 38, 248, 227, 234, 220, 169, 74, 67, 23, 168, 114, 247, 191, 22, 144, 241, 95, 247, 132, 176, 202, 31, 250, 29, 210, 133, 197, 85, 245, 36, 42]
BEGIN	range/20260909/64/1/wrong-domain
OBS	[228, 152, 80, 200, 243, 48, 17, 231, 82, 173, 62, 117, 214, 206, 220, 119, 6, 169, 60, 86, 148, 143, 100, 237, 231, 185, 120, 48, 28, 101, 143, 101]
BEGIN	range/20260909/64/2/valid
OBS	[0, 0, 0, 0, 0, 0, 0, 0, 0, 0, 0, 0, 0, 0, 0, 0, 0, 0, 0, 0, 0, 0, 0, 0, 0, 0, 0, 0, 0, 0, 0, 0]
BEGIN	range/20260909/64/2/ip-only-response
OBS	[64, 240, 164, 127, 89, 18, 42, 106, 31, 143, 242, 76, 50, 226, 230, 254, 58, 181, 228, 145, 105, 199, 152, 135, 176, 49, 248, 41, 121, 72, 158, 114]
BEGIN	range/20260909/64/2/wrong-domain
OBS	[212, 19, 241, 170, 245, 222, 209, 51, 150, 168, 141, 226, 103, 155, 74, 101, 153, 29, 238, 216, 236, 123, 192, 41, 80, 72, 231, 144, 6, 51, 177, 45]
BEGIN	range/20260909/64/4/valid
OBS	[0, 0, 0, 0, 0, 0, 0, 0, 0, 0, 0, 0, 0, 0, 0, 0, 0, 0, 0, 0, 0, 0, 0, 0, 0, 0, 0, 0, 0, 0, 0, 0]
BEGIN	range/20260909/64/4/ip-only-response
OBS	[88, 20, 62, 132, 167, 99, 205, 71, 139, 80, 187, 65, 144, 100, 227, 180, 81, 200, 185, 137, 57, 143, 51, 170, 79, 139, 154, 142, 247, 161, 242, 3]
BEGIN	range/20260909/64/4/wrong-domain
OBS	[2, 54, 75, 19, 38, 67, 132, 230, 244, 126, 220, 153, 57, 52, 245, 73, 96, 109, 14, 140, 128, 51, 196, 212, 201, 81, 112, 227, 37, 155, 246, 102]
BEGIN	range/20260909/64/8/valid
OBS	[0, 0, 0, 0, 0, 0, 0, 0, 0, 0, 0, 0, 0, 0, 0, 0, 0, 0, 0, 0, 0, 0, 0, 0, 0, 0, 0, 0, 0, 0, 0, 0]
BEGIN	range/20260909/64/8/ip-only-response
OBS	[170, 9, 254, 63, 35, 191, 102, 24, 242, 106, 47, 65, 33, 106, 172, 29, 121, 158, 108, 68, 82, 110, 222, 57, 152, 122, 112, 249, 59, 29, 12, 0]
BEGIN	range/20260909/64/8/wrong-domain
OBS	[12, 208, 17, 111, 63, 50, 216, 230, 172, 224, 71, 24, 38, 232, 125, 210, 71, 88, 188, 3, 41, 211, 137, 198, 203, 29, 136, 77, 205, 172, 115, 102]
BEGIN	range/20260909/64/16/valid
OBS	[0, 0, 0, 0, 0, 0, 0, 0, 0, 0, 0, 0, 0, 0, 0, 0, 0, 0, 0, 0, 0, 0, 0, 0, 0, 0, 0, 0, 0, 0, 0, 0]
BEGIN	range/20260909/64/16/ip-only-response
OBS	[242, 67, 252, 98, 197, 62, 250, 161, 174, 165, 96, 176, 32, 181, 134, 207, 99, 34, 242, 92, 93, 155, 215, 219, 242, 157, 166, 165, 187, 90, 207, 95]
BEGIN	range/20260909/64/16/wrong-domain
OBS	[116, 232, 190, 222, 210, 153, 114, 254, 18, 215, 249, 46, 23, 76, 240, 119, 7, 48, 163, 170, 102, 21, 39, 219, 53, 69, 187, 177, 209, 200, 139, 13]
BEGIN	range/20260909/64/32/valid
OBS	[0, 0, 0, 0, 0, 0, 0, 0, 0, 0, 0, 0, 0, 0, 0, 0, 0, 0, 0, 0, 0, 0, 0, 0, 0, 0, 0, 0, 0, 0, 0, 0]
BEGIN	range/20260909/64/32/ip-only-response
OBS	[130, 155, 188, 73, 106, 27, 46, 170, 194, 199, 199, 117, 144, 97, 35, 242, 87, 97, 60, 208, 100, 153, 151, 134, 225, 97, 97, 137, 60, 26, 124, 58]
BEGIN	range/20260909/64/32/wrong-domain
OBS	[78, 90, 246, 52, 134, 31, 2, 206, 19, 79, 215, 62, 80, 192, 109, 222, 14, 3, 160, 77, 127, 12, 65, 75, 11, 245, 111, 151, 250, 156, 161, 104]
