BEGIN	range/0/8/1/valid
BEGIN	range/0/8/1/ip-only-response
BEGIN	range/0/8/1/wrong-domain
BEGIN	range/0/8/1/field-0-zero
BEGIN	range/0/8/1/field-0-invalid
BEGIN	range/0/8/1/field-0-point
BEGIN	range/0/8/1/field-1-zero
BEGIN	range/0/8/1/field-1-invalid
BEGIN	range/0/8/1/field-1-point
BEGIN	range/0/8/1/field-2-zero
BEGIN	range/0/8/1/field-2-invalid
BEGIN	range/0/8/1/field-2-point
BEGIN	range/0/8/1/field-3-zero
BEGIN	range/0/8/1/field-3-invalid
BEGIN	range/0/8/1/field-3-point
BEGIN	range/0/8/1/field-4-zero
BEGIN	range/0/8/1/field-4-invalid
BEGIN	range/0/8/1/field-4-point
BEGIN	range/0/8/1/field-5-zero
BEGIN	range/0/8/1/field-5-invalid
BEGIN	range/0/8/1/field-5-point
BEGIN	range/0/8/1/field-6-zero
BEGIN	range/0/8/1/field-6-invalid
BEGIN	range/0/8/1/field-6-point
BEGIN	range/0/8/1/field-7-zero
BEGIN	range/0/8/1/field-7-invalid
BEGIN	range/0/8/1/field-7-point
BEGIN	range/0/8/1/field-8-zero
BEGIN	range/0/8/1/field-8-invalid
BEGIN	range/0/8/1/field-8-point
BEGIN	range/0/8/1/field-9-zero
BEGIN	range/0/8/1/field-9-invalid
BEGIN	range/0/8/1/field-9-point
BEGIN	range/0/8/1/field-10-zero
BEGIN	range/0/8/1/field-10-invalid
BEGIN	range/0/8/1/field-10-point
BEGIN	range/0/8/1/field-11-zero
BEGIN	range/0/8/1/field-11-invalid
BEGIN	range/0/8/1/field-11-point
BEGIN	range/0/8/1/field-12-zero
BEGIN	range/0/8/1/field-12-invalid
BEGIN	range/0/8/1/field-12-point
BEGIN	range/0/8/1/field-13-zero
BEGIN	range/0/8/1/field-13-invalid
BEGIN	range/0/8/1/field-13-point
BEGIN	range/0/8/1/field-14-zero
BEGIN	range/0/8/1/field-14-invalid
BEGIN	range/0/8/1/field-14-point
BEGIN	range/0/8/1/commitment-0-invalid
BEGIN	range/0/8/1/commitment-0-point
BEGIN	range/0/8/1/truncated-0
BEGIN	range/0/8/1/truncated-1
BEGIN	range/0/8/1/truncated-479
BEGIN	range/0/8/1/truncated-448
BEGIN	range/0/8/1/trailing
BEGIN	range/0/8/1/invalid-bits
BEGIN	range/0/8/1/short-generators
BEGIN	range/0/8/1/short-parties
BEGIN	range/0/8/1/empty-values
BEGIN	range/0/8/1/nonpower-values
BEGIN	range/0/8/2/valid
BEGIN	range/0/8/2/ip-only-response
BEGIN	range/0/8/2/wrong-domain
BEGIN	range/0/8/4/valid
BEGIN	range/0/8/4/ip-only-response
BEGIN	range/0/8/4/wrong-domain
BEGIN	range/0/8/8/valid
BEGIN	range/0/8/8/ip-only-response
BEGIN	range/0/8/8/wrong-domain
BEGIN	range/0/8/16/valid
BEGIN	range/0/8/16/ip-only-response
BEGIN	range/0/8/16/wrong-domain
BEGIN	range/0/8/32/valid
BEGIN	range/0/8/32/ip-only-response
BEGIN	range/0/8/32/wrong-domain
BEGIN	range/0/16/1/valid
BEGIN	range/0/16/1/ip-only-response
BEGIN	range/0/16/1/wrong-domain
BEGIN	range/0/16/2/valid
BEGIN	range/0/16/2/ip-only-response
BEGIN	range/0/16/2/wrong-domain
BEGIN	range/0/16/4/valid
BEGIN	range/0/16/4/ip-only-response
BEGIN	range/0/16/4/wrong-domain
BEGIN	range/0/16/8/valid
BEGIN	range/0/16/8/ip-only-response
BEGIN	range/0/16/8/wrong-domain
BEGIN	range/0/16/16/valid
BEGIN	range/0/16/16/ip-only-response
BEGIN	range/0/16/16/wrong-domain
BEGIN	range/0/16/32/valid
BEGIN	range/0/16/32/ip-only-response
BEGIN	range/0/16/32/wrong-domain
BEGIN	range/0/32/1/valid
BEGIN	range/0/32/1/ip-only-response
BEGIN	range/0/32/1/wrong-domain
BEGIN	range/0/32/2/valid
BEGIN	range/0/32/2/ip-only-response
BEGIN	range/0/32/2/wrong-domain
BEGIN	range/0/32/4/valid
BEGIN	range/0/32/4/ip-only-response
BEGIN	range/0/32/4/wrong-domain
BEGIN	range/0/32/8/valid
BEGIN	range/0/32/8/ip-only-response
BEGIN	range/0/32/8/wrong-domain
BEGIN	range/0/32/16/valid
BEGIN	range/0/32/16/ip-only-response
BEGIN	range/0/32/16/wrong-domain
BEGIN	range/0/32/32/valid
BEGIN	range/0/32/32/ip-only-response
BEGIN	range/0/32/32/wrong-domain
BEGIN	range/0/64/1/valid
BEGIN	range/0/64/1/ip-only-response
BEGIN	range/0/64/1/wrong-domain
BEGIN	range/0/64/2/valid
BEGIN	range/0/64/2/ip-only-response
BEGIN	range/0/64/2/wrong-domain
BEGIN	range/0/64/2/field-0-zero
BEGIN	range/0/64/2/field-0-invalid
BEGIN	range/0/64/2/field-0-point
BEGIN	range/0/64/2/field-1-zero
BEGIN	range/0/64/2/field-1-invalid
BEGIN	range/0/64/2/field-1-point
BEGIN	range/0/64/2/field-2-zero
BEGIN	range/0/64/2/field-2-invalid
BEGIN	range/0/64/2/field-2-point
BEGIN	range/0/64/2/field-3-zero
BEGIN	range/0/64/2/field-3-invalid
BEGIN	range/0/64/2/field-3-point
BEGIN	range/0/64/2/field-4-zero
BEGIN	range/0/64/2/field-4-invalid
BEGIN	range/0/64/2/field-4-point
BEGIN	range/0/64/2/field-5-zero
BEGIN	range/0/64/2/field-5-invalid
BEGIN	range/0/64/2/field-5-point
BEGIN	range/0/64/2/field-6-zero
BEGIN	range/0/64/2/field-6-invalid
BEGIN	range/0/64/2/field-6-point
BEGIN	range/0/64/2/field-7-zero
BEGIN	range/0/64/2/field-7-invalid
BEGIN	range/0/64/2/field-7-point
BEGIN	range/0/64/2/field-8-zero
BEGIN	range/0/64/2/field-8-invalid
BEGIN	range/0/64/2/field-8-point
BEGIN	range/0/64/2/field-9-zero
BEGIN	range/0/64/2/field-9-invalid
BEGIN	range/0/64/2/field-9-point
BEGIN	range/0/64/2/field-10-zero
BEGIN	range/0/64/2/field-10-invalid
BEGIN	range/0/64/2/field-10-point
BEGIN	range/0/64/2/field-11-zero
BEGIN	range/0/64/2/field-11-invalid
BEGIN	range/0/64/2/field-11-point
BEGIN	range/0/64/2/field-12-zero
BEGIN	range/0/64/2/field-12-invalid
BEGIN	range/0/64/2/field-12-point
BEGIN	range/0/64/2/field-13-zero
BEGIN	range/0/64/2/field-13-invalid
BEGIN	range/0/64/2/field-13-point
BEGIN	range/0/64/2/field-14-zero
BEGIN	range/0/64/2/field-14-invalid
BEGIN	range/0/64/2/field-14-point
BEGIN	range/0/64/2/field-15-zero
BEGIN	range/0/64/2/field-15-invalid
BEGIN	range/0/64/2/field-15-point
BEGIN	range/0/64/2/field-16-zero
BEGIN	range/0/64/2/field-16-invalid
BEGIN	range/0/64/2/field-16-point
BEGIN	range/0/64/2/field-17-zero
BEGIN	range/0/64/2/field-17-invalid
BEGIN	range/0/64/2/field-17-point
BEGIN	range/0/64/2/field-18-zero
BEGIN	range/0/64/2/field-18-invalid
BEGIN	range/0/64/2/field-18-point
BEGIN	range/0/64/2/field-19-zero
BEGIN	range/0/64/2/field-19-invalid
BEGIN	range/0/64/2/field-19-point
BEGIN	range/0/64/2/field-20-zero
BEGIN	range/0/64/2/field-20-invalid
BEGIN	range/0/64/2/field-20-point
BEGIN	range/0/64/2/field-21-zero
BEGIN	range/0/64/2/field-21-invalid
BEGIN	range/0/64/2/field-21-point
BEGIN	range/0/64/2/field-22-zero
BEGIN	range/0/64/2/field-22-invalid
BEGIN	range/0/64/2/field-22-point
BEGIN	range/0/64/2/commitment-0-invalid
BEGIN	range/0/64/2/commitment-0-point
BEGIN	range/0/64/2/commitment-1-zero
BEGIN	range/0/64/2/commitment-1-invalid
BEGIN	range/0/64/2/commitment-1-point
BEGIN	range/0/64/2/truncated-0
BEGIN	range/0/64/2/truncated-1
BEGIN	range/0/64/2/truncated-735
BEGIN	range/0/64/2/truncated-704
BEGIN	range/0/64/2/trailing
BEGIN	range/0/64/2/invalid-bits
BEGIN	range/0/64/2/short-generators
BEGIN	range/0/64/2/short-parties
BEGIN	range/0/64/2/empty-values
BEGIN	range/0/64/2/nonpower-values
BEGIN	range/0/64/4/valid
BEGIN	range/0/64/4/ip-only-response
BEGIN	range/0/64/4/wrong-domain
BEGIN	range/0/64/8/valid
BEGIN	range/0/64/8/ip-only-response
BEGIN	range/0/64/8/wrong-domain
BEGIN	range/0/64/16/valid
BEGIN	range/0/64/16/ip-only-response
BEGIN	range/0/64/16/wrong-domain
BEGIN	range/0/64/32/valid
BEGIN	range/0/64/32/ip-only-response
BEGIN	range/0/64/32/wrong-domain
BEGIN	range/1/8/1/valid
BEGIN	range/1/8/1/ip-only-response
BEGIN	range/1/8/1/wrong-domain
BEGIN	range/1/8/2/valid
BEGIN	range/1/8/2/ip-only-response
BEGIN	range/1/8/2/wrong-domain
BEGIN	range/1/8/4/valid
BEGIN	range/1/8/4/ip-only-response
BEGIN	range/1/8/4/wrong-domain
BEGIN	range/1/8/8/valid
BEGIN	range/1/8/8/ip-only-response
BEGIN	range/1/8/8/wrong-domain
BEGIN	range/1/8/16/valid
BEGIN	range/1/8/16/ip-only-response
BEGIN	range/1/8/16/wrong-domain
BEGIN	range/1/8/32/valid
BEGIN	range/1/8/32/ip-only-response
BEGIN	range/1/8/32/wrong-domain
BEGIN	range/1/16/1/valid
BEGIN	range/1/16/1/ip-only-response
BEGIN	range/1/16/1/wrong-domain
BEGIN	range/1/16/2/valid
BEGIN	range/1/16/2/ip-only-response
BEGIN	range/1/16/2/wrong-domain
BEGIN	range/1/16/4/valid
BEGIN	range/1/16/4/ip-only-response
BEGIN	range/1/16/4/wrong-domain
BEGIN	range/1/16/8/valid
BEGIN	range/1/16/8/ip-only-response
BEGIN	range/1/16/8/wrong-domain
BEGIN	range/1/16/16/valid
BEGIN	range/1/16/16/ip-only-response
BEGIN	range/1/16/16/wrong-domain
BEGIN	range/1/16/32/valid
BEGIN	range/1/16/32/ip-only-response
BEGIN	range/1/16/32/wrong-domain
BEGIN	range/1/32/1/valid
BEGIN	range/1/32/1/ip-only-response
BEGIN	range/1/32/1/wrong-domain
BEGIN	range/1/32/2/valid
BEGIN	range/1/32/2/ip-only-response
BEGIN	range/1/32/2/wrong-domain
BEGIN	range/1/32/4/valid
BEGIN	range/1/32/4/ip-only-response
BEGIN	range/1/32/4/wrong-domain
BEGIN	range/1/32/8/valid
BEGIN	range/1/32/8/ip-only-response
BEGIN	range/1/32/8/wrong-domain
BEGIN	range/1/32/16/valid
BEGIN	range/1/32/16/ip-only-response
BEGIN	range/1/32/16/wrong-domain
BEGIN	range/1/32/32/valid
BEGIN	range/1/32/32/ip-only-response
BEGIN	range/1/32/32/wrong-domain
BEGIN	range/1/64/1/valid
BEGIN	range/1/64/1/ip-only-response
BEGIN	range/1/64/1/wrong-domain
BEGIN	range/1/64/2/valid
BEGIN	range/1/64/2/ip-only-response
BEGIN	range/1/64/2/wrong-domain
BEGIN	range/1/64/4/valid
BEGIN	range/1/64/4/ip-only-response
BEGIN	range/1/64/4/wrong-domain
BEGIN	range/1/64/8/valid
BEGIN	range/1/64/8/ip-only-response
BEGIN	range/1/64/8/wrong-domain
BEGIN	range/1/64/16/valid
BEGIN	range/1/64/16/ip-only-response
BEGIN	range/1/64/16/wrong-domain
BEGIN	range/1/64/32/valid
BEGIN	range/1/64/32/ip-only-response
BEGIN	range/1/64/32/wrong-domain
BEGIN	range/20260909/8/1/valid
BEGIN	range/20260909/8/1/ip-only-response
BEGIN	range/20260909/8/1/wrong-domain
BEGIN	range/20260909/8/2/valid
BEGIN	range/20260909/8/2/ip-only-response
BEGIN	range/20260909/8/2/wrong-domain
BEGIN	range/20260909/8/4/valid
BEGIN	range/20260909/8/4/ip-only-response
BEGIN	range/20260909/8/4/wrong-domain
BEGIN	range/20260909/8/8/valid
BEGIN	range/20260909/8/8/ip-only-response
BEGIN	range/20260909/8/8/wrong-domain
BEGIN	range/20260909/8/16/valid
BEGIN	range/20260909/8/16/ip-only-response
BEGIN	range/20260909/8/16/wrong-domain
BEGIN	range/20260909/8/32/valid
BEGIN	range/20260909/8/32/ip-only-response
BEGIN	range/20260909/8/32/wrong-domain
BEGIN	range/20260909/16/1/valid
BEGIN	range/20260909/16/1/ip-only-response
BEGIN	range/20260909/16/1/wrong-domain
BEGIN	range/20260909/16/2/valid
BEGIN	range/20260909/16/2/ip-only-response
BEGIN	range/20260909/16/2/wrong-domain
BEGIN	range/20260909/16/4/valid
BEGIN	range/20260909/16/4/ip-only-response
BEGIN	range/20260909/16/4/wrong-domain
BEGIN	range/20260909/16/8/valid
BEGIN	range/20260909/16/8/ip-only-response
BEGIN	range/20260909/16/8/wrong-domain
BEGIN	range/20260909/16/16/valid
BEGIN	range/20260909/16/16/ip-only-response
BEGIN	range/20260909/16/16/wrong-domain
BEGIN	range/20260909/16/32/valid
BEGIN	range/20260909/16/32/ip-only-response
BEGIN	range/20260909/16/32/wrong-domain
BEGIN	range/20260909/32/1/valid
BEGIN	range/20260909/32/1/ip-only-response
BEGIN	range/20260909/32/1/wrong-domain
BEGIN	range/20260909/32/2/valid
BEGIN	range/20260909/32/2/ip-only-response
BEGIN	range/20260909/32/2/wrong-domain
BEGIN	range/20260909/32/4/valid
BEGIN	range/20260909/32/4/ip-only-response
BEGIN	range/20260909/32/4/wrong-domain
BEGIN	range/20260909/32/8/valid
BEGIN	range/20260909/32/8/ip-only-response
BEGIN	range/20260909/32/8/wrong-domain
BEGIN	range/20260909/32/16/valid
BEGIN	range/20260909/32/16/ip-only-response
BEGIN	range/20260909/32/16/wrong-domain
BEGIN	range/20260909/32/32/valid
BEGIN	range/20260909/32/32/ip-only-response
BEGIN	range/20260909/32/32/wrong-domain
BEGIN	range/20260909/64/1/valid
BEGIN	range/20260909/64/1/ip-only-response
BEGIN	range/20260909/64/1/wrong-domain
BEGIN	range/20260909/64/2/valid
BEGIN	range/20260909/64/2/ip-only-response
BEGIN	range/20260909/64/2/wrong-domain
BEGIN	range/20260909/64/4/valid
BEGIN	range/20260909/64/4/ip-only-response
BEGIN	range/20260909/64/4/wrong-domain
BEGIN	range/20260909/64/8/valid
BEGIN	range/20260909/64/8/ip-only-response
BEGIN	range/20260909/64/8/wrong-domain
BEGIN	range/20260909/64/16/valid
BEGIN	range/20260909/64/16/ip-only-response
BEGIN	range/20260909/64/16/wrong-domain
BEGIN	range/20260909/64/32/valid
BEGIN	range/20260909/64/32/ip-only-response
BEGIN	range/20260909/64/32/wrong-domain
