Internal ctest changing into directory: /tmp/uno-ledger-mechanism-CYFxwo
Test project /tmp/uno-ledger-mechanism-CYFxwo
    Start 1: test-workchain-batch-scan-gates
1/1 Test #1: test-workchain-batch-scan-gates ...***Failed    0.33 sec
identity.truthful_two_count
Traceback (most recent call last):
  File "/tmp/uno-i13a-controls-9ctupgib/crypto/test/workchain-batch-scan.py", line 53, in <module>
    main()
    ~~~~^^
  File "/tmp/uno-i13a-controls-9ctupgib/crypto/test/workchain-batch-scan.py", line 49, in main
    raise RuntimeError(f'incomplete or failed scan checks: exit={result.returncode}, stdout={result.stdout!r}')
RuntimeError: incomplete or failed scan checks: exit=1, stdout=''


0% tests passed, 1 tests failed out of 1

Label Time Summary:
i13          =   0.33 sec*proc (1 test)
private      =   0.33 sec*proc (1 test)
workchain    =   0.33 sec*proc (1 test)

Total Test time (real) =   0.33 sec

The following tests FAILED:
	  1 - test-workchain-batch-scan-gates (Failed)
