Running test Test_WorkchainBlock_CoordinatorStateLayout...
PASS in 224.7us
Running test Test_WorkchainBlock_CoordinatorStateExactFraming...
PASS in 22.7us
Running test Test_WorkchainBlock_ResourcePolicyWire...
PASS in 28.7us
Running test Test_WorkchainBlock_EngineConfigurationFraming...
PASS in 34.2us
Running test Test_WorkchainBlock_BatchPolicyVersionIdentityAgreement...
PASS in 1702.0ns
Running test Test_WorkchainBlock_BatchProfileUnsupportedNodeProbe...
PASS in 861.0ns
Running test Test_WorkchainBlock_ClaimedFeeOuterFraming...
PASS in 10.7us
Running test Test_WorkchainBlock_ClaimedFeeShortNativeFraming...
PASS in 4839.0ns
Running test Test_WorkchainBlock_ClaimedFeeSpecialNativeFraming...
PASS in 4791.0ns
Running test Test_WorkchainBlock_ClaimedFeeUnknownNativeFraming...
PASS in 4633.0ns
Running test Test_WorkchainBlock_ResourcePolicyRejectsSpecialBeforeDecoder...
PASS in 5217.0ns
Running test Test_WorkchainBlock_ResourcePolicyEncodedSpecialCells...
PASS in 40.6us
Running test Test_WorkchainBlock_ResourcePolicyMalformedClosure...
PASS in 23.6us
Running test Test_WorkchainBlock_BounceValueIsolation...
PASS in 48.2us
Running test Test_WorkchainBlock_PayoutPrincipalAndFees...
PASS in 23.6us
Running test Test_WorkchainBlock_NativeAccountValueFlow...
PASS in 26.8us
Running test Test_WorkchainBlock_ParticipantRecordBinding...
PASS in 11.2us
Running test Test_WorkchainBlock_HostIdentityBinding...
PASS in 47.5us
Running test Test_WorkchainBlock_AdmittedIdentityAgreement...
PASS in 18.3us
Running test Test_WorkchainBlock_AccountDeclarationsCodec...
PASS in 32.6us
Running test Test_WorkchainBlock_AccountDeclarationsMalformed...
PASS in 17.8us
Running test Test_WorkchainBlock_AccountAccessBinding...
PASS in 8236.0ns
Running test Test_WorkchainBlock_AccountAccessExactCoverage...
PASS in 6089.0ns
Running test Test_WorkchainBlock_ParticipantLtPlan...
PASS in 5860.0ns
Running test Test_WorkchainBlock_ParticipantLtExhaustion...
PASS in 1556.0ns
Running test Test_WorkchainBlock_ResourcePolicyLocalLoadFailure...
PASS in 82.1us
Running test Test_WorkchainBlock_CoordinatorStateLocalLoadFailure...
PASS in 39.6us
Running test Test_WorkchainBlock_ScopedStateReadObserver...
PASS in 49.6us
Running test Test_WorkchainBlock_StateReadRefusalLeavesProofUnchanged...
PASS in 30.0us
Running test Test_WorkchainBlock_StateReadMeterProofTracking...
PASS in 173.3us
Running test Test_WorkchainBlock_AccountDictionaryChanges...
PASS in 131.0us
Running test Test_WorkchainBlock_AccountDictionaryBinding...
PASS in 15.5us
Running test Test_WorkchainBlock_BatchInputUnionExactBounds...
PASS in 41.4us
Running test Test_WorkchainBlock_BatchInputRootCountPrecedesAcquisition...
PASS in 1525.0ns
Running test Test_WorkchainBlock_DeclarationShapeCountsSharedSubtreesWithoutExpansion...
PASS in 24.5ms
Running test Test_WorkchainBlock_BatchInputNativeSpecialAndFailureProvenance...
PASS in 108.9us
Running test Test_WorkchainBlock_BatchInputHostMismatchAndCorruptInbox...
PASS in 19.9us
Running test Test_WorkchainBlock_BatchInputDeclarationSemanticsAndProvenance...
PASS in 85.7us
Running test Test_WorkchainBlock_DeclarationSingleLeafZeroAllowance...
PASS in 3095.0ns
Running test Test_WorkchainBlock_BatchInputDeclarationCacheBindsRemainingWidth...
PASS in 40.1us
Running test Test_WorkchainBlock_BoundedInboxCountBeforeWorkspace...
PASS in 276.2us
Running test Test_WorkchainBlock_BoundedInboxStructureMatchesNativeDictionary...
PASS in 4788.9us
Running test Test_WorkchainBlock_BoundedInboxUniformPrefixLabels...
PASS in 8811.7us
Running test Test_WorkchainBlock_BoundedInboxStopsBeforeSemanticDecode...
PASS in 190.7us
Running test Test_WorkchainBlock_NativeDisposalPlan...
PASS in 233.9us
Running test Test_WorkchainBlock_NativeBounceMessage...
PASS in 42.7us
Running test Test_WorkchainBlock_NativeBounceStorage...
PASS in 5649.0ns
Running test Test_WorkchainBlock_NativeBounceStorageCaller...
PASS in 106.3us
Running test Test_WorkchainBlock_NativeBounceBody...
PASS in 260.0us
Running test Test_WorkchainBlock_NativeInboxPlan...
PASS in 88.8us
Running test Test_WorkchainBlock_NativeTransferEffects...
PASS in 50.7us
Running test Test_WorkchainBlock_NativeAllocation...
PASS in 143.2us
Running test Test_WorkchainBlock_BatchNativeAllocation...
PASS in 148.1us
Running test Test_WorkchainBlock_MessagePricesDefaultInitialization...
PASS in 442.0ns
Running test Test_WorkchainBlock_DisposalFixturePricesOverwritePriorState...
PASS in 858.0ns
Running test Test_WorkchainBlock_AggregateFeeSettlement...
PASS in 1315.0us
Running test Test_WorkchainBlock_NativeDisposalEntry...
PASS in 35.2ms
Running test Test_WorkchainBlock_NativeCoordinatorEntry...
PASS in 2358.1us
Running test Test_WorkchainBlock_MeteredAccountLookupProof...
PASS in 97.9us
Running test Test_WorkchainBlock_AccountReplacementStateDependencies...
PASS in 245.9us
Running test Test_WorkchainBlock_AccountEngineExecution...
PASS in 16.1ms
Running test Test_WorkchainBlock_HostInputCommitment...
PASS in 128.6us
Running test Test_WorkchainBlock_ExtractExecutorFromShardState...
PASS in 133.1us
Running test Test_WorkchainBlock_CounterReplay...
PASS in 32.7us
Running test Test_WorkchainBlock_CounterPayloadSurvivesBatchReplay...
PASS in 90.0ms
Running test Test_WorkchainBlock_StorageParticipantNativeWrapper...
PASS in 129.9us
Running test Test_WorkchainBlock_StorageOverlayNativeCommit...
PASS in 283.0us
Running test Test_WorkchainBlock_ReplayStorageCachePreservesValidation...
PASS in 3739.8us
Running test Test_WorkchainBlock_CanonicalInboundList...
PASS in 97.3us
Running test Test_WorkchainBlock_InboundCommitmentAndMembership...
PASS in 179.4us
Running test Test_WorkchainBlock_ExecutorWitnessEncoding...
PASS in 39.9us
Running test Test_WorkchainBlock_BatchAccountCommitAndReload...
PASS in 992.2us
Running test Test_WorkchainBlock_ResolvedBatchStaging...
PASS in 146.9us
Running test Test_WorkchainBlock_StorageFixtureDictionaryContracts...
PASS in 9525.0ns
Running test Test_WorkchainBlock_FixtureDictionaryReachesNativeAccountLimit...
PASS in 3059.8ms
Running test Test_WorkchainBlock_BatchExecutorCellBudgetIncludesFullWrapper...
PASS in 57.2ms
Running test Test_WorkchainBlock_BatchPreparationRejectsUnsettledState...
PASS in 65.0us
Running test Test_WorkchainBlock_NativePayoutPair...
PASS in 1083.0us
Running test Test_WorkchainBlock_NativePayoutPricing...
PASS in 250.5us
Running test Test_WorkchainBlock_BatchNativeMessageSettlement...
PASS in 674.5us
Running test Test_WorkchainBlock_BatchCommitmentReplay...
PASS in 33.8us
Running test Test_WorkchainBlock_NativeQueueViewIsBoundToInput...
PASS in 11.1us
Running test Test_WorkchainBlock_UnmatchedBatchInputDoesNotInvokeEngine...
PASS in 18.4us
Running test Test_WorkchainBlock_BatchCommitmentRejectsEffectMutations...
PASS in 70.8us
Running test Test_WorkchainBlock_BatchDescriptionParsersAndScope...
PASS in 9082.0ns
Running test Test_WorkchainBlock_RejectMalformedBatchDescription...
PASS in 2427.0ns
Running test Test_WorkchainBlock_ScopeClassifiesEveryConstructorPrefix...
PASS in 4764.0ns
Running test Test_WorkchainBlock_RetiredBatchDescriptorRejected...
PASS in 7898.0ns
Running test Test_WorkchainBlock_BatchTimeFollowsEveryInputAndLeavesEndSpace...
PASS in 31.9us
Running test Test_WorkchainBlock_MissingImportEnumeratorIsLocalFailure...
PASS in 859.0ns
Running test Test_WorkchainBlock_ImportEnumeratorStateFaultIsLocalFailure...
PASS in 8207.0ns
Running test Test_WorkchainBlock_InboxReconstructedFromNativeImports...
PASS in 8094.7us
Running test Test_WorkchainBlock_NativeBatchCreditIsAtomicAndReplayable...
PASS in 225.8us
Running test Test_WorkchainBlock_AccountEmulatorRejectsBatchTransaction...
PASS in 4299.0ns
Running test Test_WorkchainBlock_ResultWireRoundTrip...
PASS in 35.7us
Running test Test_WorkchainBlock_RejectNonCanonicalResultWire...
PASS in 25.2us
Running test Test_WorkchainBlock_RejectEveryResultMutation...
PASS in 45.9us
Running test Test_WorkchainBlock_RejectOverflowAndMissingContext...
PASS in 20.9us
Running test Test_WorkchainBlock_CollationCandidateScope...
PASS in 1660.0ns
Running test Test_WorkchainBlock_InputPreflightUnionAndExactLimits...
PASS in 4464.0ns
Running test Test_WorkchainBlock_InputPreflightStopsBeforeOverLimitLoad...
PASS in 2527.0ns
Running test Test_WorkchainBlock_InputPreflightDeepSharedGraph...
PASS in 886.0us
Running test Test_WorkchainBlock_InputPreflightUnavailableAndSpecial...
PASS in 2758.0ns
Running test Test_WorkchainBlock_EngineSpecialInputClassification...
PASS in 68.3us
Running test Test_WorkchainBlock_EngineExceptionIsNotCandidateInvalid...
PASS in 51.4us
Running test Test_WorkchainBlock_RegistryScopeIsolation...
PASS in 44.5us
Running test Test_WorkchainBlock_IngressProtocolScopeDoesNotDependOnRegistry...
PASS in 705.0ns
Running test Test_WorkchainBlock_DeclaredScopePreventsLocalComputeFallback...
PASS in 6749.0ns
Running test Test_WorkchainBlock_RegistryRequiresConsensusActivation...
PASS in 15.6us
Running test Test_WorkchainBlock_PublicIngressPolicyCodecAndDescriptorBinding...
PASS in 8122.0ns
Running test Test_WorkchainBlock_PublicIngressRequiresStandardWorkchainRange...
PASS in 3303.0ns
Running test Test_WorkchainBlock_DualNativeIngressCodecAndVersion...
PASS in 26.0us
Running test Test_WorkchainBlock_MultiAccountAdmissionVersionInstallation...
PASS in 300.6us
Running test Test_WorkchainBlock_AccountRegistryReplayConnectivity...
PASS in 667.4us
Running test Test_WorkchainBlock_MultiAccountRegistryBinding...
PASS in 402.5us
Running test Test_WorkchainBlock_PublicIngressTableCanonicalKeys...
PASS in 17.6us
Running test Test_WorkchainBlock_NativeDestinationRouting...
PASS in 10.8us
Running test Test_WorkchainBlock_NativeSenderEnforcesPublicExecutorAddress...
PASS in 170.7us
Running test Test_WorkchainBlock_ActivatedHostWithoutIngressPolicyIsIdle...
PASS in 5566.0ns
Running test Test_WorkchainBlock_NativeIngressParameterPresenceRequiresActivation...
PASS in 11.6us
Running test Test_WorkchainBlock_ResolvedBlockResourcePolicy...
PASS in 84.0us
Running test Test_WorkchainBlock_ReceiverRequiresMatchingPublicIngressPolicy...
PASS in 28.7us
Running test Test_WorkchainBlock_SenderResolvesIngressWithoutForeignEngine...
PASS in 37.5us
Running test Test_WorkchainBlock_ScopedWorkchainConfigurationResolution...
PASS in 4068.0ns
124 test(s) passed
