[0m[ 4][t 0][2026-09-09 16:17:50.673924012][transaction.cpp:616]	unpacking account 1000000000000000000000000000000000000000000000000000000000000000[0m
[0m[ 4][t 0][2026-09-09 16:17:50.674175163][transaction.cpp:449]	last_paid=0; cells=0 bits=0[0m
[0m[ 4][t 0][2026-09-09 16:17:50.674186143][transaction.cpp:679]	end of Account.unpack() for 2:1000000000000000000000000000000000000000000000000000000000000000 (balance = 1000ng ; last_trans_lt = 1..2)[0m
[0m[ 4][t 0][2026-09-09 16:17:50.674208526][transaction.cpp:616]	unpacking account 2000000000000000000000000000000000000000000000000000000000000000[0m
[0m[ 4][t 0][2026-09-09 16:17:50.674216679][transaction.cpp:449]	last_paid=0; cells=0 bits=0[0m
[0m[ 4][t 0][2026-09-09 16:17:50.674222496][transaction.cpp:679]	end of Account.unpack() for 2:2000000000000000000000000000000000000000000000000000000000000000 (balance = 1000ng ; last_trans_lt = 1..2)[0m
[0m[ 4][t 0][2026-09-09 16:17:50.674882270][transaction.cpp:616]	unpacking account 1000000000000000000000000000000000000000000000000000000000000000[0m
[0m[ 4][t 0][2026-09-09 16:17:50.674895822][transaction.cpp:449]	last_paid=0; cells=0 bits=0[0m
[0m[ 4][t 0][2026-09-09 16:17:50.674902571][transaction.cpp:679]	end of Account.unpack() for 2:1000000000000000000000000000000000000000000000000000000000000000 (balance = 1000ng ; last_trans_lt = 1..2)[0m
[0m[ 4][t 0][2026-09-09 16:17:50.674918172][transaction.cpp:616]	unpacking account 2000000000000000000000000000000000000000000000000000000000000000[0m
[0m[ 4][t 0][2026-09-09 16:17:50.674928357][transaction.cpp:449]	last_paid=0; cells=0 bits=0[0m
[0m[ 4][t 0][2026-09-09 16:17:50.674933943][transaction.cpp:679]	end of Account.unpack() for 2:2000000000000000000000000000000000000000000000000000000000000000 (balance = 1000ng ; last_trans_lt = 1..2)[0m
[0m[ 4][t 0][2026-09-09 16:17:50.675234447][transaction.cpp:616]	unpacking account 1000000000000000000000000000000000000000000000000000000000000000[0m
[0m[ 4][t 0][2026-09-09 16:17:50.675244084][transaction.cpp:449]	last_paid=0; cells=0 bits=0[0m
[0m[ 4][t 0][2026-09-09 16:17:50.675250027][transaction.cpp:679]	end of Account.unpack() for 2:1000000000000000000000000000000000000000000000000000000000000000 (balance = 1000ng ; last_trans_lt = 1..2)[0m
[0m[ 4][t 0][2026-09-09 16:17:50.675256834][transaction.cpp:616]	unpacking account 2000000000000000000000000000000000000000000000000000000000000000[0m
[0m[ 4][t 0][2026-09-09 16:17:50.675263548][transaction.cpp:449]	last_paid=0; cells=0 bits=0[0m
[0m[ 4][t 0][2026-09-09 16:17:50.675268862][transaction.cpp:679]	end of Account.unpack() for 2:2000000000000000000000000000000000000000000000000000000000000000 (balance = 1000ng ; last_trans_lt = 1..2)[0m
once: actual_engine_calls=1 inspections=1
input: exact local refusal; actual_engine_calls=1
state: exact local refusal; actual_engine_calls=1
observer: exact local refusal; actual_engine_calls=1
tracking: actual_engine_calls=1 inspections=1
effects: typed budget refusal; actual_engine_calls=1
output: typed budget refusal; actual_engine_calls=1
