warning: fields `at` and `fraction` are never read
  --> crates/health-services/src/diagnostic_transport.rs:17:18
   |
17 | pub struct Rate {at:Instant,tokens:u64,fraction:u128,pub written:u64}
   |            ----  ^^                    ^^^^^^^^
   |            |
   |            fields in this struct
   |
   = note: `#[warn(dead_code)]` (part of `#[warn(unused)]`) on by default

warning: method `available` is never used
  --> crates/health-services/src/diagnostic_transport.rs:22:8
   |
21 | impl Rate {
   | --------- method in this implementation
22 |     fn available(&mut self)->u64 {
   |        ^^^^^^^^^

warning: `tos-health-services` (lib test) generated 2 warnings
    Finished `test` profile [unoptimized + debuginfo] target(s) in 0.11s
     Running unittests src/lib.rs (target/debug/deps/tos_health_services-829b31e3e4934d06)

running 1 test

thread 'diagnostic_transport::tests::actual_tcp_writer_obeys_rate_and_counts_all_written_bytes' (2689992) panicked at crates/health-services/src/diagnostic_transport.rs:182:9:
actual egress bypassed token rate: 420.389µs
note: run with `RUST_BACKTRACE=1` environment variable to display a backtrace
test diagnostic_transport::tests::actual_tcp_writer_obeys_rate_and_counts_all_written_bytes ... FAILED

failures:

failures:
    diagnostic_transport::tests::actual_tcp_writer_obeys_rate_and_counts_all_written_bytes

test result: FAILED. 0 passed; 1 failed; 0 ignored; 0 measured; 17 filtered out; finished in 0.00s

error: test failed, to rerun pass `-p tos-health-services --lib`
