CAPACITY_START sweep-atomic
Filesystem                            1B-blocks         Used    Available Use% Mounted on
/dev/mapper/ubuntu--vg-ubuntu--lv 1004298338304 544952651776 417397346304  57% /
Internal ctest changing into directory: /tmp/uno-merge-6ea2fbf80-tL5Uih
UpdateCTestConfiguration  from :/tmp/uno-merge-6ea2fbf80-tL5Uih/DartConfiguration.tcl
UpdateCTestConfiguration  from :/tmp/uno-merge-6ea2fbf80-tL5Uih/DartConfiguration.tcl
Test project /tmp/uno-merge-6ea2fbf80-tL5Uih
Constructing a list of tests
Done constructing a list of tests
Updating test list for fixtures
Added 0 tests to meet fixture requirements
Checking test dependency graph...
Checking test dependency graph end
test 23
    Start 23: test-workchain-withdrawal-completion-sweep-atomic

23: Test command: /home/tomi/.local/bin/python3 "/home/tomi/tos/test/uno-m3-live.py" "--build" "/tmp/uno-merge-6ea2fbf80-tL5Uih" "--completion-contract" "sweep-atomic"
23: Test timeout computed to be: 1800
23: COMPLETION_RUN:/tmp/uno-completion-bucket-8e5fsotx
23: [0m[ 4][t 0][2026-09-12 15:05:48.706397222][mc-config.cpp:572]	workchain description dictionary created[0m
23: [0m[ 4][t 0][2026-09-12 15:05:48.706621593][mc-config.cpp:2347]	unpacked info for workchain 0: basic=true, active=true, accept_msgs=true, min_split=0, max_split=0[0m
23: [0m[ 4][t 0][2026-09-12 15:05:48.706634522][mc-config.cpp:2347]	unpacked info for workchain 2: basic=true, active=true, accept_msgs=true, min_split=0, max_split=0[0m
23: [0m[ 4][t 0][2026-09-12 15:05:48.706758988][mc-config.cpp:572]	workchain description dictionary created[0m
23: [0m[ 4][t 0][2026-09-12 15:05:48.706764639][mc-config.cpp:2347]	unpacked info for workchain 0: basic=true, active=true, accept_msgs=true, min_split=0, max_split=0[0m
23: [0m[ 4][t 0][2026-09-12 15:05:48.706768757][mc-config.cpp:2347]	unpacked info for workchain 2: basic=true, active=true, accept_msgs=true, min_split=0, max_split=0[0m
23: [0m[ 4][t 0][2026-09-12 15:05:48.706818173][transaction.cpp:622]	unpacking account 0000000000000000000000000000000000000000000000000000000000000000[0m
23: [0m[ 4][t 0][2026-09-12 15:05:48.706838353][transaction.cpp:455]	last_paid=0; cells=8 bits=1848[0m
23: [0m[ 4][t 0][2026-09-12 15:05:48.706855608][transaction.cpp:685]	end of Account.unpack() for 2:0000000000000000000000000000000000000000000000000000000000000000 (balance = 21024996320ng ; last_trans_lt = 38000001..38000002)[0m
23: [0m[ 4][t 0][2026-09-12 15:05:48.706881255][transaction.cpp:622]	unpacking account FFFFFFFFFFFFFFFFFFFFFFFFFFFFFFFFFFFFFFFFFFFFFFFFFFFFFFFFFFFFFFFF[0m
23: [0m[ 4][t 0][2026-09-12 15:05:48.706887234][transaction.cpp:455]	last_paid=0; cells=3 bits=132[0m
23: [0m[ 4][t 0][2026-09-12 15:05:48.706892576][transaction.cpp:685]	end of Account.unpack() for 2:FFFFFFFFFFFFFFFFFFFFFFFFFFFFFFFFFFFFFFFFFFFFFFFFFFFFFFFFFFFFFFFF (balance = 4989999630ng ; last_trans_lt = 38000001..38000002)[0m
23: [0m[ 4][t 0][2026-09-12 15:05:48.710427016][transaction.cpp:622]	unpacking account 1111111111111111111111111111111111111111111111111111111111111111[0m
23: [0m[ 4][t 0][2026-09-12 15:05:48.710447443][transaction.cpp:455]	last_paid=0; cells=26 bits=8514[0m
23: [0m[ 4][t 0][2026-09-12 15:05:48.710453226][transaction.cpp:685]	end of Account.unpack() for 2:1111111111111111111111111111111111111111111111111111111111111111 (balance = 0ng ; last_trans_lt = 38000001..38000002)[0m
23: [0m[ 4][t 0][2026-09-12 15:05:55.190553941][transaction.cpp:622]	unpacking account 2222222222222222222222222222222222222222222222222222222222222222[0m
23: [0m[ 4][t 0][2026-09-12 15:05:55.190583160][transaction.cpp:455]	last_paid=0; cells=10 bits=3308[0m
23: [0m[ 4][t 0][2026-09-12 15:05:55.190589038][transaction.cpp:685]	end of Account.unpack() for 2:2222222222222222222222222222222222222222222222222222222222222222 (balance = 0ng ; last_trans_lt = 8000001..8000002)[0m
23: [0m[ 4][t 0][2026-09-12 15:05:56.152076355][transaction.cpp:622]	unpacking account 0000000000000000000000000000000000000000000000000000000000000000[0m
23: [0m[ 4][t 0][2026-09-12 15:05:56.152091272][transaction.cpp:455]	last_paid=0; cells=6 bits=1030[0m
23: [0m[ 4][t 0][2026-09-12 15:05:56.152095633][transaction.cpp:685]	end of Account.unpack() for 2:0000000000000000000000000000000000000000000000000000000000000000 (balance = 21018000250ng ; last_trans_lt = 40000001..40000002)[0m
23: [0m[ 4][t 0][2026-09-12 15:05:56.152104096][transaction.cpp:622]	unpacking account FFFFFFFFFFFFFFFFFFFFFFFFFFFFFFFFFFFFFFFFFFFFFFFFFFFFFFFFFFFFFFFF[0m
23: [0m[ 4][t 0][2026-09-12 15:05:56.152107970][transaction.cpp:455]	last_paid=0; cells=3 bits=132[0m
23: [0m[ 4][t 0][2026-09-12 15:05:56.152110696][transaction.cpp:685]	end of Account.unpack() for 2:FFFFFFFFFFFFFFFFFFFFFFFFFFFFFFFFFFFFFFFFFFFFFFFFFFFFFFFFFFFFFFFF (balance = 4996995692ng ; last_trans_lt = 40000001..40000002)[0m
23: [0m[ 4][t 0][2026-09-12 15:05:56.154524418][mc-config.cpp:572]	workchain description dictionary created[0m
23: [0m[ 4][t 0][2026-09-12 15:05:56.154535178][mc-config.cpp:2347]	unpacked info for workchain 0: basic=true, active=true, accept_msgs=true, min_split=0, max_split=0[0m
23: [0m[ 4][t 0][2026-09-12 15:05:56.154538071][mc-config.cpp:2347]	unpacked info for workchain 2: basic=true, active=true, accept_msgs=true, min_split=0, max_split=0[0m
23: [0m[ 4][t 0][2026-09-12 15:05:56.154562969][transaction.cpp:622]	unpacking account 0000000000000000000000000000000000000000000000000000000000000000[0m
23: [0m[ 4][t 0][2026-09-12 15:05:56.154569296][transaction.cpp:455]	last_paid=0; cells=8 bits=1848[0m
23: [0m[ 4][t 0][2026-09-12 15:05:56.154572847][transaction.cpp:685]	end of Account.unpack() for 2:0000000000000000000000000000000000000000000000000000000000000000 (balance = 21024996320ng ; last_trans_lt = 38000001..38000002)[0m
23: [0m[ 4][t 0][2026-09-12 15:05:56.155558021][transaction.cpp:622]	unpacking account 1111111111111111111111111111111111111111111111111111111111111111[0m
23: [0m[ 4][t 0][2026-09-12 15:05:56.155564374][transaction.cpp:455]	last_paid=0; cells=32 bits=10596[0m
23: [0m[ 4][t 0][2026-09-12 15:05:56.155567467][transaction.cpp:685]	end of Account.unpack() for 2:1111111111111111111111111111111111111111111111111111111111111111 (balance = 0ng ; last_trans_lt = 40000001..40000002)[0m
23: [0m[ 4][t 0][2026-09-12 15:06:03.492645022][transaction.cpp:622]	unpacking account 2222222222222222222222222222222222222222222222222222222222222222[0m
23: [0m[ 4][t 0][2026-09-12 15:06:03.492673009][transaction.cpp:455]	last_paid=0; cells=10 bits=3308[0m
23: [0m[ 4][t 0][2026-09-12 15:06:03.492679183][transaction.cpp:685]	end of Account.unpack() for 2:2222222222222222222222222222222222222222222222222222222222222222 (balance = 0ng ; last_trans_lt = 8000001..8000002)[0m
23: [0m[ 4][t 0][2026-09-12 15:07:31.018490897][mc-config.cpp:572]	workchain description dictionary created[0m
23: [0m[ 4][t 0][2026-09-12 15:07:31.018891233][mc-config.cpp:2347]	unpacked info for workchain 0: basic=true, active=true, accept_msgs=true, min_split=0, max_split=0[0m
23: [0m[ 4][t 0][2026-09-12 15:07:31.018903501][mc-config.cpp:2347]	unpacked info for workchain 2: basic=true, active=true, accept_msgs=true, min_split=0, max_split=0[0m
23: [0m[ 4][t 0][2026-09-12 15:07:31.019378529][mc-config.cpp:572]	workchain description dictionary created[0m
23: [0m[ 4][t 0][2026-09-12 15:07:31.019385574][mc-config.cpp:2347]	unpacked info for workchain 0: basic=true, active=true, accept_msgs=true, min_split=0, max_split=0[0m
23: [0m[ 4][t 0][2026-09-12 15:07:31.019389960][mc-config.cpp:2347]	unpacked info for workchain 2: basic=true, active=true, accept_msgs=true, min_split=0, max_split=0[0m
23: [0m[ 4][t 0][2026-09-12 15:07:31.019501209][transaction.cpp:622]	unpacking account 0000000000000000000000000000000000000000000000000000000000000000[0m
23: [0m[ 4][t 0][2026-09-12 15:07:31.019723633][transaction.cpp:455]	last_paid=0; cells=8 bits=1848[0m
23: [0m[ 4][t 0][2026-09-12 15:07:31.020074563][transaction.cpp:685]	end of Account.unpack() for 2:0000000000000000000000000000000000000000000000000000000000000000 (balance = 21024996320ng ; last_trans_lt = 38000001..38000002)[0m
23: [0m[ 4][t 0][2026-09-12 15:07:31.020105489][transaction.cpp:622]	unpacking account FFFFFFFFFFFFFFFFFFFFFFFFFFFFFFFFFFFFFFFFFFFFFFFFFFFFFFFFFFFFFFFF[0m
23: [0m[ 4][t 0][2026-09-12 15:07:31.020112421][transaction.cpp:455]	last_paid=0; cells=3 bits=132[0m
23: [0m[ 4][t 0][2026-09-12 15:07:31.020117570][transaction.cpp:685]	end of Account.unpack() for 2:FFFFFFFFFFFFFFFFFFFFFFFFFFFFFFFFFFFFFFFFFFFFFFFFFFFFFFFFFFFFFFFF (balance = 4989999630ng ; last_trans_lt = 38000001..38000002)[0m
23: [0m[ 4][t 0][2026-09-12 15:07:31.023659058][transaction.cpp:622]	unpacking account 1111111111111111111111111111111111111111111111111111111111111111[0m
23: [0m[ 4][t 0][2026-09-12 15:07:31.024063459][transaction.cpp:455]	last_paid=0; cells=26 bits=8514[0m
23: [0m[ 4][t 0][2026-09-12 15:07:31.024072127][transaction.cpp:685]	end of Account.unpack() for 2:1111111111111111111111111111111111111111111111111111111111111111 (balance = 0ng ; last_trans_lt = 38000001..38000002)[0m
23: [0m[ 4][t 0][2026-09-12 15:07:37.613063327][transaction.cpp:622]	unpacking account 2222222222222222222222222222222222222222222222222222222222222222[0m
23: [0m[ 4][t 0][2026-09-12 15:07:37.613098584][transaction.cpp:455]	last_paid=0; cells=10 bits=3308[0m
23: [0m[ 4][t 0][2026-09-12 15:07:37.613105151][transaction.cpp:685]	end of Account.unpack() for 2:2222222222222222222222222222222222222222222222222222222222222222 (balance = 0ng ; last_trans_lt = 8000001..8000002)[0m
23: [0m[ 4][t 0][2026-09-12 15:07:38.574566985][transaction.cpp:622]	unpacking account 0000000000000000000000000000000000000000000000000000000000000000[0m
23: [0m[ 4][t 0][2026-09-12 15:07:38.574582585][transaction.cpp:455]	last_paid=0; cells=6 bits=1030[0m
23: [0m[ 4][t 0][2026-09-12 15:07:38.574586841][transaction.cpp:685]	end of Account.unpack() for 2:0000000000000000000000000000000000000000000000000000000000000000 (balance = 21018000250ng ; last_trans_lt = 40000001..40000002)[0m
23: [0m[ 4][t 0][2026-09-12 15:07:38.574594827][transaction.cpp:622]	unpacking account FFFFFFFFFFFFFFFFFFFFFFFFFFFFFFFFFFFFFFFFFFFFFFFFFFFFFFFFFFFFFFFF[0m
23: [0m[ 4][t 0][2026-09-12 15:07:38.574597961][transaction.cpp:455]	last_paid=0; cells=3 bits=132[0m
23: [0m[ 4][t 0][2026-09-12 15:07:38.574600589][transaction.cpp:685]	end of Account.unpack() for 2:FFFFFFFFFFFFFFFFFFFFFFFFFFFFFFFFFFFFFFFFFFFFFFFFFFFFFFFFFFFFFFFF (balance = 4989999630ng ; last_trans_lt = 40000001..40000002)[0m
23: [0m[ 4][t 0][2026-09-12 15:07:38.576998825][mc-config.cpp:572]	workchain description dictionary created[0m
23: [0m[ 4][t 0][2026-09-12 15:07:38.577008614][mc-config.cpp:2347]	unpacked info for workchain 0: basic=true, active=true, accept_msgs=true, min_split=0, max_split=0[0m
23: [0m[ 4][t 0][2026-09-12 15:07:38.577011654][mc-config.cpp:2347]	unpacked info for workchain 2: basic=true, active=true, accept_msgs=true, min_split=0, max_split=0[0m
23: [0m[ 4][t 0][2026-09-12 15:07:38.577037440][transaction.cpp:622]	unpacking account 0000000000000000000000000000000000000000000000000000000000000000[0m
23: [0m[ 4][t 0][2026-09-12 15:07:38.577044288][transaction.cpp:455]	last_paid=0; cells=8 bits=1848[0m
23: [0m[ 4][t 0][2026-09-12 15:07:38.577047930][transaction.cpp:685]	end of Account.unpack() for 2:0000000000000000000000000000000000000000000000000000000000000000 (balance = 21024996320ng ; last_trans_lt = 38000001..38000002)[0m
23: [0m[ 4][t 0][2026-09-12 15:07:38.578068166][transaction.cpp:622]	unpacking account 1111111111111111111111111111111111111111111111111111111111111111[0m
23: [0m[ 4][t 0][2026-09-12 15:07:38.578075051][transaction.cpp:455]	last_paid=0; cells=32 bits=10620[0m
23: [0m[ 4][t 0][2026-09-12 15:07:38.578078196][transaction.cpp:685]	end of Account.unpack() for 2:1111111111111111111111111111111111111111111111111111111111111111 (balance = 6996062ng ; last_trans_lt = 40000001..40000002)[0m
23: [0m[ 4][t 0][2026-09-12 15:07:46.063835046][transaction.cpp:622]	unpacking account 2222222222222222222222222222222222222222222222222222222222222222[0m
23: [0m[ 4][t 0][2026-09-12 15:07:46.063882060][transaction.cpp:455]	last_paid=0; cells=10 bits=3308[0m
23: [0m[ 4][t 0][2026-09-12 15:07:46.063888852][transaction.cpp:685]	end of Account.unpack() for 2:2222222222222222222222222222222222222222222222222222222222222222 (balance = 0ng ; last_trans_lt = 8000001..8000002)[0m
23: COMPLETION_REAL_RED:D63_1_PHYSICAL_TRANSFER
23: ORACLE_MISSING:D63_1_PHYSICAL_TRANSFER
23: [0m[ 4][t 0][2026-09-12 15:08:25.838221094][mc-config.cpp:572]	workchain description dictionary created[0m
23: [0m[ 4][t 0][2026-09-12 15:08:25.838339225][mc-config.cpp:2347]	unpacked info for workchain 0: basic=true, active=true, accept_msgs=true, min_split=0, max_split=0[0m
23: [0m[ 4][t 0][2026-09-12 15:08:25.838345076][mc-config.cpp:2347]	unpacked info for workchain 2: basic=true, active=true, accept_msgs=true, min_split=0, max_split=0[0m
23: [0m[ 4][t 0][2026-09-12 15:08:25.838413249][mc-config.cpp:572]	workchain description dictionary created[0m
23: [0m[ 4][t 0][2026-09-12 15:08:25.838415944][mc-config.cpp:2347]	unpacked info for workchain 0: basic=true, active=true, accept_msgs=true, min_split=0, max_split=0[0m
23: [0m[ 4][t 0][2026-09-12 15:08:25.838418122][mc-config.cpp:2347]	unpacked info for workchain 2: basic=true, active=true, accept_msgs=true, min_split=0, max_split=0[0m
23: [0m[ 4][t 0][2026-09-12 15:08:25.838444972][transaction.cpp:622]	unpacking account 0000000000000000000000000000000000000000000000000000000000000000[0m
23: [0m[ 4][t 0][2026-09-12 15:08:25.838464123][transaction.cpp:455]	last_paid=0; cells=8 bits=1848[0m
23: [0m[ 4][t 0][2026-09-12 15:08:25.838477579][transaction.cpp:685]	end of Account.unpack() for 2:0000000000000000000000000000000000000000000000000000000000000000 (balance = 21024996320ng ; last_trans_lt = 38000001..38000002)[0m
23: [0m[ 4][t 0][2026-09-12 15:08:25.838499039][transaction.cpp:622]	unpacking account FFFFFFFFFFFFFFFFFFFFFFFFFFFFFFFFFFFFFFFFFFFFFFFFFFFFFFFFFFFFFFFF[0m
23: [0m[ 4][t 0][2026-09-12 15:08:25.838502398][transaction.cpp:455]	last_paid=0; cells=3 bits=132[0m
23: [0m[ 4][t 0][2026-09-12 15:08:25.838505101][transaction.cpp:685]	end of Account.unpack() for 2:FFFFFFFFFFFFFFFFFFFFFFFFFFFFFFFFFFFFFFFFFFFFFFFFFFFFFFFFFFFFFFFF (balance = 4989999630ng ; last_trans_lt = 38000001..38000002)[0m
23: [0m[ 4][t 0][2026-09-12 15:08:25.840417743][transaction.cpp:622]	unpacking account 1111111111111111111111111111111111111111111111111111111111111111[0m
23: [0m[ 4][t 0][2026-09-12 15:08:25.840434081][transaction.cpp:455]	last_paid=0; cells=26 bits=8514[0m
23: [0m[ 4][t 0][2026-09-12 15:08:25.840437743][transaction.cpp:685]	end of Account.unpack() for 2:1111111111111111111111111111111111111111111111111111111111111111 (balance = 0ng ; last_trans_lt = 38000001..38000002)[0m
23: [0m[ 4][t 0][2026-09-12 15:08:32.273518056][transaction.cpp:622]	unpacking account 2222222222222222222222222222222222222222222222222222222222222222[0m
23: [0m[ 4][t 0][2026-09-12 15:08:32.273545774][transaction.cpp:455]	last_paid=0; cells=10 bits=3308[0m
23: [0m[ 4][t 0][2026-09-12 15:08:32.273552155][transaction.cpp:685]	end of Account.unpack() for 2:2222222222222222222222222222222222222222222222222222222222222222 (balance = 0ng ; last_trans_lt = 8000001..8000002)[0m
23: [0m[ 4][t 0][2026-09-12 15:08:33.236415586][transaction.cpp:622]	unpacking account 0000000000000000000000000000000000000000000000000000000000000000[0m
23: [0m[ 4][t 0][2026-09-12 15:08:33.236430118][transaction.cpp:455]	last_paid=0; cells=6 bits=1030[0m
23: [0m[ 4][t 0][2026-09-12 15:08:33.236434164][transaction.cpp:685]	end of Account.unpack() for 2:0000000000000000000000000000000000000000000000000000000000000000 (balance = 21018000258ng ; last_trans_lt = 40000001..40000002)[0m
23: [0m[ 4][t 0][2026-09-12 15:08:33.236441392][transaction.cpp:622]	unpacking account FFFFFFFFFFFFFFFFFFFFFFFFFFFFFFFFFFFFFFFFFFFFFFFFFFFFFFFFFFFFFFFF[0m
23: [0m[ 4][t 0][2026-09-12 15:08:33.236444610][transaction.cpp:455]	last_paid=0; cells=3 bits=132[0m
23: [0m[ 4][t 0][2026-09-12 15:08:33.236447255][transaction.cpp:685]	end of Account.unpack() for 2:FFFFFFFFFFFFFFFFFFFFFFFFFFFFFFFFFFFFFFFFFFFFFFFFFFFFFFFFFFFFFFFF (balance = 4996995692ng ; last_trans_lt = 40000001..40000002)[0m
23: [0m[ 4][t 0][2026-09-12 15:08:33.238844082][mc-config.cpp:572]	workchain description dictionary created[0m
23: [0m[ 4][t 0][2026-09-12 15:08:33.238853968][mc-config.cpp:2347]	unpacked info for workchain 0: basic=true, active=true, accept_msgs=true, min_split=0, max_split=0[0m
23: [0m[ 4][t 0][2026-09-12 15:08:33.238857238][mc-config.cpp:2347]	unpacked info for workchain 2: basic=true, active=true, accept_msgs=true, min_split=0, max_split=0[0m
23: [0m[ 4][t 0][2026-09-12 15:08:33.238881912][transaction.cpp:622]	unpacking account 0000000000000000000000000000000000000000000000000000000000000000[0m
23: [0m[ 4][t 0][2026-09-12 15:08:33.238888708][transaction.cpp:455]	last_paid=0; cells=8 bits=1848[0m
23: [0m[ 4][t 0][2026-09-12 15:08:33.238892038][transaction.cpp:685]	end of Account.unpack() for 2:0000000000000000000000000000000000000000000000000000000000000000 (balance = 21024996320ng ; last_trans_lt = 38000001..38000002)[0m
23: [0m[ 4][t 0][2026-09-12 15:08:33.239920866][transaction.cpp:622]	unpacking account 1111111111111111111111111111111111111111111111111111111111111111[0m
23: [0m[ 4][t 0][2026-09-12 15:08:33.239927925][transaction.cpp:455]	last_paid=0; cells=32 bits=10596[0m
23: [0m[ 4][t 0][2026-09-12 15:08:33.239930956][transaction.cpp:685]	end of Account.unpack() for 2:1111111111111111111111111111111111111111111111111111111111111111 (balance = 0ng ; last_trans_lt = 40000001..40000002)[0m
23: [0m[ 4][t 0][2026-09-12 15:08:40.688343427][transaction.cpp:622]	unpacking account 2222222222222222222222222222222222222222222222222222222222222222[0m
23: [0m[ 4][t 0][2026-09-12 15:08:40.688373025][transaction.cpp:455]	last_paid=0; cells=10 bits=3308[0m
23: [0m[ 4][t 0][2026-09-12 15:08:40.688378911][transaction.cpp:685]	end of Account.unpack() for 2:2222222222222222222222222222222222222222222222222222222222222222 (balance = 0ng ; last_trans_lt = 8000001..8000002)[0m
23: COMPLETION_REAL_RED:D63_3_FEE_DESTINATIONS
23: ORACLE_MISSING:D63_3_FEE_DESTINATIONS
23: [0m[ 4][t 0][2026-09-12 15:09:19.007307076][mc-config.cpp:572]	workchain description dictionary created[0m
23: [0m[ 4][t 0][2026-09-12 15:09:19.007460773][mc-config.cpp:2347]	unpacked info for workchain 0: basic=true, active=true, accept_msgs=true, min_split=0, max_split=0[0m
23: [0m[ 4][t 0][2026-09-12 15:09:19.007468070][mc-config.cpp:2347]	unpacked info for workchain 2: basic=true, active=true, accept_msgs=true, min_split=0, max_split=0[0m
23: [0m[ 4][t 0][2026-09-12 15:09:19.007550696][mc-config.cpp:572]	workchain description dictionary created[0m
23: [0m[ 4][t 0][2026-09-12 15:09:19.007554071][mc-config.cpp:2347]	unpacked info for workchain 0: basic=true, active=true, accept_msgs=true, min_split=0, max_split=0[0m
23: [0m[ 4][t 0][2026-09-12 15:09:19.007556308][mc-config.cpp:2347]	unpacked info for workchain 2: basic=true, active=true, accept_msgs=true, min_split=0, max_split=0[0m
23: [0m[ 4][t 0][2026-09-12 15:09:19.007580131][transaction.cpp:622]	unpacking account 0000000000000000000000000000000000000000000000000000000000000000[0m
23: [0m[ 4][t 0][2026-09-12 15:09:19.007604197][transaction.cpp:455]	last_paid=0; cells=8 bits=1848[0m
23: [0m[ 4][t 0][2026-09-12 15:09:19.007620458][transaction.cpp:685]	end of Account.unpack() for 2:0000000000000000000000000000000000000000000000000000000000000000 (balance = 21024996320ng ; last_trans_lt = 38000001..38000002)[0m
23: [0m[ 4][t 0][2026-09-12 15:09:19.007645939][transaction.cpp:622]	unpacking account FFFFFFFFFFFFFFFFFFFFFFFFFFFFFFFFFFFFFFFFFFFFFFFFFFFFFFFFFFFFFFFF[0m
23: [0m[ 4][t 0][2026-09-12 15:09:19.007649248][transaction.cpp:455]	last_paid=0; cells=3 bits=132[0m
23: [0m[ 4][t 0][2026-09-12 15:09:19.007653128][transaction.cpp:685]	end of Account.unpack() for 2:FFFFFFFFFFFFFFFFFFFFFFFFFFFFFFFFFFFFFFFFFFFFFFFFFFFFFFFFFFFFFFFF (balance = 4989999630ng ; last_trans_lt = 38000001..38000002)[0m
23: [0m[ 4][t 0][2026-09-12 15:09:19.009578692][transaction.cpp:622]	unpacking account 1111111111111111111111111111111111111111111111111111111111111111[0m
23: [0m[ 4][t 0][2026-09-12 15:09:19.009596723][transaction.cpp:455]	last_paid=0; cells=26 bits=8514[0m
23: [0m[ 4][t 0][2026-09-12 15:09:19.009600344][transaction.cpp:685]	end of Account.unpack() for 2:1111111111111111111111111111111111111111111111111111111111111111 (balance = 0ng ; last_trans_lt = 38000001..38000002)[0m
23: [0m[ 4][t 0][2026-09-12 15:09:25.301094748][transaction.cpp:622]	unpacking account 2222222222222222222222222222222222222222222222222222222222222222[0m
23: [0m[ 4][t 0][2026-09-12 15:09:25.301113429][transaction.cpp:455]	last_paid=0; cells=10 bits=3308[0m
23: [0m[ 4][t 0][2026-09-12 15:09:25.301117822][transaction.cpp:685]	end of Account.unpack() for 2:2222222222222222222222222222222222222222222222222222222222222222 (balance = 0ng ; last_trans_lt = 8000001..8000002)[0m
23: [0m[ 4][t 0][2026-09-12 15:09:26.263727725][transaction.cpp:622]	unpacking account 0000000000000000000000000000000000000000000000000000000000000000[0m
23: [0m[ 4][t 0][2026-09-12 15:09:26.263741954][transaction.cpp:455]	last_paid=0; cells=6 bits=1030[0m
23: [0m[ 4][t 0][2026-09-12 15:09:26.263745796][transaction.cpp:685]	end of Account.unpack() for 2:0000000000000000000000000000000000000000000000000000000000000000 (balance = 21018000250ng ; last_trans_lt = 40000001..40000002)[0m
23: [0m[ 4][t 0][2026-09-12 15:09:26.263752721][transaction.cpp:622]	unpacking account FFFFFFFFFFFFFFFFFFFFFFFFFFFFFFFFFFFFFFFFFFFFFFFFFFFFFFFFFFFFFFFF[0m
23: [0m[ 4][t 0][2026-09-12 15:09:26.263755816][transaction.cpp:455]	last_paid=0; cells=3 bits=132[0m
23: [0m[ 4][t 0][2026-09-12 15:09:26.263758202][transaction.cpp:685]	end of Account.unpack() for 2:FFFFFFFFFFFFFFFFFFFFFFFFFFFFFFFFFFFFFFFFFFFFFFFFFFFFFFFFFFFFFFFF (balance = 4996995692ng ; last_trans_lt = 40000001..40000002)[0m
23: [0m[ 4][t 0][2026-09-12 15:09:26.266117879][mc-config.cpp:572]	workchain description dictionary created[0m
23: [0m[ 4][t 0][2026-09-12 15:09:26.266149887][mc-config.cpp:2347]	unpacked info for workchain 0: basic=true, active=true, accept_msgs=true, min_split=0, max_split=0[0m
23: [0m[ 4][t 0][2026-09-12 15:09:26.266153418][mc-config.cpp:2347]	unpacked info for workchain 2: basic=true, active=true, accept_msgs=true, min_split=0, max_split=0[0m
23: [0m[ 4][t 0][2026-09-12 15:09:26.266172171][transaction.cpp:622]	unpacking account 0000000000000000000000000000000000000000000000000000000000000000[0m
23: [0m[ 4][t 0][2026-09-12 15:09:26.266177509][transaction.cpp:455]	last_paid=0; cells=8 bits=1848[0m
23: [0m[ 4][t 0][2026-09-12 15:09:26.266181163][transaction.cpp:685]	end of Account.unpack() for 2:0000000000000000000000000000000000000000000000000000000000000000 (balance = 21024996320ng ; last_trans_lt = 38000001..38000002)[0m
23: [0m[ 4][t 0][2026-09-12 15:09:26.267177304][transaction.cpp:622]	unpacking account 1111111111111111111111111111111111111111111111111111111111111111[0m
23: [0m[ 4][t 0][2026-09-12 15:09:26.267183476][transaction.cpp:455]	last_paid=0; cells=26 bits=8514[0m
23: [0m[ 4][t 0][2026-09-12 15:09:26.267186603][transaction.cpp:685]	end of Account.unpack() for 2:1111111111111111111111111111111111111111111111111111111111111111 (balance = 0ng ; last_trans_lt = 40000001..40000002)[0m
23: [0m[ 4][t 0][2026-09-12 15:09:32.575132518][transaction.cpp:622]	unpacking account 2222222222222222222222222222222222222222222222222222222222222222[0m
23: [0m[ 4][t 0][2026-09-12 15:09:32.575147562][transaction.cpp:455]	last_paid=0; cells=10 bits=3308[0m
23: [0m[ 4][t 0][2026-09-12 15:09:32.575151852][transaction.cpp:685]	end of Account.unpack() for 2:2222222222222222222222222222222222222222222222222222222222222222 (balance = 0ng ; last_trans_lt = 8000001..8000002)[0m
23: COMPLETION_REAL_RED:D63_4_INSTALLED_CREDIT
23: ORACLE_MISSING:D63_4_INSTALLED_CREDIT
23: [0m[ 4][t 0][2026-09-12 15:11:35.789348962][mc-config.cpp:572]	workchain description dictionary created[0m
23: [0m[ 4][t 0][2026-09-12 15:11:35.789571749][mc-config.cpp:2347]	unpacked info for workchain 0: basic=true, active=true, accept_msgs=true, min_split=0, max_split=0[0m
23: [0m[ 4][t 0][2026-09-12 15:11:35.789586668][mc-config.cpp:2347]	unpacked info for workchain 2: basic=true, active=true, accept_msgs=true, min_split=0, max_split=0[0m
23: [0m[ 4][t 0][2026-09-12 15:11:35.789728185][mc-config.cpp:572]	workchain description dictionary created[0m
23: [0m[ 4][t 0][2026-09-12 15:11:35.789734011][mc-config.cpp:2347]	unpacked info for workchain 0: basic=true, active=true, accept_msgs=true, min_split=0, max_split=0[0m
23: [0m[ 4][t 0][2026-09-12 15:11:35.789739295][mc-config.cpp:2347]	unpacked info for workchain 2: basic=true, active=true, accept_msgs=true, min_split=0, max_split=0[0m
23: [0m[ 4][t 0][2026-09-12 15:11:35.789792151][transaction.cpp:622]	unpacking account 0000000000000000000000000000000000000000000000000000000000000000[0m
23: [0m[ 4][t 0][2026-09-12 15:11:35.789825995][transaction.cpp:455]	last_paid=0; cells=8 bits=1848[0m
23: [0m[ 4][t 0][2026-09-12 15:11:35.789842148][transaction.cpp:685]	end of Account.unpack() for 2:0000000000000000000000000000000000000000000000000000000000000000 (balance = 21024996320ng ; last_trans_lt = 38000001..38000002)[0m
23: [0m[ 4][t 0][2026-09-12 15:11:35.789868782][transaction.cpp:622]	unpacking account FFFFFFFFFFFFFFFFFFFFFFFFFFFFFFFFFFFFFFFFFFFFFFFFFFFFFFFFFFFFFFFF[0m
23: [0m[ 4][t 0][2026-09-12 15:11:35.789875506][transaction.cpp:455]	last_paid=0; cells=3 bits=132[0m
23: [0m[ 4][t 0][2026-09-12 15:11:35.789881067][transaction.cpp:685]	end of Account.unpack() for 2:FFFFFFFFFFFFFFFFFFFFFFFFFFFFFFFFFFFFFFFFFFFFFFFFFFFFFFFFFFFFFFFF (balance = 4989999630ng ; last_trans_lt = 38000001..38000002)[0m
23: [0m[ 4][t 0][2026-09-12 15:11:35.793425796][transaction.cpp:622]	unpacking account 1111111111111111111111111111111111111111111111111111111111111111[0m
23: [0m[ 4][t 0][2026-09-12 15:11:35.793452748][transaction.cpp:455]	last_paid=0; cells=26 bits=8514[0m
23: [0m[ 4][t 0][2026-09-12 15:11:35.793461007][transaction.cpp:685]	end of Account.unpack() for 2:1111111111111111111111111111111111111111111111111111111111111111 (balance = 0ng ; last_trans_lt = 38000001..38000002)[0m
23: [0m[ 4][t 0][2026-09-12 15:11:42.209243020][transaction.cpp:622]	unpacking account 2222222222222222222222222222222222222222222222222222222222222222[0m
23: [0m[ 4][t 0][2026-09-12 15:11:42.209267706][transaction.cpp:455]	last_paid=0; cells=10 bits=3308[0m
23: [0m[ 4][t 0][2026-09-12 15:11:42.209273060][transaction.cpp:685]	end of Account.unpack() for 2:2222222222222222222222222222222222222222222222222222222222222222 (balance = 0ng ; last_trans_lt = 8000001..8000002)[0m
23: [0m[ 4][t 0][2026-09-12 15:11:43.189482613][transaction.cpp:622]	unpacking account 0000000000000000000000000000000000000000000000000000000000000000[0m
23: [0m[ 4][t 0][2026-09-12 15:11:43.189493328][transaction.cpp:455]	last_paid=0; cells=8 bits=1848[0m
23: [0m[ 4][t 0][2026-09-12 15:11:43.189496953][transaction.cpp:685]	end of Account.unpack() for 2:0000000000000000000000000000000000000000000000000000000000000000 (balance = 21018000250ng ; last_trans_lt = 40000001..40000002)[0m
23: [0m[ 4][t 0][2026-09-12 15:11:43.189504171][transaction.cpp:622]	unpacking account FFFFFFFFFFFFFFFFFFFFFFFFFFFFFFFFFFFFFFFFFFFFFFFFFFFFFFFFFFFFFFFF[0m
23: [0m[ 4][t 0][2026-09-12 15:11:43.189507243][transaction.cpp:455]	last_paid=0; cells=3 bits=132[0m
23: [0m[ 4][t 0][2026-09-12 15:11:43.189509613][transaction.cpp:685]	end of Account.unpack() for 2:FFFFFFFFFFFFFFFFFFFFFFFFFFFFFFFFFFFFFFFFFFFFFFFFFFFFFFFFFFFFFFFF (balance = 4996995692ng ; last_trans_lt = 40000001..40000002)[0m
23: [0m[ 4][t 0][2026-09-12 15:11:43.191895061][mc-config.cpp:572]	workchain description dictionary created[0m
23: [0m[ 4][t 0][2026-09-12 15:11:43.191903888][mc-config.cpp:2347]	unpacked info for workchain 0: basic=true, active=true, accept_msgs=true, min_split=0, max_split=0[0m
23: [0m[ 4][t 0][2026-09-12 15:11:43.191907501][mc-config.cpp:2347]	unpacked info for workchain 2: basic=true, active=true, accept_msgs=true, min_split=0, max_split=0[0m
23: [0m[ 4][t 0][2026-09-12 15:11:43.191932403][transaction.cpp:622]	unpacking account 0000000000000000000000000000000000000000000000000000000000000000[0m
23: [0m[ 4][t 0][2026-09-12 15:11:43.191938108][transaction.cpp:455]	last_paid=0; cells=8 bits=1848[0m
23: [0m[ 4][t 0][2026-09-12 15:11:43.191941695][transaction.cpp:685]	end of Account.unpack() for 2:0000000000000000000000000000000000000000000000000000000000000000 (balance = 21024996320ng ; last_trans_lt = 38000001..38000002)[0m
23: [0m[ 4][t 0][2026-09-12 15:11:43.192937885][transaction.cpp:622]	unpacking account 1111111111111111111111111111111111111111111111111111111111111111[0m
23: [0m[ 4][t 0][2026-09-12 15:11:43.192943839][transaction.cpp:455]	last_paid=0; cells=32 bits=10596[0m
23: [0m[ 4][t 0][2026-09-12 15:11:43.192946935][transaction.cpp:685]	end of Account.unpack() for 2:1111111111111111111111111111111111111111111111111111111111111111 (balance = 0ng ; last_trans_lt = 40000001..40000002)[0m
23: [0m[ 4][t 0][2026-09-12 15:11:50.680068949][transaction.cpp:622]	unpacking account 2222222222222222222222222222222222222222222222222222222222222222[0m
23: [0m[ 4][t 0][2026-09-12 15:11:50.680085280][transaction.cpp:455]	last_paid=0; cells=10 bits=3308[0m
23: [0m[ 4][t 0][2026-09-12 15:11:50.680089687][transaction.cpp:685]	end of Account.unpack() for 2:2222222222222222222222222222222222222222222222222222222222222222 (balance = 0ng ; last_trans_lt = 8000001..8000002)[0m
23: COMPLETION_REAL_RED:D63_2_HOLDINGS
23: ORACLE_MISSING:D63_2_HOLDINGS
23: D63_2_PRIMARY_CARRIER:D60_PAIRING
23: [0m[ 4][t 0][2026-09-12 15:12:00.219750145][mc-config.cpp:572]	workchain description dictionary created[0m
23: [0m[ 4][t 0][2026-09-12 15:12:00.219959960][mc-config.cpp:2347]	unpacked info for workchain 0: basic=true, active=true, accept_msgs=true, min_split=0, max_split=0[0m
23: [0m[ 4][t 0][2026-09-12 15:12:00.219973769][mc-config.cpp:2347]	unpacked info for workchain 2: basic=true, active=true, accept_msgs=true, min_split=0, max_split=0[0m
23: [0m[ 4][t 0][2026-09-12 15:12:00.220094852][mc-config.cpp:572]	workchain description dictionary created[0m
23: [0m[ 4][t 0][2026-09-12 15:12:00.220101050][mc-config.cpp:2347]	unpacked info for workchain 0: basic=true, active=true, accept_msgs=true, min_split=0, max_split=0[0m
23: [0m[ 4][t 0][2026-09-12 15:12:00.220105905][mc-config.cpp:2347]	unpacked info for workchain 2: basic=true, active=true, accept_msgs=true, min_split=0, max_split=0[0m
23: [0m[ 4][t 0][2026-09-12 15:12:00.220157016][transaction.cpp:622]	unpacking account 0000000000000000000000000000000000000000000000000000000000000000[0m
23: [0m[ 4][t 0][2026-09-12 15:12:00.220175261][transaction.cpp:455]	last_paid=0; cells=8 bits=1848[0m
23: [0m[ 4][t 0][2026-09-12 15:12:00.220192670][transaction.cpp:685]	end of Account.unpack() for 2:0000000000000000000000000000000000000000000000000000000000000000 (balance = 21024996320ng ; last_trans_lt = 38000001..38000002)[0m
23: [0m[ 4][t 0][2026-09-12 15:12:00.220216427][transaction.cpp:622]	unpacking account FFFFFFFFFFFFFFFFFFFFFFFFFFFFFFFFFFFFFFFFFFFFFFFFFFFFFFFFFFFFFFFF[0m
23: [0m[ 4][t 0][2026-09-12 15:12:00.220223105][transaction.cpp:455]	last_paid=0; cells=3 bits=132[0m
23: [0m[ 4][t 0][2026-09-12 15:12:00.220229204][transaction.cpp:685]	end of Account.unpack() for 2:FFFFFFFFFFFFFFFFFFFFFFFFFFFFFFFFFFFFFFFFFFFFFFFFFFFFFFFFFFFFFFFF (balance = 4989999630ng ; last_trans_lt = 38000001..38000002)[0m
23: [0m[ 4][t 0][2026-09-12 15:12:00.223753211][transaction.cpp:622]	unpacking account 1111111111111111111111111111111111111111111111111111111111111111[0m
23: [0m[ 4][t 0][2026-09-12 15:12:00.223774706][transaction.cpp:455]	last_paid=0; cells=26 bits=8514[0m
23: [0m[ 4][t 0][2026-09-12 15:12:00.223781751][transaction.cpp:685]	end of Account.unpack() for 2:1111111111111111111111111111111111111111111111111111111111111111 (balance = 0ng ; last_trans_lt = 38000001..38000002)[0m
23: [0m[ 4][t 0][2026-09-12 15:12:06.572760141][transaction.cpp:622]	unpacking account 2222222222222222222222222222222222222222222222222222222222222222[0m
23: [0m[ 4][t 0][2026-09-12 15:12:06.572776004][transaction.cpp:455]	last_paid=0; cells=10 bits=3308[0m
23: [0m[ 4][t 0][2026-09-12 15:12:06.572780430][transaction.cpp:685]	end of Account.unpack() for 2:2222222222222222222222222222222222222222222222222222222222222222 (balance = 0ng ; last_trans_lt = 8000001..8000002)[0m
23: [0m[ 4][t 0][2026-09-12 15:12:07.586235531][transaction.cpp:622]	unpacking account 0000000000000000000000000000000000000000000000000000000000000000[0m
23: [0m[ 4][t 0][2026-09-12 15:12:07.586246724][transaction.cpp:455]	last_paid=0; cells=6 bits=1030[0m
23: [0m[ 4][t 0][2026-09-12 15:12:07.586250396][transaction.cpp:685]	end of Account.unpack() for 2:0000000000000000000000000000000000000000000000000000000000000000 (balance = 21018000250ng ; last_trans_lt = 40000001..40000002)[0m
23: [0m[ 4][t 0][2026-09-12 15:12:07.586256867][transaction.cpp:622]	unpacking account FFFFFFFFFFFFFFFFFFFFFFFFFFFFFFFFFFFFFFFFFFFFFFFFFFFFFFFFFFFFFFFF[0m
23: [0m[ 4][t 0][2026-09-12 15:12:07.586259932][transaction.cpp:455]	last_paid=0; cells=3 bits=132[0m
23: [0m[ 4][t 0][2026-09-12 15:12:07.586262352][transaction.cpp:685]	end of Account.unpack() for 2:FFFFFFFFFFFFFFFFFFFFFFFFFFFFFFFFFFFFFFFFFFFFFFFFFFFFFFFFFFFFFFFF (balance = 4996995692ng ; last_trans_lt = 40000001..40000002)[0m
23: [0m[ 4][t 0][2026-09-12 15:12:07.588597547][mc-config.cpp:572]	workchain description dictionary created[0m
23: [0m[ 4][t 0][2026-09-12 15:12:07.588607283][mc-config.cpp:2347]	unpacked info for workchain 0: basic=true, active=true, accept_msgs=true, min_split=0, max_split=0[0m
23: [0m[ 4][t 0][2026-09-12 15:12:07.588610289][mc-config.cpp:2347]	unpacked info for workchain 2: basic=true, active=true, accept_msgs=true, min_split=0, max_split=0[0m
23: [0m[ 4][t 0][2026-09-12 15:12:07.588628789][transaction.cpp:622]	unpacking account 0000000000000000000000000000000000000000000000000000000000000000[0m
23: [0m[ 4][t 0][2026-09-12 15:12:07.588634613][transaction.cpp:455]	last_paid=0; cells=8 bits=1848[0m
23: [0m[ 4][t 0][2026-09-12 15:12:07.588639433][transaction.cpp:685]	end of Account.unpack() for 2:0000000000000000000000000000000000000000000000000000000000000000 (balance = 21024996320ng ; last_trans_lt = 38000001..38000002)[0m
23: [0m[ 4][t 0][2026-09-12 15:12:07.589632805][transaction.cpp:622]	unpacking account 1111111111111111111111111111111111111111111111111111111111111111[0m
23: [0m[ 4][t 0][2026-09-12 15:12:07.589638860][transaction.cpp:455]	last_paid=0; cells=32 bits=10596[0m
23: [0m[ 4][t 0][2026-09-12 15:12:07.589641711][transaction.cpp:685]	end of Account.unpack() for 2:1111111111111111111111111111111111111111111111111111111111111111 (balance = 0ng ; last_trans_lt = 40000001..40000002)[0m
23: [0m[ 4][t 0][2026-09-12 15:12:15.139747077][transaction.cpp:622]	unpacking account 2222222222222222222222222222222222222222222222222222222222222222[0m
23: [0m[ 4][t 0][2026-09-12 15:12:15.139761707][transaction.cpp:455]	last_paid=0; cells=10 bits=3308[0m
23: [0m[ 4][t 0][2026-09-12 15:12:15.139765602][transaction.cpp:685]	end of Account.unpack() for 2:2222222222222222222222222222222222222222222222222222222222222222 (balance = 0ng ; last_trans_lt = 8000001..8000002)[0m
23: REAL_RETRY_AFTER_UNPUBLISHED_SAME_AUTH
23: [0m[ 4][t 0][2026-09-12 15:12:45.368940030][mc-config.cpp:572]	workchain description dictionary created[0m
23: [0m[ 4][t 0][2026-09-12 15:12:45.369091812][mc-config.cpp:2347]	unpacked info for workchain 0: basic=true, active=true, accept_msgs=true, min_split=0, max_split=0[0m
23: [0m[ 4][t 0][2026-09-12 15:12:45.369098619][mc-config.cpp:2347]	unpacked info for workchain 2: basic=true, active=true, accept_msgs=true, min_split=0, max_split=0[0m
23: [0m[ 4][t 0][2026-09-12 15:12:45.369172901][mc-config.cpp:572]	workchain description dictionary created[0m
23: [0m[ 4][t 0][2026-09-12 15:12:45.369176014][mc-config.cpp:2347]	unpacked info for workchain 0: basic=true, active=true, accept_msgs=true, min_split=0, max_split=0[0m
23: [0m[ 4][t 0][2026-09-12 15:12:45.369178208][mc-config.cpp:2347]	unpacked info for workchain 2: basic=true, active=true, accept_msgs=true, min_split=0, max_split=0[0m
23: [0m[ 4][t 0][2026-09-12 15:12:45.369206951][transaction.cpp:622]	unpacking account 0000000000000000000000000000000000000000000000000000000000000000[0m
23: [0m[ 4][t 0][2026-09-12 15:12:45.369220483][transaction.cpp:455]	last_paid=0; cells=8 bits=1848[0m
23: [0m[ 4][t 0][2026-09-12 15:12:45.369230274][transaction.cpp:685]	end of Account.unpack() for 2:0000000000000000000000000000000000000000000000000000000000000000 (balance = 21024996320ng ; last_trans_lt = 38000001..38000002)[0m
23: [0m[ 4][t 0][2026-09-12 15:12:45.369248712][transaction.cpp:622]	unpacking account FFFFFFFFFFFFFFFFFFFFFFFFFFFFFFFFFFFFFFFFFFFFFFFFFFFFFFFFFFFFFFFF[0m
23: [0m[ 4][t 0][2026-09-12 15:12:45.369252094][transaction.cpp:455]	last_paid=0; cells=3 bits=132[0m
23: [0m[ 4][t 0][2026-09-12 15:12:45.369255001][transaction.cpp:685]	end of Account.unpack() for 2:FFFFFFFFFFFFFFFFFFFFFFFFFFFFFFFFFFFFFFFFFFFFFFFFFFFFFFFFFFFFFFFF (balance = 4989999630ng ; last_trans_lt = 38000001..38000002)[0m
23: [0m[ 4][t 0][2026-09-12 15:12:45.371166364][transaction.cpp:622]	unpacking account 1111111111111111111111111111111111111111111111111111111111111111[0m
23: [0m[ 4][t 0][2026-09-12 15:12:45.371178965][transaction.cpp:455]	last_paid=0; cells=26 bits=8514[0m
23: [0m[ 4][t 0][2026-09-12 15:12:45.371182691][transaction.cpp:685]	end of Account.unpack() for 2:1111111111111111111111111111111111111111111111111111111111111111 (balance = 0ng ; last_trans_lt = 38000001..38000002)[0m
23: [0m[ 4][t 0][2026-09-12 15:12:51.765683931][transaction.cpp:622]	unpacking account 2222222222222222222222222222222222222222222222222222222222222222[0m
23: [0m[ 4][t 0][2026-09-12 15:12:51.765716920][transaction.cpp:455]	last_paid=0; cells=10 bits=3308[0m
23: [0m[ 4][t 0][2026-09-12 15:12:51.765721791][transaction.cpp:685]	end of Account.unpack() for 2:2222222222222222222222222222222222222222222222222222222222222222 (balance = 0ng ; last_trans_lt = 8000001..8000002)[0m
23: [0m[ 4][t 0][2026-09-12 15:12:52.727652047][transaction.cpp:622]	unpacking account 0000000000000000000000000000000000000000000000000000000000000000[0m
23: [0m[ 4][t 0][2026-09-12 15:12:52.727666998][transaction.cpp:455]	last_paid=0; cells=6 bits=1030[0m
23: [0m[ 4][t 0][2026-09-12 15:12:52.727670847][transaction.cpp:685]	end of Account.unpack() for 2:0000000000000000000000000000000000000000000000000000000000000000 (balance = 21018000250ng ; last_trans_lt = 40000001..40000002)[0m
23: [0m[ 4][t 0][2026-09-12 15:12:52.727678167][transaction.cpp:622]	unpacking account FFFFFFFFFFFFFFFFFFFFFFFFFFFFFFFFFFFFFFFFFFFFFFFFFFFFFFFFFFFFFFFF[0m
23: [0m[ 4][t 0][2026-09-12 15:12:52.727681316][transaction.cpp:455]	last_paid=0; cells=3 bits=132[0m
23: [0m[ 4][t 0][2026-09-12 15:12:52.727683844][transaction.cpp:685]	end of Account.unpack() for 2:FFFFFFFFFFFFFFFFFFFFFFFFFFFFFFFFFFFFFFFFFFFFFFFFFFFFFFFFFFFFFFFF (balance = 4996995692ng ; last_trans_lt = 40000001..40000002)[0m
23: [0m[ 4][t 0][2026-09-12 15:12:52.730066234][mc-config.cpp:572]	workchain description dictionary created[0m
23: [0m[ 4][t 0][2026-09-12 15:12:52.730075998][mc-config.cpp:2347]	unpacked info for workchain 0: basic=true, active=true, accept_msgs=true, min_split=0, max_split=0[0m
23: [0m[ 4][t 0][2026-09-12 15:12:52.730078989][mc-config.cpp:2347]	unpacked info for workchain 2: basic=true, active=true, accept_msgs=true, min_split=0, max_split=0[0m
23: [0m[ 4][t 0][2026-09-12 15:12:52.730100442][transaction.cpp:622]	unpacking account 0000000000000000000000000000000000000000000000000000000000000000[0m
23: [0m[ 4][t 0][2026-09-12 15:12:52.730109997][transaction.cpp:455]	last_paid=0; cells=8 bits=1848[0m
23: [0m[ 4][t 0][2026-09-12 15:12:52.730114546][transaction.cpp:685]	end of Account.unpack() for 2:0000000000000000000000000000000000000000000000000000000000000000 (balance = 21024996320ng ; last_trans_lt = 38000001..38000002)[0m
23: [0m[ 4][t 0][2026-09-12 15:12:52.731103124][transaction.cpp:622]	unpacking account 1111111111111111111111111111111111111111111111111111111111111111[0m
23: [0m[ 4][t 0][2026-09-12 15:12:52.731109364][transaction.cpp:455]	last_paid=0; cells=32 bits=10596[0m
23: [0m[ 4][t 0][2026-09-12 15:12:52.731112294][transaction.cpp:685]	end of Account.unpack() for 2:1111111111111111111111111111111111111111111111111111111111111111 (balance = 0ng ; last_trans_lt = 40000001..40000002)[0m
23: [0m[ 4][t 0][2026-09-12 15:13:00.213169185][transaction.cpp:622]	unpacking account 2222222222222222222222222222222222222222222222222222222222222222[0m
23: [0m[ 4][t 0][2026-09-12 15:13:00.213186313][transaction.cpp:455]	last_paid=0; cells=10 bits=3308[0m
23: [0m[ 4][t 0][2026-09-12 15:13:00.213190385][transaction.cpp:685]	end of Account.unpack() for 2:2222222222222222222222222222222222222222222222222222222222222222 (balance = 0ng ; last_trans_lt = 8000001..8000002)[0m
23: REAL_VERIFIER_RED:SWEEP_CONSUMED_SAME_HEIGHT
23: ORACLE_MISSING:SWEEP_CONSUMED_SAME_HEIGHT
23: [0m[ 4][t 0][2026-09-12 15:13:30.402290720][mc-config.cpp:572]	workchain description dictionary created[0m
23: [0m[ 4][t 0][2026-09-12 15:13:30.402443781][mc-config.cpp:2347]	unpacked info for workchain 0: basic=true, active=true, accept_msgs=true, min_split=0, max_split=0[0m
23: [0m[ 4][t 0][2026-09-12 15:13:30.402450519][mc-config.cpp:2347]	unpacked info for workchain 2: basic=true, active=true, accept_msgs=true, min_split=0, max_split=0[0m
23: [0m[ 4][t 0][2026-09-12 15:13:30.402518938][mc-config.cpp:572]	workchain description dictionary created[0m
23: [0m[ 4][t 0][2026-09-12 15:13:30.402522021][mc-config.cpp:2347]	unpacked info for workchain 0: basic=true, active=true, accept_msgs=true, min_split=0, max_split=0[0m
23: [0m[ 4][t 0][2026-09-12 15:13:30.402524250][mc-config.cpp:2347]	unpacked info for workchain 2: basic=true, active=true, accept_msgs=true, min_split=0, max_split=0[0m
23: [0m[ 4][t 0][2026-09-12 15:13:30.402546067][transaction.cpp:622]	unpacking account 0000000000000000000000000000000000000000000000000000000000000000[0m
23: [0m[ 4][t 0][2026-09-12 15:13:30.402562391][transaction.cpp:455]	last_paid=0; cells=8 bits=1848[0m
23: [0m[ 4][t 0][2026-09-12 15:13:30.402571079][transaction.cpp:685]	end of Account.unpack() for 2:0000000000000000000000000000000000000000000000000000000000000000 (balance = 21024996320ng ; last_trans_lt = 38000001..38000002)[0m
23: [0m[ 4][t 0][2026-09-12 15:13:30.402590200][transaction.cpp:622]	unpacking account FFFFFFFFFFFFFFFFFFFFFFFFFFFFFFFFFFFFFFFFFFFFFFFFFFFFFFFFFFFFFFFF[0m
23: [0m[ 4][t 0][2026-09-12 15:13:30.402593479][transaction.cpp:455]	last_paid=0; cells=3 bits=132[0m
23: [0m[ 4][t 0][2026-09-12 15:13:30.402596293][transaction.cpp:685]	end of Account.unpack() for 2:FFFFFFFFFFFFFFFFFFFFFFFFFFFFFFFFFFFFFFFFFFFFFFFFFFFFFFFFFFFFFFFF (balance = 4989999630ng ; last_trans_lt = 38000001..38000002)[0m
23: [0m[ 4][t 0][2026-09-12 15:13:30.404520829][transaction.cpp:622]	unpacking account 1111111111111111111111111111111111111111111111111111111111111111[0m
23: [0m[ 4][t 0][2026-09-12 15:13:30.404534101][transaction.cpp:455]	last_paid=0; cells=26 bits=8514[0m
23: [0m[ 4][t 0][2026-09-12 15:13:30.404539059][transaction.cpp:685]	end of Account.unpack() for 2:1111111111111111111111111111111111111111111111111111111111111111 (balance = 0ng ; last_trans_lt = 38000001..38000002)[0m
23: [0m[ 4][t 0][2026-09-12 15:13:36.687214657][transaction.cpp:622]	unpacking account 2222222222222222222222222222222222222222222222222222222222222222[0m
23: [0m[ 4][t 0][2026-09-12 15:13:36.687239568][transaction.cpp:455]	last_paid=0; cells=10 bits=3308[0m
23: [0m[ 4][t 0][2026-09-12 15:13:36.687244579][transaction.cpp:685]	end of Account.unpack() for 2:2222222222222222222222222222222222222222222222222222222222222222 (balance = 0ng ; last_trans_lt = 8000001..8000002)[0m
23: [0m[ 4][t 0][2026-09-12 15:13:37.698558852][transaction.cpp:622]	unpacking account 0000000000000000000000000000000000000000000000000000000000000000[0m
23: [0m[ 4][t 0][2026-09-12 15:13:37.698570310][transaction.cpp:455]	last_paid=0; cells=6 bits=1030[0m
23: [0m[ 4][t 0][2026-09-12 15:13:37.698573971][transaction.cpp:685]	end of Account.unpack() for 2:0000000000000000000000000000000000000000000000000000000000000000 (balance = 21018000250ng ; last_trans_lt = 40000001..40000002)[0m
23: [0m[ 4][t 0][2026-09-12 15:13:37.698581287][transaction.cpp:622]	unpacking account FFFFFFFFFFFFFFFFFFFFFFFFFFFFFFFFFFFFFFFFFFFFFFFFFFFFFFFFFFFFFFFF[0m
23: [0m[ 4][t 0][2026-09-12 15:13:37.698584307][transaction.cpp:455]	last_paid=0; cells=3 bits=132[0m
23: [0m[ 4][t 0][2026-09-12 15:13:37.698586795][transaction.cpp:685]	end of Account.unpack() for 2:FFFFFFFFFFFFFFFFFFFFFFFFFFFFFFFFFFFFFFFFFFFFFFFFFFFFFFFFFFFFFFFF (balance = 4996995692ng ; last_trans_lt = 40000001..40000002)[0m
23: [0m[ 4][t 0][2026-09-12 15:13:37.701007312][mc-config.cpp:572]	workchain description dictionary created[0m
23: [0m[ 4][t 0][2026-09-12 15:13:37.701015848][mc-config.cpp:2347]	unpacked info for workchain 0: basic=true, active=true, accept_msgs=true, min_split=0, max_split=0[0m
23: [0m[ 4][t 0][2026-09-12 15:13:37.701019055][mc-config.cpp:2347]	unpacked info for workchain 2: basic=true, active=true, accept_msgs=true, min_split=0, max_split=0[0m
23: [0m[ 4][t 0][2026-09-12 15:13:37.701040132][transaction.cpp:622]	unpacking account 0000000000000000000000000000000000000000000000000000000000000000[0m
23: [0m[ 4][t 0][2026-09-12 15:13:37.701049293][transaction.cpp:455]	last_paid=0; cells=8 bits=1848[0m
23: [0m[ 4][t 0][2026-09-12 15:13:37.701053043][transaction.cpp:685]	end of Account.unpack() for 2:0000000000000000000000000000000000000000000000000000000000000000 (balance = 21024996320ng ; last_trans_lt = 38000001..38000002)[0m
23: [0m[ 4][t 0][2026-09-12 15:13:37.702042009][transaction.cpp:622]	unpacking account 1111111111111111111111111111111111111111111111111111111111111111[0m
23: [0m[ 4][t 0][2026-09-12 15:13:37.702048770][transaction.cpp:455]	last_paid=0; cells=32 bits=10596[0m
23: [0m[ 4][t 0][2026-09-12 15:13:37.702051720][transaction.cpp:685]	end of Account.unpack() for 2:1111111111111111111111111111111111111111111111111111111111111111 (balance = 0ng ; last_trans_lt = 40000001..40000002)[0m
23: [0m[ 4][t 0][2026-09-12 15:13:45.027996562][transaction.cpp:622]	unpacking account 2222222222222222222222222222222222222222222222222222222222222222[0m
23: [0m[ 4][t 0][2026-09-12 15:13:45.028011602][transaction.cpp:455]	last_paid=0; cells=10 bits=3308[0m
23: [0m[ 4][t 0][2026-09-12 15:13:45.028015742][transaction.cpp:685]	end of Account.unpack() for 2:2222222222222222222222222222222222222222222222222222222222222222 (balance = 0ng ; last_trans_lt = 8000001..8000002)[0m
23: COMPLETION_REAL_RED:D63_SAME_BATCH
23: ORACLE_MISSING:D63_SAME_BATCH
23: ATOMICITY_SCOPE:section9.3 architecture; no premature-publication control; regression gap open
23: WITHDRAWAL-COMPLETION_D78_OBSERVED:test-workchain-withdrawal-completion-sweep-atomic
1/1 Test #23: test-workchain-withdrawal-completion-sweep-atomic ...   Passed  614.12 sec

The following tests passed:
	test-workchain-withdrawal-completion-sweep-atomic

100% tests passed, 0 tests failed out of 1

Total Test time (real) = 614.13 sec
CAPACITY_END sweep-atomic exit=0
Filesystem                            1B-blocks         Used    Available Use% Mounted on
/dev/mapper/ubuntu--vg-ubuntu--lv 1004298338304 499148759040 463201239040  52% /
CAPACITY_START oracle-control
Filesystem                            1B-blocks         Used    Available Use% Mounted on
/dev/mapper/ubuntu--vg-ubuntu--lv 1004298338304 499148759040 463201239040  52% /
Internal ctest changing into directory: /tmp/uno-merge-6ea2fbf80-tL5Uih
UpdateCTestConfiguration  from :/tmp/uno-merge-6ea2fbf80-tL5Uih/DartConfiguration.tcl
UpdateCTestConfiguration  from :/tmp/uno-merge-6ea2fbf80-tL5Uih/DartConfiguration.tcl
Test project /tmp/uno-merge-6ea2fbf80-tL5Uih
Constructing a list of tests
Done constructing a list of tests
Updating test list for fixtures
Added 0 tests to meet fixture requirements
Checking test dependency graph...
Checking test dependency graph end
test 24
    Start 24: test-workchain-withdrawal-completion-oracle-control

24: Test command: /home/tomi/.local/bin/python3 "/home/tomi/tos/test/uno-m3-live.py" "--build" "/tmp/uno-merge-6ea2fbf80-tL5Uih" "--completion-contract" "oracle-control"
24: Test timeout computed to be: 60
24: COMPLETION_RUN:/tmp/uno-completion-bucket-korgx5rv
24: COMPLETION_META_REAL_OBSERVATION:row4:ROW4_TRIGGERED
24: ORACLE_MISSING:ROW4_TRIGGERED
24: COMPLETION_META_REAL_OBSERVATION:row6:LATE_NOT_ROW3
24: ORACLE_MISSING:LATE_NOT_ROW3
24: COMPLETION_META_REAL_OBSERVATION:row5:DELTA_P
24: ORACLE_MISSING:DELTA_P
24: COMPLETION_META_REAL_OBSERVATION:bucket-small:BUCKET_FIXED_ATTRIBUTION
24: ORACLE_MISSING:BUCKET_FIXED_ATTRIBUTION
24: COMPLETION_META_REAL_OBSERVATION:bucket-full:BUCKET_FIXED_ATTRIBUTION
24: ORACLE_MISSING:BUCKET_FIXED_ATTRIBUTION
24: COMPLETION_META_REAL_OBSERVATION:bucket-closed:BUCKET_FIXED_ATTRIBUTION
24: ORACLE_MISSING:BUCKET_FIXED_ATTRIBUTION
24: COMPLETION_META_REAL_OBSERVATION:sweep-atomic:D63_3_FEE_DESTINATIONS
24: ORACLE_MISSING:D63_3_FEE_DESTINATIONS
24: ORACLE_CONTROL_DRIVER_MISSING
24: WITHDRAWAL-COMPLETION_D78_OBSERVED:test-workchain-withdrawal-completion-oracle-control
1/1 Test #24: test-workchain-withdrawal-completion-oracle-control ...   Passed    0.12 sec

The following tests passed:
	test-workchain-withdrawal-completion-oracle-control

100% tests passed, 0 tests failed out of 1

Total Test time (real) =   0.14 sec
CAPACITY_END oracle-control exit=0
Filesystem                            1B-blocks         Used    Available Use% Mounted on
/dev/mapper/ubuntu--vg-ubuntu--lv 1004298338304 499148722176 463201275904  52% /
