Metric                                               Cardinality    Percentage    
tos_consensus_actions_total                          36             25.71%        
tos_consensus_action_failures_total                  29             20.71%        
tos_consensus_action_outcomes_total                  20             14.29%        
tos_storage_operation_duration_seconds               16             11.43%        
tos_storage_operations_total                         8              5.71%         
tos_state_resolver_results_total                     6              4.29%         
tos_consensus_action_pending                         4              2.86%         
tos_consensus_action_accounting_complete             4              2.86%         
tos_pq_operations_total                              4              2.86%         
tos_consensus_sessions                               2              1.43%         
tos_consensus_leader_windows_total                   2              1.43%         
tos_state_resolver_waiters                           2              1.43%         
tos_consensus_proposal_empty_candidates_total        1              0.71%         
tos_consensus_session_stop_started_total             1              0.71%         
tos_exporter_snapshot_generation                     1              0.71%         
tos_consensus_sessions_started_total                 1              0.71%         
tos_health_core_registry_instrumentation_complete    1              0.71%         
tos_health_core_registry_dropped_updates_total       1              0.71%         
tos_consensus_proposal_retries_total                 1              0.71%         
Total                                                140            100%          
Metric                                               Cardinality    Percentage    
tos_consensus_actions_total                          36             25.71%        
tos_consensus_action_failures_total                  29             20.71%        
tos_consensus_action_outcomes_total                  20             14.29%        
tos_storage_operation_duration_seconds               16             11.43%        
tos_storage_operations_total                         8              5.71%         
tos_state_resolver_results_total                     6              4.29%         
tos_consensus_action_pending                         4              2.86%         
tos_consensus_action_accounting_complete             4              2.86%         
tos_pq_operations_total                              4              2.86%         
tos_consensus_sessions                               2              1.43%         
tos_state_resolver_waiters                           2              1.43%         
tos_consensus_leader_windows_total                   2              1.43%         
tos_exporter_snapshot_generation                     1              0.71%         
tos_consensus_proposal_retries_total                 1              0.71%         
tos_consensus_sessions_started_total                 1              0.71%         
tos_health_core_registry_dropped_updates_total       1              0.71%         
tos_consensus_session_stop_started_total             1              0.71%         
tos_health_core_registry_instrumentation_complete    1              0.71%         
tos_consensus_proposal_empty_candidates_total        1              0.71%         
Total                                                140            100%          
Metric                                               Cardinality    Percentage    
tos_consensus_actions_total                          36             25.71%        
tos_consensus_action_failures_total                  29             20.71%        
tos_consensus_action_outcomes_total                  20             14.29%        
tos_storage_operation_duration_seconds               16             11.43%        
tos_storage_operations_total                         8              5.71%         
tos_state_resolver_results_total                     6              4.29%         
tos_consensus_action_accounting_complete             4              2.86%         
tos_pq_operations_total                              4              2.86%         
tos_consensus_action_pending                         4              2.86%         
tos_consensus_leader_windows_total                   2              1.43%         
tos_state_resolver_waiters                           2              1.43%         
tos_consensus_sessions                               2              1.43%         
tos_consensus_session_stop_started_total             1              0.71%         
tos_health_core_registry_instrumentation_complete    1              0.71%         
tos_health_core_registry_dropped_updates_total       1              0.71%         
tos_consensus_sessions_started_total                 1              0.71%         
tos_consensus_proposal_retries_total                 1              0.71%         
tos_consensus_proposal_empty_candidates_total        1              0.71%         
tos_exporter_snapshot_generation                     1              0.71%         
Total                                                140            100%          
Metric                                               Cardinality    Percentage    
tos_consensus_actions_total                          36             25.71%        
tos_consensus_action_failures_total                  29             20.71%        
tos_consensus_action_outcomes_total                  20             14.29%        
tos_storage_operation_duration_seconds               16             11.43%        
tos_storage_operations_total                         8              5.71%         
tos_state_resolver_results_total                     6              4.29%         
tos_consensus_action_accounting_complete             4              2.86%         
tos_consensus_action_pending                         4              2.86%         
tos_pq_operations_total                              4              2.86%         
tos_consensus_leader_windows_total                   2              1.43%         
tos_consensus_sessions                               2              1.43%         
tos_state_resolver_waiters                           2              1.43%         
tos_consensus_session_stop_started_total             1              0.71%         
tos_health_core_registry_instrumentation_complete    1              0.71%         
tos_health_core_registry_dropped_updates_total       1              0.71%         
tos_exporter_snapshot_generation                     1              0.71%         
tos_consensus_proposal_retries_total                 1              0.71%         
tos_consensus_proposal_empty_candidates_total        1              0.71%         
tos_consensus_sessions_started_total                 1              0.71%         
Total                                                140            100%          
Metric                                               Cardinality    Percentage    
tos_consensus_actions_total                          36             25.71%        
tos_consensus_action_failures_total                  29             20.71%        
tos_consensus_action_outcomes_total                  20             14.29%        
tos_storage_operation_duration_seconds               16             11.43%        
tos_storage_operations_total                         8              5.71%         
tos_state_resolver_results_total                     6              4.29%         
tos_pq_operations_total                              4              2.86%         
tos_consensus_action_pending                         4              2.86%         
tos_consensus_action_accounting_complete             4              2.86%         
tos_consensus_sessions                               2              1.43%         
tos_consensus_leader_windows_total                   2              1.43%         
tos_state_resolver_waiters                           2              1.43%         
tos_exporter_snapshot_generation                     1              0.71%         
tos_health_core_registry_dropped_updates_total       1              0.71%         
tos_consensus_proposal_retries_total                 1              0.71%         
tos_consensus_sessions_started_total                 1              0.71%         
tos_consensus_session_stop_started_total             1              0.71%         
tos_consensus_proposal_empty_candidates_total        1              0.71%         
tos_health_core_registry_instrumentation_complete    1              0.71%         
Total                                                140            100%          
Metric                                               Cardinality    Percentage    
tos_consensus_actions_total                          36             25.71%        
tos_consensus_action_failures_total                  29             20.71%        
tos_consensus_action_outcomes_total                  20             14.29%        
tos_storage_operation_duration_seconds               16             11.43%        
tos_storage_operations_total                         8              5.71%         
tos_state_resolver_results_total                     6              4.29%         
tos_pq_operations_total                              4              2.86%         
tos_consensus_action_pending                         4              2.86%         
tos_consensus_action_accounting_complete             4              2.86%         
tos_consensus_leader_windows_total                   2              1.43%         
tos_state_resolver_waiters                           2              1.43%         
tos_consensus_sessions                               2              1.43%         
tos_health_core_registry_dropped_updates_total       1              0.71%         
tos_consensus_proposal_empty_candidates_total        1              0.71%         
tos_consensus_sessions_started_total                 1              0.71%         
tos_exporter_snapshot_generation                     1              0.71%         
tos_consensus_proposal_retries_total                 1              0.71%         
tos_consensus_session_stop_started_total             1              0.71%         
tos_health_core_registry_instrumentation_complete    1              0.71%         
Total                                                140            100%          
Metric                                               Cardinality    Percentage    
tos_consensus_actions_total                          36             25.71%        
tos_consensus_action_failures_total                  29             20.71%        
tos_consensus_action_outcomes_total                  20             14.29%        
tos_storage_operation_duration_seconds               16             11.43%        
tos_storage_operations_total                         8              5.71%         
tos_state_resolver_results_total                     6              4.29%         
tos_consensus_action_pending                         4              2.86%         
tos_consensus_action_accounting_complete             4              2.86%         
tos_pq_operations_total                              4              2.86%         
tos_consensus_sessions                               2              1.43%         
tos_state_resolver_waiters                           2              1.43%         
tos_consensus_leader_windows_total                   2              1.43%         
tos_consensus_sessions_started_total                 1              0.71%         
tos_consensus_proposal_retries_total                 1              0.71%         
tos_health_core_registry_dropped_updates_total       1              0.71%         
tos_consensus_proposal_empty_candidates_total        1              0.71%         
tos_consensus_session_stop_started_total             1              0.71%         
tos_health_core_registry_instrumentation_complete    1              0.71%         
tos_exporter_snapshot_generation                     1              0.71%         
Total                                                140            100%          
Metric                                               Cardinality    Percentage    
tos_consensus_actions_total                          36             25.71%        
tos_consensus_action_failures_total                  29             20.71%        
tos_consensus_action_outcomes_total                  20             14.29%        
tos_storage_operation_duration_seconds               16             11.43%        
tos_storage_operations_total                         8              5.71%         
tos_state_resolver_results_total                     6              4.29%         
tos_consensus_action_accounting_complete             4              2.86%         
tos_pq_operations_total                              4              2.86%         
tos_consensus_action_pending                         4              2.86%         
tos_consensus_leader_windows_total                   2              1.43%         
tos_state_resolver_waiters                           2              1.43%         
tos_consensus_sessions                               2              1.43%         
tos_consensus_sessions_started_total                 1              0.71%         
tos_health_core_registry_instrumentation_complete    1              0.71%         
tos_health_core_registry_dropped_updates_total       1              0.71%         
tos_consensus_proposal_retries_total                 1              0.71%         
tos_consensus_proposal_empty_candidates_total        1              0.71%         
tos_exporter_snapshot_generation                     1              0.71%         
tos_consensus_session_stop_started_total             1              0.71%         
Total                                                140            100%          
Metric                                               Cardinality    Percentage    
tos_consensus_actions_total                          36             25.71%        
tos_consensus_action_failures_total                  29             20.71%        
tos_consensus_action_outcomes_total                  20             14.29%        
tos_storage_operation_duration_seconds               16             11.43%        
tos_storage_operations_total                         8              5.71%         
tos_state_resolver_results_total                     6              4.29%         
tos_pq_operations_total                              4              2.86%         
tos_consensus_action_accounting_complete             4              2.86%         
tos_consensus_action_pending                         4              2.86%         
tos_state_resolver_waiters                           2              1.43%         
tos_consensus_leader_windows_total                   2              1.43%         
tos_consensus_sessions                               2              1.43%         
tos_consensus_session_stop_started_total             1              0.71%         
tos_health_core_registry_dropped_updates_total       1              0.71%         
tos_consensus_proposal_empty_candidates_total        1              0.71%         
tos_consensus_proposal_retries_total                 1              0.71%         
tos_consensus_sessions_started_total                 1              0.71%         
tos_health_core_registry_instrumentation_complete    1              0.71%         
tos_exporter_snapshot_generation                     1              0.71%         
Total                                                140            100%          
Metric                                               Cardinality    Percentage    
tos_consensus_actions_total                          36             25.71%        
tos_consensus_action_failures_total                  29             20.71%        
tos_consensus_action_outcomes_total                  20             14.29%        
tos_storage_operation_duration_seconds               16             11.43%        
tos_storage_operations_total                         8              5.71%         
tos_state_resolver_results_total                     6              4.29%         
tos_pq_operations_total                              4              2.86%         
tos_consensus_action_pending                         4              2.86%         
tos_consensus_action_accounting_complete             4              2.86%         
tos_consensus_sessions                               2              1.43%         
tos_consensus_leader_windows_total                   2              1.43%         
tos_state_resolver_waiters                           2              1.43%         
tos_exporter_snapshot_generation                     1              0.71%         
tos_consensus_proposal_retries_total                 1              0.71%         
tos_consensus_proposal_empty_candidates_total        1              0.71%         
tos_consensus_sessions_started_total                 1              0.71%         
tos_health_core_registry_dropped_updates_total       1              0.71%         
tos_consensus_session_stop_started_total             1              0.71%         
tos_health_core_registry_instrumentation_complete    1              0.71%         
Total                                                140            100%          
Metric                                               Cardinality    Percentage    
tos_consensus_actions_total                          36             25.71%        
tos_consensus_action_failures_total                  29             20.71%        
tos_consensus_action_outcomes_total                  20             14.29%        
tos_storage_operation_duration_seconds               16             11.43%        
tos_storage_operations_total                         8              5.71%         
tos_state_resolver_results_total                     6              4.29%         
tos_pq_operations_total                              4              2.86%         
tos_consensus_action_pending                         4              2.86%         
tos_consensus_action_accounting_complete             4              2.86%         
tos_state_resolver_waiters                           2              1.43%         
tos_consensus_leader_windows_total                   2              1.43%         
tos_consensus_sessions                               2              1.43%         
tos_consensus_proposal_empty_candidates_total        1              0.71%         
tos_consensus_sessions_started_total                 1              0.71%         
tos_health_core_registry_dropped_updates_total       1              0.71%         
tos_consensus_proposal_retries_total                 1              0.71%         
tos_health_core_registry_instrumentation_complete    1              0.71%         
tos_exporter_snapshot_generation                     1              0.71%         
tos_consensus_session_stop_started_total             1              0.71%         
Total                                                140            100%          
Metric                                               Cardinality    Percentage    
tos_consensus_actions_total                          36             25.71%        
tos_consensus_action_failures_total                  29             20.71%        
tos_consensus_action_outcomes_total                  20             14.29%        
tos_storage_operation_duration_seconds               16             11.43%        
tos_storage_operations_total                         8              5.71%         
tos_state_resolver_results_total                     6              4.29%         
tos_pq_operations_total                              4              2.86%         
tos_consensus_action_pending                         4              2.86%         
tos_consensus_action_accounting_complete             4              2.86%         
tos_consensus_leader_windows_total                   2              1.43%         
tos_consensus_sessions                               2              1.43%         
tos_state_resolver_waiters                           2              1.43%         
tos_health_core_registry_instrumentation_complete    1              0.71%         
tos_health_core_registry_dropped_updates_total       1              0.71%         
tos_consensus_session_stop_started_total             1              0.71%         
tos_exporter_snapshot_generation                     1              0.71%         
tos_consensus_proposal_retries_total                 1              0.71%         
tos_consensus_proposal_empty_candidates_total        1              0.71%         
tos_consensus_sessions_started_total                 1              0.71%         
Total                                                140            100%          
Metric                                               Cardinality    Percentage    
tos_consensus_actions_total                          36             25.71%        
tos_consensus_action_failures_total                  29             20.71%        
tos_consensus_action_outcomes_total                  20             14.29%        
tos_storage_operation_duration_seconds               16             11.43%        
tos_storage_operations_total                         8              5.71%         
tos_state_resolver_results_total                     6              4.29%         
tos_consensus_action_pending                         4              2.86%         
tos_pq_operations_total                              4              2.86%         
tos_consensus_action_accounting_complete             4              2.86%         
tos_consensus_leader_windows_total                   2              1.43%         
tos_consensus_sessions                               2              1.43%         
tos_state_resolver_waiters                           2              1.43%         
tos_consensus_proposal_retries_total                 1              0.71%         
tos_consensus_session_stop_started_total             1              0.71%         
tos_health_core_registry_instrumentation_complete    1              0.71%         
tos_health_core_registry_dropped_updates_total       1              0.71%         
tos_consensus_sessions_started_total                 1              0.71%         
tos_exporter_snapshot_generation                     1              0.71%         
tos_consensus_proposal_empty_candidates_total        1              0.71%         
Total                                                140            100%          
Metric                                               Cardinality    Percentage    
tos_consensus_actions_total                          36             25.71%        
tos_consensus_action_failures_total                  29             20.71%        
tos_consensus_action_outcomes_total                  20             14.29%        
tos_storage_operation_duration_seconds               16             11.43%        
tos_storage_operations_total                         8              5.71%         
tos_state_resolver_results_total                     6              4.29%         
tos_consensus_action_pending                         4              2.86%         
tos_consensus_action_accounting_complete             4              2.86%         
tos_pq_operations_total                              4              2.86%         
tos_state_resolver_waiters                           2              1.43%         
tos_consensus_sessions                               2              1.43%         
tos_consensus_leader_windows_total                   2              1.43%         
tos_consensus_proposal_retries_total                 1              0.71%         
tos_consensus_proposal_empty_candidates_total        1              0.71%         
tos_consensus_sessions_started_total                 1              0.71%         
tos_health_core_registry_instrumentation_complete    1              0.71%         
tos_exporter_snapshot_generation                     1              0.71%         
tos_consensus_session_stop_started_total             1              0.71%         
tos_health_core_registry_dropped_updates_total       1              0.71%         
Total                                                140            100%          
Metric                                               Cardinality    Percentage    
tos_consensus_actions_total                          36             25.71%        
tos_consensus_action_failures_total                  29             20.71%        
tos_consensus_action_outcomes_total                  20             14.29%        
tos_storage_operation_duration_seconds               16             11.43%        
tos_storage_operations_total                         8              5.71%         
tos_state_resolver_results_total                     6              4.29%         
tos_consensus_action_pending                         4              2.86%         
tos_pq_operations_total                              4              2.86%         
tos_consensus_action_accounting_complete             4              2.86%         
tos_consensus_sessions                               2              1.43%         
tos_consensus_leader_windows_total                   2              1.43%         
tos_state_resolver_waiters                           2              1.43%         
tos_consensus_proposal_empty_candidates_total        1              0.71%         
tos_consensus_sessions_started_total                 1              0.71%         
tos_health_core_registry_dropped_updates_total       1              0.71%         
tos_consensus_proposal_retries_total                 1              0.71%         
tos_health_core_registry_instrumentation_complete    1              0.71%         
tos_consensus_session_stop_started_total             1              0.71%         
tos_exporter_snapshot_generation                     1              0.71%         
Total                                                140            100%          
Metric                                               Cardinality    Percentage    
tos_consensus_actions_total                          36             25.71%        
tos_consensus_action_failures_total                  29             20.71%        
tos_consensus_action_outcomes_total                  20             14.29%        
tos_storage_operation_duration_seconds               16             11.43%        
tos_storage_operations_total                         8              5.71%         
tos_state_resolver_results_total                     6              4.29%         
tos_pq_operations_total                              4              2.86%         
tos_consensus_action_accounting_complete             4              2.86%         
tos_consensus_action_pending                         4              2.86%         
tos_consensus_leader_windows_total                   2              1.43%         
tos_state_resolver_waiters                           2              1.43%         
tos_consensus_sessions                               2              1.43%         
tos_consensus_sessions_started_total                 1              0.71%         
tos_exporter_snapshot_generation                     1              0.71%         
tos_consensus_proposal_retries_total                 1              0.71%         
tos_health_core_registry_instrumentation_complete    1              0.71%         
tos_health_core_registry_dropped_updates_total       1              0.71%         
tos_consensus_proposal_empty_candidates_total        1              0.71%         
tos_consensus_session_stop_started_total             1              0.71%         
Total                                                140            100%          
Metric                                               Cardinality    Percentage    
tos_consensus_actions_total                          36             25.71%        
tos_consensus_action_failures_total                  29             20.71%        
tos_consensus_action_outcomes_total                  20             14.29%        
tos_storage_operation_duration_seconds               16             11.43%        
tos_storage_operations_total                         8              5.71%         
tos_state_resolver_results_total                     6              4.29%         
tos_consensus_action_pending                         4              2.86%         
tos_consensus_action_accounting_complete             4              2.86%         
tos_pq_operations_total                              4              2.86%         
tos_consensus_sessions                               2              1.43%         
tos_consensus_leader_windows_total                   2              1.43%         
tos_state_resolver_waiters                           2              1.43%         
tos_consensus_proposal_empty_candidates_total        1              0.71%         
tos_consensus_sessions_started_total                 1              0.71%         
tos_health_core_registry_dropped_updates_total       1              0.71%         
tos_exporter_snapshot_generation                     1              0.71%         
tos_consensus_proposal_retries_total                 1              0.71%         
tos_consensus_session_stop_started_total             1              0.71%         
tos_health_core_registry_instrumentation_complete    1              0.71%         
Total                                                140            100%          
Metric                                               Cardinality    Percentage    
tos_consensus_actions_total                          36             25.71%        
tos_consensus_action_failures_total                  29             20.71%        
tos_consensus_action_outcomes_total                  20             14.29%        
tos_storage_operation_duration_seconds               16             11.43%        
tos_storage_operations_total                         8              5.71%         
tos_state_resolver_results_total                     6              4.29%         
tos_consensus_action_pending                         4              2.86%         
tos_consensus_action_accounting_complete             4              2.86%         
tos_pq_operations_total                              4              2.86%         
tos_consensus_sessions                               2              1.43%         
tos_consensus_leader_windows_total                   2              1.43%         
tos_state_resolver_waiters                           2              1.43%         
tos_exporter_snapshot_generation                     1              0.71%         
tos_consensus_proposal_retries_total                 1              0.71%         
tos_health_core_registry_instrumentation_complete    1              0.71%         
tos_health_core_registry_dropped_updates_total       1              0.71%         
tos_consensus_proposal_empty_candidates_total        1              0.71%         
tos_consensus_sessions_started_total                 1              0.71%         
tos_consensus_session_stop_started_total             1              0.71%         
Total                                                140            100%          
Metric                                               Cardinality    Percentage    
tos_consensus_actions_total                          36             25.71%        
tos_consensus_action_failures_total                  29             20.71%        
tos_consensus_action_outcomes_total                  20             14.29%        
tos_storage_operation_duration_seconds               16             11.43%        
tos_storage_operations_total                         8              5.71%         
tos_state_resolver_results_total                     6              4.29%         
tos_pq_operations_total                              4              2.86%         
tos_consensus_action_accounting_complete             4              2.86%         
tos_consensus_action_pending                         4              2.86%         
tos_consensus_leader_windows_total                   2              1.43%         
tos_consensus_sessions                               2              1.43%         
tos_state_resolver_waiters                           2              1.43%         
tos_consensus_sessions_started_total                 1              0.71%         
tos_health_core_registry_instrumentation_complete    1              0.71%         
tos_consensus_proposal_empty_candidates_total        1              0.71%         
tos_consensus_proposal_retries_total                 1              0.71%         
tos_consensus_session_stop_started_total             1              0.71%         
tos_health_core_registry_dropped_updates_total       1              0.71%         
tos_exporter_snapshot_generation                     1              0.71%         
Total                                                140            100%          
Metric                                               Cardinality    Percentage    
tos_consensus_actions_total                          36             25.71%        
tos_consensus_action_failures_total                  29             20.71%        
tos_consensus_action_outcomes_total                  20             14.29%        
tos_storage_operation_duration_seconds               16             11.43%        
tos_storage_operations_total                         8              5.71%         
tos_state_resolver_results_total                     6              4.29%         
tos_consensus_action_pending                         4              2.86%         
tos_consensus_action_accounting_complete             4              2.86%         
tos_pq_operations_total                              4              2.86%         
tos_consensus_leader_windows_total                   2              1.43%         
tos_consensus_sessions                               2              1.43%         
tos_state_resolver_waiters                           2              1.43%         
tos_consensus_proposal_empty_candidates_total        1              0.71%         
tos_consensus_sessions_started_total                 1              0.71%         
tos_consensus_session_stop_started_total             1              0.71%         
tos_consensus_proposal_retries_total                 1              0.71%         
tos_health_core_registry_instrumentation_complete    1              0.71%         
tos_health_core_registry_dropped_updates_total       1              0.71%         
tos_exporter_snapshot_generation                     1              0.71%         
Total                                                140            100%          
Metric                                               Cardinality    Percentage    
tos_consensus_actions_total                          36             25.71%        
tos_consensus_action_failures_total                  29             20.71%        
tos_consensus_action_outcomes_total                  20             14.29%        
tos_storage_operation_duration_seconds               16             11.43%        
tos_storage_operations_total                         8              5.71%         
tos_state_resolver_results_total                     6              4.29%         
tos_consensus_action_pending                         4              2.86%         
tos_consensus_action_accounting_complete             4              2.86%         
tos_pq_operations_total                              4              2.86%         
tos_state_resolver_waiters                           2              1.43%         
tos_consensus_leader_windows_total                   2              1.43%         
tos_consensus_sessions                               2              1.43%         
tos_health_core_registry_instrumentation_complete    1              0.71%         
tos_consensus_proposal_retries_total                 1              0.71%         
tos_consensus_session_stop_started_total             1              0.71%         
tos_health_core_registry_dropped_updates_total       1              0.71%         
tos_exporter_snapshot_generation                     1              0.71%         
tos_consensus_sessions_started_total                 1              0.71%         
tos_consensus_proposal_empty_candidates_total        1              0.71%         
Total                                                140            100%          
Metric                                               Cardinality    Percentage    
tos_consensus_actions_total                          36             25.71%        
tos_consensus_action_failures_total                  29             20.71%        
tos_consensus_action_outcomes_total                  20             14.29%        
tos_storage_operation_duration_seconds               16             11.43%        
tos_storage_operations_total                         8              5.71%         
tos_state_resolver_results_total                     6              4.29%         
tos_pq_operations_total                              4              2.86%         
tos_consensus_action_pending                         4              2.86%         
tos_consensus_action_accounting_complete             4              2.86%         
tos_consensus_leader_windows_total                   2              1.43%         
tos_state_resolver_waiters                           2              1.43%         
tos_consensus_sessions                               2              1.43%         
tos_health_core_registry_instrumentation_complete    1              0.71%         
tos_consensus_session_stop_started_total             1              0.71%         
tos_health_core_registry_dropped_updates_total       1              0.71%         
tos_consensus_proposal_empty_candidates_total        1              0.71%         
tos_exporter_snapshot_generation                     1              0.71%         
tos_consensus_proposal_retries_total                 1              0.71%         
tos_consensus_sessions_started_total                 1              0.71%         
Total                                                140            100%          
Metric                                               Cardinality    Percentage    
tos_consensus_actions_total                          36             25.71%        
tos_consensus_action_failures_total                  29             20.71%        
tos_consensus_action_outcomes_total                  20             14.29%        
tos_storage_operation_duration_seconds               16             11.43%        
tos_storage_operations_total                         8              5.71%         
tos_state_resolver_results_total                     6              4.29%         
tos_pq_operations_total                              4              2.86%         
tos_consensus_action_pending                         4              2.86%         
tos_consensus_action_accounting_complete             4              2.86%         
tos_state_resolver_waiters                           2              1.43%         
tos_consensus_sessions                               2              1.43%         
tos_consensus_leader_windows_total                   2              1.43%         
tos_exporter_snapshot_generation                     1              0.71%         
tos_consensus_proposal_retries_total                 1              0.71%         
tos_consensus_proposal_empty_candidates_total        1              0.71%         
tos_consensus_session_stop_started_total             1              0.71%         
tos_consensus_sessions_started_total                 1              0.71%         
tos_health_core_registry_instrumentation_complete    1              0.71%         
tos_health_core_registry_dropped_updates_total       1              0.71%         
Total                                                140            100%          
Metric                                               Cardinality    Percentage    
tos_consensus_actions_total                          36             25.71%        
tos_consensus_action_failures_total                  29             20.71%        
tos_consensus_action_outcomes_total                  20             14.29%        
tos_storage_operation_duration_seconds               16             11.43%        
tos_storage_operations_total                         8              5.71%         
tos_state_resolver_results_total                     6              4.29%         
tos_consensus_action_pending                         4              2.86%         
tos_pq_operations_total                              4              2.86%         
tos_consensus_action_accounting_complete             4              2.86%         
tos_consensus_leader_windows_total                   2              1.43%         
tos_state_resolver_waiters                           2              1.43%         
tos_consensus_sessions                               2              1.43%         
tos_consensus_proposal_empty_candidates_total        1              0.71%         
tos_consensus_session_stop_started_total             1              0.71%         
tos_exporter_snapshot_generation                     1              0.71%         
tos_consensus_sessions_started_total                 1              0.71%         
tos_health_core_registry_instrumentation_complete    1              0.71%         
tos_health_core_registry_dropped_updates_total       1              0.71%         
tos_consensus_proposal_retries_total                 1              0.71%         
Total                                                140            100%          
Metric                                               Cardinality    Percentage    
tos_consensus_actions_total                          36             25.71%        
tos_consensus_action_failures_total                  29             20.71%        
tos_consensus_action_outcomes_total                  20             14.29%        
tos_storage_operation_duration_seconds               16             11.43%        
tos_storage_operations_total                         8              5.71%         
tos_state_resolver_results_total                     6              4.29%         
tos_consensus_action_accounting_complete             4              2.86%         
tos_consensus_action_pending                         4              2.86%         
tos_pq_operations_total                              4              2.86%         
tos_consensus_leader_windows_total                   2              1.43%         
tos_state_resolver_waiters                           2              1.43%         
tos_consensus_sessions                               2              1.43%         
tos_consensus_proposal_empty_candidates_total        1              0.71%         
tos_consensus_session_stop_started_total             1              0.71%         
tos_health_core_registry_dropped_updates_total       1              0.71%         
tos_consensus_proposal_retries_total                 1              0.71%         
tos_exporter_snapshot_generation                     1              0.71%         
tos_consensus_sessions_started_total                 1              0.71%         
tos_health_core_registry_instrumentation_complete    1              0.71%         
Total                                                140            100%          
Metric                                               Cardinality    Percentage    
tos_consensus_actions_total                          36             25.71%        
tos_consensus_action_failures_total                  29             20.71%        
tos_consensus_action_outcomes_total                  20             14.29%        
tos_storage_operation_duration_seconds               16             11.43%        
tos_storage_operations_total                         8              5.71%         
tos_state_resolver_results_total                     6              4.29%         
tos_consensus_action_pending                         4              2.86%         
tos_consensus_action_accounting_complete             4              2.86%         
tos_pq_operations_total                              4              2.86%         
tos_state_resolver_waiters                           2              1.43%         
tos_consensus_sessions                               2              1.43%         
tos_consensus_leader_windows_total                   2              1.43%         
tos_consensus_proposal_empty_candidates_total        1              0.71%         
tos_health_core_registry_instrumentation_complete    1              0.71%         
tos_consensus_session_stop_started_total             1              0.71%         
tos_health_core_registry_dropped_updates_total       1              0.71%         
tos_consensus_proposal_retries_total                 1              0.71%         
tos_consensus_sessions_started_total                 1              0.71%         
tos_exporter_snapshot_generation                     1              0.71%         
Total                                                140            100%          
Metric                                               Cardinality    Percentage    
tos_consensus_actions_total                          36             25.71%        
tos_consensus_action_failures_total                  29             20.71%        
tos_consensus_action_outcomes_total                  20             14.29%        
tos_storage_operation_duration_seconds               16             11.43%        
tos_storage_operations_total                         8              5.71%         
tos_state_resolver_results_total                     6              4.29%         
tos_consensus_action_accounting_complete             4              2.86%         
tos_pq_operations_total                              4              2.86%         
tos_consensus_action_pending                         4              2.86%         
tos_consensus_sessions                               2              1.43%         
tos_consensus_leader_windows_total                   2              1.43%         
tos_state_resolver_waiters                           2              1.43%         
tos_consensus_proposal_empty_candidates_total        1              0.71%         
tos_consensus_proposal_retries_total                 1              0.71%         
tos_consensus_session_stop_started_total             1              0.71%         
tos_health_core_registry_dropped_updates_total       1              0.71%         
tos_consensus_sessions_started_total                 1              0.71%         
tos_health_core_registry_instrumentation_complete    1              0.71%         
tos_exporter_snapshot_generation                     1              0.71%         
Total                                                140            100%          
Metric                                               Cardinality    Percentage    
tos_consensus_actions_total                          36             25.71%        
tos_consensus_action_failures_total                  29             20.71%        
tos_consensus_action_outcomes_total                  20             14.29%        
tos_storage_operation_duration_seconds               16             11.43%        
tos_storage_operations_total                         8              5.71%         
tos_state_resolver_results_total                     6              4.29%         
tos_pq_operations_total                              4              2.86%         
tos_consensus_action_accounting_complete             4              2.86%         
tos_consensus_action_pending                         4              2.86%         
tos_consensus_leader_windows_total                   2              1.43%         
tos_state_resolver_waiters                           2              1.43%         
tos_consensus_sessions                               2              1.43%         
tos_consensus_sessions_started_total                 1              0.71%         
tos_consensus_session_stop_started_total             1              0.71%         
tos_health_core_registry_dropped_updates_total       1              0.71%         
tos_consensus_proposal_empty_candidates_total        1              0.71%         
tos_exporter_snapshot_generation                     1              0.71%         
tos_health_core_registry_instrumentation_complete    1              0.71%         
tos_consensus_proposal_retries_total                 1              0.71%         
Total                                                140            100%          
Metric                                               Cardinality    Percentage    
tos_consensus_actions_total                          36             25.71%        
tos_consensus_action_failures_total                  29             20.71%        
tos_consensus_action_outcomes_total                  20             14.29%        
tos_storage_operation_duration_seconds               16             11.43%        
tos_storage_operations_total                         8              5.71%         
tos_state_resolver_results_total                     6              4.29%         
tos_pq_operations_total                              4              2.86%         
tos_consensus_action_accounting_complete             4              2.86%         
tos_consensus_action_pending                         4              2.86%         
tos_consensus_sessions                               2              1.43%         
tos_state_resolver_waiters                           2              1.43%         
tos_consensus_leader_windows_total                   2              1.43%         
tos_consensus_sessions_started_total                 1              0.71%         
tos_health_core_registry_instrumentation_complete    1              0.71%         
tos_exporter_snapshot_generation                     1              0.71%         
tos_consensus_session_stop_started_total             1              0.71%         
tos_consensus_proposal_retries_total                 1              0.71%         
tos_health_core_registry_dropped_updates_total       1              0.71%         
tos_consensus_proposal_empty_candidates_total        1              0.71%         
Total                                                140            100%          
Metric                                               Cardinality    Percentage    
tos_consensus_actions_total                          36             25.71%        
tos_consensus_action_failures_total                  29             20.71%        
tos_consensus_action_outcomes_total                  20             14.29%        
tos_storage_operation_duration_seconds               16             11.43%        
tos_storage_operations_total                         8              5.71%         
tos_state_resolver_results_total                     6              4.29%         
tos_consensus_action_accounting_complete             4              2.86%         
tos_consensus_action_pending                         4              2.86%         
tos_pq_operations_total                              4              2.86%         
tos_consensus_sessions                               2              1.43%         
tos_consensus_leader_windows_total                   2              1.43%         
tos_state_resolver_waiters                           2              1.43%         
tos_consensus_proposal_retries_total                 1              0.71%         
tos_exporter_snapshot_generation                     1              0.71%         
tos_consensus_proposal_empty_candidates_total        1              0.71%         
tos_consensus_session_stop_started_total             1              0.71%         
tos_health_core_registry_instrumentation_complete    1              0.71%         
tos_health_core_registry_dropped_updates_total       1              0.71%         
tos_consensus_sessions_started_total                 1              0.71%         
Total                                                140            100%          
Metric                                               Cardinality    Percentage    
tos_consensus_actions_total                          36             25.71%        
tos_consensus_action_failures_total                  29             20.71%        
tos_consensus_action_outcomes_total                  20             14.29%        
tos_storage_operation_duration_seconds               16             11.43%        
tos_storage_operations_total                         8              5.71%         
tos_state_resolver_results_total                     6              4.29%         
tos_consensus_action_accounting_complete             4              2.86%         
tos_consensus_action_pending                         4              2.86%         
tos_pq_operations_total                              4              2.86%         
tos_state_resolver_waiters                           2              1.43%         
tos_consensus_leader_windows_total                   2              1.43%         
tos_consensus_sessions                               2              1.43%         
tos_exporter_snapshot_generation                     1              0.71%         
tos_consensus_proposal_empty_candidates_total        1              0.71%         
tos_consensus_session_stop_started_total             1              0.71%         
tos_consensus_sessions_started_total                 1              0.71%         
tos_health_core_registry_instrumentation_complete    1              0.71%         
tos_consensus_proposal_retries_total                 1              0.71%         
tos_health_core_registry_dropped_updates_total       1              0.71%         
Total                                                140            100%          
Metric                                               Cardinality    Percentage    
tos_consensus_actions_total                          36             25.71%        
tos_consensus_action_failures_total                  29             20.71%        
tos_consensus_action_outcomes_total                  20             14.29%        
tos_storage_operation_duration_seconds               16             11.43%        
tos_storage_operations_total                         8              5.71%         
tos_state_resolver_results_total                     6              4.29%         
tos_consensus_action_pending                         4              2.86%         
tos_pq_operations_total                              4              2.86%         
tos_consensus_action_accounting_complete             4              2.86%         
tos_consensus_leader_windows_total                   2              1.43%         
tos_consensus_sessions                               2              1.43%         
tos_state_resolver_waiters                           2              1.43%         
tos_exporter_snapshot_generation                     1              0.71%         
tos_consensus_sessions_started_total                 1              0.71%         
tos_health_core_registry_instrumentation_complete    1              0.71%         
tos_consensus_proposal_empty_candidates_total        1              0.71%         
tos_health_core_registry_dropped_updates_total       1              0.71%         
tos_consensus_proposal_retries_total                 1              0.71%         
tos_consensus_session_stop_started_total             1              0.71%         
Total                                                140            100%          
Metric                                               Cardinality    Percentage    
tos_consensus_actions_total                          36             25.71%        
tos_consensus_action_failures_total                  29             20.71%        
tos_consensus_action_outcomes_total                  20             14.29%        
tos_storage_operation_duration_seconds               16             11.43%        
tos_storage_operations_total                         8              5.71%         
tos_state_resolver_results_total                     6              4.29%         
tos_consensus_action_pending                         4              2.86%         
tos_consensus_action_accounting_complete             4              2.86%         
tos_pq_operations_total                              4              2.86%         
tos_consensus_sessions                               2              1.43%         
tos_consensus_leader_windows_total                   2              1.43%         
tos_state_resolver_waiters                           2              1.43%         
tos_consensus_proposal_empty_candidates_total        1              0.71%         
tos_consensus_sessions_started_total                 1              0.71%         
tos_health_core_registry_dropped_updates_total       1              0.71%         
tos_consensus_proposal_retries_total                 1              0.71%         
tos_consensus_session_stop_started_total             1              0.71%         
tos_health_core_registry_instrumentation_complete    1              0.71%         
tos_exporter_snapshot_generation                     1              0.71%         
Total                                                140            100%          
Metric                                               Cardinality    Percentage    
tos_consensus_actions_total                          36             25.71%        
tos_consensus_action_failures_total                  29             20.71%        
tos_consensus_action_outcomes_total                  20             14.29%        
tos_storage_operation_duration_seconds               16             11.43%        
tos_storage_operations_total                         8              5.71%         
tos_state_resolver_results_total                     6              4.29%         
tos_consensus_action_pending                         4              2.86%         
tos_pq_operations_total                              4              2.86%         
tos_consensus_action_accounting_complete             4              2.86%         
tos_consensus_leader_windows_total                   2              1.43%         
tos_state_resolver_waiters                           2              1.43%         
tos_consensus_sessions                               2              1.43%         
tos_consensus_proposal_retries_total                 1              0.71%         
tos_consensus_proposal_empty_candidates_total        1              0.71%         
tos_health_core_registry_instrumentation_complete    1              0.71%         
tos_health_core_registry_dropped_updates_total       1              0.71%         
tos_exporter_snapshot_generation                     1              0.71%         
tos_consensus_sessions_started_total                 1              0.71%         
tos_consensus_session_stop_started_total             1              0.71%         
Total                                                140            100%          
Metric                                               Cardinality    Percentage    
tos_consensus_actions_total                          36             25.71%        
tos_consensus_action_failures_total                  29             20.71%        
tos_consensus_action_outcomes_total                  20             14.29%        
tos_storage_operation_duration_seconds               16             11.43%        
tos_storage_operations_total                         8              5.71%         
tos_state_resolver_results_total                     6              4.29%         
tos_consensus_action_pending                         4              2.86%         
tos_pq_operations_total                              4              2.86%         
tos_consensus_action_accounting_complete             4              2.86%         
tos_consensus_leader_windows_total                   2              1.43%         
tos_state_resolver_waiters                           2              1.43%         
tos_consensus_sessions                               2              1.43%         
tos_consensus_proposal_empty_candidates_total        1              0.71%         
tos_consensus_session_stop_started_total             1              0.71%         
tos_consensus_proposal_retries_total                 1              0.71%         
tos_health_core_registry_instrumentation_complete    1              0.71%         
tos_consensus_sessions_started_total                 1              0.71%         
tos_health_core_registry_dropped_updates_total       1              0.71%         
tos_exporter_snapshot_generation                     1              0.71%         
Total                                                140            100%          
Metric                                               Cardinality    Percentage    
tos_consensus_actions_total                          36             25.71%        
tos_consensus_action_failures_total                  29             20.71%        
tos_consensus_action_outcomes_total                  20             14.29%        
tos_storage_operation_duration_seconds               16             11.43%        
tos_storage_operations_total                         8              5.71%         
tos_state_resolver_results_total                     6              4.29%         
tos_pq_operations_total                              4              2.86%         
tos_consensus_action_accounting_complete             4              2.86%         
tos_consensus_action_pending                         4              2.86%         
tos_consensus_sessions                               2              1.43%         
tos_consensus_leader_windows_total                   2              1.43%         
tos_state_resolver_waiters                           2              1.43%         
tos_consensus_proposal_retries_total                 1              0.71%         
tos_health_core_registry_instrumentation_complete    1              0.71%         
tos_health_core_registry_dropped_updates_total       1              0.71%         
tos_consensus_sessions_started_total                 1              0.71%         
tos_consensus_session_stop_started_total             1              0.71%         
tos_consensus_proposal_empty_candidates_total        1              0.71%         
tos_exporter_snapshot_generation                     1              0.71%         
Total                                                140            100%          
Metric                                               Cardinality    Percentage    
tos_consensus_actions_total                          36             25.71%        
tos_consensus_action_failures_total                  29             20.71%        
tos_consensus_action_outcomes_total                  20             14.29%        
tos_storage_operation_duration_seconds               16             11.43%        
tos_storage_operations_total                         8              5.71%         
tos_state_resolver_results_total                     6              4.29%         
tos_consensus_action_pending                         4              2.86%         
tos_pq_operations_total                              4              2.86%         
tos_consensus_action_accounting_complete             4              2.86%         
tos_state_resolver_waiters                           2              1.43%         
tos_consensus_leader_windows_total                   2              1.43%         
tos_consensus_sessions                               2              1.43%         
tos_consensus_proposal_empty_candidates_total        1              0.71%         
tos_exporter_snapshot_generation                     1              0.71%         
tos_consensus_session_stop_started_total             1              0.71%         
tos_health_core_registry_dropped_updates_total       1              0.71%         
tos_consensus_sessions_started_total                 1              0.71%         
tos_consensus_proposal_retries_total                 1              0.71%         
tos_health_core_registry_instrumentation_complete    1              0.71%         
Total                                                140            100%          
Metric                                               Cardinality    Percentage    
tos_consensus_actions_total                          36             25.71%        
tos_consensus_action_failures_total                  29             20.71%        
tos_consensus_action_outcomes_total                  20             14.29%        
tos_storage_operation_duration_seconds               16             11.43%        
tos_storage_operations_total                         8              5.71%         
tos_state_resolver_results_total                     6              4.29%         
tos_consensus_action_accounting_complete             4              2.86%         
tos_pq_operations_total                              4              2.86%         
tos_consensus_action_pending                         4              2.86%         
tos_consensus_leader_windows_total                   2              1.43%         
tos_consensus_sessions                               2              1.43%         
tos_state_resolver_waiters                           2              1.43%         
tos_consensus_proposal_retries_total                 1              0.71%         
tos_health_core_registry_dropped_updates_total       1              0.71%         
tos_consensus_proposal_empty_candidates_total        1              0.71%         
tos_consensus_sessions_started_total                 1              0.71%         
tos_exporter_snapshot_generation                     1              0.71%         
tos_consensus_session_stop_started_total             1              0.71%         
tos_health_core_registry_instrumentation_complete    1              0.71%         
Total                                                140            100%          
Metric                                               Cardinality    Percentage    
tos_consensus_actions_total                          36             25.71%        
tos_consensus_action_failures_total                  29             20.71%        
tos_consensus_action_outcomes_total                  20             14.29%        
tos_storage_operation_duration_seconds               16             11.43%        
tos_storage_operations_total                         8              5.71%         
tos_state_resolver_results_total                     6              4.29%         
tos_pq_operations_total                              4              2.86%         
tos_consensus_action_pending                         4              2.86%         
tos_consensus_action_accounting_complete             4              2.86%         
tos_consensus_sessions                               2              1.43%         
tos_consensus_leader_windows_total                   2              1.43%         
tos_state_resolver_waiters                           2              1.43%         
tos_consensus_proposal_retries_total                 1              0.71%         
tos_consensus_proposal_empty_candidates_total        1              0.71%         
tos_consensus_sessions_started_total                 1              0.71%         
tos_exporter_snapshot_generation                     1              0.71%         
tos_consensus_session_stop_started_total             1              0.71%         
tos_health_core_registry_instrumentation_complete    1              0.71%         
tos_health_core_registry_dropped_updates_total       1              0.71%         
Total                                                140            100%          
Metric                                               Cardinality    Percentage    
tos_consensus_actions_total                          36             25.71%        
tos_consensus_action_failures_total                  29             20.71%        
tos_consensus_action_outcomes_total                  20             14.29%        
tos_storage_operation_duration_seconds               16             11.43%        
tos_storage_operations_total                         8              5.71%         
tos_state_resolver_results_total                     6              4.29%         
tos_consensus_action_pending                         4              2.86%         
tos_consensus_action_accounting_complete             4              2.86%         
tos_pq_operations_total                              4              2.86%         
tos_consensus_leader_windows_total                   2              1.43%         
tos_state_resolver_waiters                           2              1.43%         
tos_consensus_sessions                               2              1.43%         
tos_consensus_proposal_empty_candidates_total        1              0.71%         
tos_consensus_session_stop_started_total             1              0.71%         
tos_health_core_registry_instrumentation_complete    1              0.71%         
tos_exporter_snapshot_generation                     1              0.71%         
tos_health_core_registry_dropped_updates_total       1              0.71%         
tos_consensus_proposal_retries_total                 1              0.71%         
tos_consensus_sessions_started_total                 1              0.71%         
Total                                                140            100%          
Metric                                               Cardinality    Percentage    
tos_consensus_actions_total                          36             25.71%        
tos_consensus_action_failures_total                  29             20.71%        
tos_consensus_action_outcomes_total                  20             14.29%        
tos_storage_operation_duration_seconds               16             11.43%        
tos_storage_operations_total                         8              5.71%         
tos_state_resolver_results_total                     6              4.29%         
tos_consensus_action_accounting_complete             4              2.86%         
tos_consensus_action_pending                         4              2.86%         
tos_pq_operations_total                              4              2.86%         
tos_consensus_sessions                               2              1.43%         
tos_consensus_leader_windows_total                   2              1.43%         
tos_state_resolver_waiters                           2              1.43%         
tos_consensus_sessions_started_total                 1              0.71%         
tos_health_core_registry_instrumentation_complete    1              0.71%         
tos_exporter_snapshot_generation                     1              0.71%         
tos_consensus_proposal_empty_candidates_total        1              0.71%         
tos_consensus_proposal_retries_total                 1              0.71%         
tos_health_core_registry_dropped_updates_total       1              0.71%         
tos_consensus_session_stop_started_total             1              0.71%         
Total                                                140            100%          
Metric                                               Cardinality    Percentage    
tos_consensus_actions_total                          36             25.71%        
tos_consensus_action_failures_total                  29             20.71%        
tos_consensus_action_outcomes_total                  20             14.29%        
tos_storage_operation_duration_seconds               16             11.43%        
tos_storage_operations_total                         8              5.71%         
tos_state_resolver_results_total                     6              4.29%         
tos_consensus_action_pending                         4              2.86%         
tos_consensus_action_accounting_complete             4              2.86%         
tos_pq_operations_total                              4              2.86%         
tos_consensus_sessions                               2              1.43%         
tos_state_resolver_waiters                           2              1.43%         
tos_consensus_leader_windows_total                   2              1.43%         
tos_consensus_proposal_empty_candidates_total        1              0.71%         
tos_consensus_session_stop_started_total             1              0.71%         
tos_consensus_sessions_started_total                 1              0.71%         
tos_consensus_proposal_retries_total                 1              0.71%         
tos_health_core_registry_instrumentation_complete    1              0.71%         
tos_health_core_registry_dropped_updates_total       1              0.71%         
tos_exporter_snapshot_generation                     1              0.71%         
Total                                                140            100%          
Metric                                               Cardinality    Percentage    
tos_consensus_actions_total                          36             25.71%        
tos_consensus_action_failures_total                  29             20.71%        
tos_consensus_action_outcomes_total                  20             14.29%        
tos_storage_operation_duration_seconds               16             11.43%        
tos_storage_operations_total                         8              5.71%         
tos_state_resolver_results_total                     6              4.29%         
tos_pq_operations_total                              4              2.86%         
tos_consensus_action_accounting_complete             4              2.86%         
tos_consensus_action_pending                         4              2.86%         
tos_consensus_leader_windows_total                   2              1.43%         
tos_state_resolver_waiters                           2              1.43%         
tos_consensus_sessions                               2              1.43%         
tos_consensus_proposal_empty_candidates_total        1              0.71%         
tos_consensus_session_stop_started_total             1              0.71%         
tos_health_core_registry_dropped_updates_total       1              0.71%         
tos_consensus_proposal_retries_total                 1              0.71%         
tos_health_core_registry_instrumentation_complete    1              0.71%         
tos_consensus_sessions_started_total                 1              0.71%         
tos_exporter_snapshot_generation                     1              0.71%         
Total                                                140            100%          
Metric                                               Cardinality    Percentage    
tos_consensus_actions_total                          36             25.71%        
tos_consensus_action_failures_total                  29             20.71%        
tos_consensus_action_outcomes_total                  20             14.29%        
tos_storage_operation_duration_seconds               16             11.43%        
tos_storage_operations_total                         8              5.71%         
tos_state_resolver_results_total                     6              4.29%         
tos_pq_operations_total                              4              2.86%         
tos_consensus_action_pending                         4              2.86%         
tos_consensus_action_accounting_complete             4              2.86%         
tos_consensus_sessions                               2              1.43%         
tos_consensus_leader_windows_total                   2              1.43%         
tos_state_resolver_waiters                           2              1.43%         
tos_consensus_proposal_retries_total                 1              0.71%         
tos_consensus_session_stop_started_total             1              0.71%         
tos_exporter_snapshot_generation                     1              0.71%         
tos_consensus_proposal_empty_candidates_total        1              0.71%         
tos_health_core_registry_instrumentation_complete    1              0.71%         
tos_health_core_registry_dropped_updates_total       1              0.71%         
tos_consensus_sessions_started_total                 1              0.71%         
Total                                                140            100%          
Metric                                               Cardinality    Percentage    
tos_consensus_actions_total                          36             25.71%        
tos_consensus_action_failures_total                  29             20.71%        
tos_consensus_action_outcomes_total                  20             14.29%        
tos_storage_operation_duration_seconds               16             11.43%        
tos_storage_operations_total                         8              5.71%         
tos_state_resolver_results_total                     6              4.29%         
tos_pq_operations_total                              4              2.86%         
tos_consensus_action_accounting_complete             4              2.86%         
tos_consensus_action_pending                         4              2.86%         
tos_consensus_leader_windows_total                   2              1.43%         
tos_state_resolver_waiters                           2              1.43%         
tos_consensus_sessions                               2              1.43%         
tos_consensus_sessions_started_total                 1              0.71%         
tos_health_core_registry_dropped_updates_total       1              0.71%         
tos_consensus_proposal_empty_candidates_total        1              0.71%         
tos_consensus_session_stop_started_total             1              0.71%         
tos_health_core_registry_instrumentation_complete    1              0.71%         
tos_exporter_snapshot_generation                     1              0.71%         
tos_consensus_proposal_retries_total                 1              0.71%         
Total                                                140            100%          
Metric                                               Cardinality    Percentage    
tos_consensus_actions_total                          36             25.71%        
tos_consensus_action_failures_total                  29             20.71%        
tos_consensus_action_outcomes_total                  20             14.29%        
tos_storage_operation_duration_seconds               16             11.43%        
tos_storage_operations_total                         8              5.71%         
tos_state_resolver_results_total                     6              4.29%         
tos_consensus_action_pending                         4              2.86%         
tos_consensus_action_accounting_complete             4              2.86%         
tos_pq_operations_total                              4              2.86%         
tos_consensus_leader_windows_total                   2              1.43%         
tos_state_resolver_waiters                           2              1.43%         
tos_consensus_sessions                               2              1.43%         
tos_consensus_proposal_retries_total                 1              0.71%         
tos_consensus_sessions_started_total                 1              0.71%         
tos_health_core_registry_dropped_updates_total       1              0.71%         
tos_exporter_snapshot_generation                     1              0.71%         
tos_consensus_session_stop_started_total             1              0.71%         
tos_health_core_registry_instrumentation_complete    1              0.71%         
tos_consensus_proposal_empty_candidates_total        1              0.71%         
Total                                                140            100%          
Metric                                               Cardinality    Percentage    
tos_consensus_actions_total                          36             25.71%        
tos_consensus_action_failures_total                  29             20.71%        
tos_consensus_action_outcomes_total                  20             14.29%        
tos_storage_operation_duration_seconds               16             11.43%        
tos_storage_operations_total                         8              5.71%         
tos_state_resolver_results_total                     6              4.29%         
tos_consensus_action_accounting_complete             4              2.86%         
tos_pq_operations_total                              4              2.86%         
tos_consensus_action_pending                         4              2.86%         
tos_consensus_leader_windows_total                   2              1.43%         
tos_state_resolver_waiters                           2              1.43%         
tos_consensus_sessions                               2              1.43%         
tos_consensus_session_stop_started_total             1              0.71%         
tos_health_core_registry_dropped_updates_total       1              0.71%         
tos_consensus_proposal_retries_total                 1              0.71%         
tos_consensus_proposal_empty_candidates_total        1              0.71%         
tos_health_core_registry_instrumentation_complete    1              0.71%         
tos_exporter_snapshot_generation                     1              0.71%         
tos_consensus_sessions_started_total                 1              0.71%         
Total                                                140            100%          
Metric                                               Cardinality    Percentage    
tos_consensus_actions_total                          36             25.71%        
tos_consensus_action_failures_total                  29             20.71%        
tos_consensus_action_outcomes_total                  20             14.29%        
tos_storage_operation_duration_seconds               16             11.43%        
tos_storage_operations_total                         8              5.71%         
tos_state_resolver_results_total                     6              4.29%         
tos_consensus_action_pending                         4              2.86%         
tos_pq_operations_total                              4              2.86%         
tos_consensus_action_accounting_complete             4              2.86%         
tos_consensus_sessions                               2              1.43%         
tos_consensus_leader_windows_total                   2              1.43%         
tos_state_resolver_waiters                           2              1.43%         
tos_consensus_proposal_empty_candidates_total        1              0.71%         
tos_consensus_sessions_started_total                 1              0.71%         
tos_consensus_session_stop_started_total             1              0.71%         
tos_health_core_registry_instrumentation_complete    1              0.71%         
tos_health_core_registry_dropped_updates_total       1              0.71%         
tos_consensus_proposal_retries_total                 1              0.71%         
tos_exporter_snapshot_generation                     1              0.71%         
Total                                                140            100%          
