[1;36m[ 3][t 1][2026-09-09 22:34:36.285543013][test-tos-collator.cpp:331][!testnode]	no init block in config. using zero state[0m
[1;36m[ 3][t 1][2026-09-09 22:34:36.285823441][test-tos-collator.cpp:356][!testnode]	Hardforks num in config: 0[0m
[1;36m[ 3][t 1][2026-09-09 22:34:36.285968468][manager-init.cpp:333][!starter]	Starting validator manager[0m
[1;33m[ 2][t 5][2026-09-09 22:34:36.300462715][celldb.cpp:371][!celldbin]	Using V1 DynamicBagOfCells with options V1{}[0m
[1;36m[ 3][t 7][2026-09-09 22:34:36.302599121][manager-init.cpp:39][!reiniter]	init_block_id=[ w=-1 s=9223372036854775808 seq=0 UGXF2FarQRhKvg6bHYd7LkLY4jd/m1HLDf1GeFo7l/w= jPJRMz97YMxE5y3VSIS0TGLXMkx3TfdpLa20pzEg8fw= ][0m
[1;36m[ 3][t 1][2026-09-09 22:34:36.309062086][download-state.cpp:491][!reiniter]	requested to download state of (-1,8000000000000000,0):5065C5D856AB41184ABE0E9B1D877B2E42D8E2377F9B51CB0DFD46785A3B97FC:8CF251333F7B60CC44E72DD54884B44C62D7324C774DF7692DADB4A73120F1FC referenced by (-2147483648,0000000000000000,0):0000000000000000000000000000000000000000000000000000000000000000:0000000000000000000000000000000000000000000000000000000000000000 with split depth 0[0m
[1;33m[ 2][t 6][2026-09-09 22:34:36.310141410][download-state.cpp:1100][!downloadstate]	checked shard state (-1,8000000000000000,0):5065C5D856AB41184ABE0E9B1D877B2E42D8E2377F9B51CB0DFD46785A3B97FC:8CF251333F7B60CC44E72DD54884B44C62D7324C774DF7692DADB4A73120F1FC[0m
[1;36m[ 3][t 5][2026-09-09 22:34:36.310550005][celldb.cpp:251][!celldbin]	Validating metadata[0m
[1;36m[ 3][t 5][2026-09-09 22:34:36.310595386][celldb.cpp:307][!celldbin]	Validating metadata: OK[0m
[1;33m[ 2][t 1][2026-09-09 22:34:36.310880389][download-state.cpp:1697][!downloadstate]	written shard state file (-1,8000000000000000,0):5065C5D856AB41184ABE0E9B1D877B2E42D8E2377F9B51CB0DFD46785A3B97FC:8CF251333F7B60CC44E72DD54884B44C62D7324C774DF7692DADB4A73120F1FC[0m
[1;33m[ 2][t 1][2026-09-09 22:34:36.338586032][download-state.cpp:1759][!downloadstate]	finished downloading and storing shard state (-1,8000000000000000,0):5065C5D856AB41184ABE0E9B1D877B2E42D8E2377F9B51CB0DFD46785A3B97FC:8CF251333F7B60CC44E72DD54884B44C62D7324C774DF7692DADB4A73120F1FC[0m
[1;36m[ 3][t 5][2026-09-09 22:34:36.338662773][download-state.cpp:491][!reiniter]	requested to download state of (-1,8000000000000000,0):5065C5D856AB41184ABE0E9B1D877B2E42D8E2377F9B51CB0DFD46785A3B97FC:8CF251333F7B60CC44E72DD54884B44C62D7324C774DF7692DADB4A73120F1FC referenced by (-1,8000000000000000,0):5065C5D856AB41184ABE0E9B1D877B2E42D8E2377F9B51CB0DFD46785A3B97FC:8CF251333F7B60CC44E72DD54884B44C62D7324C774DF7692DADB4A73120F1FC with split depth 0[0m
[1;33m[ 2][t 5][2026-09-09 22:34:36.338738157][download-state.cpp:519][!downloadstate]	shard state (-1,8000000000000000,0):5065C5D856AB41184ABE0E9B1D877B2E42D8E2377F9B51CB0DFD46785A3B97FC:8CF251333F7B60CC44E72DD54884B44C62D7324C774DF7692DADB4A73120F1FC already stored in db[0m
[1;33m[ 2][t 5][2026-09-09 22:34:36.338875493][download-state.cpp:1759][!downloadstate]	finished downloading and storing shard state (-1,8000000000000000,0):5065C5D856AB41184ABE0E9B1D877B2E42D8E2377F9B51CB0DFD46785A3B97FC:8CF251333F7B60CC44E72DD54884B44C62D7324C774DF7692DADB4A73120F1FC[0m
[1;36m[ 3][t 1][2026-09-09 22:34:36.338924750][manager-init.cpp:294][!reiniter]	downloaded masterchain state[0m
[1;33m[ 2][t 1][2026-09-09 22:34:36.338962530][shard-client.cpp:58][!shardclient]	Downloading shard states for masterchain block [ w=-1 s=9223372036854775808 seq=0 UGXF2FarQRhKvg6bHYd7LkLY4jd/m1HLDf1GeFo7l/w= jPJRMz97YMxE5y3VSIS0TGLXMkx3TfdpLa20pzEg8fw= ][0m
[1;33m[ 2][t 1][2026-09-09 22:34:36.338980686][shard-client.cpp:71][!shardclient]	Downloaded all shard states[0m
[1;36m[ 3][t 5][2026-09-09 22:34:36.339707222][manager-init.cpp:305][!reiniter]	downloaded all shards[0m
[1;36m[ 3][t 5][2026-09-09 22:34:36.339736773][manager-init.cpp:316][!reiniter]	persistent state download finished[0m
[1;31m[ 1][t 5][2026-09-09 22:34:36.340618951][manager-disk.cpp:291][!manager]	running collate query[0m
[1;33m[ 2][t 5][2026-09-09 22:34:36.340690277][collator.cpp:145][!collate(-1,8000000000000000):1]	Collator for shard (-1,8000000000000000) started[0m
[1;36m[ 3][t 1][2026-09-09 22:34:36.340764396][collator.cpp:832][!collate(-1,8000000000000000):1]	after_get_shard_blocks: got 0 ShardTopBlockDescriptions[0m
[1;36m[ 3][t 1][2026-09-09 22:34:36.340799357][collator.cpp:846][!collate(-1,8000000000000000):1]	after_get_storage_stat_cache : [Error : 0 : not implemented][0m
[1;33m[ 2][t 7][2026-09-09 22:34:36.341012891][collator.cpp:669][!collate(-1,8000000000000000):1]	in Collator::after_get_shard_state(0)[0m
[1;33m[ 2][t 7][2026-09-09 22:34:36.341039940][collator.cpp:2086][!collate(-1,8000000000000000):1]	running do_preinit()[0m
[1;36m[ 3][t 7][2026-09-09 22:34:36.341050742][collator.cpp:1779][!collate(-1,8000000000000000):1]	unpacking most recent masterchain state[0m
[1;31m[ 1][t 7][2026-09-09 22:34:36.341076417][collator.cpp:928][!collate(-1,8000000000000000):1]	block version 16 have been enabled in global configuration, but we support only 15 (upgrade validator software?)[0m
[1;36m[ 3][t 7][2026-09-09 22:34:36.341131478][collator.cpp:1842][!collate(-1,8000000000000000):1]	adding new workchain 0 to shard configuration in masterchain state[0m
[1;36m[ 3][t 7][2026-09-09 22:34:36.341147244][collator.cpp:1842][!collate(-1,8000000000000000):1]	adding new workchain 2 to shard configuration in masterchain state[0m
[1;36m[ 3][t 7][2026-09-09 22:34:36.341164701][collator.cpp:2266][!collate(-1,8000000000000000):1]	start_lt set to 1000000[0m
[1;36m[ 3][t 7][2026-09-09 22:34:36.341192700][collator.cpp:1047][!collate(-1,8000000000000000):1]	neighbor output queues fetched, took 0.000020s[0m
[1;33m[ 2][t 7][2026-09-09 22:34:36.341393328][collator.cpp:1169][!collate(-1,8000000000000000):1]	got outbound queue size from prev block #0: 0[0m
[1;33m[ 2][t 7][2026-09-09 22:34:36.341424773][collator.cpp:2439][!collate(-1,8000000000000000):1]	do_collate() : start[0m
[1;36m[ 3][t 7][2026-09-09 22:34:36.342069936][collator.cpp:2673][!collate(-1,8000000000000000):1]	cleaning outbound queue from messages already imported by neighbors[0m
[1;33m[ 2][t 7][2026-09-09 22:34:36.342077543][collator.cpp:2840][!collate(-1,8000000000000000):1]	deleted 0 messages from out_msg_queue, remaining queue size is 0[0m
[1;36m[ 3][t 7][2026-09-09 22:34:36.342094520][collator.cpp:2405][!collate(-1,8000000000000000):1]	fee recovery skipped (0ng)[0m
[1;36m[ 3][t 7][2026-09-09 22:34:36.342106286][collator.cpp:2527][!collate(-1,8000000000000000):1]	process dispatch queue[0m
[1;36m[ 3][t 7][2026-09-09 22:34:36.342118661][collator.cpp:2532][!collate(-1,8000000000000000):1]	create tick transactions[0m
[1;36m[ 3][t 7][2026-09-09 22:34:36.342145410][collator.cpp:2553][!collate(-1,8000000000000000):1]	process inbound internal messages[0m
[1;36m[ 3][t 7][2026-09-09 22:34:36.342150864][collator.cpp:4498][!collate(-1,8000000000000000):1]	process inbound external messages[0m
[1;36m[ 3][t 7][2026-09-09 22:34:36.342171008][collator.cpp:4506][!collate(-1,8000000000000000):1]	process newly-generated messages[0m
[1;36m[ 3][t 7][2026-09-09 22:34:36.342176047][collator.cpp:4511][!collate(-1,8000000000000000):1]	Don't wait for new external messages[0m
[1;36m[ 3][t 7][2026-09-09 22:34:36.342181196][collator.cpp:2575][!collate(-1,8000000000000000):1]	create tock transactions[0m
[1;36m[ 3][t 7][2026-09-09 22:34:36.342263378][collator.cpp:2580][!collate(-1,8000000000000000):1]	enqueue newly-generated messages[0m
[1;36m[ 3][t 7][2026-09-09 22:34:36.342268308][collator.cpp:5778][!collate(-1,8000000000000000):1]	final out_msg_queue size is 0[0m
[1;36m[ 3][t 7][2026-09-09 22:34:36.342272018][collator.cpp:5782][!collate(-1,8000000000000000):1]	block load statistics: gas=0 lt_delta=2 size_estimate=2561 collated_size_estimate=0[0m
[1;36m[ 3][t 7][2026-09-09 22:34:36.342275796][collator.cpp:5822][!collate(-1,8000000000000000):1]	block is underloaded[0m
[1;36m[ 3][t 7][2026-09-09 22:34:36.342648758][collator.cpp:5514][!collate(-1,8000000000000000):1]	masterchain validator set hash changed from 2805358205 to 2805358205[0m
[1;36m[ 3][t 7][2026-09-09 22:34:36.342660598][collator.cpp:5557][!collate(-1,8000000000000000):1]	Global balance is 0ng[0m
[1;36m[ 3][t 7][2026-09-09 22:34:36.342666752][collator.cpp:5677][!collate(-1,8000000000000000):1]	updating block creator statistics[0m
[1;36m[ 3][t 7][2026-09-09 22:34:36.342670571][collator.cpp:5693][!collate(-1,8000000000000000):1]	scanning for outdated CreatorStats entries[0m
[1;36m[ 3][t 7][2026-09-09 22:34:36.342676966][collator.cpp:5719][!collate(-1,8000000000000000):1]	removed 0 stale CreatorStats entries out of 0 scanned[0m
[1;36m[ 3][t 7][2026-09-09 22:34:36.342687707][collator.cpp:5600][!collate(-1,8000000000000000):1]	McStateExtra created[0m
[1;36m[ 3][t 7][2026-09-09 22:34:36.342709084][collator.cpp:6155][!collate(-1,8000000000000000):1]	creating Merkle update for the ShardState[0m
[1;36m[ 3][t 7][2026-09-09 22:34:36.342751902][collator.cpp:6168][!collate(-1,8000000000000000):1]	updating block profile statistics[0m
[1;36m[ 3][t 7][2026-09-09 22:34:36.342759436][collator.cpp:6170][!collate(-1,8000000000000000):1]	new ShardState and corresponding Merkle update created[0m
[1;36m[ 3][t 7][2026-09-09 22:34:36.342768167][collator.cpp:6410][!collate(-1,8000000000000000):1]	Value flow: (value-flow from_prev_blk:0ng to_next_blk:0ng imported:0ng exported:0ng fees_collected:0ng fees_imported:0ng recovered:0ng created:0ng minted:0ng)[0m
[1;36m[ 3][t 7][2026-09-09 22:34:36.342792541][collator.cpp:6508][!collate(-1,8000000000000000):1]	verifying new Block[0m
[1;36m[ 3][t 7][2026-09-09 22:34:36.342819945][collator.cpp:6513][!collate(-1,8000000000000000):1]	new Block created[0m
[1;36m[ 3][t 7][2026-09-09 22:34:36.342830138][collator.cpp:6729][!collate(-1,8000000000000000):1]	serializing new Block[0m
[1;36m[ 3][t 7][2026-09-09 22:34:36.342872173][collator.cpp:6760][!collate(-1,8000000000000000):1]	serialized block size 1913 bytes (preliminary estimate was 2561)[0m
[1;36m[ 3][t 7][2026-09-09 22:34:36.342876864][collator.cpp:6763][!collate(-1,8000000000000000):1]	size regression stats: 1913 18 6480 19 4 1 1[0m
[1;36m[ 3][t 7][2026-09-09 22:34:36.342881170][collator.cpp:6766][!collate(-1,8000000000000000):1]	serialized collated data size 33 bytes (preliminary estimate was 0)[0m
[1;36m[ 3][t 7][2026-09-09 22:34:36.342889421][collator.cpp:6826][!collate(-1,8000000000000000):1]	saving new BlockCandidate[0m
[1;33m[ 2][t 5][2026-09-09 22:34:36.345167522][collator.cpp:6865][!collate(-1,8000000000000000):1]	sending new BlockCandidate to Promise[0m
[1;33m[ 2][t 5][2026-09-09 22:34:36.345187348][collator.cpp:6866][!collate(-1,8000000000000000):1]	collation took 0.004510 s[0m
[1;33m[ 2][t 5][2026-09-09 22:34:36.345198513][collator.cpp:6867][!collate(-1,8000000000000000):1]	{{
	{set_block_candidate:145161.964985->145161.967257(0.002272)}
	{do_collate:145161.963500->145161.964992(0.001492)}
	{post_ext_processing:145161.964358->145161.964990(0.000632)}
	{wait_block_state #0:145161.962807->145161.963123(0.000316)}
	{get_storage_stat_cache:145161.962821->145161.962889(0.000068)[Error : 0 : not implemented]}
	{get_shard_blocks_for_collator:145161.962819->145161.962854(0.000035)}
	{neighbor_msg_queues:145161.963263->145161.963283(0.000020)}
}[0m
[1;33m[ 2][t 5][2026-09-09 22:34:36.345221741][collator.cpp:6978][!collate(-1,8000000000000000):1]	Collate query work time = 0.001605s, cpu time = 0.001604s[0m
[1;31m[ 1][t 7][2026-09-09 22:34:36.348675429][manager-disk.cpp:264][!manager]	created block [ w=-1 s=9223372036854775808 seq=1 KGGSjLpwSIwEC2D2T7Nh6lH4DDRlOf7QMNtrUozfWMI= YldWuBZr2uEG3LjtBgeKgDF1YGYisi25XOg71FdcW/Q= ][0m
[1;33m[ 2][t 7][2026-09-09 22:34:36.348743269][validate-query.cpp:289][!fakevalidate(-1,8000000000000000):1#0]	validate query for (-1,8000000000000000,1):2861928CBA70488C040B60F64FB361EA51F80C346539FED030DB6B528CDF58C2:625756B8166BDAE106DCB8ED06078A803175606622B22DB95CE83BD4575C5BF4 started[0m
[1;33m[ 2][t 6][2026-09-09 22:34:36.348835616][validate-query.cpp:786][!fakevalidate(-1,8000000000000000):1#0]	in ValidateQuery::after_get_latest_mc_state()[0m
[1;36m[ 3][t 6][2026-09-09 22:34:36.348879648][validate-query.cpp:884][!fakevalidate(-1,8000000000000000):1#0]	after_get_storage_stat_cache : [Error : 0 : not implemented][0m
[1;33m[ 2][t 1][2026-09-09 22:34:36.349022329][validate-query.cpp:904][!fakevalidate(-1,8000000000000000):1#0]	in ValidateQuery::after_get_shard_state(0)[0m
[1;31m[ 1][t 1][2026-09-09 22:34:36.349114781][validate-query.cpp:1002][!fakevalidate(-1,8000000000000000):1#0]	block version 16 have been enabled in global configuration, but we support only 15 (upgrade validator software?)[0m
[1;33m[ 2][t 1][2026-09-09 22:34:36.349257302][validate-query.cpp:786][!fakevalidate(-1,8000000000000000):1#0]	in ValidateQuery::after_get_latest_mc_state()[0m
[1;33m[ 2][t 1][2026-09-09 22:34:36.349270537][validate-query.cpp:7761][!fakevalidate(-1,8000000000000000):1#0]	try_validate stage 0[0m
[1;36m[ 3][t 1][2026-09-09 22:34:36.349547805][validate-query.cpp:2478][!fakevalidate(-1,8000000000000000):1#0]	masterchain validator set hash changed from 2805358205 to 2805358205[0m
[1;33m[ 2][t 1][2026-09-09 22:34:36.349580031][validate-query.cpp:7801][!fakevalidate(-1,8000000000000000):1#0]	try_validate stage 1[0m
[1;36m[ 3][t 1][2026-09-09 22:34:36.349589000][validate-query.cpp:7802][!fakevalidate(-1,8000000000000000):1#0]	running automated validity checks for block candidate (-1,8000000000000000,1):2861928CBA70488C040B60F64FB361EA51F80C346539FED030DB6B528CDF58C2:625756B8166BDAE106DCB8ED06078A803175606622B22DB95CE83BD4575C5BF4[0m
[1;36m[ 3][t 1][2026-09-09 22:34:36.349786342][validate-query.cpp:3200][!fakevalidate(-1,8000000000000000):1#0]	pre-checking all Account updates between the old and the new state[0m
[1;36m[ 3][t 1][2026-09-09 22:34:36.349817433][validate-query.cpp:3393][!fakevalidate(-1,8000000000000000):1#0]	pre-checking all AccountBlocks, and all transactions of all accounts[0m
[1;36m[ 3][t 1][2026-09-09 22:34:36.349866957][validate-query.cpp:3652][!fakevalidate(-1,8000000000000000):1#0]	pre-checking the difference between the old and the new outbound message queues[0m
[1;36m[ 3][t 1][2026-09-09 22:34:36.349876899][validate-query.cpp:3673][!fakevalidate(-1,8000000000000000):1#0]	outbound message queue size: 0 -> 0[0m
[1;36m[ 3][t 1][2026-09-09 22:34:36.349887850][validate-query.cpp:3816][!fakevalidate(-1,8000000000000000):1#0]	checking the difference between the old and the new dispatch queues[0m
[1;36m[ 3][t 1][2026-09-09 22:34:36.349907983][validate-query.cpp:4574][!fakevalidate(-1,8000000000000000):1#0]	checking inbound messages listed in InMsgDescr[0m
[1;36m[ 3][t 1][2026-09-09 22:34:36.349938045][validate-query.cpp:5247][!fakevalidate(-1,8000000000000000):1#0]	checking outbound messages listed in OutMsgDescr[0m
[1;36m[ 3][t 1][2026-09-09 22:34:36.349951015][validate-query.cpp:5271][!fakevalidate(-1,8000000000000000):1#0]	checking ProcessedInfo[0m
[1;36m[ 3][t 1][2026-09-09 22:34:36.349958969][validate-query.cpp:5308][!fakevalidate(-1,8000000000000000):1#0]	ProcessedInfo claims to have processed all inbound messages up to (0,0000000000000000000000000000000000000000000000000000000000000000)[0m
[1;36m[ 3][t 1][2026-09-09 22:34:36.349982884][validate-query.cpp:6511][!fakevalidate(-1,8000000000000000):1#0]	checking all transactions[0m
[1;33m[ 2][t 1][2026-09-09 22:34:36.350114530][validate-query.cpp:7920][!fakevalidate(-1,8000000000000000):1#0]	try_validate stage 2[0m
[1;36m[ 3][t 1][2026-09-09 22:34:36.350138590][validate-query.cpp:6963][!fakevalidate(-1,8000000000000000):1#0]	checking header of the new shardchain state[0m
[1;36m[ 3][t 1][2026-09-09 22:34:36.350194131][validate-query.cpp:7262][!fakevalidate(-1,8000000000000000):1#0]	checking header of McStateExtra in the new masterchain state[0m
[1;36m[ 3][t 1][2026-09-09 22:34:36.350961358][validate-query.cpp:7576][!fakevalidate(-1,8000000000000000):1#0]	checking all CreatorStats updates between the old and the new state[0m
[1;33m[ 2][t 1][2026-09-09 22:34:36.351177820][validate-query.cpp:8017][!fakevalidate(-1,8000000000000000):1#0]	validation took 0.002443s[0m
[1;33m[ 2][t 1][2026-09-09 22:34:36.351188916][validate-query.cpp:8018][!fakevalidate(-1,8000000000000000):1#0]	Validate query work time = 0.001716s, cpu time = 0.001714s[0m
[1;33m[ 2][t 1][2026-09-09 22:34:36.351199029][validate-query.cpp:8020][!fakevalidate(-1,8000000000000000):1#0]	{{
	{wait_block_state #0:145161.970906->145161.971112(0.000206)}
	{set_block_candidate:145161.973074->145161.973218(0.000145)}
	{get_top_masterchain_state_block:145161.970841->145161.970924(0.000083)}
	{wait_verify_shard_blocks:145161.971606->145161.971669(0.000063)}
	{get_storage_stat_cache:145161.970910->145161.970969(0.000059)[Error : 0 : not implemented]}
	{get_top_masterchain_state_block:145161.971336->145161.971347(0.000011)}
}[0m
[1;33m[ 2][t 1][2026-09-09 22:34:36.351237388][validate-query.cpp:269][!fakevalidate(-1,8000000000000000):1#0]	validate query done[0m
[1;31m[ 1][t 5][2026-09-09 22:34:36.368917873][manager-disk.cpp:369][!manager]	success, block [ w=-1 s=9223372036854775808 seq=1 KGGSjLpwSIwEC2D2T7Nh6lH4DDRlOf7QMNtrUozfWMI= YldWuBZr2uEG3LjtBgeKgDF1YGYisi25XOg71FdcW/Q= ] = (-1,8000000000000000,1):2861928CBA70488C040B60F64FB361EA51F80C346539FED030DB6B528CDF58C2:625756B8166BDAE106DCB8ED06078A803175606622B22DB95CE83BD4575C5BF4 saved to disk[0m
