missing-check: exit 1; disabled readiness check detected by runner tests
.FF.F.....
======================================================================
FAIL: test_disabled (__main__.Readiness.test_disabled)
----------------------------------------------------------------------
Traceback (most recent call last):
  File "/tmp/failed-handoff-control-44mc2oeb/workchain-withdrawal-failed-handoff-test.py", line 45, in test_disabled
    self.assertEqual(self.run_case(lambda entries: entries[0]['properties'].append(
    ~~~~~~~~~~~~~~~~^^^^^^^^^^^^^^^^^^^^^^^^^^^^^^^^^^^^^^^^^^^^^^^^^^^^^^^^^^^^^^^
        {'name': 'DISABLED', 'value': True})), 1)
        ^^^^^^^^^^^^^^^^^^^^^^^^^^^^^^^^^^^^^^^^^
AssertionError: 0 != 1

======================================================================
FAIL: test_duplicate (__main__.Readiness.test_duplicate)
----------------------------------------------------------------------
Traceback (most recent call last):
  File "/tmp/failed-handoff-control-44mc2oeb/workchain-withdrawal-failed-handoff-test.py", line 49, in test_duplicate
    self.assertEqual(self.run_case(lambda entries: entries.append(entries[0])), 1)
    ~~~~~~~~~~~~~~~~^^^^^^^^^^^^^^^^^^^^^^^^^^^^^^^^^^^^^^^^^^^^^^^^^^^^^^^^^^^^^^
AssertionError: 0 != 1

======================================================================
FAIL: test_missing (__main__.Readiness.test_missing)
----------------------------------------------------------------------
Traceback (most recent call last):
  File "/tmp/failed-handoff-control-44mc2oeb/workchain-withdrawal-failed-handoff-test.py", line 42, in test_missing
    self.assertEqual(self.run_case(lambda entries: entries.pop()), 1)
    ~~~~~~~~~~~~~~~~^^^^^^^^^^^^^^^^^^^^^^^^^^^^^^^^^^^^^^^^^^^^^^^^^
AssertionError: 0 != 1

----------------------------------------------------------------------
Ran 10 tests in 0.007s

FAILED (failures=3)

observation-check: exit 1; disabled readiness check detected by runner tests
...F.FF...
======================================================================
FAIL: test_marker_absent (__main__.Readiness.test_marker_absent)
----------------------------------------------------------------------
Traceback (most recent call last):
  File "/tmp/failed-handoff-control-3ez2lvs1/workchain-withdrawal-failed-handoff-test.py", line 52, in test_marker_absent
    self.assertEqual(self.run_case(output=lambda name: '0 tests passed'), 1)
    ~~~~~~~~~~~~~~~~^^^^^^^^^^^^^^^^^^^^^^^^^^^^^^^^^^^^^^^^^^^^^^^^^^^^^^^^
AssertionError: 0 != 1

======================================================================
FAIL: test_not_run_even_with_marker (__main__.Readiness.test_not_run_even_with_marker)
----------------------------------------------------------------------
Traceback (most recent call last):
  File "/tmp/failed-handoff-control-3ez2lvs1/workchain-withdrawal-failed-handoff-test.py", line 58, in test_not_run_even_with_marker
    self.assertEqual(self.run_case(output=lambda name: handoff.MARKER + name + '\nNot Run'), 1)
    ~~~~~~~~~~~~~~~~^^^^^^^^^^^^^^^^^^^^^^^^^^^^^^^^^^^^^^^^^^^^^^^^^^^^^^^^^^^^^^^^^^^^^^^^^^^
AssertionError: 0 != 1

======================================================================
FAIL: test_skipped_even_with_marker (__main__.Readiness.test_skipped_even_with_marker)
----------------------------------------------------------------------
Traceback (most recent call last):
  File "/tmp/failed-handoff-control-3ez2lvs1/workchain-withdrawal-failed-handoff-test.py", line 55, in test_skipped_even_with_marker
    self.assertEqual(self.run_case(output=lambda name: handoff.MARKER + name + '\nSkipped'), 1)
    ~~~~~~~~~~~~~~~~^^^^^^^^^^^^^^^^^^^^^^^^^^^^^^^^^^^^^^^^^^^^^^^^^^^^^^^^^^^^^^^^^^^^^^^^^^^
AssertionError: 0 != 1

----------------------------------------------------------------------
Ran 10 tests in 0.007s

FAILED (failures=3)
