[1;36m[ 3][t 0][2026-09-10 00:52:44.155472012][test-tos-collator.cpp:585]	setting previous block to (2,8000000000000000,0):80A1951E4043879CF0C27BEE791DC0760ED9083BFF4AF9D2C27F60DEEC83F74E:D5ADE16879A1DC9FA16153B41E06091F434C8F2A54A7DBF21E3A708E8EE40263[0m
[1;36m[ 3][t 1][2026-09-10 00:52:44.158308472][test-tos-collator.cpp:331][!testnode]	no init block in config. using zero state[0m
[1;36m[ 3][t 1][2026-09-10 00:52:44.158344017][test-tos-collator.cpp:356][!testnode]	Hardforks num in config: 0[0m
[1;36m[ 3][t 7][2026-09-10 00:52:44.160477953][manager-init.cpp:333][!starter]	Starting validator manager[0m
[1;36m[ 3][t 4][2026-09-10 00:52:44.171931314][manager-init.cpp:344][!starter]	init_block_id = (-1,8000000000000000,1):BF1B97332F2E339E9ACB2841A91A21DFCFDD49D54B045100A9B13B930A634C42:CDED30CA7E648FE7CA5BE0992F54DA23263E73E6CD8B1FF783ACD377446DF506[0m
[1;36m[ 3][t 4][2026-09-10 00:52:44.171952055][manager-init.cpp:345][!starter]	config init_block_id = (-1,8000000000000000,0):F013DDBDC19BE41EA26A29197E59B5775260E043BD5B25CF68A9BF6131EEED7C:5CB8EF6AC032549E34E782932ED08DE9ACD07BD3851EFE38556F22FF2D940C56[0m
[1;33m[ 2][t 3][2026-09-10 00:52:44.174407299][celldb.cpp:371][!celldbin]	Using V1 DynamicBagOfCells with options V1{}[0m
[1;31m[ 1][t 1][2026-09-10 00:52:44.179227189][archive-manager.cpp:1045][!archive]	checking file /tmp/uno-routing-call-control/run/serving/db/archive/states/zerostate_-1_255ABD1607B02747838CCF77842CC1A3DBA17AFB8344ECB82E1CE0DA8FB890A0[0m
[1;36m[ 3][t 3][2026-09-10 00:52:44.182484317][celldb.cpp:251][!celldbin]	Validating metadata[0m
[1;36m[ 3][t 3][2026-09-10 00:52:44.182604201][celldb.cpp:307][!celldbin]	Validating metadata: OK[0m
[1;36m[ 3][t 1][2026-09-10 00:52:44.186221346][manager-init.cpp:384][!starter]	gc_block_id = (-1,8000000000000000,0):F013DDBDC19BE41EA26A29197E59B5775260E043BD5B25CF68A9BF6131EEED7C:5CB8EF6AC032549E34E782932ED08DE9ACD07BD3851EFE38556F22FF2D940C56[0m
[1;36m[ 3][t 1][2026-09-10 00:52:44.186380391][manager-init.cpp:434][!starter]	Starting shard client[0m
[1;36m[ 3][t 1][2026-09-10 00:52:44.186619597][manager-init.cpp:438][!starter]	Started shard client[0m
[1;36m[ 3][t 3][2026-09-10 00:52:44.186634096][manager-init.cpp:448][!starter]	Last key block is (-1,8000000000000000,0):F013DDBDC19BE41EA26A29197E59B5775260E043BD5B25CF68A9BF6131EEED7C:5CB8EF6AC032549E34E782932ED08DE9ACD07BD3851EFE38556F22FF2D940C56[0m
[1;31m[ 1][t 3][2026-09-10 00:52:44.187342205][manager-disk.cpp:291][!manager]	running collate query[0m
[1;33m[ 2][t 3][2026-09-10 00:52:44.187376291][collator.cpp:145][!collate(2,8000000000000000):1]	Collator for shard (2,8000000000000000) started[0m
[1;36m[ 3][t 3][2026-09-10 00:52:44.187405924][collator.cpp:846][!collate(2,8000000000000000):1]	after_get_storage_stat_cache : [Error : 0 : not implemented][0m
[1;33m[ 2][t 7][2026-09-10 00:52:44.197115935][collator.cpp:669][!collate(2,8000000000000000):1]	in Collator::after_get_shard_state(0)[0m
[1;33m[ 2][t 1][2026-09-10 00:52:44.197456667][collator.cpp:631][!collate(2,8000000000000000):1]	in Collator::after_get_mc_state()[0m
[1;33m[ 2][t 3][2026-09-10 00:52:44.197615451][collator.cpp:2086][!collate(2,8000000000000000):1]	running do_preinit()[0m
[1;36m[ 3][t 3][2026-09-10 00:52:44.197636684][collator.cpp:1779][!collate(2,8000000000000000):1]	unpacking most recent masterchain state[0m
[1;31m[ 1][t 3][2026-09-10 00:52:44.197720572][collator.cpp:928][!collate(2,8000000000000000):1]	block version 16 have been enabled in global configuration, but we support only 15 (upgrade validator software?)[0m
[1;36m[ 3][t 3][2026-09-10 00:52:44.197839007][collator.cpp:2266][!collate(2,8000000000000000):1]	start_lt set to 2000000[0m
[1;33m[ 2][t 4][2026-09-10 00:52:44.198170650][collator.cpp:1169][!collate(2,8000000000000000):1]	got outbound queue size from prev block #0: 0[0m
[1;36m[ 3][t 7][2026-09-10 00:52:44.198247441][out-msg-queue-proof.cpp:437][!disk-outmsgqueueimporter]	Done importing neighbor msg queues for shard (2,8000000000000000) from (-1,8000000000000000,1) in 0.000386s sources{ local=1} cache_size=1[0m
[1;36m[ 3][t 7][2026-09-10 00:52:44.198286953][collator.cpp:1047][!collate(2,8000000000000000):1]	neighbor output queues fetched, took 0.000427s[0m
[1;33m[ 2][t 7][2026-09-10 00:52:44.198335153][collator.cpp:1103][!collate(2,8000000000000000):1]	obtained outbound queue for neighbor #0((-1,8000000000000000))[0m
[1;33m[ 2][t 7][2026-09-10 00:52:44.198368894][collator.cpp:1103][!collate(2,8000000000000000):1]	obtained outbound queue for neighbor #1((2,8000000000000000))[0m
[1;33m[ 2][t 7][2026-09-10 00:52:44.198391888][collator.cpp:2439][!collate(2,8000000000000000):1]	do_collate() : start[0m
[1;36m[ 3][t 7][2026-09-10 00:52:44.199475699][collator.cpp:2673][!collate(2,8000000000000000):1]	cleaning outbound queue from messages already imported by neighbors[0m
[1;33m[ 2][t 7][2026-09-10 00:52:44.199489789][collator.cpp:2840][!collate(2,8000000000000000):1]	deleted 0 messages from out_msg_queue, remaining queue size is 0[0m
[1;36m[ 3][t 7][2026-09-10 00:52:44.199562061][collator.cpp:3506][!collate(2,8000000000000000):1]	staging workchain batch at lt=2000001[0m
[1;36m[ 3][t 7][2026-09-10 00:52:44.199763803][collator.cpp:5778][!collate(2,8000000000000000):1]	final out_msg_queue size is 0[0m
[1;36m[ 3][t 7][2026-09-10 00:52:44.199771686][collator.cpp:5782][!collate(2,8000000000000000):1]	block load statistics: gas=0 lt_delta=2 size_estimate=2745 collated_size_estimate=0[0m
[1;36m[ 3][t 7][2026-09-10 00:52:44.199778086][collator.cpp:5822][!collate(2,8000000000000000):1]	block is underloaded[0m
[1;36m[ 3][t 7][2026-09-10 00:52:44.199848683][collator.cpp:6155][!collate(2,8000000000000000):1]	creating Merkle update for the ShardState[0m
[1;36m[ 3][t 7][2026-09-10 00:52:44.199886978][collator.cpp:6168][!collate(2,8000000000000000):1]	updating block profile statistics[0m
[1;36m[ 3][t 7][2026-09-10 00:52:44.199895124][collator.cpp:6170][!collate(2,8000000000000000):1]	new ShardState and corresponding Merkle update created[0m
[1;36m[ 3][t 7][2026-09-10 00:52:44.199916632][collator.cpp:6410][!collate(2,8000000000000000):1]	Value flow: (value-flow from_prev_blk:1000ng to_next_blk:1000ng imported:0ng exported:0ng fees_collected:0ng fees_imported:0ng recovered:0ng created:0ng minted:0ng)[0m
[1;36m[ 3][t 7][2026-09-10 00:52:44.199940453][collator.cpp:6508][!collate(2,8000000000000000):1]	verifying new Block[0m
[1;36m[ 3][t 7][2026-09-10 00:52:44.199965454][collator.cpp:6513][!collate(2,8000000000000000):1]	new Block created[0m
[1;36m[ 3][t 7][2026-09-10 00:52:44.199996641][collator.cpp:6729][!collate(2,8000000000000000):1]	serializing new Block[0m
[1;36m[ 3][t 7][2026-09-10 00:52:44.200045788][collator.cpp:6760][!collate(2,8000000000000000):1]	serialized block size 1283 bytes (preliminary estimate was 2745)[0m
[1;36m[ 3][t 7][2026-09-10 00:52:44.200052521][collator.cpp:6763][!collate(2,8000000000000000):1]	size regression stats: 1283 18 4927 24 0 1 1[0m
[1;36m[ 3][t 7][2026-09-10 00:52:44.200058581][collator.cpp:6766][!collate(2,8000000000000000):1]	serialized collated data size 33 bytes (preliminary estimate was 0)[0m
[1;36m[ 3][t 7][2026-09-10 00:52:44.200072129][collator.cpp:6826][!collate(2,8000000000000000):1]	saving new BlockCandidate[0m
[1;33m[ 2][t 3][2026-09-10 00:52:44.202642143][collator.cpp:6865][!collate(2,8000000000000000):1]	sending new BlockCandidate to Promise[0m
[1;33m[ 2][t 3][2026-09-10 00:52:44.202649834][collator.cpp:6866][!collate(2,8000000000000000):1]	collation took 0.015283 s[0m
[1;33m[ 2][t 3][2026-09-10 00:52:44.202659580][collator.cpp:6867][!collate(2,8000000000000000):1]	{{
	{wait_block_state #0:153449.809473->153449.819230(0.009757)}
	{set_block_candidate:153449.822169->153449.824732(0.002563)}
	{do_collate:153449.820479->153449.822179(0.001700)}
	{neighbor_msg_queues:153449.819950->153449.820377(0.000427)}
	{get_top_masterchain_state_block:153449.819232->153449.819555(0.000323)}
	{post_ext_processing:153449.821854->153449.822176(0.000323)}
	{wait_block_data #-1:153449.819557->153449.819702(0.000145)}
	{get_storage_stat_cache:153449.809476->153449.809496(0.000020)[Error : 0 : not implemented]}
}[0m
[1;33m[ 2][t 3][2026-09-10 00:52:44.202683794][collator.cpp:6978][!collate(2,8000000000000000):1]	Collate query work time = 0.001951s, cpu time = 0.001949s[0m
[1;31m[ 1][t 3][2026-09-10 00:52:44.206213892][manager-disk.cpp:264][!manager]	created block [ w=2 s=9223372036854775808 seq=1 QJ24fz4l5XnEObeWDiEzmkuD2FjkWo/cD2BMAkEKGWg= bJ1QXuCKzBaRVQGi6VumNLKblF5+Ree70ipO3KslKs4= ][0m
[1;33m[ 2][t 3][2026-09-10 00:52:44.206235768][validate-query.cpp:289][!fakevalidate(2,8000000000000000):1#0]	validate query for (2,8000000000000000,1):409DB87F3E25E579C439B7960E21339A4B83D858E45A8FDC0F604C02410A1968:6C9D505EE08ACC16915501A2E95BA634B29B945E7E45E7BBD22A4EDCAB252ACE started[0m
[1;33m[ 2][t 3][2026-09-10 00:52:44.206295561][validate-query.cpp:786][!fakevalidate(2,8000000000000000):1#0]	in ValidateQuery::after_get_latest_mc_state()[0m
[1;36m[ 3][t 3][2026-09-10 00:52:44.206304831][validate-query.cpp:884][!fakevalidate(2,8000000000000000):1#0]	after_get_storage_stat_cache : [Error : 0 : not implemented][0m
[1;33m[ 2][t 3][2026-09-10 00:52:44.206491035][validate-query.cpp:904][!fakevalidate(2,8000000000000000):1#0]	in ValidateQuery::after_get_shard_state(0)[0m
[1;33m[ 2][t 3][2026-09-10 00:52:44.206498316][validate-query.cpp:829][!fakevalidate(2,8000000000000000):1#0]	in ValidateQuery::after_get_mc_state() for (-1,8000000000000000,1):BF1B97332F2E339E9ACB2841A91A21DFCFDD49D54B045100A9B13B930A634C42:CDED30CA7E648FE7CA5BE0992F54DA23263E73E6CD8B1FF783ACD377446DF506[0m
[1;31m[ 1][t 3][2026-09-10 00:52:44.206533412][validate-query.cpp:1002][!fakevalidate(2,8000000000000000):1#0]	block version 16 have been enabled in global configuration, but we support only 15 (upgrade validator software?)[0m
[1;33m[ 2][t 3][2026-09-10 00:52:44.206778282][validate-query.cpp:786][!fakevalidate(2,8000000000000000):1#0]	in ValidateQuery::after_get_latest_mc_state()[0m
[1;33m[ 2][t 3][2026-09-10 00:52:44.206785048][validate-query.cpp:7761][!fakevalidate(2,8000000000000000):1#0]	try_validate stage 0[0m
[1;33m[ 2][t 3][2026-09-10 00:52:44.206890662][validate-query.cpp:1794][!fakevalidate(2,8000000000000000):1#0]	obtained outbound queue for neighbor #1 : (2,8000000000000000)[0m
[1;36m[ 3][t 3][2026-09-10 00:52:44.206897870][validate-query.cpp:1822][!fakevalidate(2,8000000000000000):1#0]	(
  hme_empty)
x{4_}[0m
[1;33m[ 2][t 3][2026-09-10 00:52:44.206957426][validate-query.cpp:1794][!fakevalidate(2,8000000000000000):1#0]	obtained outbound queue for neighbor #0 : (-1,8000000000000000)[0m
[1;36m[ 3][t 3][2026-09-10 00:52:44.206963608][validate-query.cpp:1822][!fakevalidate(2,8000000000000000):1#0]	(
  hme_empty)
x{4_}[0m
[1;36m[ 3][t 3][2026-09-10 00:52:44.206968855][validate-query.cpp:1845][!fakevalidate(2,8000000000000000):1#0]	all neighbor output queues fetched[0m
[1;33m[ 2][t 3][2026-09-10 00:52:44.206975071][validate-query.cpp:7801][!fakevalidate(2,8000000000000000):1#0]	try_validate stage 1[0m
[1;36m[ 3][t 3][2026-09-10 00:52:44.206978479][validate-query.cpp:7802][!fakevalidate(2,8000000000000000):1#0]	running automated validity checks for block candidate (2,8000000000000000,1):409DB87F3E25E579C439B7960E21339A4B83D858E45A8FDC0F604C02410A1968:6C9D505EE08ACC16915501A2E95BA634B29B945E7E45E7BBD22A4EDCAB252ACE[0m
[1;36m[ 3][t 3][2026-09-10 00:52:44.207039539][validate-query.cpp:3200][!fakevalidate(2,8000000000000000):1#0]	pre-checking all Account updates between the old and the new state[0m
[1;36m[ 3][t 3][2026-09-10 00:52:44.207053931][validate-query.cpp:3393][!fakevalidate(2,8000000000000000):1#0]	pre-checking all AccountBlocks, and all transactions of all accounts[0m
[1;36m[ 3][t 3][2026-09-10 00:52:44.207077160][validate-query.cpp:3652][!fakevalidate(2,8000000000000000):1#0]	pre-checking the difference between the old and the new outbound message queues[0m
[1;36m[ 3][t 3][2026-09-10 00:52:44.207082218][validate-query.cpp:3673][!fakevalidate(2,8000000000000000):1#0]	outbound message queue size: 0 -> 0[0m
[1;36m[ 3][t 3][2026-09-10 00:52:44.207087324][validate-query.cpp:3816][!fakevalidate(2,8000000000000000):1#0]	checking the difference between the old and the new dispatch queues[0m
[1;36m[ 3][t 3][2026-09-10 00:52:44.207096459][validate-query.cpp:4574][!fakevalidate(2,8000000000000000):1#0]	checking inbound messages listed in InMsgDescr[0m
[1;36m[ 3][t 3][2026-09-10 00:52:44.207104659][validate-query.cpp:5247][!fakevalidate(2,8000000000000000):1#0]	checking outbound messages listed in OutMsgDescr[0m
[1;36m[ 3][t 3][2026-09-10 00:52:44.207110725][validate-query.cpp:5271][!fakevalidate(2,8000000000000000):1#0]	checking ProcessedInfo[0m
[1;36m[ 3][t 3][2026-09-10 00:52:44.207115539][validate-query.cpp:5308][!fakevalidate(2,8000000000000000):1#0]	ProcessedInfo claims to have processed all inbound messages up to (1000001,FFFFFFFFFFFFFFFFFFFFFFFFFFFFFFFFFFFFFFFFFFFFFFFFFFFFFFFFFFFFFFFF)[0m
[1;36m[ 3][t 3][2026-09-10 00:52:44.207126476][validate-query.cpp:6511][!fakevalidate(2,8000000000000000):1#0]	checking all transactions[0m
[1;33m[ 2][t 3][2026-09-10 00:52:44.207289850][validate-query.cpp:7920][!fakevalidate(2,8000000000000000):1#0]	try_validate stage 2[0m
[1;36m[ 3][t 3][2026-09-10 00:52:44.207312010][validate-query.cpp:6963][!fakevalidate(2,8000000000000000):1#0]	checking header of the new shardchain state[0m
[1;33m[ 2][t 3][2026-09-10 00:52:44.207372062][validate-query.cpp:8017][!fakevalidate(2,8000000000000000):1#0]	validation took 0.001141s[0m
[1;33m[ 2][t 3][2026-09-10 00:52:44.207378058][validate-query.cpp:8018][!fakevalidate(2,8000000000000000):1#0]	Validate query work time = 0.000454s, cpu time = 0.000453s[0m
[1;33m[ 2][t 3][2026-09-10 00:52:44.207383567][validate-query.cpp:8020][!fakevalidate(2,8000000000000000):1#0]	{{
	{wait_block_state #0:153449.828374->153449.828581(0.000208)}
	{mc wait_block_state:153449.828393->153449.828588(0.000195)}
	{wait_block_message_queue #0:153449.828917->153449.829047(0.000131)}
	{get_top_masterchain_state_block:153449.828333->153449.828386(0.000052)}
	{set_block_candidate:153449.829413->153449.829440(0.000027)}
	{get_storage_stat_cache:153449.828375->153449.828395(0.000020)[Error : 0 : not implemented]}
	{get_block_handle:153449.828374->153449.828392(0.000018)}
	{get_top_masterchain_state_block:153449.828865->153449.828868(0.000003)}
}[0m
[1;33m[ 2][t 3][2026-09-10 00:52:44.207403279][validate-query.cpp:269][!fakevalidate(2,8000000000000000):1#0]	validate query done[0m
[1;36m[ 3][t 5][2026-09-10 00:52:44.216453266][test-tos-collator.cpp:448][!manager]	Ignoring newly-generated ShardTopBlockDescr for (2,8000000000000000,1):409DB87F3E25E579C439B7960E21339A4B83D858E45A8FDC0F604C02410A1968:6C9D505EE08ACC16915501A2E95BA634B29B945E7E45E7BBD22A4EDCAB252ACE[0m
[1;31m[ 1][t 5][2026-09-10 00:52:44.216479425][manager-disk.cpp:369][!manager]	success, block [ w=2 s=9223372036854775808 seq=1 QJ24fz4l5XnEObeWDiEzmkuD2FjkWo/cD2BMAkEKGWg= bJ1QXuCKzBaRVQGi6VumNLKblF5+Ree70ipO3KslKs4= ] = (2,8000000000000000,1):409DB87F3E25E579C439B7960E21339A4B83D858E45A8FDC0F604C02410A1968:6C9D505EE08ACC16915501A2E95BA634B29B945E7E45E7BBD22A4EDCAB252ACE saved to disk[0m
