[1;36m[ 3][t 1][2026-09-09 22:33:53.963703756][test-tos-collator.cpp:331][!testnode]	no init block in config. using zero state[0m
[1;36m[ 3][t 1][2026-09-09 22:33:53.963902531][test-tos-collator.cpp:356][!testnode]	Hardforks num in config: 0[0m
[1;36m[ 3][t 5][2026-09-09 22:33:53.965584164][manager-init.cpp:333][!starter]	Starting validator manager[0m
[1;33m[ 2][t 7][2026-09-09 22:33:53.977795545][celldb.cpp:371][!celldbin]	Using V1 DynamicBagOfCells with options V1{}[0m
[1;36m[ 3][t 1][2026-09-09 22:33:53.977903066][manager-init.cpp:39][!reiniter]	init_block_id=[ w=-1 s=9223372036854775808 seq=0 nXxVQSS9f1KjwpRwIVxF52NyPkvzHYC5sIiGwz5VWHQ= cJHNH4UXM25vaR0fBsHWF3N+rjI0d3x9m4ZnEY8q7eU= ][0m
[1;36m[ 3][t 7][2026-09-09 22:33:53.989619423][celldb.cpp:251][!celldbin]	Validating metadata[0m
[1;36m[ 3][t 7][2026-09-09 22:33:53.989664147][celldb.cpp:307][!celldbin]	Validating metadata: OK[0m
[1;36m[ 3][t 6][2026-09-09 22:33:53.989940388][download-state.cpp:491][!reiniter]	requested to download state of (-1,8000000000000000,0):9D7C554124BD7F52A3C29470215C45E763723E4BF31D80B9B08886C33E555874:7091CD1F8517336E6F691D1F06C1D617737EAE3234777C7D9B8667118F2AEDE5 referenced by (-2147483648,0000000000000000,0):0000000000000000000000000000000000000000000000000000000000000000:0000000000000000000000000000000000000000000000000000000000000000 with split depth 0[0m
[1;33m[ 2][t 6][2026-09-09 22:33:53.990430534][download-state.cpp:1100][!downloadstate]	checked shard state (-1,8000000000000000,0):9D7C554124BD7F52A3C29470215C45E763723E4BF31D80B9B08886C33E555874:7091CD1F8517336E6F691D1F06C1D617737EAE3234777C7D9B8667118F2AEDE5[0m
[1;33m[ 2][t 1][2026-09-09 22:33:53.991427610][download-state.cpp:1697][!downloadstate]	written shard state file (-1,8000000000000000,0):9D7C554124BD7F52A3C29470215C45E763723E4BF31D80B9B08886C33E555874:7091CD1F8517336E6F691D1F06C1D617737EAE3234777C7D9B8667118F2AEDE5[0m
[1;33m[ 2][t 3][2026-09-09 22:33:54.018757234][download-state.cpp:1759][!downloadstate]	finished downloading and storing shard state (-1,8000000000000000,0):9D7C554124BD7F52A3C29470215C45E763723E4BF31D80B9B08886C33E555874:7091CD1F8517336E6F691D1F06C1D617737EAE3234777C7D9B8667118F2AEDE5[0m
[1;36m[ 3][t 6][2026-09-09 22:33:54.018835969][download-state.cpp:491][!reiniter]	requested to download state of (-1,8000000000000000,0):9D7C554124BD7F52A3C29470215C45E763723E4BF31D80B9B08886C33E555874:7091CD1F8517336E6F691D1F06C1D617737EAE3234777C7D9B8667118F2AEDE5 referenced by (-1,8000000000000000,0):9D7C554124BD7F52A3C29470215C45E763723E4BF31D80B9B08886C33E555874:7091CD1F8517336E6F691D1F06C1D617737EAE3234777C7D9B8667118F2AEDE5 with split depth 0[0m
[1;33m[ 2][t 6][2026-09-09 22:33:54.018870435][download-state.cpp:519][!downloadstate]	shard state (-1,8000000000000000,0):9D7C554124BD7F52A3C29470215C45E763723E4BF31D80B9B08886C33E555874:7091CD1F8517336E6F691D1F06C1D617737EAE3234777C7D9B8667118F2AEDE5 already stored in db[0m
[1;33m[ 2][t 3][2026-09-09 22:33:54.019114988][download-state.cpp:1759][!downloadstate]	finished downloading and storing shard state (-1,8000000000000000,0):9D7C554124BD7F52A3C29470215C45E763723E4BF31D80B9B08886C33E555874:7091CD1F8517336E6F691D1F06C1D617737EAE3234777C7D9B8667118F2AEDE5[0m
[1;36m[ 3][t 3][2026-09-09 22:33:54.019149778][manager-init.cpp:294][!reiniter]	downloaded masterchain state[0m
[1;33m[ 2][t 3][2026-09-09 22:33:54.019180580][shard-client.cpp:58][!shardclient]	Downloading shard states for masterchain block [ w=-1 s=9223372036854775808 seq=0 nXxVQSS9f1KjwpRwIVxF52NyPkvzHYC5sIiGwz5VWHQ= cJHNH4UXM25vaR0fBsHWF3N+rjI0d3x9m4ZnEY8q7eU= ][0m
[1;33m[ 2][t 3][2026-09-09 22:33:54.019196804][shard-client.cpp:71][!shardclient]	Downloaded all shard states[0m
[1;36m[ 3][t 3][2026-09-09 22:33:54.019830894][manager-init.cpp:305][!reiniter]	downloaded all shards[0m
[1;36m[ 3][t 3][2026-09-09 22:33:54.019855524][manager-init.cpp:316][!reiniter]	persistent state download finished[0m
[1;31m[ 1][t 5][2026-09-09 22:33:54.020820979][manager-disk.cpp:291][!manager]	running collate query[0m
[1;33m[ 2][t 5][2026-09-09 22:33:54.020927045][collator.cpp:145][!collate(-1,8000000000000000):1]	Collator for shard (-1,8000000000000000) started[0m
[1;36m[ 3][t 5][2026-09-09 22:33:54.021005521][collator.cpp:832][!collate(-1,8000000000000000):1]	after_get_shard_blocks: got 0 ShardTopBlockDescriptions[0m
[1;36m[ 3][t 5][2026-09-09 22:33:54.021029325][collator.cpp:846][!collate(-1,8000000000000000):1]	after_get_storage_stat_cache : [Error : 0 : not implemented][0m
[1;33m[ 2][t 3][2026-09-09 22:33:54.021445599][collator.cpp:669][!collate(-1,8000000000000000):1]	in Collator::after_get_shard_state(0)[0m
[1;33m[ 2][t 3][2026-09-09 22:33:54.021485580][collator.cpp:2086][!collate(-1,8000000000000000):1]	running do_preinit()[0m
[1;36m[ 3][t 3][2026-09-09 22:33:54.021507210][collator.cpp:1779][!collate(-1,8000000000000000):1]	unpacking most recent masterchain state[0m
[1;31m[ 1][t 3][2026-09-09 22:33:54.021577981][collator.cpp:928][!collate(-1,8000000000000000):1]	block version 16 have been enabled in global configuration, but we support only 15 (upgrade validator software?)[0m
[1;36m[ 3][t 3][2026-09-09 22:33:54.021686987][collator.cpp:1842][!collate(-1,8000000000000000):1]	adding new workchain 0 to shard configuration in masterchain state[0m
[1;36m[ 3][t 3][2026-09-09 22:33:54.021722762][collator.cpp:1842][!collate(-1,8000000000000000):1]	adding new workchain 2 to shard configuration in masterchain state[0m
[1;36m[ 3][t 3][2026-09-09 22:33:54.021761552][collator.cpp:2266][!collate(-1,8000000000000000):1]	start_lt set to 1000000[0m
[1;36m[ 3][t 3][2026-09-09 22:33:54.021819978][collator.cpp:1047][!collate(-1,8000000000000000):1]	neighbor output queues fetched, took 0.000032s[0m
[1;33m[ 2][t 7][2026-09-09 22:33:54.022330553][collator.cpp:1169][!collate(-1,8000000000000000):1]	got outbound queue size from prev block #0: 0[0m
[1;33m[ 2][t 7][2026-09-09 22:33:54.022455834][collator.cpp:2439][!collate(-1,8000000000000000):1]	do_collate() : start[0m
[1;36m[ 3][t 7][2026-09-09 22:33:54.024007429][collator.cpp:2673][!collate(-1,8000000000000000):1]	cleaning outbound queue from messages already imported by neighbors[0m
[1;33m[ 2][t 7][2026-09-09 22:33:54.024027034][collator.cpp:2840][!collate(-1,8000000000000000):1]	deleted 0 messages from out_msg_queue, remaining queue size is 0[0m
[1;36m[ 3][t 7][2026-09-09 22:33:54.024066563][collator.cpp:2405][!collate(-1,8000000000000000):1]	fee recovery skipped (0ng)[0m
[1;36m[ 3][t 7][2026-09-09 22:33:54.024095899][collator.cpp:2527][!collate(-1,8000000000000000):1]	process dispatch queue[0m
[1;36m[ 3][t 7][2026-09-09 22:33:54.024116784][collator.cpp:2532][!collate(-1,8000000000000000):1]	create tick transactions[0m
[1;36m[ 3][t 7][2026-09-09 22:33:54.024178995][collator.cpp:2553][!collate(-1,8000000000000000):1]	process inbound internal messages[0m
[1;36m[ 3][t 7][2026-09-09 22:33:54.024193145][collator.cpp:4498][!collate(-1,8000000000000000):1]	process inbound external messages[0m
[1;36m[ 3][t 7][2026-09-09 22:33:54.024239876][collator.cpp:4506][!collate(-1,8000000000000000):1]	process newly-generated messages[0m
[1;36m[ 3][t 7][2026-09-09 22:33:54.024250851][collator.cpp:4511][!collate(-1,8000000000000000):1]	Don't wait for new external messages[0m
[1;36m[ 3][t 7][2026-09-09 22:33:54.024263435][collator.cpp:2575][!collate(-1,8000000000000000):1]	create tock transactions[0m
[1;36m[ 3][t 7][2026-09-09 22:33:54.024442173][collator.cpp:2580][!collate(-1,8000000000000000):1]	enqueue newly-generated messages[0m
[1;36m[ 3][t 7][2026-09-09 22:33:54.024453773][collator.cpp:5778][!collate(-1,8000000000000000):1]	final out_msg_queue size is 0[0m
[1;36m[ 3][t 7][2026-09-09 22:33:54.024463953][collator.cpp:5782][!collate(-1,8000000000000000):1]	block load statistics: gas=0 lt_delta=2 size_estimate=2561 collated_size_estimate=0[0m
[1;36m[ 3][t 7][2026-09-09 22:33:54.024473642][collator.cpp:5822][!collate(-1,8000000000000000):1]	block is underloaded[0m
[1;36m[ 3][t 7][2026-09-09 22:33:54.025411917][collator.cpp:5514][!collate(-1,8000000000000000):1]	masterchain validator set hash changed from 2805358205 to 2805358205[0m
[1;36m[ 3][t 7][2026-09-09 22:33:54.025425573][collator.cpp:5557][!collate(-1,8000000000000000):1]	Global balance is 0ng[0m
[1;36m[ 3][t 7][2026-09-09 22:33:54.025432022][collator.cpp:5677][!collate(-1,8000000000000000):1]	updating block creator statistics[0m
[1;36m[ 3][t 7][2026-09-09 22:33:54.025435683][collator.cpp:5693][!collate(-1,8000000000000000):1]	scanning for outdated CreatorStats entries[0m
[1;36m[ 3][t 7][2026-09-09 22:33:54.025442246][collator.cpp:5719][!collate(-1,8000000000000000):1]	removed 0 stale CreatorStats entries out of 0 scanned[0m
[1;36m[ 3][t 7][2026-09-09 22:33:54.025452087][collator.cpp:5600][!collate(-1,8000000000000000):1]	McStateExtra created[0m
[1;36m[ 3][t 7][2026-09-09 22:33:54.025476980][collator.cpp:6155][!collate(-1,8000000000000000):1]	creating Merkle update for the ShardState[0m
[1;36m[ 3][t 7][2026-09-09 22:33:54.025521930][collator.cpp:6168][!collate(-1,8000000000000000):1]	updating block profile statistics[0m
[1;36m[ 3][t 7][2026-09-09 22:33:54.025530620][collator.cpp:6170][!collate(-1,8000000000000000):1]	new ShardState and corresponding Merkle update created[0m
[1;36m[ 3][t 7][2026-09-09 22:33:54.025539934][collator.cpp:6410][!collate(-1,8000000000000000):1]	Value flow: (value-flow from_prev_blk:0ng to_next_blk:0ng imported:0ng exported:0ng fees_collected:0ng fees_imported:0ng recovered:0ng created:0ng minted:0ng)[0m
[1;36m[ 3][t 7][2026-09-09 22:33:54.025566148][collator.cpp:6508][!collate(-1,8000000000000000):1]	verifying new Block[0m
[1;36m[ 3][t 7][2026-09-09 22:33:54.025600979][collator.cpp:6513][!collate(-1,8000000000000000):1]	new Block created[0m
[1;36m[ 3][t 7][2026-09-09 22:33:54.025613438][collator.cpp:6729][!collate(-1,8000000000000000):1]	serializing new Block[0m
[1;36m[ 3][t 7][2026-09-09 22:33:54.025650457][collator.cpp:6760][!collate(-1,8000000000000000):1]	serialized block size 1913 bytes (preliminary estimate was 2561)[0m
[1;36m[ 3][t 7][2026-09-09 22:33:54.025655773][collator.cpp:6763][!collate(-1,8000000000000000):1]	size regression stats: 1913 18 6480 19 4 1 1[0m
[1;36m[ 3][t 7][2026-09-09 22:33:54.025659608][collator.cpp:6766][!collate(-1,8000000000000000):1]	serialized collated data size 33 bytes (preliminary estimate was 0)[0m
[1;36m[ 3][t 7][2026-09-09 22:33:54.025668840][collator.cpp:6826][!collate(-1,8000000000000000):1]	saving new BlockCandidate[0m
[1;33m[ 2][t 3][2026-09-09 22:33:54.027812691][collator.cpp:6865][!collate(-1,8000000000000000):1]	sending new BlockCandidate to Promise[0m
[1;33m[ 2][t 3][2026-09-09 22:33:54.027825990][collator.cpp:6866][!collate(-1,8000000000000000):1]	collation took 0.006924 s[0m
[1;33m[ 2][t 3][2026-09-09 22:33:54.027836850][collator.cpp:6867][!collate(-1,8000000000000000):1]	{{
	{do_collate:145119.644496->145119.647773(0.003277)}
	{set_block_candidate:145119.647764->145119.649902(0.002138)}
	{post_ext_processing:145119.646543->145119.647771(0.001227)}
	{wait_block_state #0:145119.643034->145119.643548(0.000513)}
	{get_storage_stat_cache:145119.643056->145119.643119(0.000063)[Error : 0 : not implemented]}
	{get_shard_blocks_for_collator:145119.643054->145119.643095(0.000041)}
	{neighbor_msg_queues:145119.643878->145119.643910(0.000032)}
}[0m
[1;33m[ 2][t 3][2026-09-09 22:33:54.027867722][collator.cpp:6978][!collate(-1,8000000000000000):1]	Collate query work time = 0.003518s, cpu time = 0.003514s[0m
[1;31m[ 1][t 7][2026-09-09 22:33:54.031530016][manager-disk.cpp:264][!manager]	created block [ w=-1 s=9223372036854775808 seq=1 1UOiCLOpdemLcb2B5qohPnZNCCDg1x+rrWpA1bkSdkY= oa+tUeLm7gRIqodpo2cSSsw4KQd/f39S1CGn3+qAQhI= ][0m
[1;33m[ 2][t 7][2026-09-09 22:33:54.031579907][validate-query.cpp:289][!fakevalidate(-1,8000000000000000):1#0]	validate query for (-1,8000000000000000,1):D543A208B3A975E98B71BD81E6AA213E764D0820E0D71FABAD6A40D5B9127646:A1AFAD51E2E6EE0448AA8769A367124ACC3829077F7F7F52D421A7DFEA804212 started[0m
[1;33m[ 2][t 7][2026-09-09 22:33:54.031674949][validate-query.cpp:786][!fakevalidate(-1,8000000000000000):1#0]	in ValidateQuery::after_get_latest_mc_state()[0m
[1;36m[ 3][t 6][2026-09-09 22:33:54.031689893][validate-query.cpp:884][!fakevalidate(-1,8000000000000000):1#0]	after_get_storage_stat_cache : [Error : 0 : not implemented][0m
[1;33m[ 2][t 7][2026-09-09 22:33:54.031901753][validate-query.cpp:904][!fakevalidate(-1,8000000000000000):1#0]	in ValidateQuery::after_get_shard_state(0)[0m
[1;31m[ 1][t 7][2026-09-09 22:33:54.031933959][validate-query.cpp:1002][!fakevalidate(-1,8000000000000000):1#0]	block version 16 have been enabled in global configuration, but we support only 15 (upgrade validator software?)[0m
[1;33m[ 2][t 7][2026-09-09 22:33:54.031995928][validate-query.cpp:786][!fakevalidate(-1,8000000000000000):1#0]	in ValidateQuery::after_get_latest_mc_state()[0m
[1;33m[ 2][t 7][2026-09-09 22:33:54.032002516][validate-query.cpp:7761][!fakevalidate(-1,8000000000000000):1#0]	try_validate stage 0[0m
[1;36m[ 3][t 7][2026-09-09 22:33:54.032123118][validate-query.cpp:2478][!fakevalidate(-1,8000000000000000):1#0]	masterchain validator set hash changed from 2805358205 to 2805358205[0m
[1;33m[ 2][t 7][2026-09-09 22:33:54.032142748][validate-query.cpp:7801][!fakevalidate(-1,8000000000000000):1#0]	try_validate stage 1[0m
[1;36m[ 3][t 7][2026-09-09 22:33:54.032147452][validate-query.cpp:7802][!fakevalidate(-1,8000000000000000):1#0]	running automated validity checks for block candidate (-1,8000000000000000,1):D543A208B3A975E98B71BD81E6AA213E764D0820E0D71FABAD6A40D5B9127646:A1AFAD51E2E6EE0448AA8769A367124ACC3829077F7F7F52D421A7DFEA804212[0m
[1;36m[ 3][t 7][2026-09-09 22:33:54.032230279][validate-query.cpp:3200][!fakevalidate(-1,8000000000000000):1#0]	pre-checking all Account updates between the old and the new state[0m
[1;36m[ 3][t 7][2026-09-09 22:33:54.032246320][validate-query.cpp:3393][!fakevalidate(-1,8000000000000000):1#0]	pre-checking all AccountBlocks, and all transactions of all accounts[0m
[1;36m[ 3][t 7][2026-09-09 22:33:54.032273808][validate-query.cpp:3652][!fakevalidate(-1,8000000000000000):1#0]	pre-checking the difference between the old and the new outbound message queues[0m
[1;36m[ 3][t 7][2026-09-09 22:33:54.032279483][validate-query.cpp:3673][!fakevalidate(-1,8000000000000000):1#0]	outbound message queue size: 0 -> 0[0m
[1;36m[ 3][t 7][2026-09-09 22:33:54.032284678][validate-query.cpp:3816][!fakevalidate(-1,8000000000000000):1#0]	checking the difference between the old and the new dispatch queues[0m
[1;36m[ 3][t 7][2026-09-09 22:33:54.032295264][validate-query.cpp:4574][!fakevalidate(-1,8000000000000000):1#0]	checking inbound messages listed in InMsgDescr[0m
[1;36m[ 3][t 7][2026-09-09 22:33:54.032307442][validate-query.cpp:5247][!fakevalidate(-1,8000000000000000):1#0]	checking outbound messages listed in OutMsgDescr[0m
[1;36m[ 3][t 7][2026-09-09 22:33:54.032313324][validate-query.cpp:5271][!fakevalidate(-1,8000000000000000):1#0]	checking ProcessedInfo[0m
[1;36m[ 3][t 7][2026-09-09 22:33:54.032317142][validate-query.cpp:5308][!fakevalidate(-1,8000000000000000):1#0]	ProcessedInfo claims to have processed all inbound messages up to (0,0000000000000000000000000000000000000000000000000000000000000000)[0m
[1;36m[ 3][t 7][2026-09-09 22:33:54.032324399][validate-query.cpp:6511][!fakevalidate(-1,8000000000000000):1#0]	checking all transactions[0m
[1;33m[ 2][t 7][2026-09-09 22:33:54.032381953][validate-query.cpp:7920][!fakevalidate(-1,8000000000000000):1#0]	try_validate stage 2[0m
[1;36m[ 3][t 7][2026-09-09 22:33:54.032401077][validate-query.cpp:6963][!fakevalidate(-1,8000000000000000):1#0]	checking header of the new shardchain state[0m
[1;36m[ 3][t 7][2026-09-09 22:33:54.032436123][validate-query.cpp:7262][!fakevalidate(-1,8000000000000000):1#0]	checking header of McStateExtra in the new masterchain state[0m
[1;36m[ 3][t 7][2026-09-09 22:33:54.032774374][validate-query.cpp:7576][!fakevalidate(-1,8000000000000000):1#0]	checking all CreatorStats updates between the old and the new state[0m
[1;33m[ 2][t 7][2026-09-09 22:33:54.032863748][validate-query.cpp:8017][!fakevalidate(-1,8000000000000000):1#0]	validation took 0.001292s[0m
[1;33m[ 2][t 7][2026-09-09 22:33:54.032870020][validate-query.cpp:8018][!fakevalidate(-1,8000000000000000):1#0]	Validate query work time = 0.000786s, cpu time = 0.000785s[0m
[1;33m[ 2][t 7][2026-09-09 22:33:54.032875295][validate-query.cpp:8020][!fakevalidate(-1,8000000000000000):1#0]	{{
	{wait_block_state #0:145119.653753->145119.653992(0.000239)}
	{get_top_masterchain_state_block:145119.653680->145119.653765(0.000084)}
	{set_block_candidate:145119.654877->145119.654933(0.000055)}
	{wait_verify_shard_blocks:145119.654201->145119.654232(0.000032)}
	{get_storage_stat_cache:145119.653757->145119.653780(0.000022)[Error : 0 : not implemented]}
	{get_top_masterchain_state_block:145119.654079->145119.654086(0.000007)}
}[0m
[1;33m[ 2][t 7][2026-09-09 22:33:54.032895245][validate-query.cpp:269][!fakevalidate(-1,8000000000000000):1#0]	validate query done[0m
[1;31m[ 1][t 1][2026-09-09 22:33:54.044600790][manager-disk.cpp:369][!manager]	success, block [ w=-1 s=9223372036854775808 seq=1 1UOiCLOpdemLcb2B5qohPnZNCCDg1x+rrWpA1bkSdkY= oa+tUeLm7gRIqodpo2cSSsw4KQd/f39S1CGn3+qAQhI= ] = (-1,8000000000000000,1):D543A208B3A975E98B71BD81E6AA213E764D0820E0D71FABAD6A40D5B9127646:A1AFAD51E2E6EE0448AA8769A367124ACC3829077F7F7F52D421A7DFEA804212 saved to disk[0m
