[1;36m[ 3][t 0][2026-09-09 22:33:54.059468101][test-tos-collator.cpp:585]	setting previous block to (2,8000000000000000,0):3C14AB7118564FCB2E0E05DF174A398DDD47F00A98230CB2FC2DB6DA730B0034:48E6E665EE9551D91510FABE781E8609BDE292A655377619B051AA62342D2F92[0m
[1;36m[ 3][t 1][2026-09-09 22:33:54.061281425][test-tos-collator.cpp:331][!testnode]	no init block in config. using zero state[0m
[1;36m[ 3][t 1][2026-09-09 22:33:54.061297437][test-tos-collator.cpp:356][!testnode]	Hardforks num in config: 0[0m
[1;36m[ 3][t 7][2026-09-09 22:33:54.062808300][manager-init.cpp:333][!starter]	Starting validator manager[0m
[1;36m[ 3][t 4][2026-09-09 22:33:54.074409277][manager-init.cpp:344][!starter]	init_block_id = (-1,8000000000000000,1):D543A208B3A975E98B71BD81E6AA213E764D0820E0D71FABAD6A40D5B9127646:A1AFAD51E2E6EE0448AA8769A367124ACC3829077F7F7F52D421A7DFEA804212[0m
[1;36m[ 3][t 4][2026-09-09 22:33:54.074434926][manager-init.cpp:345][!starter]	config init_block_id = (-1,8000000000000000,0):9D7C554124BD7F52A3C29470215C45E763723E4BF31D80B9B08886C33E555874:7091CD1F8517336E6F691D1F06C1D617737EAE3234777C7D9B8667118F2AEDE5[0m
[1;33m[ 2][t 3][2026-09-09 22:33:54.076423686][celldb.cpp:371][!celldbin]	Using V1 DynamicBagOfCells with options V1{}[0m
[1;31m[ 1][t 1][2026-09-09 22:33:54.082103627][archive-manager.cpp:1045][!archive]	checking file /tmp/uno-genesis-routing-2/serving/db/archive/states/zerostate_-1_D0D37CDAB23DC19669378DC6B542F703A54D08B55DE3950C485A8C8080BF4C6C[0m
[1;36m[ 3][t 3][2026-09-09 22:33:54.084315269][celldb.cpp:251][!celldbin]	Validating metadata[0m
[1;36m[ 3][t 3][2026-09-09 22:33:54.084452953][celldb.cpp:307][!celldbin]	Validating metadata: OK[0m
[1;36m[ 3][t 3][2026-09-09 22:33:54.089069157][manager-init.cpp:384][!starter]	gc_block_id = (-1,8000000000000000,0):9D7C554124BD7F52A3C29470215C45E763723E4BF31D80B9B08886C33E555874:7091CD1F8517336E6F691D1F06C1D617737EAE3234777C7D9B8667118F2AEDE5[0m
[1;36m[ 3][t 6][2026-09-09 22:33:54.090821561][manager-init.cpp:434][!starter]	Starting shard client[0m
[1;36m[ 3][t 3][2026-09-09 22:33:54.091011763][manager-init.cpp:438][!starter]	Started shard client[0m
[1;36m[ 3][t 3][2026-09-09 22:33:54.091029861][manager-init.cpp:448][!starter]	Last key block is (-1,8000000000000000,0):9D7C554124BD7F52A3C29470215C45E763723E4BF31D80B9B08886C33E555874:7091CD1F8517336E6F691D1F06C1D617737EAE3234777C7D9B8667118F2AEDE5[0m
[1;31m[ 1][t 3][2026-09-09 22:33:54.091772287][manager-disk.cpp:291][!manager]	running collate query[0m
[1;33m[ 2][t 3][2026-09-09 22:33:54.091815638][collator.cpp:145][!collate(2,8000000000000000):1]	Collator for shard (2,8000000000000000) started[0m
[1;36m[ 3][t 3][2026-09-09 22:33:54.091869422][collator.cpp:846][!collate(2,8000000000000000):1]	after_get_storage_stat_cache : [Error : 0 : not implemented][0m
[1;33m[ 2][t 6][2026-09-09 22:33:54.101368007][collator.cpp:669][!collate(2,8000000000000000):1]	in Collator::after_get_shard_state(0)[0m
[1;33m[ 2][t 1][2026-09-09 22:33:54.101738003][collator.cpp:631][!collate(2,8000000000000000):1]	in Collator::after_get_mc_state()[0m
[1;33m[ 2][t 1][2026-09-09 22:33:54.101897089][collator.cpp:2086][!collate(2,8000000000000000):1]	running do_preinit()[0m
[1;36m[ 3][t 1][2026-09-09 22:33:54.101907066][collator.cpp:1779][!collate(2,8000000000000000):1]	unpacking most recent masterchain state[0m
[1;31m[ 1][t 1][2026-09-09 22:33:54.101992119][collator.cpp:928][!collate(2,8000000000000000):1]	block version 16 have been enabled in global configuration, but we support only 15 (upgrade validator software?)[0m
[1;36m[ 3][t 1][2026-09-09 22:33:54.102109849][collator.cpp:2266][!collate(2,8000000000000000):1]	start_lt set to 2000000[0m
[1;33m[ 2][t 3][2026-09-09 22:33:54.102434767][collator.cpp:1169][!collate(2,8000000000000000):1]	got outbound queue size from prev block #0: 0[0m
[1;36m[ 3][t 4][2026-09-09 22:33:54.102590177][out-msg-queue-proof.cpp:437][!disk-outmsgqueueimporter]	Done importing neighbor msg queues for shard (2,8000000000000000) from (-1,8000000000000000,1) in 0.000453s sources{ local=1} cache_size=1[0m
[1;36m[ 3][t 4][2026-09-09 22:33:54.102639922][collator.cpp:1047][!collate(2,8000000000000000):1]	neighbor output queues fetched, took 0.000508s[0m
[1;33m[ 2][t 4][2026-09-09 22:33:54.102751663][collator.cpp:1103][!collate(2,8000000000000000):1]	obtained outbound queue for neighbor #0((-1,8000000000000000))[0m
[1;33m[ 2][t 4][2026-09-09 22:33:54.102828309][collator.cpp:1103][!collate(2,8000000000000000):1]	obtained outbound queue for neighbor #1((2,8000000000000000))[0m
[1;33m[ 2][t 4][2026-09-09 22:33:54.102878199][collator.cpp:2439][!collate(2,8000000000000000):1]	do_collate() : start[0m
[1;36m[ 3][t 4][2026-09-09 22:33:54.104239396][collator.cpp:2673][!collate(2,8000000000000000):1]	cleaning outbound queue from messages already imported by neighbors[0m
[1;33m[ 2][t 4][2026-09-09 22:33:54.104255407][collator.cpp:2840][!collate(2,8000000000000000):1]	deleted 0 messages from out_msg_queue, remaining queue size is 0[0m
[1;36m[ 3][t 4][2026-09-09 22:33:54.104308253][collator.cpp:3506][!collate(2,8000000000000000):1]	staging workchain batch at lt=2000001[0m
[1;36m[ 3][t 4][2026-09-09 22:33:54.104456248][collator.cpp:5778][!collate(2,8000000000000000):1]	final out_msg_queue size is 0[0m
[1;36m[ 3][t 4][2026-09-09 22:33:54.104462099][collator.cpp:5782][!collate(2,8000000000000000):1]	block load statistics: gas=0 lt_delta=2 size_estimate=2745 collated_size_estimate=0[0m
[1;36m[ 3][t 4][2026-09-09 22:33:54.104466926][collator.cpp:5822][!collate(2,8000000000000000):1]	block is underloaded[0m
[1;36m[ 3][t 4][2026-09-09 22:33:54.104526064][collator.cpp:6155][!collate(2,8000000000000000):1]	creating Merkle update for the ShardState[0m
[1;36m[ 3][t 4][2026-09-09 22:33:54.104554236][collator.cpp:6168][!collate(2,8000000000000000):1]	updating block profile statistics[0m
[1;36m[ 3][t 4][2026-09-09 22:33:54.104560320][collator.cpp:6170][!collate(2,8000000000000000):1]	new ShardState and corresponding Merkle update created[0m
[1;36m[ 3][t 4][2026-09-09 22:33:54.104571629][collator.cpp:6410][!collate(2,8000000000000000):1]	Value flow: (value-flow from_prev_blk:1000ng to_next_blk:1000ng imported:0ng exported:0ng fees_collected:0ng fees_imported:0ng recovered:0ng created:0ng minted:0ng)[0m
[1;36m[ 3][t 4][2026-09-09 22:33:54.104590327][collator.cpp:6508][!collate(2,8000000000000000):1]	verifying new Block[0m
[1;36m[ 3][t 4][2026-09-09 22:33:54.104607884][collator.cpp:6513][!collate(2,8000000000000000):1]	new Block created[0m
[1;36m[ 3][t 4][2026-09-09 22:33:54.104631007][collator.cpp:6729][!collate(2,8000000000000000):1]	serializing new Block[0m
[1;36m[ 3][t 4][2026-09-09 22:33:54.104666963][collator.cpp:6760][!collate(2,8000000000000000):1]	serialized block size 1283 bytes (preliminary estimate was 2745)[0m
[1;36m[ 3][t 4][2026-09-09 22:33:54.104672650][collator.cpp:6763][!collate(2,8000000000000000):1]	size regression stats: 1283 18 4927 24 0 1 1[0m
[1;36m[ 3][t 4][2026-09-09 22:33:54.104676817][collator.cpp:6766][!collate(2,8000000000000000):1]	serialized collated data size 33 bytes (preliminary estimate was 0)[0m
[1;36m[ 3][t 4][2026-09-09 22:33:54.104687406][collator.cpp:6826][!collate(2,8000000000000000):1]	saving new BlockCandidate[0m
[1;33m[ 2][t 4][2026-09-09 22:33:54.106745070][collator.cpp:6865][!collate(2,8000000000000000):1]	sending new BlockCandidate to Promise[0m
[1;33m[ 2][t 4][2026-09-09 22:33:54.106752844][collator.cpp:6866][!collate(2,8000000000000000):1]	collation took 0.014946 s[0m
[1;33m[ 2][t 4][2026-09-09 22:33:54.106763145][collator.cpp:6867][!collate(2,8000000000000000):1]	{{
	{wait_block_state #0:145119.713913->145119.723474(0.009560)}
	{set_block_candidate:145119.726782->145119.728835(0.002053)}
	{do_collate:145119.724951->145119.726791(0.001840)}
	{neighbor_msg_queues:145119.724221->145119.724729(0.000508)}
	{get_top_masterchain_state_block:145119.723484->145119.723844(0.000360)}
	{post_ext_processing:145119.726546->145119.726789(0.000243)}
	{wait_block_data #-1:145119.723847->145119.723984(0.000137)}
	{get_storage_stat_cache:145119.713920->145119.713959(0.000040)[Error : 0 : not implemented]}
}[0m
[1;33m[ 2][t 4][2026-09-09 22:33:54.106790391][collator.cpp:6978][!collate(2,8000000000000000):1]	Collate query work time = 0.002072s, cpu time = 0.002069s[0m
[1;31m[ 1][t 6][2026-09-09 22:33:54.110425104][manager-disk.cpp:264][!manager]	created block [ w=2 s=9223372036854775808 seq=1 JwmXIMyXt/m5AVafNKHZHMXvGewCsco1n3ndg86QqeA= ZlfAFi4HEa2l0M7OpeO7WM3xpWLgEjFfaDgIjNqw9gk= ][0m
[1;33m[ 2][t 6][2026-09-09 22:33:54.110462194][validate-query.cpp:289][!fakevalidate(2,8000000000000000):1#0]	validate query for (2,8000000000000000,1):27099720CC97B7F9B901569F34A1D91CC5EF19EC02B1CA359F79DD83CE90A9E0:6657C0162E0711ADA5D0CECEA5E3BB58CDF1A562E012315F6838088CDAB0F609 started[0m
[1;33m[ 2][t 1][2026-09-09 22:33:54.110545696][validate-query.cpp:786][!fakevalidate(2,8000000000000000):1#0]	in ValidateQuery::after_get_latest_mc_state()[0m
[1;36m[ 3][t 1][2026-09-09 22:33:54.110558222][validate-query.cpp:884][!fakevalidate(2,8000000000000000):1#0]	after_get_storage_stat_cache : [Error : 0 : not implemented][0m
[1;33m[ 2][t 6][2026-09-09 22:33:54.110690180][validate-query.cpp:829][!fakevalidate(2,8000000000000000):1#0]	in ValidateQuery::after_get_mc_state() for (-1,8000000000000000,1):D543A208B3A975E98B71BD81E6AA213E764D0820E0D71FABAD6A40D5B9127646:A1AFAD51E2E6EE0448AA8769A367124ACC3829077F7F7F52D421A7DFEA804212[0m
[1;31m[ 1][t 6][2026-09-09 22:33:54.110732112][validate-query.cpp:1002][!fakevalidate(2,8000000000000000):1#0]	block version 16 have been enabled in global configuration, but we support only 15 (upgrade validator software?)[0m
[1;33m[ 2][t 6][2026-09-09 22:33:54.111034248][validate-query.cpp:904][!fakevalidate(2,8000000000000000):1#0]	in ValidateQuery::after_get_shard_state(0)[0m
[1;33m[ 2][t 4][2026-09-09 22:33:54.111043300][validate-query.cpp:786][!fakevalidate(2,8000000000000000):1#0]	in ValidateQuery::after_get_latest_mc_state()[0m
[1;33m[ 2][t 4][2026-09-09 22:33:54.111052502][validate-query.cpp:7761][!fakevalidate(2,8000000000000000):1#0]	try_validate stage 0[0m
[1;33m[ 2][t 4][2026-09-09 22:33:54.111201283][validate-query.cpp:1794][!fakevalidate(2,8000000000000000):1#0]	obtained outbound queue for neighbor #1 : (2,8000000000000000)[0m
[1;36m[ 3][t 4][2026-09-09 22:33:54.111211613][validate-query.cpp:1822][!fakevalidate(2,8000000000000000):1#0]	(
  hme_empty)
x{4_}[0m
[1;33m[ 2][t 4][2026-09-09 22:33:54.111302964][validate-query.cpp:1794][!fakevalidate(2,8000000000000000):1#0]	obtained outbound queue for neighbor #0 : (-1,8000000000000000)[0m
[1;36m[ 3][t 4][2026-09-09 22:33:54.111311276][validate-query.cpp:1822][!fakevalidate(2,8000000000000000):1#0]	(
  hme_empty)
x{4_}[0m
[1;36m[ 3][t 4][2026-09-09 22:33:54.111317466][validate-query.cpp:1845][!fakevalidate(2,8000000000000000):1#0]	all neighbor output queues fetched[0m
[1;33m[ 2][t 4][2026-09-09 22:33:54.111322785][validate-query.cpp:7801][!fakevalidate(2,8000000000000000):1#0]	try_validate stage 1[0m
[1;36m[ 3][t 4][2026-09-09 22:33:54.111327873][validate-query.cpp:7802][!fakevalidate(2,8000000000000000):1#0]	running automated validity checks for block candidate (2,8000000000000000,1):27099720CC97B7F9B901569F34A1D91CC5EF19EC02B1CA359F79DD83CE90A9E0:6657C0162E0711ADA5D0CECEA5E3BB58CDF1A562E012315F6838088CDAB0F609[0m
[1;36m[ 3][t 4][2026-09-09 22:33:54.111402353][validate-query.cpp:3200][!fakevalidate(2,8000000000000000):1#0]	pre-checking all Account updates between the old and the new state[0m
[1;36m[ 3][t 4][2026-09-09 22:33:54.111420402][validate-query.cpp:3393][!fakevalidate(2,8000000000000000):1#0]	pre-checking all AccountBlocks, and all transactions of all accounts[0m
[1;36m[ 3][t 4][2026-09-09 22:33:54.111445591][validate-query.cpp:3652][!fakevalidate(2,8000000000000000):1#0]	pre-checking the difference between the old and the new outbound message queues[0m
[1;36m[ 3][t 4][2026-09-09 22:33:54.111451664][validate-query.cpp:3673][!fakevalidate(2,8000000000000000):1#0]	outbound message queue size: 0 -> 0[0m
[1;36m[ 3][t 4][2026-09-09 22:33:54.111462786][validate-query.cpp:3816][!fakevalidate(2,8000000000000000):1#0]	checking the difference between the old and the new dispatch queues[0m
[1;36m[ 3][t 4][2026-09-09 22:33:54.111475439][validate-query.cpp:4574][!fakevalidate(2,8000000000000000):1#0]	checking inbound messages listed in InMsgDescr[0m
[1;36m[ 3][t 4][2026-09-09 22:33:54.111487382][validate-query.cpp:5247][!fakevalidate(2,8000000000000000):1#0]	checking outbound messages listed in OutMsgDescr[0m
[1;36m[ 3][t 4][2026-09-09 22:33:54.111495747][validate-query.cpp:5271][!fakevalidate(2,8000000000000000):1#0]	checking ProcessedInfo[0m
[1;36m[ 3][t 4][2026-09-09 22:33:54.111500510][validate-query.cpp:5308][!fakevalidate(2,8000000000000000):1#0]	ProcessedInfo claims to have processed all inbound messages up to (1000001,FFFFFFFFFFFFFFFFFFFFFFFFFFFFFFFFFFFFFFFFFFFFFFFFFFFFFFFFFFFFFFFF)[0m
[1;36m[ 3][t 4][2026-09-09 22:33:54.111515048][validate-query.cpp:6511][!fakevalidate(2,8000000000000000):1#0]	checking all transactions[0m
[1;33m[ 2][t 4][2026-09-09 22:33:54.111726387][validate-query.cpp:7920][!fakevalidate(2,8000000000000000):1#0]	try_validate stage 2[0m
[1;36m[ 3][t 4][2026-09-09 22:33:54.111755784][validate-query.cpp:6963][!fakevalidate(2,8000000000000000):1#0]	checking header of the new shardchain state[0m
[1;33m[ 2][t 4][2026-09-09 22:33:54.111848388][validate-query.cpp:8017][!fakevalidate(2,8000000000000000):1#0]	validation took 0.001394s[0m
[1;33m[ 2][t 4][2026-09-09 22:33:54.111855539][validate-query.cpp:8018][!fakevalidate(2,8000000000000000):1#0]	Validate query work time = 0.000599s, cpu time = 0.000599s[0m
[1;33m[ 2][t 4][2026-09-09 22:33:54.111861689][validate-query.cpp:8020][!fakevalidate(2,8000000000000000):1#0]	{{
	{wait_block_state #0:145119.732624->145119.733124(0.000500)}
	{wait_block_message_queue #0:145119.733213->145119.733393(0.000180)}
	{mc wait_block_state:145119.732646->145119.732780(0.000134)}
	{get_top_masterchain_state_block:145119.732564->145119.732636(0.000072)}
	{set_block_candidate:145119.733860->145119.733907(0.000048)}
	{get_storage_stat_cache:145119.732629->145119.732648(0.000019)[Error : 0 : not implemented]}
	{get_block_handle:145119.732628->145119.732645(0.000017)}
	{get_top_masterchain_state_block:145119.733121->145119.733133(0.000012)}
}[0m
[1;33m[ 2][t 4][2026-09-09 22:33:54.111887769][validate-query.cpp:269][!fakevalidate(2,8000000000000000):1#0]	validate query done[0m
[1;36m[ 3][t 6][2026-09-09 22:33:54.119379463][test-tos-collator.cpp:448][!manager]	Ignoring newly-generated ShardTopBlockDescr for (2,8000000000000000,1):27099720CC97B7F9B901569F34A1D91CC5EF19EC02B1CA359F79DD83CE90A9E0:6657C0162E0711ADA5D0CECEA5E3BB58CDF1A562E012315F6838088CDAB0F609[0m
[1;31m[ 1][t 6][2026-09-09 22:33:54.119396144][manager-disk.cpp:369][!manager]	success, block [ w=2 s=9223372036854775808 seq=1 JwmXIMyXt/m5AVafNKHZHMXvGewCsco1n3ndg86QqeA= ZlfAFi4HEa2l0M7OpeO7WM3xpWLgEjFfaDgIjNqw9gk= ] = (2,8000000000000000,1):27099720CC97B7F9B901569F34A1D91CC5EF19EC02B1CA359F79DD83CE90A9E0:6657C0162E0711ADA5D0CECEA5E3BB58CDF1A562E012315F6838088CDAB0F609 saved to disk[0m
