[1/507] Generate common tl source files
[2/110] cd /home/tomi/tos/uno/crypto && /usr/bin/cmake -E env CARGO_NET_OFFLINE=true CARGO_TARGET_DIR=/home/tomi/tos/build/uno/crypto/cargo-target /home/tomi/.cargo/bin/cargo build --locked --offline --release -j32
    Finished `release` profile [optimized] target(s) in 0.07s
[3/108] Checking the git repository for changes...
[4/108] Building CXX object CMakeFiles/git.dir/git.cc.o
[5/108] Linking CXX static library libgit.a
[6/108] Linking CXX executable tol/tol
[7/108] Linking CXX executable crypto/mintless-proof-generator
[8/108] Linking CXX executable crypto/func
[9/108] Linking CXX executable crypto/dump-block
[10/108] Compile FunC stdlib TVM v6 fee primitive coverage
[11/108] Linking CXX executable adnl/adnl-proxy
[12/108] Linking CXX executable crypto/test-weight-distr
[13/108] Linking CXX executable crypto/fift
[14/108] Generate /home/tomi/tos/build/crypto/smartcont/auto/restricted-wallet-code.fif
[15/108] Generate /home/tomi/tos/build/crypto/smartcont/auto/wallet3-code.fif
[16/108] Generate /home/tomi/tos/build/crypto/smartcont/auto/restricted-wallet2-code.fif
[17/108] Generate /home/tomi/tos/build/crypto/smartcont/auto/wallet-v4-code.fif
[18/108] Generate /home/tomi/tos/build/crypto/smartcont/auto/highload-wallet-code.fif
[19/108] Generate /home/tomi/tos/build/crypto/smartcont/auto/simple-wallet-code.fif
[20/108] Generate /home/tomi/tos/build/crypto/smartcont/auto/highload-wallet-v2-code.fif
[21/108] Generate /home/tomi/tos/build/crypto/smartcont/auto/wallet-v5-code.fif
[22/108] Generate /home/tomi/tos/build/crypto/smartcont/auto/wallet-v4-code.cpp
[23/108] Generate /home/tomi/tos/build/crypto/smartcont/auto/wallet3-code.cpp
[24/108] Generate /home/tomi/tos/build/crypto/smartcont/auto/highload-wallet-v2-code.cpp
[25/108] Generate /home/tomi/tos/build/crypto/smartcont/auto/restricted-wallet-code.cpp
[26/108] Generate /home/tomi/tos/build/crypto/smartcont/auto/simple-wallet-code.cpp
[27/108] Generate /home/tomi/tos/build/crypto/smartcont/auto/restricted-wallet2-code.cpp
[28/108] Generate /home/tomi/tos/build/crypto/smartcont/auto/highload-wallet-code.cpp
[29/108] Generate /home/tomi/tos/build/crypto/smartcont/auto/task-escrow-code.fif
[30/108] Generate /home/tomi/tos/build/crypto/smartcont/auto/wallet-code.fif
[31/108] Generate /home/tomi/tos/build/crypto/smartcont/auto/session-wallet-code.fif
[32/108] Compiling FunC contract jetton-wallet-func -> /home/tomi/tos/build/slice1-gas-parity/jetton-wallet-func.boc
[33/108] Compiling Tol contract slice5-receive-context-tol -> /home/tomi/tos/build/slice1-gas-parity/slice5-receive-context-tol.boc
[34/108] Compiling FunC contract jetton-minter-func -> /home/tomi/tos/build/slice1-gas-parity/jetton-minter-func.boc
[35/108] Generate /home/tomi/tos/build/crypto/smartcont/auto/restricted-wallet3-code.fif
[36/108] Compiling FunC contract wallet-v5-func -> /home/tomi/tos/build/slice1-gas-parity/wallet-v5-func.boc
[37/108] Compiling Tol contract jetton-minter-tol -> /home/tomi/tos/build/slice1-gas-parity/jetton-minter-tol.boc
[38/108] Generate /home/tomi/tos/build/crypto/smartcont/auto/config-code.fif
[39/108] Generate /home/tomi/tos/build/crypto/smartcont/auto/wallet-v5-code.cpp
[40/108] Generate /home/tomi/tos/build/crypto/smartcont/auto/multisig-code.fif
[41/108] Generate /home/tomi/tos/build/crypto/smartcont/auto/wallet-code.cpp
[42/108] Generate /home/tomi/tos/build/crypto/smartcont/auto/session-wallet-code.cpp
[43/108] Compiling Tol contract jetton-wallet-tol -> /home/tomi/tos/build/slice1-gas-parity/jetton-wallet-tol.boc
[44/108] Generate /home/tomi/tos/build/crypto/smartcont/auto/simple-wallet-ext-code.fif
[45/108] Generate /home/tomi/tos/build/crypto/smartcont/auto/dns-manual-code.fif
[46/108] Generate /home/tomi/tos/build/crypto/smartcont/auto/task-escrow-code.cpp
[47/108] Compiling Tol contract wallet-v5-tol -> /home/tomi/tos/build/slice1-gas-parity/wallet-v5-tol.boc
[48/108] Generate /home/tomi/tos/build/crypto/smartcont/auto/agent-account-code.fif
[49/108] Generate /home/tomi/tos/build/crypto/smartcont/auto/pow-testgiver-code.fif
[50/108] Generate /home/tomi/tos/build/crypto/smartcont/auto/elector-code.fif
[51/108] Generate /home/tomi/tos/build/crypto/smartcont/auto/restricted-wallet3-code.cpp
[52/108] Generate /home/tomi/tos/build/crypto/smartcont/auto/config-code.cpp
[53/108] Generate /home/tomi/tos/build/crypto/smartcont/auto/payment-channel-code.fif
[54/108] Compiling Tol contract tos-report-bond-oracle -> /home/tomi/tos/build/slice1-gas-parity/tos-report-bond-oracle.boc
[55/108] Generate /home/tomi/tos/build/crypto/smartcont/auto/multisig-code.cpp
[56/108] Generate /home/tomi/tos/build/crypto/smartcont/auto/dns-auto-code.fif
[57/108] Generate /home/tomi/tos/build/crypto/smartcont/auto/simple-wallet-ext-code.cpp
[58/108] Linking CXX executable crypto/adjust-block
[59/108] Generate /home/tomi/tos/build/crypto/smartcont/auto/dns-manual-code.cpp
[60/108] Generate /home/tomi/tos/build/crypto/smartcont/auto/agent-account-code.cpp
[61/108] Generate /home/tomi/tos/build/crypto/smartcont/auto/pow-testgiver-code.cpp
[62/108] Generate /home/tomi/tos/build/crypto/smartcont/auto/payment-channel-code.cpp
[63/108] Generate /home/tomi/tos/build/crypto/smartcont/auto/dns-auto-code.cpp
[64/108] Generate /home/tomi/tos/build/crypto/smartcont/auto/elector-code.cpp
[65/108] Linking CXX executable validator-engine-console/validator-engine-console
[66/108] Linking CXX executable utils/generate-random-id
[67/108] Linking CXX executable utils/json2tlo
[68/108] Linking CXX executable utils/prepare-ls-slice-config
[69/108] Verify and embed the frozen TOS Service Protocol stablecoin escrow v1 BOC
NOTE: escrow v1 is deprecated (superseded by v2); this build exists only to verify the frozen historical artifact.
NOTE: escrow v1 is deprecated (superseded by v2); this build exists only to verify the frozen historical artifact.
[70/108] Linking CXX executable storage/storage-daemon/storage-daemon-cli
[71/108] Linking CXX executable lite-client/lite-client
[72/108] Verify and embed the frozen TOS Service Protocol stablecoin escrow v2 BOC
[73/108] Verify and embed the frozen TOS Native Service Registry BOC
[74/108] Linking CXX executable adnl/adnl-pong
[75/108] Linking CXX executable dht-server/dht-server
[76/108] Generate /home/tomi/tos/build/crypto/smartcont/auto/prediction-market-code.fif
[77/108] Linking CXX executable adnl/tos-adnl-probe
[78/108] Generate /home/tomi/tos/build/crypto/smartcont/auto/prediction-market-code.cpp
[79/108] Building CXX object crypto/CMakeFiles/smc-envelope.dir/smc-envelope/SmartContractCode.cpp.o
[80/108] Linking CXX static library crypto/libsmc-envelope.a
[81/108] Linking CXX executable utils/proxy-liteserver
[82/108] Linking CXX executable test-http
[83/108] Linking CXX executable metrics/metrics-example
[84/108] Linking CXX executable test-metrics-label-bound
[85/108] Linking CXX executable http/http-proxy
[86/108] Linking CXX shared library emulator/libemulator.so
[87/108] Linking CXX executable test-http-server-limits
[88/108] Linking CXX executable quic/quic-example-server
[89/108] Linking CXX executable quic/quic-example-client
[90/108] Linking CXX executable test-workchain-block
[91/108] Linking CXX executable crypto/create-state
[92/108] Linking CXX executable storage/storage-cli
[93/108] Linking CXX executable test-wallet-message-processor
[94/108] Linking CXX executable toslib/toslib-cli
[95/108] Linking CXX executable test-quic-sender
[96/108] Linking CXX executable test-toslib-offline
[97/108] Linking CXX executable bench-rldp
[98/108] Linking CXX executable test-emulator
[99/108] Linking CXX executable test-toslib
[100/108] Linking CXX executable create-hardfork/create-hardfork
[101/108] Linking CXX executable test/toslib/test-ffi-event-loop
[102/108] Linking CXX shared library toslib/libtoslibjson.so.0.5
[103/108] Creating library symlink toslib/libtoslibjson.so
[104/108] Linking CXX executable test/toslib/test-ffi-awaitable
[105/108] Linking CXX executable test-smartcont
[106/108] Linking CXX executable rldp-http-proxy/rldp-http-proxy
[107/108] Linking CXX executable storage/storage-daemon/storage-daemon
[108/108] Linking CXX executable validator-engine/validator-engine
