-- Configuring done
-- Generating done
-- Build files have been written to: /tmp/i13-ci-observer-hb31ao6e/out
three.json: exit=0
registered: exactly 3 private I13 checks: ['test-workchain-construction-isolation-gates', 'test-workchain-i13-acceptance-gates', 'test-workchain-i13-usage-acceptance-gates']

zero.json: exit=1
Traceback (most recent call last):
  File "/home/tomi/tos/.github/scripts/check-i13-results.py", line 44, in <module>
    check(sys.argv[1], Path(sys.argv[2]), repository)
    ~~~~~^^^^^^^^^^^^^^^^^^^^^^^^^^^^^^^^^^^^^^^^^^^^
  File "/home/tomi/tos/.github/scripts/check-i13-results.py", line 38, in check
    raise ValueError(f"expected exactly three named checks, observed {names!r}")
ValueError: expected exactly three named checks, observed []

missing.json: exit=1
Traceback (most recent call last):
  File "/home/tomi/tos/.github/scripts/check-i13-results.py", line 44, in <module>
    check(sys.argv[1], Path(sys.argv[2]), repository)
    ~~~~~^^^^^^^^^^^^^^^^^^^^^^^^^^^^^^^^^^^^^^^^^^^^
  File "/home/tomi/tos/.github/scripts/check-i13-results.py", line 38, in check
    raise ValueError(f"expected exactly three named checks, observed {names!r}")
ValueError: expected exactly three named checks, observed ['test-workchain-construction-isolation-gates', 'test-workchain-i13-acceptance-gates']

duplicate.json: exit=1
Traceback (most recent call last):
  File "/home/tomi/tos/.github/scripts/check-i13-results.py", line 44, in <module>
    check(sys.argv[1], Path(sys.argv[2]), repository)
    ~~~~~^^^^^^^^^^^^^^^^^^^^^^^^^^^^^^^^^^^^^^^^^^^^
  File "/home/tomi/tos/.github/scripts/check-i13-results.py", line 38, in check
    raise ValueError(f"expected exactly three named checks, observed {names!r}")
ValueError: expected exactly three named checks, observed ['test-workchain-construction-isolation-gates', 'test-workchain-construction-isolation-gates', 'test-workchain-construction-isolation-gates']

wrong-driver.json: exit=0
registered: exactly 3 private I13 checks: ['test-workchain-construction-isolation-gates', 'test-workchain-i13-acceptance-gates', 'test-workchain-i13-usage-acceptance-gates']

Traceback (most recent call last):
  File "/home/tomi/tos/.github/scripts/test-i13-results.py", line 53, in <module>
    run("registered", path, False)
    ~~~^^^^^^^^^^^^^^^^^^^^^^^^^^^
  File "/home/tomi/tos/.github/scripts/test-i13-results.py", line 22, in run
    raise AssertionError(f"unexpected observer result: {path.name}")
AssertionError: unexpected observer result: wrong-driver.json
