[1/73] Building CXX object CMakeFiles/test-health-diagnostic-ipc.dir/tools/node-health-monitor/tests/native/diagnostic-ipc.cpp.o
[2/73] Building CXX object CMakeFiles/test-health-diagnostic-producer.dir/tools/node-health-monitor/tests/native/diagnostic-producer.cpp.o
[3/73] Linking CXX executable test-health-diagnostic-ipc
[4/73] Linking CXX executable test-health-diagnostic-producer
[5/73] Checking the git repository for changes...
[6/73] Building CXX object CMakeFiles/git.dir/git.cc.o
[7/73] Linking CXX static library libgit.a
[8/73] Linking CXX executable crypto/fift
[9/73] Linking CXX executable crypto/func
[10/73] Generate /home/tomi/nhm-c06-build/crypto/smartcont/auto/wallet-v4-code.fif
[11/73] Generate /home/tomi/nhm-c06-build/crypto/smartcont/auto/restricted-wallet-code.fif
[12/73] Generate /home/tomi/nhm-c06-build/crypto/smartcont/auto/restricted-wallet-code.cpp
[13/73] Generate /home/tomi/nhm-c06-build/crypto/smartcont/auto/restricted-wallet2-code.fif
[14/73] Verify and embed the frozen TOS Service Protocol stablecoin escrow v1 BOC
NOTE: escrow v1 is deprecated (superseded by v2); this build exists only to verify the frozen historical artifact.
NOTE: escrow v1 is deprecated (superseded by v2); this build exists only to verify the frozen historical artifact.
[15/73] Verify and embed the frozen TOS Service Protocol stablecoin escrow v2 BOC
[16/73] Compile FunC stdlib TVM v6 fee primitive coverage
[17/73] Generate /home/tomi/nhm-c06-build/crypto/smartcont/auto/simple-wallet-code.fif
[18/73] Generate /home/tomi/nhm-c06-build/crypto/smartcont/auto/config-code.fif
[19/73] Generate /home/tomi/nhm-c06-build/crypto/smartcont/auto/config-code.cpp
[20/73] Generate /home/tomi/nhm-c06-build/crypto/smartcont/auto/wallet-code.fif
[21/73] Generate /home/tomi/nhm-c06-build/crypto/smartcont/auto/wallet-code.cpp
[22/73] Generate /home/tomi/nhm-c06-build/crypto/smartcont/auto/wallet3-code.fif
[23/73] Generate /home/tomi/nhm-c06-build/crypto/smartcont/auto/wallet3-code.cpp
[24/73] Generate /home/tomi/nhm-c06-build/crypto/smartcont/auto/wallet-v4-code.cpp
[25/73] Generate /home/tomi/nhm-c06-build/crypto/smartcont/auto/task-escrow-code.fif
[26/73] Generate /home/tomi/nhm-c06-build/crypto/smartcont/auto/task-escrow-code.cpp
[27/73] Generate /home/tomi/nhm-c06-build/crypto/smartcont/auto/wallet-v5-code.fif
[28/73] Generate /home/tomi/nhm-c06-build/crypto/smartcont/auto/wallet-v5-code.cpp
[29/73] Generate /home/tomi/nhm-c06-build/crypto/smartcont/auto/simple-wallet-code.cpp
[30/73] Generate /home/tomi/nhm-c06-build/crypto/smartcont/auto/highload-wallet-code.fif
[31/73] Generate /home/tomi/nhm-c06-build/crypto/smartcont/auto/highload-wallet-code.cpp
[32/73] Generate /home/tomi/nhm-c06-build/crypto/smartcont/auto/highload-wallet-v2-code.fif
[33/73] Generate /home/tomi/nhm-c06-build/crypto/smartcont/auto/highload-wallet-v2-code.cpp
[34/73] Generate /home/tomi/nhm-c06-build/crypto/smartcont/auto/elector-code.fif
[35/73] Generate /home/tomi/nhm-c06-build/crypto/smartcont/auto/elector-code.cpp
[36/73] Generate /home/tomi/nhm-c06-build/crypto/smartcont/auto/multisig-code.fif
[37/73] Generate /home/tomi/nhm-c06-build/crypto/smartcont/auto/multisig-code.cpp
[38/73] Generate /home/tomi/nhm-c06-build/crypto/smartcont/auto/restricted-wallet2-code.cpp
[39/73] Generate /home/tomi/nhm-c06-build/crypto/smartcont/auto/restricted-wallet3-code.fif
[40/73] Generate /home/tomi/nhm-c06-build/crypto/smartcont/auto/restricted-wallet3-code.cpp
[41/73] Generate /home/tomi/nhm-c06-build/crypto/smartcont/auto/session-wallet-code.fif
[42/73] Generate /home/tomi/nhm-c06-build/crypto/smartcont/auto/session-wallet-code.cpp
[43/73] Verify and embed the frozen TOS Native Service Registry BOC
[44/73] Generate /home/tomi/nhm-c06-build/crypto/smartcont/auto/agent-account-code.fif
[45/73] Generate /home/tomi/nhm-c06-build/crypto/smartcont/auto/agent-account-code.cpp
[46/73] Generate /home/tomi/nhm-c06-build/crypto/smartcont/auto/prediction-market-code.fif
[47/73] Generate /home/tomi/nhm-c06-build/crypto/smartcont/auto/prediction-market-code.cpp
[48/73] Generate /home/tomi/nhm-c06-build/crypto/smartcont/auto/pow-testgiver-code.fif
[49/73] Generate /home/tomi/nhm-c06-build/crypto/smartcont/auto/pow-testgiver-code.cpp
[50/73] Generate /home/tomi/nhm-c06-build/crypto/smartcont/auto/dns-manual-code.fif
[51/73] Generate /home/tomi/nhm-c06-build/crypto/smartcont/auto/dns-manual-code.cpp
[52/73] Generate /home/tomi/nhm-c06-build/crypto/smartcont/auto/dns-auto-code.fif
[53/73] Generate /home/tomi/nhm-c06-build/crypto/smartcont/auto/dns-auto-code.cpp
[54/73] Generate /home/tomi/nhm-c06-build/crypto/smartcont/auto/simple-wallet-ext-code.fif
[55/73] Generate /home/tomi/nhm-c06-build/crypto/smartcont/auto/payment-channel-code.fif
[56/73] Generate /home/tomi/nhm-c06-build/crypto/smartcont/auto/payment-channel-code.cpp
[57/73] Generate /home/tomi/nhm-c06-build/crypto/smartcont/auto/simple-wallet-ext-code.cpp
[58/73] Building CXX object CMakeFiles/test-health-native-snapshot.dir/test/test-health-native-snapshot.cpp.o
[59/73] Building CXX object CMakeFiles/test-health-core-registry.dir/test/test-health-core-registry.cpp.o
[60/73] Building CXX object CMakeFiles/test-health-diagnostic-action.dir/test/test-health-diagnostic-action.cpp.o
[61/73] Building CXX object test/validator/consensus/CMakeFiles/test-health-actions.dir/test-health-actions.cpp.o
[62/73] Building CXX object crypto/CMakeFiles/smc-envelope.dir/smc-envelope/SmartContractCode.cpp.o
[63/73] Linking CXX static library crypto/libsmc-envelope.a
[64/73] Building CXX object metrics/CMakeFiles/metrics.dir/prometheus-exporter.cpp.o
[65/73] Linking CXX static library metrics/libmetrics.a
[66/73] Linking CXX executable test-health-native-snapshot
[67/73] Linking CXX executable test-health-core-registry
[68/73] Linking CXX executable test-health-diagnostic-action
[69/73] Linking CXX executable test/validator/consensus/test-health-actions
[70/73] Building CXX object test/validator/consensus/CMakeFiles/test-health-c04-publisher.dir/__/__/test-health-c04-publisher.cpp.o
[71/73] Linking CXX executable test/validator/consensus/test-health-c04-publisher
[72/73] Building CXX object validator-engine/CMakeFiles/validator-engine.dir/validator-engine.cpp.o
[73/73] Linking CXX executable validator-engine/validator-engine
