[1/90] Checking the git repository for changes...
[2/90] Building CXX object CMakeFiles/git.dir/git.cc.o
[3/90] Linking CXX static library libgit.a
[4/90] Linking CXX executable crypto/fift
[5/90] Linking CXX executable crypto/func
[6/90] Generate $HOME/nhm-c06-build/crypto/smartcont/auto/wallet-v4-code.fif
[7/90] Generate $HOME/nhm-c06-build/crypto/smartcont/auto/restricted-wallet-code.fif
[8/90] Generate $HOME/nhm-c06-build/crypto/smartcont/auto/restricted-wallet-code.cpp
[9/90] Generate $HOME/nhm-c06-build/crypto/smartcont/auto/restricted-wallet2-code.fif
[10/90] Verify and embed the frozen TOS Service Protocol stablecoin escrow v1 BOC
NOTE: escrow v1 is deprecated (superseded by v2); this build exists only to verify the frozen historical artifact.
NOTE: escrow v1 is deprecated (superseded by v2); this build exists only to verify the frozen historical artifact.
[11/90] Verify and embed the frozen TOS Service Protocol stablecoin escrow v2 BOC
[12/90] Compile FunC stdlib TVM v6 fee primitive coverage
[13/90] Generate $HOME/nhm-c06-build/crypto/smartcont/auto/simple-wallet-code.fif
[14/90] Generate $HOME/nhm-c06-build/crypto/smartcont/auto/config-code.fif
[15/90] Generate $HOME/nhm-c06-build/crypto/smartcont/auto/config-code.cpp
[16/90] Generate $HOME/nhm-c06-build/crypto/smartcont/auto/wallet-code.fif
[17/90] Generate $HOME/nhm-c06-build/crypto/smartcont/auto/wallet-code.cpp
[18/90] Generate $HOME/nhm-c06-build/crypto/smartcont/auto/wallet3-code.fif
[19/90] Generate $HOME/nhm-c06-build/crypto/smartcont/auto/wallet3-code.cpp
[20/90] Generate $HOME/nhm-c06-build/crypto/smartcont/auto/wallet-v4-code.cpp
[21/90] Generate $HOME/nhm-c06-build/crypto/smartcont/auto/task-escrow-code.fif
[22/90] Generate $HOME/nhm-c06-build/crypto/smartcont/auto/task-escrow-code.cpp
[23/90] Generate $HOME/nhm-c06-build/crypto/smartcont/auto/wallet-v5-code.fif
[24/90] Generate $HOME/nhm-c06-build/crypto/smartcont/auto/wallet-v5-code.cpp
[25/90] Generate $HOME/nhm-c06-build/crypto/smartcont/auto/simple-wallet-code.cpp
[26/90] Generate $HOME/nhm-c06-build/crypto/smartcont/auto/highload-wallet-code.fif
[27/90] Generate $HOME/nhm-c06-build/crypto/smartcont/auto/highload-wallet-code.cpp
[28/90] Generate $HOME/nhm-c06-build/crypto/smartcont/auto/highload-wallet-v2-code.fif
[29/90] Generate $HOME/nhm-c06-build/crypto/smartcont/auto/highload-wallet-v2-code.cpp
[30/90] Generate $HOME/nhm-c06-build/crypto/smartcont/auto/elector-code.fif
[31/90] Generate $HOME/nhm-c06-build/crypto/smartcont/auto/elector-code.cpp
[32/90] Generate $HOME/nhm-c06-build/crypto/smartcont/auto/multisig-code.fif
[33/90] Generate $HOME/nhm-c06-build/crypto/smartcont/auto/multisig-code.cpp
[34/90] Generate $HOME/nhm-c06-build/crypto/smartcont/auto/restricted-wallet2-code.cpp
[35/90] Generate $HOME/nhm-c06-build/crypto/smartcont/auto/restricted-wallet3-code.fif
[36/90] Generate $HOME/nhm-c06-build/crypto/smartcont/auto/restricted-wallet3-code.cpp
[37/90] Generate $HOME/nhm-c06-build/crypto/smartcont/auto/session-wallet-code.fif
[38/90] Generate $HOME/nhm-c06-build/crypto/smartcont/auto/session-wallet-code.cpp
[39/90] Verify and embed the frozen TOS Native Service Registry BOC
[40/90] Generate $HOME/nhm-c06-build/crypto/smartcont/auto/agent-account-code.fif
[41/90] Generate $HOME/nhm-c06-build/crypto/smartcont/auto/agent-account-code.cpp
[42/90] Generate $HOME/nhm-c06-build/crypto/smartcont/auto/prediction-market-code.fif
[43/90] Generate $HOME/nhm-c06-build/crypto/smartcont/auto/prediction-market-code.cpp
[44/90] Generate $HOME/nhm-c06-build/crypto/smartcont/auto/pow-testgiver-code.fif
[45/90] Generate $HOME/nhm-c06-build/crypto/smartcont/auto/pow-testgiver-code.cpp
[46/90] Generate $HOME/nhm-c06-build/crypto/smartcont/auto/dns-manual-code.fif
[47/90] Generate $HOME/nhm-c06-build/crypto/smartcont/auto/dns-manual-code.cpp
[48/90] Generate $HOME/nhm-c06-build/crypto/smartcont/auto/dns-auto-code.fif
[49/90] Generate $HOME/nhm-c06-build/crypto/smartcont/auto/dns-auto-code.cpp
[50/90] Generate $HOME/nhm-c06-build/crypto/smartcont/auto/simple-wallet-ext-code.fif
[51/90] Generate $HOME/nhm-c06-build/crypto/smartcont/auto/payment-channel-code.fif
[52/90] Generate $HOME/nhm-c06-build/crypto/smartcont/auto/payment-channel-code.cpp
[53/90] Generate $HOME/nhm-c06-build/crypto/smartcont/auto/simple-wallet-ext-code.cpp
[54/90] Building CXX object CMakeFiles/test-health-native-snapshot.dir/test/test-health-native-snapshot.cpp.o
[55/90] Building CXX object CMakeFiles/test-health-core-registry.dir/test/test-health-core-registry.cpp.o
[56/90] Building CXX object validator/CMakeFiles/validator.dir/consensus/block-accepter.cpp.o
[57/90] Building CXX object CMakeFiles/test-health-diagnostic-action.dir/test/test-health-diagnostic-action.cpp.o
[58/90] Building CXX object crypto/CMakeFiles/smc-envelope.dir/smc-envelope/SmartContractCode.cpp.o
[59/90] Linking CXX static library crypto/libsmc-envelope.a
[60/90] Building CXX object metrics/CMakeFiles/metrics.dir/prometheus-exporter.cpp.o
[61/90] Linking CXX static library metrics/libmetrics.a
[62/90] Linking CXX executable test-health-native-snapshot
[63/90] Linking CXX executable test-health-core-registry
[64/90] Linking CXX executable test-health-diagnostic-action
[65/90] Building CXX object validator/CMakeFiles/validator.dir/consensus/simplex/bus.cpp.o
[66/90] Building CXX object validator/CMakeFiles/validator.dir/consensus/simplex/candidate-resolver.cpp.o
[67/90] Building CXX object validator/CMakeFiles/validator.dir/consensus/simplex/certificate.cpp.o
[68/90] Building CXX object validator/CMakeFiles/validator.dir/consensus/simplex/collator-schedule.cpp.o
[69/90] Building CXX object validator/CMakeFiles/validator.dir/consensus/simplex/consensus.cpp.o
[70/90] Building CXX object validator/CMakeFiles/validator.dir/consensus/simplex/db.cpp.o
[71/90] Building CXX object validator/CMakeFiles/validator.dir/consensus/simplex/metric-collector.cpp.o
[72/90] Building CXX object validator/CMakeFiles/validator.dir/consensus/simplex/pool.cpp.o
[73/90] Building CXX object validator/CMakeFiles/validator.dir/consensus/simplex/state-resolver.cpp.o
[74/90] Building CXX object validator/CMakeFiles/validator.dir/consensus/simplex/votes.cpp.o
[75/90] Building CXX object validator/CMakeFiles/validator.dir/consensus/block-producer.cpp.o
[76/90] Building CXX object validator/CMakeFiles/validator.dir/consensus/bus.cpp.o
[77/90] Building CXX object validator/CMakeFiles/validator.dir/consensus/block-sync-overlay.cpp.o
[78/90] Building CXX object validator/CMakeFiles/validator.dir/consensus/block-validator.cpp.o
[79/90] Building CXX object validator/CMakeFiles/validator.dir/consensus/misbehavior-reporter.cpp.o
[80/90] Building CXX object validator/CMakeFiles/validator.dir/consensus/bridge.cpp.o
[81/90] Building CXX object validator/CMakeFiles/validator.dir/consensus/trace-collector.cpp.o
[82/90] Building CXX object validator/CMakeFiles/validator.dir/consensus/private-overlay.cpp.o
[83/90] Building CXX object validator/CMakeFiles/validator.dir/consensus/types.cpp.o
[84/90] Linking CXX static library validator/libvalidator.a
[85/90] Building CXX object test/validator/consensus/CMakeFiles/test-health-actions.dir/test-health-actions.cpp.o
[86/90] Linking CXX executable test/validator/consensus/test-health-actions
[87/90] Building CXX object test/validator/consensus/CMakeFiles/test-health-c04-publisher.dir/__/__/test-health-c04-publisher.cpp.o
[88/90] Linking CXX executable test/validator/consensus/test-health-c04-publisher
[89/90] Building CXX object validator-engine/CMakeFiles/validator-engine.dir/validator-engine.cpp.o
[90/90] Linking CXX executable validator-engine/validator-engine
