Collecting arrow==1.4.0 (from -r tools/node-health-monitor/requirements-contracts.lock (line 3))
  Downloading arrow-1.4.0-py3-none-any.whl (68 kB)
Collecting attrs==26.1.0 (from -r tools/node-health-monitor/requirements-contracts.lock (line 7))
  Downloading attrs-26.1.0-py3-none-any.whl (67 kB)
Collecting fqdn==1.6.0 (from -r tools/node-health-monitor/requirements-contracts.lock (line 13))
  Downloading fqdn-1.6.0-py3-none-any.whl (12 kB)
Collecting idna==3.20 (from -r tools/node-health-monitor/requirements-contracts.lock (line 17))
  Downloading idna-3.20-py3-none-any.whl (69 kB)
Collecting isoduration==20.11.0 (from -r tools/node-health-monitor/requirements-contracts.lock (line 21))
  Downloading isoduration-20.11.0-py3-none-any.whl (11 kB)
Collecting jsonpointer==3.1.1 (from -r tools/node-health-monitor/requirements-contracts.lock (line 25))
  Downloading jsonpointer-3.1.1-py3-none-any.whl (7.7 kB)
Collecting jsonschema==4.25.1 (from -r tools/node-health-monitor/requirements-contracts.lock (line 29))
  Downloading jsonschema-4.25.1-py3-none-any.whl (90 kB)
Collecting jsonschema-specifications==2025.9.1 (from -r tools/node-health-monitor/requirements-contracts.lock (line 33))
  Downloading jsonschema_specifications-2025.9.1-py3-none-any.whl (18 kB)
Collecting python-dateutil==2.9.0.post0 (from -r tools/node-health-monitor/requirements-contracts.lock (line 37))
  Downloading python_dateutil-2.9.0.post0-py2.py3-none-any.whl (229 kB)
Collecting referencing==0.37.0 (from -r tools/node-health-monitor/requirements-contracts.lock (line 41))
  Downloading referencing-0.37.0-py3-none-any.whl (26 kB)
Collecting rfc3339-validator==0.1.4 (from -r tools/node-health-monitor/requirements-contracts.lock (line 47))
  Downloading rfc3339_validator-0.1.4-py2.py3-none-any.whl (3.5 kB)
Collecting rfc3987==1.3.8 (from -r tools/node-health-monitor/requirements-contracts.lock (line 51))
  Downloading rfc3987-1.3.8-py2.py3-none-any.whl (13 kB)
Collecting rpds-py==2026.6.3 (from -r tools/node-health-monitor/requirements-contracts.lock (line 55))
  Downloading rpds_py-2026.6.3-cp314-cp314-manylinux_2_17_x86_64.manylinux2014_x86_64.whl (367 kB)
Collecting six==1.17.0 (from -r tools/node-health-monitor/requirements-contracts.lock (line 175))
  Downloading six-1.17.0-py2.py3-none-any.whl (11 kB)
Collecting tzdata==2026.4 (from -r tools/node-health-monitor/requirements-contracts.lock (line 181))
  Downloading tzdata-2026.4-py2.py3-none-any.whl (347 kB)
Collecting uri-template==1.3.0 (from -r tools/node-health-monitor/requirements-contracts.lock (line 185))
  Downloading uri_template-1.3.0-py3-none-any.whl (11 kB)
Collecting webcolors==25.10.0 (from -r tools/node-health-monitor/requirements-contracts.lock (line 189))
  Downloading webcolors-25.10.0-py3-none-any.whl (14 kB)
Installing collected packages: rfc3987, webcolors, uri-template, tzdata, six, rpds-py, jsonpointer, idna, fqdn, attrs, rfc3339-validator, referencing, python-dateutil, jsonschema-specifications, arrow, jsonschema, isoduration

Successfully installed arrow-1.4.0 attrs-26.1.0 fqdn-1.6.0 idna-3.20 isoduration-20.11.0 jsonpointer-3.1.1 jsonschema-4.25.1 jsonschema-specifications-2025.9.1 python-dateutil-2.9.0.post0 referencing-0.37.0 rfc3339-validator-0.1.4 rfc3987-1.3.8 rpds-py-2026.6.3 six-1.17.0 tzdata-2026.4 uri-template-1.3.0 webcolors-25.10.0

[notice] A new release of pip is available: 26.0.1 -> 26.2.1
[notice] To update, run: $HOME/nhm-c06-python/bin/python3 -m pip install --upgrade pip
