   Compiling tos-health-core v0.1.0 ($HOME/tos-node-health-c06/tools/node-health-monitor/crates/health-core)
   Compiling tos-health-services v0.1.0 ($HOME/tos-node-health-c06/tools/node-health-monitor/crates/health-services)
    Finished `test` profile [unoptimized + debuginfo] target(s) in 20.57s
     Running unittests src/lib.rs (tools/node-health-monitor/target/debug/deps/tos_health_core-e3846bc9b8175440)

running 0 tests

test result: ok. 0 passed; 0 failed; 0 ignored; 0 measured; 0 filtered out; finished in 0.00s

     Running tests/contracts.rs (tools/node-health-monitor/target/debug/deps/contracts-c98906b30e8391b0)

running 30 tests
test absence_never_becomes_zero ... ok
test broker_expires_backlog_and_bounds_queue ... ok
test block_comparison_requires_full_identity ... ok
test cancellation_keeps_model_resource_exclusive ... ok
test duties_deduplicate_retry_and_late_completion ... ok
test cache_miss_does_not_create_evidence ... ok
test diagnosis_cannot_invent_evidence_or_change_severity ... ok
test duties_do_not_hide_pending_or_incomplete_population ... ok
test diagnosis_rejects_trailing_instructions_and_unapproved_runbooks ... ok
test grants_expire_and_revoke ... ok
test freshness_is_original_observation_not_poll_time ... ok
test guard_requires_continuous_recovery ... ok
test missing_source_does_not_recover_incident ... ok
test partial_cannot_prove_complete_duties ... ok
test profile_arithmetic_cannot_overflow_into_validity ... ok
test not_required_needs_protocol_evidence ... ok
test repeated_deadman_does_not_keep_monitor_alive ... ok
test recovery_does_not_count_missing_guard_intervals ... ok
test scheduler_rejects_overflow ... ok
test scheduler_skips_missed_ticks ... ok
test stale_guard_signals_shed_work ... ok
test timeout_does_not_release_actual_work ... ok
test utc_requires_z_and_real_calendar ... ok
test unknown_fields_and_force_refresh_are_rejected ... ok
test unapproved_profile_cannot_pass_declaration_checks ... ok
test query_authentication_and_run_are_independent ... ok
test failed_calls_consume_budget ... ok
test repeated_relay_receipt_keeps_original_evidence_identity ... ok
test snapshot_does_not_return_future_ingestion_or_another_node ... ok
test evidence_is_immutable_deduplicated_and_bounded ... ok

test result: ok. 30 passed; 0 failed; 0 ignored; 0 measured; 0 filtered out; finished in 0.02s

     Running tests/native_contract.rs (tools/node-health-monitor/target/debug/deps/native_contract-4738a835d60541ef)

running 5 tests
test required_nullable_and_unknown_fields_are_enforced ... ok
test immutable_identity_excludes_only_receipt_and_age ... ok
test age_and_quality_cannot_be_fabricated ... ok
test edge_wire_requires_bound_process_native_and_cgroup_epochs ... ok
test exact_pairing_rejects_changed_generation_and_content ... ok

test result: ok. 5 passed; 0 failed; 0 ignored; 0 measured; 0 filtered out; finished in 0.00s

     Running tests/native_v2_contract.rs (tools/node-health-monitor/target/debug/deps/native_v2_contract-519cd6330bf5b30e)

running 9 tests
test synthetic_consensus_shape_is_exact ... ok
test duplicate_raw_keys_refuse_before_hash_or_value_normalization ... ok
test exact_v2_and_v1_coexist_without_fallback ... ok
test pair_hash_generation_and_eof_refuse ... ok
test overall_quality_may_degrade_but_cannot_promote_incomplete_components ... ok
test unapproved_scope_and_post_terminal_progress_cannot_stay_green ... ok
test unknown_phase_replay_and_integer_overflow_refuse ... ok
test disabled_null_and_inventory_overflow_are_not_complete ... ok
test incomplete_capability_and_context_mismatch_refuse ... ok

test result: ok. 9 passed; 0 failed; 0 ignored; 0 measured; 0 filtered out; finished in 0.02s

     Running tests/r4.rs (tools/node-health-monitor/target/debug/deps/r4-8626ded16cda70cb)

running 16 tests
test bad_after_unknown_preserves_episode ... ok
test block_shard_is_unsigned_and_hashes_are_canonical ... ok
test exact_uint64 ... ok
test freshness_conflict_quarantines_epoch ... ok
test freshness_regression_and_overflow ... ok
test freshness_same_generation_does_not_renew ... ok
test ipc_rejects_malformed_header ... ok
test ipc_frozen_bytes ... ok
test multi_source_recovery_requires_every_source ... ok
test recovery_requires_distinct_good_and_hold ... ok
test unknown_epoch_and_restart_reset_recovery ... ok
test vote_order_and_replay_are_preserved ... ok
test sparse_histograms_count_all_series ... ok
test production_placeholders_and_claims_do_not_pass ... ok
test vote_trace_and_normal_return_are_not_success ... ok
test diagnostic_limits_are_independent ... ok

test result: ok. 16 passed; 0 failed; 0 ignored; 0 measured; 0 filtered out; finished in 0.01s

     Running tests/rules.rs (tools/node-health-monitor/target/debug/deps/rules-920fa7c27f3126f7)

running 8 tests
test cache_duplicates_do_not_renew_rule_quality ... ok
test facts_cannot_escape_catalog_or_network ... ok
test retired_heartbeat_and_repeats_cannot_extend_deadlines ... ok
test bad_hold_and_distinct_samples_are_both_required ... ok
test telemetry_inventory_detects_never_seen_source ... ok
test missing_and_conflicting_sources_are_unknown ... ok
test counter_rule_needs_baseline_and_does_not_recount ... ok
test scalar_rules_use_only_their_frozen_facts ... ok

test result: ok. 8 passed; 0 failed; 0 ignored; 0 measured; 0 filtered out; finished in 0.00s

     Running tests/witness_contract.rs (tools/node-health-monitor/target/debug/deps/witness_contract-c02181082b5477a3)

running 6 tests
test comparison_requires_exact_context_and_never_upgrades_reported_finality ... ok
test strict_source_preserves_stale_and_unknown_age_without_proof_promotion ... ok
test unknown_candidate_is_not_a_positive_comparison ... ok
test plan_and_source_cardinality_and_body_caps_are_literal ... ok
test strict_source_refuses_unapproved_target_context_and_extra_fields ... ok
test strict_plan_refuses_dynamic_and_unreferenced_endpoints ... ok

test result: ok. 6 passed; 0 failed; 0 ignored; 0 measured; 0 filtered out; finished in 0.00s

     Running unittests src/lib.rs (tools/node-health-monitor/target/debug/deps/tos_health_services-829b31e3e4934d06)

running 18 tests
CurrentView=200 RowQualification=72 RowAge=88 CacheResponse=296 Source=176 SourceRow=240 CurrentReadRow=144
current_scratch_reserve=400384 current_retained_room=648192
test manager::current_output_tests::current_budget_structural_sizes_are_visible ... ok
test manager::current_output_tests::current_budget_accepts_exact_cap_and_refuses_overflow ... ok
test diagnostic_transport::tests::ack_framing_has_independent_bounds ... ok
test diagnostic_relay::tests::late_sequence_crosses_flush_boundary_and_original_age_is_not_renewed ... ok
test diagnostic_ipc::tests::restart_needs_an_explicit_epoch_remap_and_drop_preserves_replaced_inode ... ok
test manager::current_output_tests::serialization_buffer_accepts_exact_limit_and_refuses_next_byte ... ok
test manager::current_output_tests::full_row_candidate_is_charged_before_current_mutation ... ok
test transit::tests::same_host_stamp_is_bound_to_singleton_headers_body_and_monotonic_order ... ok
diagnostic row scalar/value owned upper bound 14931
diagnostic row scalar/value owned upper bound 14928
diagnostic row body capacity 2048 total owned upper bound 17043
diagnostic row scalar/value owned upper bound 14928
diagnostic row scalar/value owned upper bound 14928
diagnostic row body capacity 2048 total owned upper bound 17040
diagnostic row scalar/value owned upper bound 14928
diagnostic row body capacity 2048 total owned upper bound 17040
diagnostic row body capacity 2048 total owned upper bound 17040
diagnostic row body capacity 2048 total owned upper bound 17040
diagnostic row scalar/value owned upper bound 14928
diagnostic row scalar/value owned upper bound 14928
diagnostic row body capacity 2048 total owned upper bound 17040
diagnostic row body capacity 2048 total owned upper bound 17040
diagnostic row scalar/value owned upper bound 14928
diagnostic row scalar/value owned upper bound 14928
diagnostic row scalar/value owned upper bound 14931
diagnostic row body capacity 2048 total owned upper bound 17040
diagnostic row body capacity 2048 total owned upper bound 17040
diagnostic row scalar/value owned upper bound 14928
diagnostic row body capacity 2048 total owned upper bound 17043
diagnostic row scalar/value owned upper bound 14928
diagnostic row body capacity 2048 total owned upper bound 17040
diagnostic row body capacity 2048 total owned upper bound 17040
diagnostic row scalar/value owned upper bound 14928
diagnostic row body capacity 2048 total owned upper bound 17040
test diagnostic_ingest::tests::conflict_quarantines_without_committing_an_earlier_new_record ... ok
test diagnostic_ingest::tests::late_sequence_across_batches_is_not_a_replay_and_edge_restart_is_idempotent ... ok
witness archive unavailable endpoint=cache_1
test diagnostic_relay::tests::bounded_queue_and_json_have_separate_accounting ... ok
test collector::witness_tests::wrong_archive_ack_cannot_suppress_next_real_collector_post ... ok
diagnostic row scalar/value owned upper bound 15043
diagnostic row body capacity 2048 total owned upper bound 17155
diagnostic row scalar/value owned upper bound 15043
diagnostic row body capacity 2048 total owned upper bound 17155
diagnostic row scalar/value owned upper bound 15043
diagnostic row body capacity 2048 total owned upper bound 17155
diagnostic row scalar/value owned upper bound 15043
test manager::current_output_tests::timed_out_queued_reads_keep_leases_until_command_drain ... ok
diagnostic row body capacity 2048 total owned upper bound 17155
diagnostic row scalar/value owned upper bound 15043
diagnostic row body capacity 2048 total owned upper bound 17155
diagnostic row scalar/value owned upper bound 15043
diagnostic row body capacity 2048 total owned upper bound 17155
diagnostic row scalar/value owned upper bound 15043
test diagnostic_ipc::tests::real_credentials_and_epoch_are_separate_rejection_gates ... ok
diagnostic row body capacity 2048 total owned upper bound 17155
diagnostic row scalar/value owned upper bound 15043
diagnostic row body capacity 2048 total owned upper bound 17155
diagnostic row scalar/value owned upper bound 15043
diagnostic row body capacity 2048 total owned upper bound 17155
diagnostic row scalar/value owned upper bound 15043
diagnostic row body capacity 2048 total owned upper bound 17155
diagnostic row scalar/value owned upper bound 15043
diagnostic row body capacity 2048 total owned upper bound 17155
diagnostic row scalar/value owned upper bound 15043
diagnostic row body capacity 2048 total owned upper bound 17155
diagnostic row scalar/value owned upper bound 15043
diagnostic row body capacity 2048 total owned upper bound 17155
diagnostic row scalar/value owned upper bound 15043
diagnostic row body capacity 2048 total owned upper bound 17155
diagnostic row scalar/value owned upper bound 15043
diagnostic row body capacity 2048 total owned upper bound 17155
diagnostic row scalar/value owned upper bound 15043
full_row_actual=34983 projected=46336
diagnostic row body capacity 2048 total owned upper bound 17155
diagnostic row scalar/value owned upper bound 15043
diagnostic row body capacity 2048 total owned upper bound 17155
diagnostic row scalar/value owned upper bound 15043
test manager::current_output_tests::projected_full_row_entry_covers_decoded_track_and_view ... ok
diagnostic row body capacity 2048 total owned upper bound 17155
diagnostic row scalar/value owned upper bound 15043
diagnostic row body capacity 2048 total owned upper bound 17155
diagnostic row scalar/value owned upper bound 15043
diagnostic row body capacity 2048 total owned upper bound 17155
diagnostic row scalar/value owned upper bound 15043
diagnostic row body capacity 2048 total owned upper bound 17155
diagnostic row scalar/value owned upper bound 15043
diagnostic row body capacity 2048 total owned upper bound 17155
diagnostic row scalar/value owned upper bound 15043
diagnostic row body capacity 2048 total owned upper bound 17155
diagnostic row scalar/value owned upper bound 15043
diagnostic row body capacity 2048 total owned upper bound 17155
diagnostic row scalar/value owned upper bound 15043
diagnostic row body capacity 2048 total owned upper bound 17155
diagnostic row scalar/value owned upper bound 15043
diagnostic row body capacity 2048 total owned upper bound 17155
diagnostic row scalar/value owned upper bound 15043
diagnostic row body capacity 2048 total owned upper bound 17155
diagnostic row scalar/value owned upper bound 15043
diagnostic row body capacity 2048 total owned upper bound 17155
diagnostic row scalar/value owned upper bound 15043
diagnostic row body capacity 2048 total owned upper bound 17155
diagnostic row scalar/value owned upper bound 15043
diagnostic row body capacity 2048 total owned upper bound 17155
diagnostic row scalar/value owned upper bound 15043
diagnostic row body capacity 2048 total owned upper bound 17155
diagnostic row scalar/value owned upper bound 15043
diagnostic row body capacity 2048 total owned upper bound 17155
diagnostic row scalar/value owned upper bound 15043
diagnostic row body capacity 2048 total owned upper bound 17155
diagnostic row scalar/value owned upper bound 15043
diagnostic row body capacity 2048 total owned upper bound 17155
diagnostic row scalar/value owned upper bound 15043
diagnostic row body capacity 2048 total owned upper bound 17155
diagnostic row scalar/value owned upper bound 15043
diagnostic row body capacity 2048 total owned upper bound 17155
diagnostic row scalar/value owned upper bound 15043
diagnostic row body capacity 2048 total owned upper bound 17155
diagnostic row scalar/value owned upper bound 15043
diagnostic row body capacity 2048 total owned upper bound 17155
diagnostic row scalar/value owned upper bound 15043
diagnostic row body capacity 2048 total owned upper bound 17155
diagnostic row scalar/value owned upper bound 15043
diagnostic row body capacity 2048 total owned upper bound 17155
diagnostic row scalar/value owned upper bound 15043
diagnostic row body capacity 2048 total owned upper bound 17155
diagnostic row scalar/value owned upper bound 15043
diagnostic row body capacity 2048 total owned upper bound 17155
diagnostic row scalar/value owned upper bound 15043
diagnostic row body capacity 2048 total owned upper bound 17155
diagnostic row scalar/value owned upper bound 15043
diagnostic row body capacity 2048 total owned upper bound 17155
diagnostic row scalar/value owned upper bound 15043
diagnostic row body capacity 2048 total owned upper bound 17155
diagnostic row scalar/value owned upper bound 15043
diagnostic row body capacity 2048 total owned upper bound 17155
diagnostic row scalar/value owned upper bound 15043
diagnostic row body capacity 2048 total owned upper bound 17155
diagnostic row scalar/value owned upper bound 15043
diagnostic row body capacity 2048 total owned upper bound 17155
diagnostic row scalar/value owned upper bound 15043
diagnostic row body capacity 2048 total owned upper bound 17155
diagnostic row scalar/value owned upper bound 15043
diagnostic row body capacity 2048 total owned upper bound 17155
diagnostic row scalar/value owned upper bound 15043
diagnostic row body capacity 2048 total owned upper bound 17155
diagnostic row scalar/value owned upper bound 15043
diagnostic row body capacity 2048 total owned upper bound 17155
diagnostic row scalar/value owned upper bound 15043
diagnostic row body capacity 2048 total owned upper bound 17155
diagnostic row scalar/value owned upper bound 15043
diagnostic row body capacity 2048 total owned upper bound 17155
diagnostic row scalar/value owned upper bound 15043
diagnostic row body capacity 2048 total owned upper bound 17155
diagnostic row scalar/value owned upper bound 15043
diagnostic row body capacity 2048 total owned upper bound 17155
diagnostic row scalar/value owned upper bound 15043
diagnostic row body capacity 2048 total owned upper bound 17155
diagnostic row scalar/value owned upper bound 15043
diagnostic row body capacity 2048 total owned upper bound 17155
diagnostic row scalar/value owned upper bound 15043
diagnostic row body capacity 2048 total owned upper bound 17155
diagnostic row scalar/value owned upper bound 15043
diagnostic row body capacity 2048 total owned upper bound 17155
diagnostic row scalar/value owned upper bound 15043
diagnostic row body capacity 2048 total owned upper bound 17155
diagnostic row scalar/value owned upper bound 15043
diagnostic row body capacity 2048 total owned upper bound 17155
diagnostic row scalar/value owned upper bound 15043
diagnostic row body capacity 2048 total owned upper bound 17155
diagnostic row scalar/value owned upper bound 15043
diagnostic row body capacity 2048 total owned upper bound 17155
diagnostic row scalar/value owned upper bound 15043
diagnostic row body capacity 2048 total owned upper bound 17155
diagnostic row scalar/value owned upper bound 15043
diagnostic row body capacity 2048 total owned upper bound 17155
diagnostic row scalar/value owned upper bound 15043
diagnostic row body capacity 2048 total owned upper bound 17155
diagnostic row scalar/value owned upper bound 15043
diagnostic row body capacity 2048 total owned upper bound 17155
diagnostic row scalar/value owned upper bound 15043
diagnostic row body capacity 2048 total owned upper bound 17155
diagnostic row scalar/value owned upper bound 15043
diagnostic row body capacity 2048 total owned upper bound 17155
diagnostic row scalar/value owned upper bound 15043
diagnostic row body capacity 2048 total owned upper bound 17155
diagnostic row scalar/value owned upper bound 15043
diagnostic row body capacity 2048 total owned upper bound 17155
diagnostic row scalar/value owned upper bound 15043
diagnostic row body capacity 2048 total owned upper bound 17155
diagnostic row scalar/value owned upper bound 15043
diagnostic row body capacity 2048 total owned upper bound 17155
diagnostic row scalar/value owned upper bound 15043
diagnostic row body capacity 2048 total owned upper bound 17155
diagnostic row scalar/value owned upper bound 15043
diagnostic row body capacity 2048 total owned upper bound 17155
diagnostic row scalar/value owned upper bound 15043
diagnostic row body capacity 2048 total owned upper bound 17155
diagnostic row scalar/value owned upper bound 15043
diagnostic row body capacity 2048 total owned upper bound 17155
diagnostic row scalar/value owned upper bound 15043
diagnostic row body capacity 2048 total owned upper bound 17155
diagnostic row scalar/value owned upper bound 15043
diagnostic row body capacity 2048 total owned upper bound 17155
diagnostic row scalar/value owned upper bound 15043
diagnostic row body capacity 2048 total owned upper bound 17155
diagnostic row scalar/value owned upper bound 15043
diagnostic row body capacity 2048 total owned upper bound 17155
diagnostic row scalar/value owned upper bound 15043
diagnostic row body capacity 2048 total owned upper bound 17155
diagnostic row scalar/value owned upper bound 15043
diagnostic row body capacity 2048 total owned upper bound 17155
diagnostic row scalar/value owned upper bound 15043
diagnostic row body capacity 2048 total owned upper bound 17155
diagnostic row scalar/value owned upper bound 15043
diagnostic row body capacity 2048 total owned upper bound 17155
diagnostic row scalar/value owned upper bound 15043
diagnostic row body capacity 2048 total owned upper bound 17155
diagnostic row scalar/value owned upper bound 15043
diagnostic row body capacity 2048 total owned upper bound 17155
diagnostic row scalar/value owned upper bound 15043
diagnostic row body capacity 2048 total owned upper bound 17155
diagnostic row scalar/value owned upper bound 15043
diagnostic row body capacity 2048 total owned upper bound 17155
diagnostic row scalar/value owned upper bound 15043
diagnostic row body capacity 2048 total owned upper bound 17155
diagnostic row scalar/value owned upper bound 15043
diagnostic row body capacity 2048 total owned upper bound 17155
diagnostic row scalar/value owned upper bound 15043
diagnostic row body capacity 2048 total owned upper bound 17155
diagnostic row scalar/value owned upper bound 15043
diagnostic row body capacity 2048 total owned upper bound 17155
diagnostic row scalar/value owned upper bound 15043
diagnostic row body capacity 2048 total owned upper bound 17155
diagnostic row scalar/value owned upper bound 15043
diagnostic row body capacity 2048 total owned upper bound 17155
diagnostic row scalar/value owned upper bound 15043
diagnostic row body capacity 2048 total owned upper bound 17155
diagnostic row scalar/value owned upper bound 15043
diagnostic row body capacity 2048 total owned upper bound 17155
diagnostic row scalar/value owned upper bound 15043
diagnostic row body capacity 2048 total owned upper bound 17155
diagnostic row scalar/value owned upper bound 15043
diagnostic row body capacity 2048 total owned upper bound 17155
diagnostic row scalar/value owned upper bound 15043
diagnostic row body capacity 2048 total owned upper bound 17155
diagnostic row scalar/value owned upper bound 15043
diagnostic row body capacity 2048 total owned upper bound 17155
diagnostic row scalar/value owned upper bound 15043
diagnostic row body capacity 2048 total owned upper bound 17155
diagnostic row scalar/value owned upper bound 15043
diagnostic row body capacity 2048 total owned upper bound 17155
diagnostic row scalar/value owned upper bound 15043
diagnostic row body capacity 2048 total owned upper bound 17155
diagnostic row scalar/value owned upper bound 15043
diagnostic row body capacity 2048 total owned upper bound 17155
diagnostic row scalar/value owned upper bound 15043
diagnostic row body capacity 2048 total owned upper bound 17155
diagnostic row scalar/value owned upper bound 15043
diagnostic row body capacity 2048 total owned upper bound 17155
diagnostic row scalar/value owned upper bound 15043
diagnostic row body capacity 2048 total owned upper bound 17155
diagnostic row scalar/value owned upper bound 15043
diagnostic row body capacity 2048 total owned upper bound 17155
diagnostic row scalar/value owned upper bound 15043
diagnostic row body capacity 2048 total owned upper bound 17155
diagnostic row scalar/value owned upper bound 15043
diagnostic row body capacity 2048 total owned upper bound 17155
diagnostic row scalar/value owned upper bound 15043
diagnostic row body capacity 2048 total owned upper bound 17155
diagnostic row scalar/value owned upper bound 15043
diagnostic row body capacity 2048 total owned upper bound 17155
diagnostic row scalar/value owned upper bound 15043
diagnostic row body capacity 2048 total owned upper bound 17155
diagnostic row scalar/value owned upper bound 15043
diagnostic row body capacity 2048 total owned upper bound 17155
diagnostic row scalar/value owned upper bound 15043
diagnostic row body capacity 2048 total owned upper bound 17155
diagnostic row scalar/value owned upper bound 15043
diagnostic row body capacity 2048 total owned upper bound 17155
diagnostic row scalar/value owned upper bound 15043
diagnostic row body capacity 2048 total owned upper bound 17155
diagnostic row scalar/value owned upper bound 15043
diagnostic row body capacity 2048 total owned upper bound 17155
diagnostic row scalar/value owned upper bound 15043
diagnostic row body capacity 2048 total owned upper bound 17155
diagnostic row scalar/value owned upper bound 15043
diagnostic row body capacity 2048 total owned upper bound 17155
diagnostic row scalar/value owned upper bound 15043
diagnostic row body capacity 2048 total owned upper bound 17155
diagnostic row scalar/value owned upper bound 15043
diagnostic row body capacity 2048 total owned upper bound 17155
diagnostic row scalar/value owned upper bound 15043
diagnostic row body capacity 2048 total owned upper bound 17155
diagnostic row scalar/value owned upper bound 15043
diagnostic row body capacity 2048 total owned upper bound 17155
diagnostic row scalar/value owned upper bound 15043
diagnostic row body capacity 2048 total owned upper bound 17155
diagnostic row scalar/value owned upper bound 15043
diagnostic row body capacity 2048 total owned upper bound 17155
diagnostic row scalar/value owned upper bound 14928
diagnostic row body capacity 2048 total owned upper bound 17040
diagnostic row scalar/value owned upper bound 14928
diagnostic row body capacity 2048 total owned upper bound 17040
diagnostic row scalar/value owned upper bound 14928
diagnostic row body capacity 2048 total owned upper bound 17040
diagnostic row scalar/value owned upper bound 14928
diagnostic row body capacity 2048 total owned upper bound 17040
diagnostic row scalar/value owned upper bound 14928
diagnostic row body capacity 2048 total owned upper bound 17040
diagnostic row scalar/value owned upper bound 14928
diagnostic row body capacity 2048 total owned upper bound 17040
diagnostic row scalar/value owned upper bound 14928
diagnostic row body capacity 2048 total owned upper bound 17040
diagnostic row scalar/value owned upper bound 14928
diagnostic row body capacity 2048 total owned upper bound 17040
diagnostic row scalar/value owned upper bound 14928
diagnostic row body capacity 2048 total owned upper bound 17040
diagnostic row scalar/value owned upper bound 14928
diagnostic row body capacity 2048 total owned upper bound 17040
diagnostic row scalar/value owned upper bound 14931
diagnostic row body capacity 2048 total owned upper bound 17043
diagnostic row scalar/value owned upper bound 14931
diagnostic row body capacity 2048 total owned upper bound 17043
diagnostic row scalar/value owned upper bound 14931
diagnostic row body capacity 2048 total owned upper bound 17043
diagnostic row scalar/value owned upper bound 14931
diagnostic row body capacity 2048 total owned upper bound 17043
diagnostic row scalar/value owned upper bound 14931
diagnostic row body capacity 2048 total owned upper bound 17043
diagnostic row scalar/value owned upper bound 14931
test diagnostic_transport::tests::actual_tcp_writer_obeys_rate_and_counts_all_written_bytes ... ok
diagnostic row body capacity 2048 total owned upper bound 17043
diagnostic row scalar/value owned upper bound 14931
diagnostic row body capacity 2048 total owned upper bound 17043
diagnostic row scalar/value owned upper bound 14931
diagnostic row body capacity 2048 total owned upper bound 17043
diagnostic row scalar/value owned upper bound 14931
diagnostic row body capacity 2048 total owned upper bound 17043
diagnostic row scalar/value owned upper bound 14931
diagnostic row body capacity 2048 total owned upper bound 17043
diagnostic row scalar/value owned upper bound 14931
diagnostic row body capacity 2048 total owned upper bound 17043
diagnostic row scalar/value owned upper bound 14931
diagnostic row body capacity 2048 total owned upper bound 17043
diagnostic row scalar/value owned upper bound 14931
diagnostic row body capacity 2048 total owned upper bound 17043
diagnostic row scalar/value owned upper bound 14931
diagnostic row body capacity 2048 total owned upper bound 17043
diagnostic row scalar/value owned upper bound 14931
diagnostic row body capacity 2048 total owned upper bound 17043
diagnostic row scalar/value owned upper bound 14931
diagnostic row body capacity 2048 total owned upper bound 17043
diagnostic row scalar/value owned upper bound 14931
diagnostic row body capacity 2048 total owned upper bound 17043
diagnostic row scalar/value owned upper bound 14931
diagnostic row body capacity 2048 total owned upper bound 17043
diagnostic row scalar/value owned upper bound 14931
diagnostic row body capacity 2048 total owned upper bound 17043
diagnostic row scalar/value owned upper bound 14931
diagnostic row body capacity 2048 total owned upper bound 17043
diagnostic row scalar/value owned upper bound 14931
diagnostic row body capacity 2048 total owned upper bound 17043
diagnostic row scalar/value owned upper bound 14931
diagnostic row body capacity 2048 total owned upper bound 17043
diagnostic row scalar/value owned upper bound 14931
diagnostic row body capacity 2048 total owned upper bound 17043
diagnostic row scalar/value owned upper bound 14931
diagnostic row body capacity 2048 total owned upper bound 17043
diagnostic row scalar/value owned upper bound 14931
diagnostic row body capacity 2048 total owned upper bound 17043
diagnostic row scalar/value owned upper bound 14931
diagnostic row body capacity 2048 total owned upper bound 17043
diagnostic row scalar/value owned upper bound 14931
diagnostic row body capacity 2048 total owned upper bound 17043
diagnostic row scalar/value owned upper bound 14931
diagnostic row body capacity 2048 total owned upper bound 17043
diagnostic row scalar/value owned upper bound 14931
diagnostic row body capacity 2048 total owned upper bound 17043
diagnostic row scalar/value owned upper bound 14931
diagnostic row body capacity 2048 total owned upper bound 17043
diagnostic row scalar/value owned upper bound 14931
diagnostic row body capacity 2048 total owned upper bound 17043
diagnostic row scalar/value owned upper bound 14931
diagnostic row body capacity 2048 total owned upper bound 17043
diagnostic row scalar/value owned upper bound 14931
diagnostic row body capacity 2048 total owned upper bound 17043
diagnostic row scalar/value owned upper bound 14931
diagnostic row body capacity 2048 total owned upper bound 17043
diagnostic row scalar/value owned upper bound 14931
diagnostic row body capacity 2048 total owned upper bound 17043
diagnostic row scalar/value owned upper bound 14931
diagnostic row body capacity 2048 total owned upper bound 17043
diagnostic row scalar/value owned upper bound 14931
diagnostic row body capacity 2048 total owned upper bound 17043
diagnostic row scalar/value owned upper bound 14931
diagnostic row body capacity 2048 total owned upper bound 17043
diagnostic row scalar/value owned upper bound 14931
diagnostic row body capacity 2048 total owned upper bound 17043
diagnostic row scalar/value owned upper bound 14931
diagnostic row body capacity 2048 total owned upper bound 17043
diagnostic row scalar/value owned upper bound 14931
diagnostic row body capacity 2048 total owned upper bound 17043
diagnostic row scalar/value owned upper bound 14931
diagnostic row body capacity 2048 total owned upper bound 17043
diagnostic row scalar/value owned upper bound 14931
diagnostic row body capacity 2048 total owned upper bound 17043
diagnostic row scalar/value owned upper bound 14931
diagnostic row body capacity 2048 total owned upper bound 17043
diagnostic row scalar/value owned upper bound 14931
diagnostic row body capacity 2048 total owned upper bound 17043
diagnostic row scalar/value owned upper bound 14931
diagnostic row body capacity 2048 total owned upper bound 17043
diagnostic row scalar/value owned upper bound 14931
diagnostic row body capacity 2048 total owned upper bound 17043
diagnostic row scalar/value owned upper bound 14931
diagnostic row body capacity 2048 total owned upper bound 17043
diagnostic row scalar/value owned upper bound 14931
diagnostic row body capacity 2048 total owned upper bound 17043
diagnostic row scalar/value owned upper bound 14931
diagnostic row body capacity 2048 total owned upper bound 17043
diagnostic row scalar/value owned upper bound 14931
diagnostic row body capacity 2048 total owned upper bound 17043
diagnostic row scalar/value owned upper bound 14931
diagnostic row body capacity 2048 total owned upper bound 17043
diagnostic row scalar/value owned upper bound 14931
diagnostic row body capacity 2048 total owned upper bound 17043
diagnostic row scalar/value owned upper bound 14931
diagnostic row body capacity 2048 total owned upper bound 17043
diagnostic row scalar/value owned upper bound 14931
diagnostic row body capacity 2048 total owned upper bound 17043
diagnostic row scalar/value owned upper bound 14931
diagnostic row body capacity 2048 total owned upper bound 17043
diagnostic row scalar/value owned upper bound 14931
diagnostic row body capacity 2048 total owned upper bound 17043
diagnostic row scalar/value owned upper bound 14931
diagnostic row body capacity 2048 total owned upper bound 17043
diagnostic row scalar/value owned upper bound 14931
diagnostic row body capacity 2048 total owned upper bound 17043
diagnostic row scalar/value owned upper bound 14931
diagnostic row body capacity 2048 total owned upper bound 17043
diagnostic row scalar/value owned upper bound 14931
diagnostic row body capacity 2048 total owned upper bound 17043
diagnostic row scalar/value owned upper bound 14931
diagnostic row body capacity 2048 total owned upper bound 17043
diagnostic row scalar/value owned upper bound 14931
diagnostic row body capacity 2048 total owned upper bound 17043
diagnostic row scalar/value owned upper bound 14931
diagnostic row body capacity 2048 total owned upper bound 17043
diagnostic row scalar/value owned upper bound 14931
diagnostic row body capacity 2048 total owned upper bound 17043
diagnostic row scalar/value owned upper bound 14931
diagnostic row body capacity 2048 total owned upper bound 17043
diagnostic row scalar/value owned upper bound 14931
diagnostic row body capacity 2048 total owned upper bound 17043
diagnostic row scalar/value owned upper bound 14931
diagnostic row body capacity 2048 total owned upper bound 17043
diagnostic row scalar/value owned upper bound 14931
diagnostic row body capacity 2048 total owned upper bound 17043
diagnostic row scalar/value owned upper bound 14931
diagnostic row body capacity 2048 total owned upper bound 17043
diagnostic row scalar/value owned upper bound 14931
diagnostic row body capacity 2048 total owned upper bound 17043
diagnostic row scalar/value owned upper bound 14931
diagnostic row body capacity 2048 total owned upper bound 17043
diagnostic row scalar/value owned upper bound 14931
diagnostic row body capacity 2048 total owned upper bound 17043
diagnostic row scalar/value owned upper bound 14931
diagnostic row body capacity 2048 total owned upper bound 17043
diagnostic row scalar/value owned upper bound 14931
diagnostic row body capacity 2048 total owned upper bound 17043
diagnostic row scalar/value owned upper bound 14931
diagnostic row body capacity 2048 total owned upper bound 17043
diagnostic row scalar/value owned upper bound 14931
diagnostic row body capacity 2048 total owned upper bound 17043
diagnostic row scalar/value owned upper bound 14931
diagnostic row body capacity 2048 total owned upper bound 17043
diagnostic row scalar/value owned upper bound 14931
diagnostic row body capacity 2048 total owned upper bound 17043
diagnostic row scalar/value owned upper bound 14931
diagnostic row body capacity 2048 total owned upper bound 17043
diagnostic row scalar/value owned upper bound 14931
diagnostic row body capacity 2048 total owned upper bound 17043
diagnostic row scalar/value owned upper bound 14931
diagnostic row body capacity 2048 total owned upper bound 17043
diagnostic row scalar/value owned upper bound 14931
diagnostic row body capacity 2048 total owned upper bound 17043
diagnostic row scalar/value owned upper bound 14931
diagnostic row body capacity 2048 total owned upper bound 17043
diagnostic row scalar/value owned upper bound 14931
diagnostic row body capacity 2048 total owned upper bound 17043
diagnostic row scalar/value owned upper bound 14931
diagnostic row body capacity 2048 total owned upper bound 17043
diagnostic row scalar/value owned upper bound 14928
diagnostic row body capacity 2048 total owned upper bound 17040
diagnostic row scalar/value owned upper bound 14928
diagnostic row body capacity 2048 total owned upper bound 17040
test diagnostic_ingest::tests::actual_mid_transaction_failure_rolls_back_and_never_returns_ack ... ok
test native_cache::tests::actual_run_waits_full_interval_after_source_misses_tick ... ok

test result: ok. 18 passed; 0 failed; 0 ignored; 0 measured; 0 filtered out; finished in 17.52s

     Running unittests src/bin/health-collector.rs (tools/node-health-monitor/target/debug/deps/health_collector-e97f7481ba77372b)

running 0 tests

test result: ok. 0 passed; 0 failed; 0 ignored; 0 measured; 0 filtered out; finished in 0.00s

     Running unittests src/bin/health-contract-check.rs (tools/node-health-monitor/target/debug/deps/health_contract_check-19370d6144df69be)

running 0 tests

test result: ok. 0 passed; 0 failed; 0 ignored; 0 measured; 0 filtered out; finished in 0.00s

     Running unittests src/bin/health-edge.rs (tools/node-health-monitor/target/debug/deps/health_edge-41dae59ec0961039)

running 0 tests

test result: ok. 0 passed; 0 failed; 0 ignored; 0 measured; 0 filtered out; finished in 0.00s

     Running unittests src/bin/health-ingress.rs (tools/node-health-monitor/target/debug/deps/health_ingress-7e4e3cab2554c3ad)

running 0 tests

test result: ok. 0 passed; 0 failed; 0 ignored; 0 measured; 0 filtered out; finished in 0.00s

     Running unittests src/bin/health-native-poll.rs (tools/node-health-monitor/target/debug/deps/health_native_poll-5dba64629db1650a)

running 0 tests

test result: ok. 0 passed; 0 failed; 0 ignored; 0 measured; 0 filtered out; finished in 0.00s

     Running unittests src/bin/health-probe.rs (tools/node-health-monitor/target/debug/deps/health_probe-0ccbfa4f51ab2e11)

running 0 tests

test result: ok. 0 passed; 0 failed; 0 ignored; 0 measured; 0 filtered out; finished in 0.00s

     Running unittests src/bin/health-state.rs (tools/node-health-monitor/target/debug/deps/health_state-fa88c63cffb845e0)

running 0 tests

test result: ok. 0 passed; 0 failed; 0 ignored; 0 measured; 0 filtered out; finished in 0.00s

     Running unittests src/bin/health-watchdog.rs (tools/node-health-monitor/target/debug/deps/health_watchdog-ceeb42a8fd200e7b)

running 2 tests
witness source owner stopped: Ok(Err("synthetic owner failure")); remote completion remains unknown
witness cache listener stopped: Ok(Ok(()))
test tests::unexpected_source_lane_exit_preempts_slow_notice_work ... ok
test tests::unexpected_cache_listener_ok_is_still_fatal ... ok

test result: ok. 2 passed; 0 failed; 0 ignored; 0 measured; 0 filtered out; finished in 0.00s

     Running unittests src/bin/tos-observability.rs (tools/node-health-monitor/target/debug/deps/tos_observability-3244e2be9affac52)

running 0 tests

test result: ok. 0 passed; 0 failed; 0 ignored; 0 measured; 0 filtered out; finished in 0.00s

     Running tests/c06_diagnostics.rs (tools/node-health-monitor/target/debug/deps/c06_diagnostics-1805dea44836ceb6)

running 3 tests
C06 native_first signed/inflight/sent/dropped=100 0 300 0
C06 caller_deadline elapsed_ms=2001 status=503 Service Unavailable budget={"budget":{"max_batches":32,"max_owned_bytes":"8388608","owned_batches":"1","owned_bytes":"160108","predecode_bytes":"4194304"},"enabled":true,"schema_version":1,"source_id":"consensus_diagnostic"}
test actual_native_ipc_relay_mtls_manager_transaction_chain ... ok
C06 manager_pid=2977589 terminated=signal: 9 (SIGKILL)
C06 native_after_manager_death signed/inflight/sent/dropped=200 0 600 0
test actual_manager_http_refusals_and_conflict_survive_reopen ... ok
C06 native_after_edge_exit signed/inflight/sent/dropped=300 0 600 300; edge_stop_ms=111
C06 native_pid=2978889 EOF/terminal=exit status: 0
test actual_manager_death_then_edge_shutdown_preserves_native_core_progress ... ok

test result: ok. 3 passed; 0 failed; 0 ignored; 0 measured; 0 filtered out; finished in 34.00s

     Running tests/cgroup.rs (tools/node-health-monitor/target/debug/deps/cgroup-f726cf2a7ca527c2)

running 4 tests
test unlimited_parent_and_finite_child_resolve_to_child ... ok
test descendant_quota_symlink_and_zero_are_refused ... ok
test effective_quota_uses_tightest_ancestor_and_keeps_pressure_sample ... ok
test discovery_keeps_unsupported_and_invalid_profiles_distinct ... ok

test result: ok. 4 passed; 0 failed; 0 ignored; 0 measured; 0 filtered out; finished in 0.00s

     Running tests/durable.rs (tools/node-health-monitor/target/debug/deps/durable-47bae8291393f90a)

running 12 tests
test whole_round_rolls_back_when_any_outbox_change_fails ... ok
test outbox_capacity_failure_cannot_advance_recovery_or_sequence ... ok
test incident_and_outbox_commit_together ... ok
test future_schema_and_invalid_page_are_rejected ... ok
test conflict_is_persistent_and_scope_is_identity ... ok
test ordered_episode_timeline_is_persisted_and_outboxed ... ok
test immutable_sequence_survives_restart_and_late_arrival ... ok
test restart_does_not_resolve_or_continue_old_hold ... ok
test legacy_pending_outbox_migrates_without_ack_and_retry_metadata_is_durable ... ok
test both_databases_verify_wal_full_and_passive_checkpoint_is_bounded_by_reader ... ok
test evidence_disk_limit_does_not_consume_control_capacity ... ok
test immutable_inventory_revision_is_enforced ... ok

test result: ok. 12 passed; 0 failed; 0 ignored; 0 measured; 0 filtered out; finished in 0.06s

     Running tests/edge_lifecycle.rs (tools/node-health-monitor/target/debug/deps/edge_lifecycle-04339678537aa317)

running 1 test
test edge_exit_does_not_signal_or_restart_configured_source_process ... ok

test result: ok. 1 passed; 0 failed; 0 ignored; 0 measured; 0 filtered out; finished in 0.40s

     Running tests/http.rs (tools/node-health-monitor/target/debug/deps/http-e223cf6b490aadf5)

running 15 tests
test direct_listener_must_be_local ... ok
test private_token_validation_and_randomness ... ok
test inventory_and_secret_domains_are_enforced ... ok
test edge_reads_are_cached_and_authenticated ... ok
test ingest_checks_bound_identity ... ok
test oversized_requests_fail_before_handler ... ok
test edge_rejects_refresh_and_enforces_burst ... ok
test service_identities_do_not_cross_roles ... ok
test edge_heartbeat_and_capabilities_emit_bounded_typed_wire ... ok
test edge_router_reserves_burst_token_for_approved_heartbeat ... ok
test grant_query_and_revocation_round_trip ... ok
test query_rejections_are_not_http_success ... ok
test all_six_success_handlers_emit_runtime_dtos ... ok
test runtime_coverage_aggregation_is_bounded_and_schema_ready ... ok
test runtime_output_reflects_unknown_quality_and_rejects_conflicts ... ok

test result: ok. 15 passed; 0 failed; 0 ignored; 0 measured; 0 filtered out; finished in 0.02s

     Running tests/ingress.rs (tools/node-health-monitor/target/debug/deps/ingress-8da3f80ebc130ca8)

running 7 tests
test scheduled_probe_uses_mtls_and_never_claims_consensus_health ... ok
test fixed_development_witness_routes_keep_peer_and_header_bounds ... ok
invalid edge response
test mtls_acl_rejects_missing_expired_and_unapproved_before_upstream ... ok
test scheduled_native_poll_checks_inventory_over_mtls ... ok
test eight_idle_authenticated_readers_are_bounded_then_release ... ok
test actual_collector_observer_tls_ingress_manager_current_chain_is_dev_only ... ok
test seven_slow_regular_requests_leave_classified_heartbeat_capacity ... ok

test result: ok. 7 passed; 0 failed; 0 ignored; 0 measured; 0 filtered out; finished in 7.24s

     Running tests/manager.rs (tools/node-health-monitor/target/debug/deps/manager-788c9e56ac6b487b)

running 9 tests
test queued_observation_cannot_be_rejuvenated ... ok
test pending_c04_c05_rule_inputs_cannot_be_enabled_on_manager ... ok
test database_aliases_cannot_defeat_isolation ... ok
test partial_archive_failure_has_no_receipt_and_replay_preserves_committed_record ... ok
test typed_snapshot_archive_commits_exact_refs_without_creating_healthy_facts ... ok
test full_evidence_writer_queue_refuses_without_receipt_or_green ... ok
test source_reference_write_failure_cannot_publish_green ... ok
test killed_process_reopens_active_incident_as_unknown ... ok
test conflict_quarantines_live_rule_and_receipt_controls_outbox ... ok

test result: ok. 9 passed; 0 failed; 0 ignored; 0 measured; 0 filtered out; finished in 10.06s

     Running tests/native_cache.rs (tools/node-health-monitor/target/debug/deps/native_cache-af7eac3671f5f9e8)

running 6 tests
test duplicate_native_sample_keeps_original_age ... ok
test native_conflict_cannot_recover_in_same_epoch ... ok
test cold_metrics_and_query_rejected_without_sampler ... ok
test metrics_route_refuses_stale_conflicted_and_restarted_cache ... ok
test native_bounds_and_loopback_are_enforced ... ok
test thousand_cache_reads_never_call_native ... ok

test result: ok. 6 passed; 0 failed; 0 ignored; 0 measured; 0 filtered out; finished in 0.04s

     Running tests/native_typed.rs (tools/node-health-monitor/target/debug/deps/native_typed-50aaa4c4579955c6)

running 9 tests
test scheduler_skips_a_tick_missed_by_a_slow_source ... ok
test native_adapter_does_not_turn_missing_pq_into_zero ... ok
test mismatched_pair_has_no_retry_and_no_publication ... ok
test r4_collector_preserves_source_identity_and_immutable_payload ... ok
test v2_cache_epoch_switch_retires_old_pair_without_counter_merge ... ok
test v2_edge_route_and_collector_keep_incomplete_consensus_typed ... ok
test typed_cache_duplicate_age_and_conflict_are_sticky ... ok
test snapshot_route_refuses_conflicted_and_restarted_typed_cache ... ok
test typed_sampler_and_edge_read_only_cache ... ok

test result: ok. 9 passed; 0 failed; 0 ignored; 0 measured; 0 filtered out; finished in 0.29s

     Running tests/native_v2_producer_pair.rs (tools/node-health-monitor/target/debug/deps/native_v2_producer_pair-7e5aad1711069e35)

running 1 test
test actual_cpp_publisher_pairs_and_negatives ... ignored, requires indexed native C++ publisher pair; run with NHM_C04_PAIR_DIR

test result: ok. 0 passed; 0 failed; 1 ignored; 0 measured; 0 filtered out; finished in 0.00s

     Running tests/watchdog.rs (tools/node-health-monitor/target/debug/deps/watchdog-c42d2e090d8ebe59)

running 3 tests
watchdog pipeline advanced epoch=p1 sequence=9007199254740993 received_unix_ms=1790699083556
watchdog pipeline advanced epoch=p2 sequence=1 received_unix_ms=1790699083556
test pipeline_requires_own_firing_new_evaluation ... ok
test own_observer_heartbeat_and_notice_delivery_are_distinct_from_monitor_fault ... ok
test direct_observer_notice_has_stable_timestamp_key_and_bounded_retry ... ok

test result: ok. 3 passed; 0 failed; 0 ignored; 0 measured; 0 filtered out; finished in 0.01s

     Running tests/witness_archive.rs (tools/node-health-monitor/target/debug/deps/witness_archive-fafe8d2194926f95)

running 9 tests
test synthetic_valid_clock_current_route_qualifies_context_without_proof ... ok
test current_read_uses_measured_incoming_body_and_matched_conflict_only ... ok
test manager_refuses_oversized_or_uninventoried_witness_plan_before_activation ... ok
test witness_archive_quota_refusal_has_no_success_ack_or_partial_row ... ok
test current_activation_reopen_preserves_guard_and_total_index_is_bounded ... ok
test historical_dedup_and_conflict_quarantine_survive_manager_restart ... ok
test actual_observer_cache_to_manager_retained_archive_dedups_without_rule_fact ... ok
test current_review_is_separate_from_archive_and_preserves_order_and_conflict ... ok
test bad_current_clock_or_auth_keeps_historical_ack_but_never_qualifies ... ok

test result: ok. 9 passed; 0 failed; 0 ignored; 0 measured; 0 filtered out; finished in 0.21s

     Running tests/witness_cache.rs (tools/node-health-monitor/target/debug/deps/witness_cache-07dac9f239a22a3d)

running 13 tests
test owned_capacity_not_only_length_is_charged_at_startup ... ok
test malformed_or_late_source_never_materializes_on_handler ... ok
test same_row_newer_reported_age_only_raises_lower_bound ... ok
test four_read_permits_live_until_cached_response_bodies_drain ... ok
test originally_unknown_row_remains_unknown_after_newer_finite_report ... ok
test same_row_newer_unknown_or_overflow_age_cannot_inherit_freshness ... ok
test new_generation_of_same_old_row_does_not_renew_age_or_receipt ... ok
test actual_read_handler_is_cache_only_and_duplicate_cannot_renew ... ok
test cache_retains_at_most_four_generations_without_revival ... ok
test canonical_duplicate_ignores_raw_whitespace_and_escaped_response_overflow_keeps_old ... ok
test retained_ingest_decoder_refuses_identity_age_and_proof_laundering ... ok
test actual_cache_wire_qualifies_future_clock_role_and_five_separate_dimensions ... ok
test republished_old_row_keeps_first_role_window_and_clock_context ... ok

test result: ok. 13 passed; 0 failed; 0 ignored; 0 measured; 0 filtered out; finished in 2.21s

     Running tests/witness_poll.rs (tools/node-health-monitor/target/debug/deps/witness_poll-b62c8e1e91410a10)

running 6 tests
test fixed_schedule_skips_missed_tick_without_immediate_catch_up ... ok
witness development round incomplete refused=1 uncertain=0
test development_owner_keeps_independent_watchdog_alive_when_source_is_invalid ... ok
test one_actual_https_get_serves_two_planned_targets_per_round ... ok
test cancelled_round_then_new_round_never_exceeds_four_local_requests ... ok
witness transport error endpoint=cache_1: reqwest::Error { kind: Request, url: "https://localhost:35041/witness", source: TimedOut }
test local_timeout_quarantines_late_remote_work_without_retry ... ok
test actual_development_process_serves_heartbeat_with_bad_source_and_failed_delayed_notice ... ok

test result: ok. 6 passed; 0 failed; 0 ignored; 0 measured; 0 filtered out; finished in 47.07s

   Doc-tests tos_health_core

running 0 tests

test result: ok. 0 passed; 0 failed; 0 ignored; 0 measured; 0 filtered out; finished in 0.00s

   Doc-tests tos_health_services

running 0 tests

test result: ok. 0 passed; 0 failed; 0 ignored; 0 measured; 0 filtered out; finished in 0.00s

