[1/59] Checking the git repository for changes...
[2/59] Building CXX object CMakeFiles/git.dir/git.cc.o
[3/59] Linking CXX static library libgit.a
[4/59] Linking CXX executable crypto/func
[5/59] Compile FunC stdlib TVM v6 fee primitive coverage
[6/59] Linking CXX executable crypto/fift
[7/59] Generate /home/tomi/tos/build/crypto/smartcont/auto/simple-wallet-code.fif
[8/59] Generate /home/tomi/tos/build/crypto/smartcont/auto/restricted-wallet-code.fif
[9/59] Generate /home/tomi/tos/build/crypto/smartcont/auto/highload-wallet-code.fif
[10/59] Generate /home/tomi/tos/build/crypto/smartcont/auto/wallet3-code.fif
[11/59] Generate /home/tomi/tos/build/crypto/smartcont/auto/wallet-code.fif
[12/59] Generate /home/tomi/tos/build/crypto/smartcont/auto/session-wallet-code.fif
[13/59] Generate /home/tomi/tos/build/crypto/smartcont/auto/wallet-v4-code.fif
[14/59] Generate /home/tomi/tos/build/crypto/smartcont/auto/restricted-wallet2-code.fif
[15/59] Generate /home/tomi/tos/build/crypto/smartcont/auto/highload-wallet-v2-code.fif
[16/59] Generate /home/tomi/tos/build/crypto/smartcont/auto/simple-wallet-ext-code.fif
[17/59] Generate /home/tomi/tos/build/crypto/smartcont/auto/restricted-wallet3-code.fif
[18/59] Generate /home/tomi/tos/build/crypto/smartcont/auto/wallet-v5-code.fif
[19/59] Generate /home/tomi/tos/build/crypto/smartcont/auto/dns-manual-code.fif
[20/59] Generate /home/tomi/tos/build/crypto/smartcont/auto/pow-testgiver-code.fif
[21/59] Generate /home/tomi/tos/build/crypto/smartcont/auto/multisig-code.fif
[22/59] Generate /home/tomi/tos/build/crypto/smartcont/auto/payment-channel-code.fif
[23/59] Generate /home/tomi/tos/build/crypto/smartcont/auto/highload-wallet-v2-code.cpp
[24/59] Generate /home/tomi/tos/build/crypto/smartcont/auto/restricted-wallet-code.cpp
[25/59] Generate /home/tomi/tos/build/crypto/smartcont/auto/simple-wallet-code.cpp
[26/59] Generate /home/tomi/tos/build/crypto/smartcont/auto/restricted-wallet3-code.cpp
[27/59] Generate /home/tomi/tos/build/crypto/smartcont/auto/highload-wallet-code.cpp
[28/59] Generate /home/tomi/tos/build/crypto/smartcont/auto/session-wallet-code.cpp
[29/59] Generate /home/tomi/tos/build/crypto/smartcont/auto/wallet3-code.cpp
[30/59] Generate /home/tomi/tos/build/crypto/smartcont/auto/wallet-code.cpp
[31/59] Generate /home/tomi/tos/build/crypto/smartcont/auto/wallet-v4-code.cpp
[32/59] Generate /home/tomi/tos/build/crypto/smartcont/auto/restricted-wallet2-code.cpp
[33/59] Generate /home/tomi/tos/build/crypto/smartcont/auto/agent-account-code.fif
[34/59] Generate /home/tomi/tos/build/crypto/smartcont/auto/simple-wallet-ext-code.cpp
[35/59] Generate /home/tomi/tos/build/crypto/smartcont/auto/dns-auto-code.fif
[36/59] Generate /home/tomi/tos/build/crypto/smartcont/auto/wallet-v5-code.cpp
[37/59] Generate /home/tomi/tos/build/crypto/smartcont/auto/config-code.fif
[38/59] Generate /home/tomi/tos/build/crypto/smartcont/auto/dns-manual-code.cpp
[39/59] Generate /home/tomi/tos/build/crypto/smartcont/auto/pow-testgiver-code.cpp
[40/59] Generate /home/tomi/tos/build/crypto/smartcont/auto/task-escrow-code.fif
[41/59] Generate /home/tomi/tos/build/crypto/smartcont/auto/multisig-code.cpp
[42/59] Generate /home/tomi/tos/build/crypto/smartcont/auto/payment-channel-code.cpp
[43/59] Generate /home/tomi/tos/build/crypto/smartcont/auto/agent-account-code.cpp
[44/59] Generate /home/tomi/tos/build/crypto/smartcont/auto/dns-auto-code.cpp
[45/59] Generate /home/tomi/tos/build/crypto/smartcont/auto/config-code.cpp
[46/59] Generate /home/tomi/tos/build/crypto/smartcont/auto/task-escrow-code.cpp
[47/59] Generate /home/tomi/tos/build/crypto/smartcont/auto/elector-code.fif
[48/59] Generate /home/tomi/tos/build/crypto/smartcont/auto/elector-code.cpp
[49/59] Verify and embed the frozen TOS Service Protocol stablecoin escrow v1 BOC
NOTE: escrow v1 is deprecated (superseded by v2); this build exists only to verify the frozen historical artifact.
NOTE: escrow v1 is deprecated (superseded by v2); this build exists only to verify the frozen historical artifact.
[50/59] Verify and embed the frozen TOS Service Protocol stablecoin escrow v2 BOC
[51/59] Verify and embed the frozen TOS Native Service Registry BOC
[52/59] Generate /home/tomi/tos/build/crypto/smartcont/auto/prediction-market-code.fif
[53/59] Generate /home/tomi/tos/build/crypto/smartcont/auto/prediction-market-code.cpp
[54/59] Building CXX object crypto/CMakeFiles/smc-envelope.dir/smc-envelope/SmartContractCode.cpp.o
[55/59] Linking CXX static library crypto/libsmc-envelope.a
[56/59] Building CXX object emulator/CMakeFiles/emulator_static.dir/transaction-emulator.cpp.o
[57/59] Linking CXX static library emulator/libemulator_static.a
[58/59] Building CXX object CMakeFiles/test-workchain-block.dir/crypto/test/test-workchain-block.cpp.o
[59/59] Linking CXX executable test-workchain-block
