
initial basechain state is:
x{9023AFE2FFFFA2A30000000000800000000000000000000000000000006AA898900000000000000000FFFFFFFF2_}
 x{00000000000000001_}
 x{001_}
 x{00000000000000000000000000000000000}

B5EE9C72E1010401005600667C84AC035B9023AFE2FFFFA2A30000000000800000000000000000000000000000006AA898900000000000000000FFFFFFFF200102030011000000000000000010000300100023000000000000000000000000000000000008A01E0483
(Initial basechain state saved to file basestate0.boc)
file hash=e67efd05a6099e783b4ad5622745bdc77ce77ea7dc1ca781b95529adfb85692a  5n79BaYJnng7StViJ0W9x3znfqfcHKeBuVUprfuFaSo=
root hash=41e478602f1636c7e68223b76d72b657afcc5e9938c055611c99dc0ee88e9f94  QeR4YC8WNsfmgiO3bXK2V6_MXpk4wFVhHJncDuiOn5Q=
Saved new private key to file main-wallet.pk
main wallet address = -1:1111111111111111111111111111111111111111111111111111111111111111 
kf8REREREREREREREREREREREREREREREREREREREREREaLR
(Saving address to file main-wallet.addr)
Main wallet validator-bootstrap balance = TM$100000. 
Total native genesis supply = TM$101000. 
elector smart contract address = -1:3333333333333333333333333333333333333333333333333333333333333333 
0f8zMzMzMzMzMzMzMzMzMzMzMzMzMzMzMzMzMzMzMzMzM62K
(Saving address to file elector.addr)
Validator public key = 8A88E3DD7409F195FD52DB2D3CBA5D72CA6709BF1D94121BF3748801B40F6F5C
Validator public key = 8139770EA87D175F56A35466C34C7ECCCB8D8A91B4EE37A25DF60F5B8FC9B394
Validator public key = ED4928C628D1C2C6EAE90338905995612959273A5C63F93636C14614AC8737D1
Validator public key = CA93AC1705187071D67B83C7FF0EFE8108E8EC4530575D7726879333DBDABE7C
Saved new private key to file config-master.pk
