$ cargo test --locked -p tos-health-services --test ingress seven_slow_regular_requests_leave_classified_heartbeat_capacity -- --exact
timeout_seconds=120
   Compiling tos-health-services v0.1.0 ($HOME/tos-node-health-impl/tools/node-health-monitor/crates/health-services)
warning: variable does not need to be mutable
   --> crates/health-services/src/ingress.rs:138:16
    |
138 |         let Ok(mut slot) = connection_regular.lock() else {
    |                ----^^^^
    |                |
    |                help: remove this `mut`
    |
    = note: `#[warn(unused_mut)]` (part of `#[warn(unused)]`) on by default

warning: `tos-health-services` (lib) generated 1 warning (run `cargo fix --lib -p tos-health-services` to apply 1 suggestion)
    Finished `test` profile [unoptimized + debuginfo] target(s) in 4.66s
     Running tests/ingress.rs (target/debug/deps/ingress-9352a6bea5da2934)

running 1 test
test seven_slow_regular_requests_leave_classified_heartbeat_capacity ... FAILED

failures:

---- seven_slow_regular_requests_leave_classified_heartbeat_capacity stdout ----

thread 'seven_slow_regular_requests_leave_classified_heartbeat_capacity' (646770) panicked at crates/health-services/tests/ingress.rs:395:5:
assertion `left == right` failed: eighth ordinary request bypassed the classified reserve
  left: 200
 right: 429
note: run with `RUST_BACKTRACE=1` environment variable to display a backtrace


failures:
    seven_slow_regular_requests_leave_classified_heartbeat_capacity

test result: FAILED. 0 passed; 1 failed; 0 ignored; 0 measured; 4 filtered out; finished in 7.12s

error: test failed, to rerun pass `-p tos-health-services --test ingress`

EXIT=101
