Internal ctest changing into directory: /home/tomi/nhm-c04-build
Test project /home/tomi/nhm-c04-build
      Start 199: c04-health-action-success
      Start 200: c04-health-action-intent-failure
 1/12 Test #200: c04-health-action-intent-failure ........   Passed    0.14 sec
      Start 201: c04-health-action-no-signer
 2/12 Test #199: c04-health-action-success ...............   Passed    0.14 sec
      Start 202: c04-health-action-sign-failure
 3/12 Test #201: c04-health-action-no-signer .............   Passed    0.14 sec
      Start 203: c04-health-action-signed-failure
 4/12 Test #202: c04-health-action-sign-failure ..........   Passed    0.14 sec
      Start 204: c04-health-action-apply-false
 5/12 Test #203: c04-health-action-signed-failure ........   Passed    0.14 sec
      Start 205: c04-health-action-duplicate
 6/12 Test #204: c04-health-action-apply-false ...........   Passed    0.14 sec
      Start 206: c04-health-action-replay-signed
 7/12 Test #206: c04-health-action-replay-signed .........   Passed    0.14 sec
      Start 207: c04-health-action-replay-intent
 8/12 Test #205: c04-health-action-duplicate .............   Passed    0.15 sec
      Start 208: c04-health-action-skip
 9/12 Test #207: c04-health-action-replay-intent .........   Passed    0.14 sec
      Start 209: c04-health-action-journal-suppressed
10/12 Test #208: c04-health-action-skip ..................   Passed    0.15 sec
      Start 210: c04-health-action-finality-suppressed
11/12 Test #209: c04-health-action-journal-suppressed ....   Passed    0.13 sec
12/12 Test #210: c04-health-action-finality-suppressed ...   Passed    0.20 sec

100% tests passed, 0 tests failed out of 12

Total Test time (real) =   0.92 sec
