[0/1] Re-running CMake...
-- Use openssl: /home/tomi/nhm-c04-build/third-party/openssl/lib/libcrypto.a
Add rocksdb
-- CMAKE_BUILD_TYPE is set to Release
-- Could NOT find uring (missing: uring_LIBRARIES uring_INCLUDE_DIR) 
-- Enabling RTTI in all builds
-- ROCKSDB_PLUGINS: 
-- ROCKSDB PLUGINS TO BUILD 
-- JNI library is disabled
Add abseil-cpp
Add crc32c
Add ngtcp2 with custom OpenSSL from /home/tomi/nhm-c04-build/third-party/openssl
-- Found OpenSSL: /home/tomi/nhm-c04-build/third-party/openssl/lib/libcrypto.a (found suitable version "3.5.5", minimum required is "1.1.1")  
-- Could NOT find Libev (missing: LIBEV_LIBRARY LIBEV_INCLUDE_DIR) (Required is at least version "4.11")
-- Could NOT find Libnghttp3 (missing: LIBNGHTTP3_LIBRARY LIBNGHTTP3_INCLUDE_DIR) (Required is at least version "1.14.0")
-- Could NOT find Libbrotlienc (missing: LIBBROTLIENC_LIBRARY LIBBROTLIENC_INCLUDE_DIR) (Required is at least version "1.0.9")
-- Could NOT find Libbrotlidec (missing: LIBBROTLIDEC_LIBRARY LIBBROTLIDEC_INCLUDE_DIR) (Required is at least version "1.0.9")
CMake Warning at third-party/ngtcp2/crypto/CMakeLists.txt:31 (message):
  libngtcp2_crypto_quictls library is disabled due to lack of good quictls


CMake Warning at third-party/ngtcp2/crypto/CMakeLists.txt:37 (message):
  libngtcp2_crypto_libressl library is disabled due to lack of good LibreSSL


-- summary of build options:

    Package version: 1.22.0
    Library version: 24:0:8
    Install prefix:  /usr
    Target system:   Linux
    Compiler:
      Build type:     Release
      C compiler:     /usr/bin/clang-21
      CFLAGS:         -O3  
      C++ compiler:   /usr/bin/clang++-21
      CXXFLAGS:       -O3  
      WARNCFLAGS:       -Wextra -Wall -Wconversion -Winline -Wmissing-declarations -Wmissing-prototypes -Wnested-externs -Wpointer-arith -Wshadow -Wundef -Wwrite-strings -Waddress -Wattributes -Wcast-align -Wdeclaration-after-statement -Wdiv-by-zero -Wempty-body -Wendif-labels -Wfloat-equal -Wformat-nonliteral -Wformat-security -Wmissing-field-initializers -Wmissing-noreturn -Wno-format-nonliteral -Wredundant-decls -Wsign-conversion -Wstrict-prototypes -Wunreachable-code -Wunused-macros -Wunused-parameter -Wvla -Wshorten-64-to-32 -Wlanguage-extension-token -Wpragmas -Wunreachable-code-break -Wheader-guard -Wsometimes-uninitialized -Wmissing-variable-declarations
      WARNCXXFLAGS:     -Wall -Wformat-security -Wno-extern-c-compat -Wsometimes-uninitialized -Wno-noexcept-type
    Library:
      Shared:         ON
      Static:         ON
    Test:
      Build Test:     OFF
    Libs:
      OpenSSL:        TRUE (LIBS='/home/tomi/nhm-c04-build/third-party/openssl/lib/libssl.a;/home/tomi/nhm-c04-build/third-party/openssl/lib/libcrypto.a;dl')
      Libev:          FALSE (LIBS='')
      Libnghttp3:     FALSE (LIBS='')
      GnuTLS:         FALSE (LIBS='')
      BoringSSL:      FALSE (LIBS='')
      Picotls:        FALSE (LIBS='')
      wolfSSL:        FALSE (LIBS='')
      Jemalloc:        (LIBS='')
      Libbrotlienc:   FALSE (LIBS='')
      Libbrotlidec:   FALSE (LIBS='')

Add tl-parser
Add tos
-- Use Secp256k1: /home/tomi/nhm-c04-build/third-party/secp256k1/lib/libsecp256k1.a
-- Building libbacktrace from: /home/tomi/tos-node-health-c04/third-party/libbacktrace
-- Using preconfigured zlib: /home/tomi/nhm-c04-build/third-party/zlib/lib/libz.a
-- Using ccache
-- Using zlib /home/tomi/nhm-c04-build/third-party/zlib/lib/libz.a
-- Found ZLIB: /home/tomi/nhm-c04-build/third-party/zlib/include /home/tomi/nhm-c04-build/third-party/zlib/lib/libz.a
-- Using libbacktrace for enhanced stack traces
-- Found LZ4 /home/tomi/nhm-c04-build/third-party/lz4/lib/liblz4.a /home/tomi/tos-node-health-c04/third-party/lz4/lib
-- Checking for module 'benchmark'
--   No package 'benchmark' found
-- Google Benchmark not found via pkg-config - gbench-coro target disabled
-- Found Readline: /usr/include /usr/lib/x86_64-linux-gnu/libreadline.so
-- Using Sodium /home/tomi/nhm-c04-build/third-party/sodium/lib/libsodium.a
-- Found OpenSSL: /home/tomi/nhm-c04-build/third-party/openssl/lib/libcrypto.a (found version "3.5.5") found components: Crypto 
-- Configuring done
-- Generating done
-- Build files have been written to: /home/tomi/nhm-c04-build
[1/25] Building CXX object validator/CMakeFiles/validator.dir/consensus/simplex/bus.cpp.o
[2/25] Building CXX object validator/CMakeFiles/validator.dir/consensus/simplex/collator-schedule.cpp.o
[3/25] Building CXX object validator/CMakeFiles/validator.dir/consensus/simplex/certificate.cpp.o
[4/25] Building CXX object validator/CMakeFiles/validator.dir/consensus/simplex/metric-collector.cpp.o
[5/25] Building CXX object validator/CMakeFiles/validator.dir/consensus/simplex/db.cpp.o
[6/25] Building CXX object validator/CMakeFiles/validator.dir/consensus/simplex/candidate-resolver.cpp.o
[7/25] Building CXX object validator/CMakeFiles/validator.dir/consensus/simplex/consensus.cpp.o
[8/25] Building CXX object validator/CMakeFiles/validator.dir/consensus/simplex/pool.cpp.o
[9/25] Building CXX object validator/CMakeFiles/validator.dir/consensus/simplex/votes.cpp.o
[10/25] Building CXX object validator/CMakeFiles/validator.dir/consensus/block-accepter.cpp.o
[11/25] Building CXX object validator/CMakeFiles/validator.dir/consensus/block-producer.cpp.o
[12/25] Building CXX object validator/CMakeFiles/validator.dir/consensus/simplex/state-resolver.cpp.o
[13/25] Building CXX object validator/CMakeFiles/validator.dir/consensus/block-sync-overlay.cpp.o
[14/25] Building CXX object validator/CMakeFiles/validator.dir/consensus/block-validator.cpp.o
[15/25] Building CXX object validator/CMakeFiles/validator.dir/consensus/bus.cpp.o
[16/25] Building CXX object validator/CMakeFiles/validator.dir/consensus/misbehavior-reporter.cpp.o
[17/25] Building CXX object validator/CMakeFiles/validator.dir/consensus/bridge.cpp.o
[18/25] Building CXX object validator/CMakeFiles/validator.dir/consensus/trace-collector.cpp.o
[19/25] Building CXX object validator/CMakeFiles/validator.dir/consensus/types.cpp.o
[20/25] Building CXX object validator/CMakeFiles/validator.dir/consensus/private-overlay.cpp.o
[21/25] Linking CXX static library validator/libvalidator.a
[22/25] Building CXX object test/validator/consensus/CMakeFiles/test-health-actions.dir/test-health-actions.cpp.o
[23/25] Linking CXX executable test/validator/consensus/test-health-actions
[24/25] Building CXX object test/validator/consensus/CMakeFiles/test-consensus.dir/test-consensus.cpp.o
[25/25] Linking CXX executable test/validator/consensus/test-consensus
