[1/72] Checking the git repository for changes...
[2/16] Building CXX object validator/impl/CMakeFiles/tos_validator.dir/fabric.cpp.o
[3/16] Building CXX object validator/impl/CMakeFiles/tos_validator.dir/ext-message-pool.cpp.o
[4/16] Building CXX object test/validator/consensus/CMakeFiles/test-health-ledger.dir/test-health-ledger.cpp.o
[5/16] Linking CXX executable test/validator/consensus/test-health-ledger
[6/16] Building CXX object validator/impl/CMakeFiles/tos_validator.dir/top-shard-descr.cpp.o
[7/16] Building CXX object validator/impl/CMakeFiles/tos_validator.dir/out-msg-queue-proof.cpp.o
[8/16] Building CXX object test/validator/consensus/CMakeFiles/test-health-actions.dir/test-health-actions.cpp.o
$HOME/tos-node-health-c04/test/validator/consensus/test-health-actions.cpp:254:132: warning: implicit conversion from '__int_type' (aka 'unsigned long') to 'double' may lose precision [-Wimplicit-int-float-conversion]
  254 |             metrics.families.push_back(std::move(metrics::MetricFamily::make_scalar("tos_pq_operations_total", "counter", counter->load()))
      |                                                  ~~~~~~~                                                                  ~~~~~~~~~^~~~~~
1 warning generated.
[9/16] Building CXX object validator/impl/CMakeFiles/tos_validator.dir/collator.cpp.o
[10/16] Building CXX object validator/impl/CMakeFiles/tos_validator.dir/validate-query.cpp.o
[11/16] Building CXX object validator/impl/CMakeFiles/tos_validator.dir/liteserver.cpp.o
[12/16] Linking CXX static library validator/impl/libtos_validator.a
[13/16] Linking CXX static library validator/libvalidator.a
[14/16] Linking CXX executable test/validator/consensus/test-health-actions
[15/16] Building CXX object test/validator/consensus/CMakeFiles/test-consensus.dir/test-consensus.cpp.o
[16/16] Linking CXX executable test/validator/consensus/test-consensus
