apply-false-1.json consensus schema valid
apply-false-2.json consensus schema valid
apply-false-3.json consensus schema valid
duplicate-1.json consensus schema valid
duplicate-2.json consensus schema valid
duplicate-3.json consensus schema valid
finality-suppressed-1.json consensus schema valid
finality-suppressed-2.json consensus schema valid
finality-suppressed-3.json consensus schema valid
finalize-1.json consensus schema valid
finalize-2.json consensus schema valid
finalize-3.json consensus schema valid
intent-failure-1.json consensus schema valid
intent-failure-2.json consensus schema valid
intent-failure-3.json consensus schema valid
journal-suppressed-1.json consensus schema valid
journal-suppressed-2.json consensus schema valid
journal-suppressed-3.json consensus schema valid
no-signer-1.json consensus schema valid
no-signer-2.json consensus schema valid
no-signer-3.json consensus schema valid
post-terminal-1.json consensus schema valid
post-terminal-2.json consensus schema valid
post-terminal-3.json consensus schema valid
replay-intent-1.json consensus schema valid
replay-intent-2.json consensus schema valid
replay-intent-3.json consensus schema valid
replay-intent-sign-failure-1.json consensus schema valid
replay-intent-sign-failure-2.json consensus schema valid
replay-intent-sign-failure-3.json consensus schema valid
replay-intent-signed-failure-1.json consensus schema valid
replay-intent-signed-failure-2.json consensus schema valid
replay-intent-signed-failure-3.json consensus schema valid
replay-signed-1.json consensus schema valid
replay-signed-2.json consensus schema valid
replay-signed-3.json consensus schema valid
sign-failure-1.json consensus schema valid
sign-failure-2.json consensus schema valid
sign-failure-3.json consensus schema valid
signed-failure-1.json consensus schema valid
signed-failure-2.json consensus schema valid
signed-failure-3.json consensus schema valid
skip-1.json consensus schema valid
skip-2.json consensus schema valid
skip-3.json consensus schema valid
success-1.json consensus schema valid
success-2.json consensus schema valid
success-3.json consensus schema valid
schema_sha256=d6302be8fd52c0e650561b48a05fb1622fdbc2307b0d01c0c34994dbebccc86c
