Internal ctest changing into directory: $HOME/nhm-c04-build
UpdateCTestConfiguration  from :$HOME/nhm-c04-build/DartConfiguration.tcl
UpdateCTestConfiguration  from :$HOME/nhm-c04-build/DartConfiguration.tcl
Test project $HOME/nhm-c04-build
Constructing a list of tests
Done constructing a list of tests
Updating test list for fixtures
Added 0 tests to meet fixture requirements
Checking test dependency graph...
Checking test dependency graph end
test 285
    Start 285: c04-native-pipeline

285: Test command: $HOME/nhm-c04-build/test/validator/consensus/test-consensus "--duration" "8" "--n-nodes" "4" "--target-rate-ms" "50" "--net-ping" "0.002:0.01" "--min-finalized-blocks" "3" "--pq-finality-e2e-test" "--c04-health-test"
285: Test timeout computed to be: 45
285: [1;33m[ 2][t 0][2026-09-29 10:47:43.303136991][candidate-codec.cpp:41][&VALIDATOR_SESSION_BENCHMARK]	Broadcast_benchmark serialize_candidate block_id=808443C6B9992F1BE0A21619968AFCB1E9A5CEBAFFFE594C5C9F6285A7A95180 called_from=consensus time_sec=0.000729 compression=none original_size=46 compressed_size=46[0m
285: [1;33m[ 2][t 0][2026-09-29 10:47:43.303409113][candidate-codec.cpp:69][&VALIDATOR_SESSION_BENCHMARK]	Broadcast_benchmark deserialize_candidate block_id=808443C6B9992F1BE0A21619968AFCB1E9A5CEBAFFFE594C5C9F6285A7A95180 called_from=consensus time_sec=0.000019 compression=none compressed_size=46[0m
285: [0m[ 4][t 0][2026-09-29 10:47:43.303436686][candidate-codec.cpp:126]	Compressing block candidate: 46 -> 33[0m
285: [1;33m[ 2][t 0][2026-09-29 10:47:43.303441616][candidate-codec.cpp:127][&VALIDATOR_SESSION_BENCHMARK]	Broadcast_benchmark serialize_candidate block_id=808443C6B9992F1BE0A21619968AFCB1E9A5CEBAFFFE594C5C9F6285A7A95180 called_from=test time_sec=0.000012 compression=compressed original_size=46 compressed_size=33[0m
285: [1;33m[ 2][t 0][2026-09-29 10:47:43.303461293][candidate-codec.cpp:153][&VALIDATOR_SESSION_BENCHMARK]	Broadcast_benchmark deserialize_candidate block_id=808443C6B9992F1BE0A21619968AFCB1E9A5CEBAFFFE594C5C9F6285A7A95180 called_from=consensus time_sec=0.000013 compression=compressed compressed_size=33[0m
285: [0m[ 4][t 0][2026-09-29 10:47:43.303469125][candidate-codec.cpp:172]	Decompressing block candidate :33 -> 46[0m
285: [1;33m[ 2][t 0][2026-09-29 10:47:43.303516715][candidate-codec.cpp:160][&VALIDATOR_SESSION_BENCHMARK]	Broadcast_benchmark deserialize_candidate block_id=808443C6B9992F1BE0A21619968AFCB1E9A5CEBAFFFE594C5C9F6285A7A95180 called_from=consensus time_sec=0.000017 compression=compressedV2_ImprovedStructureLZ4 compressed_size=32[0m
285: [0m[ 4][t 0][2026-09-29 10:47:43.303524758][candidate-codec.cpp:172]	Decompressing block candidate V2:32 -> 46[0m
285: [1;33m[ 2][t 0][2026-09-29 10:47:43.303537804][candidate-codec.cpp:160][&VALIDATOR_SESSION_BENCHMARK]	Broadcast_benchmark deserialize_candidate block_id=808443C6B9992F1BE0A21619968AFCB1E9A5CEBAFFFE594C5C9F6285A7A95180 called_from=consensus time_sec=0.000003 compression=compressedV2_BaselineLZ4 compressed_size=38[0m
285: [0m[ 4][t 0][2026-09-29 10:47:43.303544608][candidate-codec.cpp:172]	Decompressing block candidate V2:38 -> 46[0m
285: [0m[ 4][t 0][2026-09-29 10:47:43.313095766][candidate-codec.cpp:126]	Compressing block candidate: 526339 -> 36979[0m
285: [1;33m[ 2][t 0][2026-09-29 10:47:43.313107188][candidate-codec.cpp:127][&VALIDATOR_SESSION_BENCHMARK]	Broadcast_benchmark serialize_candidate block_id=5A69DD6E083571F2CD24AE8E40B2D2CCB70ECF33A21089CDB1E8FA3D9C4A0A32 called_from=compression-ratio-test time_sec=0.002413 compression=compressed original_size=526339 compressed_size=36979[0m
285: [1;33m[ 2][t 0][2026-09-29 10:47:43.315818935][candidate-codec.cpp:153][&VALIDATOR_SESSION_BENCHMARK]	Broadcast_benchmark deserialize_candidate block_id=5A69DD6E083571F2CD24AE8E40B2D2CCB70ECF33A21089CDB1E8FA3D9C4A0A32 called_from=consensus time_sec=0.002427 compression=compressed compressed_size=36979[0m
285: [0m[ 4][t 0][2026-09-29 10:47:43.317791309][candidate-codec.cpp:172]	Decompressing block candidate :36979 -> 526339[0m
285: [1;33m[ 2][t 0][2026-09-29 10:47:43.318339007][test-consensus.cpp:3980]	C03 harness switches: restart_from_last_accepted_block=false anchor_transient_failures=0 origin_transient_failures=0 origin_permanently_unavailable=false[0m
285: [1;31m[ 1][t 1][2026-09-29 10:47:43.325699362][test-consensus.cpp:1170][!test-consensus]	Starting node #0.0[0m
285: [1;31m[ 1][t 1][2026-09-29 10:47:43.325805388][test-consensus.cpp:1170][!test-consensus]	Starting node #1.0[0m
285: [1;31m[ 1][t 1][2026-09-29 10:47:43.325885682][test-consensus.cpp:1170][!test-consensus]	Starting node #2.0[0m
285: [1;31m[ 1][t 1][2026-09-29 10:47:43.325965020][test-consensus.cpp:1170][!test-consensus]	Starting node #3.0[0m
285: [1;33m[ 2][t 5][2026-09-29 10:47:43.327473629][test-consensus.cpp:531][!ManagerFacade.0.0]	Collate block #1[0m
285: [1;33m[ 2][t 1][2026-09-29 10:47:43.329189576][test-consensus.cpp:531][!ManagerFacade.0.0]	Collate block #2[0m
285: [1;33m[ 2][t 1][2026-09-29 10:47:43.329321088][test-consensus.cpp:612][!ManagerFacade.0.0]	Validate block #1[0m
285: [1;33m[ 2][t 6][2026-09-29 10:47:43.330501590][candidate-codec.cpp:127][!consensus.0.0.CandidateResolver][&VALIDATOR_SESSION_BENCHMARK]	Broadcast_benchmark serialize_candidate block_id=CEBC0F9921D30D548FE9C0A99453627D0B62355DF0756F69082A4C5BBECAF60D called_from=consensus time_sec=0.001318 compression=compressed original_size=437 compressed_size=295[0m
285: [1;33m[ 2][t 1][2026-09-29 10:47:43.331955705][candidate-codec.cpp:127][!consensus.2.0.CandidateResolver][&VALIDATOR_SESSION_BENCHMARK]	Broadcast_benchmark serialize_candidate block_id=CEBC0F9921D30D548FE9C0A99453627D0B62355DF0756F69082A4C5BBECAF60D called_from=consensus time_sec=0.000013 compression=compressed original_size=437 compressed_size=295[0m
285: [1;33m[ 2][t 5][2026-09-29 10:47:43.331981094][test-consensus.cpp:612][!ManagerFacade.2.0]	Validate block #1[0m
285: [1;33m[ 2][t 5][2026-09-29 10:47:43.332570930][candidate-codec.cpp:127][!consensus.3.0.CandidateResolver][&VALIDATOR_SESSION_BENCHMARK]	Broadcast_benchmark serialize_candidate block_id=CEBC0F9921D30D548FE9C0A99453627D0B62355DF0756F69082A4C5BBECAF60D called_from=consensus time_sec=0.000015 compression=compressed original_size=437 compressed_size=295[0m
285: [1;33m[ 2][t 6][2026-09-29 10:47:43.332606782][test-consensus.cpp:612][!ManagerFacade.3.0]	Validate block #1[0m
285: [1;33m[ 2][t 6][2026-09-29 10:47:43.337734502][candidate-codec.cpp:127][!consensus.1.0.CandidateResolver][&VALIDATOR_SESSION_BENCHMARK]	Broadcast_benchmark serialize_candidate block_id=CEBC0F9921D30D548FE9C0A99453627D0B62355DF0756F69082A4C5BBECAF60D called_from=consensus time_sec=0.000013 compression=compressed original_size=437 compressed_size=295[0m
285: [1;33m[ 2][t 5][2026-09-29 10:47:43.337747640][test-consensus.cpp:612][!ManagerFacade.1.0]	Validate block #1[0m
285: [1;33m[ 2][t 1][2026-09-29 10:47:43.339510860][pool.cpp:1144][!consensus.1.0.SimplexPool]	Obtained certificate for NotarizeVote{id={0, Ye5AteSJpuVicjJ+4Gat7g0Bq7Wq1rfL+WqK67RihaU=, ?}}: VV.V[0m
285: [1;33m[ 2][t 2][2026-09-29 10:47:43.340916552][pool.cpp:1144][!consensus.3.0.SimplexPool]	Obtained certificate for NotarizeVote{id={0, Ye5AteSJpuVicjJ+4Gat7g0Bq7Wq1rfL+WqK67RihaU=, ?}}: V.VV[0m
285: [1;33m[ 2][t 4][2026-09-29 10:47:43.341003333][pool.cpp:1144][!consensus.2.0.SimplexPool]	Obtained certificate for NotarizeVote{id={0, Ye5AteSJpuVicjJ+4Gat7g0Bq7Wq1rfL+WqK67RihaU=, ?}}: V.VV[0m
285: [1;33m[ 2][t 7][2026-09-29 10:47:43.341333222][pool.cpp:1144][!consensus.0.0.SimplexPool]	Obtained certificate for NotarizeVote{id={0, Ye5AteSJpuVicjJ+4Gat7g0Bq7Wq1rfL+WqK67RihaU=, ?}}: V.VV[0m
285: [1;33m[ 2][t 7][2026-09-29 10:47:43.346634255][pool.cpp:1144][!consensus.1.0.SimplexPool]	Obtained certificate for FinalizeVote{id={0, Ye5AteSJpuVicjJ+4Gat7g0Bq7Wq1rfL+WqK67RihaU=, ?}}: VV.V[0m
285: [1;33m[ 2][t 6][2026-09-29 10:47:43.346813158][pool.cpp:1144][!consensus.3.0.SimplexPool]	Obtained certificate for FinalizeVote{id={0, Ye5AteSJpuVicjJ+4Gat7g0Bq7Wq1rfL+WqK67RihaU=, ?}}: VV.V[0m
285: [1;33m[ 2][t 5][2026-09-29 10:47:43.347086961][pool.cpp:1144][!consensus.0.0.SimplexPool]	Obtained certificate for FinalizeVote{id={0, Ye5AteSJpuVicjJ+4Gat7g0Bq7Wq1rfL+WqK67RihaU=, ?}}: VV.V[0m
285: [1;33m[ 2][t 7][2026-09-29 10:47:43.347231652][test-consensus.cpp:2876][!ManagerFacade.1.0]	Accept block #1 (final signatures), creator_idx=0[0m
285: [1;33m[ 2][t 2][2026-09-29 10:47:43.347413650][test-consensus.cpp:2876][!ManagerFacade.3.0]	Accept block #1 (final signatures), creator_idx=0[0m
285: [1;33m[ 2][t 1][2026-09-29 10:47:43.347766990][test-consensus.cpp:2876][!ManagerFacade.0.0]	Accept block #1 (final signatures), creator_idx=0[0m
285: [1;33m[ 2][t 1][2026-09-29 10:47:43.349670117][pool.cpp:1144][!consensus.2.0.SimplexPool]	Obtained certificate for FinalizeVote{id={0, Ye5AteSJpuVicjJ+4Gat7g0Bq7Wq1rfL+WqK67RihaU=, ?}}: .VVV[0m
285: [1;33m[ 2][t 3][2026-09-29 10:47:43.350718817][test-consensus.cpp:2876][!ManagerFacade.2.0]	Accept block #1 (final signatures), creator_idx=0[0m
285: [1;33m[ 2][t 1][2026-09-29 10:47:43.378109498][test-consensus.cpp:531][!ManagerFacade.0.0]	Collate block #3[0m
285: [1;33m[ 2][t 4][2026-09-29 10:47:43.378170679][candidate-codec.cpp:127][!consensus.0.0.CandidateResolver][&VALIDATOR_SESSION_BENCHMARK]	Broadcast_benchmark serialize_candidate block_id=0DB6F4442A119B5B708D9E0D89A3B0F56141228E05C277DEDF76623110DB6C7B called_from=consensus time_sec=0.000057 compression=compressed original_size=437 compressed_size=341[0m
285: [1;33m[ 2][t 3][2026-09-29 10:47:43.378403411][test-consensus.cpp:612][!ManagerFacade.0.0]	Validate block #2[0m
285: [1;33m[ 2][t 1][2026-09-29 10:47:43.381255989][candidate-codec.cpp:127][!consensus.3.0.CandidateResolver][&VALIDATOR_SESSION_BENCHMARK]	Broadcast_benchmark serialize_candidate block_id=0DB6F4442A119B5B708D9E0D89A3B0F56141228E05C277DEDF76623110DB6C7B called_from=consensus time_sec=0.000031 compression=compressed original_size=437 compressed_size=341[0m
285: [1;33m[ 2][t 1][2026-09-29 10:47:43.381410566][test-consensus.cpp:612][!ManagerFacade.3.0]	Validate block #2[0m
285: [1;33m[ 2][t 3][2026-09-29 10:47:43.382243235][candidate-codec.cpp:127][!consensus.1.0.CandidateResolver][&VALIDATOR_SESSION_BENCHMARK]	Broadcast_benchmark serialize_candidate block_id=0DB6F4442A119B5B708D9E0D89A3B0F56141228E05C277DEDF76623110DB6C7B called_from=consensus time_sec=0.000028 compression=compressed original_size=437 compressed_size=341[0m
285: [1;33m[ 2][t 3][2026-09-29 10:47:43.382333780][test-consensus.cpp:612][!ManagerFacade.1.0]	Validate block #2[0m
285: [1;33m[ 2][t 2][2026-09-29 10:47:43.383721460][candidate-codec.cpp:127][!consensus.2.0.CandidateResolver][&VALIDATOR_SESSION_BENCHMARK]	Broadcast_benchmark serialize_candidate block_id=0DB6F4442A119B5B708D9E0D89A3B0F56141228E05C277DEDF76623110DB6C7B called_from=consensus time_sec=0.000027 compression=compressed original_size=437 compressed_size=341[0m
285: [1;33m[ 2][t 2][2026-09-29 10:47:43.383815058][test-consensus.cpp:612][!ManagerFacade.2.0]	Validate block #2[0m
285: [1;33m[ 2][t 5][2026-09-29 10:47:43.385771713][pool.cpp:1144][!consensus.1.0.SimplexPool]	Obtained certificate for NotarizeVote{id={1, Iq/zcV+8klZulOG6wgpI4oi/8SaCWJzI0xHE59qmQbE=, ?}}: VV.V[0m
285: [1;33m[ 2][t 3][2026-09-29 10:47:43.388551792][pool.cpp:1144][!consensus.3.0.SimplexPool]	Obtained certificate for NotarizeVote{id={1, Iq/zcV+8klZulOG6wgpI4oi/8SaCWJzI0xHE59qmQbE=, ?}}: V.VV[0m
285: [1;33m[ 2][t 2][2026-09-29 10:47:43.388842760][pool.cpp:1144][!consensus.2.0.SimplexPool]	Obtained certificate for NotarizeVote{id={1, Iq/zcV+8klZulOG6wgpI4oi/8SaCWJzI0xHE59qmQbE=, ?}}: VV.V[0m
285: [1;33m[ 2][t 4][2026-09-29 10:47:43.390870041][pool.cpp:1144][!consensus.0.0.SimplexPool]	Obtained certificate for NotarizeVote{id={1, Iq/zcV+8klZulOG6wgpI4oi/8SaCWJzI0xHE59qmQbE=, ?}}: V.VV[0m
285: [1;33m[ 2][t 1][2026-09-29 10:47:43.392703418][pool.cpp:1144][!consensus.2.0.SimplexPool]	Obtained certificate for FinalizeVote{id={1, Iq/zcV+8klZulOG6wgpI4oi/8SaCWJzI0xHE59qmQbE=, ?}}: .VVV[0m
285: [1;33m[ 2][t 1][2026-09-29 10:47:43.393514706][test-consensus.cpp:2876][!ManagerFacade.2.0]	Accept block #2 (final signatures), creator_idx=0[0m
285: [1;33m[ 2][t 1][2026-09-29 10:47:43.394441955][pool.cpp:1144][!consensus.3.0.SimplexPool]	Obtained certificate for FinalizeVote{id={1, Iq/zcV+8klZulOG6wgpI4oi/8SaCWJzI0xHE59qmQbE=, ?}}: .VVV[0m
285: [1;33m[ 2][t 1][2026-09-29 10:47:43.394935516][test-consensus.cpp:2876][!ManagerFacade.3.0]	Accept block #2 (final signatures), creator_idx=0[0m
285: [1;33m[ 2][t 4][2026-09-29 10:47:43.395736669][pool.cpp:1144][!consensus.0.0.SimplexPool]	Obtained certificate for FinalizeVote{id={1, Iq/zcV+8klZulOG6wgpI4oi/8SaCWJzI0xHE59qmQbE=, ?}}: VV.V[0m
285: [1;33m[ 2][t 2][2026-09-29 10:47:43.396331528][test-consensus.cpp:2876][!ManagerFacade.0.0]	Accept block #2 (final signatures), creator_idx=0[0m
285: [1;33m[ 2][t 2][2026-09-29 10:47:43.398506485][pool.cpp:1144][!consensus.1.0.SimplexPool]	Obtained certificate for FinalizeVote{id={1, Iq/zcV+8klZulOG6wgpI4oi/8SaCWJzI0xHE59qmQbE=, ?}}: .VVV[0m
285: [1;33m[ 2][t 4][2026-09-29 10:47:43.399502231][test-consensus.cpp:2876][!ManagerFacade.1.0]	Accept block #2 (final signatures), creator_idx=0[0m
285: [1;33m[ 2][t 4][2026-09-29 10:47:43.429146091][candidate-codec.cpp:127][!consensus.0.0.CandidateResolver][&VALIDATOR_SESSION_BENCHMARK]	Broadcast_benchmark serialize_candidate block_id=0F6D825E36C1264041AA49A520C7B080B1A20AE310D56CFC84D69CECD78B56F4 called_from=consensus time_sec=0.000025 compression=compressed original_size=437 compressed_size=341[0m
285: [1;33m[ 2][t 4][2026-09-29 10:47:43.429244532][test-consensus.cpp:612][!ManagerFacade.0.0]	Validate block #3[0m
285: [1;33m[ 2][t 4][2026-09-29 10:47:43.429259196][test-consensus.cpp:531][!ManagerFacade.0.0]	Collate block #4[0m
285: [1;33m[ 2][t 4][2026-09-29 10:47:43.432870172][candidate-codec.cpp:127][!consensus.2.0.CandidateResolver][&VALIDATOR_SESSION_BENCHMARK]	Broadcast_benchmark serialize_candidate block_id=0F6D825E36C1264041AA49A520C7B080B1A20AE310D56CFC84D69CECD78B56F4 called_from=consensus time_sec=0.000011 compression=compressed original_size=437 compressed_size=341[0m
285: [1;33m[ 2][t 4][2026-09-29 10:47:43.432919186][test-consensus.cpp:612][!ManagerFacade.2.0]	Validate block #3[0m
285: [1;33m[ 2][t 1][2026-09-29 10:47:43.432923490][candidate-codec.cpp:127][!consensus.1.0.CandidateResolver][&VALIDATOR_SESSION_BENCHMARK]	Broadcast_benchmark serialize_candidate block_id=0F6D825E36C1264041AA49A520C7B080B1A20AE310D56CFC84D69CECD78B56F4 called_from=consensus time_sec=0.000059 compression=compressed original_size=437 compressed_size=341[0m
285: [1;33m[ 2][t 3][2026-09-29 10:47:43.432949967][candidate-codec.cpp:127][!consensus.3.0.CandidateResolver][&VALIDATOR_SESSION_BENCHMARK]	Broadcast_benchmark serialize_candidate block_id=0F6D825E36C1264041AA49A520C7B080B1A20AE310D56CFC84D69CECD78B56F4 called_from=consensus time_sec=0.000075 compression=compressed original_size=437 compressed_size=341[0m
285: [1;33m[ 2][t 3][2026-09-29 10:47:43.433153103][test-consensus.cpp:612][!ManagerFacade.3.0]	Validate block #3[0m
285: [1;33m[ 2][t 5][2026-09-29 10:47:43.433140932][test-consensus.cpp:612][!ManagerFacade.1.0]	Validate block #3[0m
285: [1;33m[ 2][t 3][2026-09-29 10:47:43.438499254][pool.cpp:1144][!consensus.3.0.SimplexPool]	Obtained certificate for NotarizeVote{id={2, 94fpV+f1ycwoKwwipoNttA0er+PtVBQB8rATiI5A/kE=, ?}}: V.VV[0m
285: [1;33m[ 2][t 2][2026-09-29 10:47:43.439460682][pool.cpp:1144][!consensus.2.0.SimplexPool]	Obtained certificate for NotarizeVote{id={2, 94fpV+f1ycwoKwwipoNttA0er+PtVBQB8rATiI5A/kE=, ?}}: VVV.[0m
285: [1;33m[ 2][t 3][2026-09-29 10:47:43.441366838][pool.cpp:1144][!consensus.0.0.SimplexPool]	Obtained certificate for NotarizeVote{id={2, 94fpV+f1ycwoKwwipoNttA0er+PtVBQB8rATiI5A/kE=, ?}}: VV.V[0m
285: [1;33m[ 2][t 5][2026-09-29 10:47:43.442313420][pool.cpp:1144][!consensus.1.0.SimplexPool]	Obtained certificate for NotarizeVote{id={2, 94fpV+f1ycwoKwwipoNttA0er+PtVBQB8rATiI5A/kE=, ?}}: VV.V[0m
285: [1;33m[ 2][t 4][2026-09-29 10:47:43.446507300][pool.cpp:1144][!consensus.2.0.SimplexPool]	Obtained certificate for FinalizeVote{id={2, 94fpV+f1ycwoKwwipoNttA0er+PtVBQB8rATiI5A/kE=, ?}}: .VVV[0m
285: [1;33m[ 2][t 1][2026-09-29 10:47:43.447780177][test-consensus.cpp:2876][!ManagerFacade.2.0]	Accept block #3 (final signatures), creator_idx=0[0m
285: [1;33m[ 2][t 2][2026-09-29 10:47:43.448930795][pool.cpp:1144][!consensus.1.0.SimplexPool]	Obtained certificate for FinalizeVote{id={2, 94fpV+f1ycwoKwwipoNttA0er+PtVBQB8rATiI5A/kE=, ?}}: .VVV[0m
285: [1;33m[ 2][t 3][2026-09-29 10:47:43.448949958][pool.cpp:1144][!consensus.0.0.SimplexPool]	Obtained certificate for FinalizeVote{id={2, 94fpV+f1ycwoKwwipoNttA0er+PtVBQB8rATiI5A/kE=, ?}}: VV.V[0m
285: [1;33m[ 2][t 2][2026-09-29 10:47:43.449660016][test-consensus.cpp:2876][!ManagerFacade.1.0]	Accept block #3 (final signatures), creator_idx=0[0m
285: [1;33m[ 2][t 7][2026-09-29 10:47:43.449703162][test-consensus.cpp:2876][!ManagerFacade.0.0]	Accept block #3 (final signatures), creator_idx=0[0m
285: [1;33m[ 2][t 2][2026-09-29 10:47:43.450385517][pool.cpp:1144][!consensus.3.0.SimplexPool]	Obtained certificate for FinalizeVote{id={2, 94fpV+f1ycwoKwwipoNttA0er+PtVBQB8rATiI5A/kE=, ?}}: .VVV[0m
285: [1;33m[ 2][t 4][2026-09-29 10:47:43.450947292][test-consensus.cpp:2876][!ManagerFacade.3.0]	Accept block #3 (final signatures), creator_idx=0[0m
285: [1;33m[ 2][t 5][2026-09-29 10:47:43.478276295][candidate-codec.cpp:127][!consensus.0.0.CandidateResolver][&VALIDATOR_SESSION_BENCHMARK]	Broadcast_benchmark serialize_candidate block_id=3400C7BFD4A7A05BE2B91C46644D3722B838CBBD64A8D7A1D64C6391071F9D44 called_from=consensus time_sec=0.000064 compression=compressed original_size=437 compressed_size=341[0m
285: [1;33m[ 2][t 5][2026-09-29 10:47:43.481726703][candidate-codec.cpp:127][!consensus.3.0.CandidateResolver][&VALIDATOR_SESSION_BENCHMARK]	Broadcast_benchmark serialize_candidate block_id=3400C7BFD4A7A05BE2B91C46644D3722B838CBBD64A8D7A1D64C6391071F9D44 called_from=consensus time_sec=0.000034 compression=compressed original_size=437 compressed_size=341[0m
285: [1;33m[ 2][t 7][2026-09-29 10:47:43.483035491][candidate-codec.cpp:127][!consensus.2.0.CandidateResolver][&VALIDATOR_SESSION_BENCHMARK]	Broadcast_benchmark serialize_candidate block_id=3400C7BFD4A7A05BE2B91C46644D3722B838CBBD64A8D7A1D64C6391071F9D44 called_from=consensus time_sec=0.000057 compression=compressed original_size=437 compressed_size=341[0m
285: [1;33m[ 2][t 4][2026-09-29 10:47:43.483285593][test-consensus.cpp:612][!ManagerFacade.0.0]	Validate block #4[0m
285: [1;33m[ 2][t 4][2026-09-29 10:47:43.483304499][test-consensus.cpp:612][!ManagerFacade.3.0]	Validate block #4[0m
285: [1;33m[ 2][t 4][2026-09-29 10:47:43.483309676][test-consensus.cpp:612][!ManagerFacade.2.0]	Validate block #4[0m
285: [1;33m[ 2][t 4][2026-09-29 10:47:43.483542518][test-consensus.cpp:1719][!test-consensus]	PQ finality carrier: compared 3 signature(s) byte-for-byte across journal, FinalCert, #13 carrier, database round trip and BlockProof; carrier-missing count=0; longest consecutive accepted run=3; independently verified accepted proofs=12[0m
285: [1;33m[ 2][t 4][2026-09-29 10:47:43.486291649][candidate-codec.cpp:127][!consensus.1.0.CandidateResolver][&VALIDATOR_SESSION_BENCHMARK]	Broadcast_benchmark serialize_candidate block_id=3400C7BFD4A7A05BE2B91C46644D3722B838CBBD64A8D7A1D64C6391071F9D44 called_from=consensus time_sec=0.000013 compression=compressed original_size=437 compressed_size=341[0m
285: [1;33m[ 2][t 7][2026-09-29 10:47:43.486443979][test-consensus.cpp:612][!ManagerFacade.1.0]	Validate block #4[0m
285: [1;33m[ 2][t 3][2026-09-29 10:47:43.489520840][pool.cpp:1144][!consensus.1.0.SimplexPool]	Obtained certificate for NotarizeVote{id={3, NfAwNBvtbwedrYz8MHWHxME46yM4zOsp/YyKDN8bndQ=, ?}}: VV.V[0m
285: [1;33m[ 2][t 2][2026-09-29 10:47:43.489753070][test-consensus.cpp:531][!ManagerFacade.1.0]	Collate block #5[0m
285: [1;33m[ 2][t 4][2026-09-29 10:47:43.490802847][pool.cpp:1144][!consensus.2.0.SimplexPool]	Obtained certificate for NotarizeVote{id={3, NfAwNBvtbwedrYz8MHWHxME46yM4zOsp/YyKDN8bndQ=, ?}}: V.VV[0m
285: [1;33m[ 2][t 7][2026-09-29 10:47:43.491846955][pool.cpp:1144][!consensus.3.0.SimplexPool]	Obtained certificate for NotarizeVote{id={3, NfAwNBvtbwedrYz8MHWHxME46yM4zOsp/YyKDN8bndQ=, ?}}: V.VV[0m
285: [1;33m[ 2][t 3][2026-09-29 10:47:43.493995627][pool.cpp:1144][!consensus.0.0.SimplexPool]	Obtained certificate for NotarizeVote{id={3, NfAwNBvtbwedrYz8MHWHxME46yM4zOsp/YyKDN8bndQ=, ?}}: VVV.[0m
285: [1;33m[ 2][t 4][2026-09-29 10:47:43.496717240][pool.cpp:1144][!consensus.0.0.SimplexPool]	Obtained certificate for FinalizeVote{id={3, NfAwNBvtbwedrYz8MHWHxME46yM4zOsp/YyKDN8bndQ=, ?}}: VVV.[0m
285: [1;33m[ 2][t 4][2026-09-29 10:47:43.497292850][test-consensus.cpp:2876][!ManagerFacade.0.0]	Accept block #4 (final signatures), creator_idx=0[0m
285: [1;33m[ 2][t 7][2026-09-29 10:47:43.499286348][pool.cpp:1144][!consensus.3.0.SimplexPool]	Obtained certificate for FinalizeVote{id={3, NfAwNBvtbwedrYz8MHWHxME46yM4zOsp/YyKDN8bndQ=, ?}}: .VVV[0m
285: [1;33m[ 2][t 6][2026-09-29 10:47:43.499522778][pool.cpp:1144][!consensus.2.0.SimplexPool]	Obtained certificate for FinalizeVote{id={3, NfAwNBvtbwedrYz8MHWHxME46yM4zOsp/YyKDN8bndQ=, ?}}: .VVV[0m
285: [1;33m[ 2][t 4][2026-09-29 10:47:43.499851875][test-consensus.cpp:2876][!ManagerFacade.3.0]	Accept block #4 (final signatures), creator_idx=0[0m
285: [1;33m[ 2][t 1][2026-09-29 10:47:43.499863991][pool.cpp:1144][!consensus.1.0.SimplexPool]	Obtained certificate for FinalizeVote{id={3, NfAwNBvtbwedrYz8MHWHxME46yM4zOsp/YyKDN8bndQ=, ?}}: VVV.[0m
285: [1;33m[ 2][t 7][2026-09-29 10:47:43.500114946][test-consensus.cpp:2876][!ManagerFacade.2.0]	Accept block #4 (final signatures), creator_idx=0[0m
285: [1;33m[ 2][t 6][2026-09-29 10:47:43.501286535][test-consensus.cpp:2876][!ManagerFacade.1.0]	Accept block #4 (final signatures), creator_idx=0[0m
285: [1;33m[ 2][t 1][2026-09-29 10:47:43.527855481][test-consensus.cpp:2664][!test-consensus]	TEST FINISHED[0m
285: [1;31m[ 1][t 1][2026-09-29 10:47:43.527903171][test-consensus.cpp:1184][!test-consensus]	Stopping node #0.0[0m
285: [1;33m[ 2][t 1][2026-09-29 10:47:43.528061388][test-consensus.cpp:531][!ManagerFacade.1.0]	Collate block #6[0m
285: [1;33m[ 2][t 4][2026-09-29 10:47:43.528062488][candidate-codec.cpp:127][!consensus.1.0.CandidateResolver][&VALIDATOR_SESSION_BENCHMARK]	Broadcast_benchmark serialize_candidate block_id=ADAB192773C2DEDBB5783FB743BCF293F9EC301DDB107FC3630C2AB2573D0399 called_from=consensus time_sec=0.000032 compression=compressed original_size=437 compressed_size=341[0m
285: [1;31m[ 1][t 6][2026-09-29 10:47:43.528096609][test-consensus.cpp:1193][!test-consensus]	Stopped node #0.0[0m
285: [1;31m[ 1][t 6][2026-09-29 10:47:43.528144778][test-consensus.cpp:1184][!test-consensus]	Stopping node #1.0[0m
285: [1;33m[ 2][t 1][2026-09-29 10:47:43.528159673][test-consensus.cpp:612][!ManagerFacade.1.0]	Validate block #5[0m
285: [1;33m[ 2][t 2][2026-09-29 10:47:43.531566217][candidate-codec.cpp:127][!consensus.3.0.CandidateResolver][&VALIDATOR_SESSION_BENCHMARK]	Broadcast_benchmark serialize_candidate block_id=ADAB192773C2DEDBB5783FB743BCF293F9EC301DDB107FC3630C2AB2573D0399 called_from=consensus time_sec=0.000055 compression=compressed original_size=437 compressed_size=341[0m
285: [1;33m[ 2][t 2][2026-09-29 10:47:43.531766459][test-consensus.cpp:612][!ManagerFacade.3.0]	Validate block #5[0m
285: [1;33m[ 2][t 4][2026-09-29 10:47:43.533074894][candidate-codec.cpp:127][!consensus.2.0.CandidateResolver][&VALIDATOR_SESSION_BENCHMARK]	Broadcast_benchmark serialize_candidate block_id=ADAB192773C2DEDBB5783FB743BCF293F9EC301DDB107FC3630C2AB2573D0399 called_from=consensus time_sec=0.000011 compression=compressed original_size=437 compressed_size=341[0m
285: [1;33m[ 2][t 7][2026-09-29 10:47:43.533213689][test-consensus.cpp:612][!ManagerFacade.2.0]	Validate block #5[0m
285: [1;31m[ 1][t 2][2026-09-29 10:47:43.576633166][test-consensus.cpp:1193][!test-consensus]	Stopped node #1.0[0m
285: [1;31m[ 1][t 2][2026-09-29 10:47:43.576679337][test-consensus.cpp:1184][!test-consensus]	Stopping node #2.0[0m
285: [1;31m[ 1][t 7][2026-09-29 10:47:43.576816113][test-consensus.cpp:1193][!test-consensus]	Stopped node #2.0[0m
285: [1;31m[ 1][t 7][2026-09-29 10:47:43.576857302][test-consensus.cpp:1184][!test-consensus]	Stopping node #3.0[0m
285: [1;31m[ 1][t 6][2026-09-29 10:47:43.576977874][test-consensus.cpp:1193][!test-consensus]	Stopped node #3.0[0m
285: [1;33m[ 2][t 6][2026-09-29 10:47:43.577023599][test-consensus.cpp:2672][!test-consensus]	TEST RESULTS:[0m
285: [1;33m[ 2][t 6][2026-09-29 10:47:43.577033109][test-consensus.cpp:2676][!test-consensus]	Node #0 instance #0 : synced up to block 4[0m
285: [1;33m[ 2][t 6][2026-09-29 10:47:43.577041893][test-consensus.cpp:2676][!test-consensus]	Node #1 instance #0 : synced up to block 4[0m
285: [1;33m[ 2][t 6][2026-09-29 10:47:43.577050019][test-consensus.cpp:2676][!test-consensus]	Node #2 instance #0 : synced up to block 4[0m
285: [1;33m[ 2][t 6][2026-09-29 10:47:43.577057743][test-consensus.cpp:2676][!test-consensus]	Node #3 instance #0 : synced up to block 4[0m
285: [1;33m[ 2][t 6][2026-09-29 10:47:43.577065499][test-consensus.cpp:2699][!test-consensus]	C04_NATIVE_PIPELINE_PASS: actual proposal/votes/DB/resolver plus drained quiescent conservation[0m
285: [1;33m[ 2][t 6][2026-09-29 10:47:43.577079749][test-consensus.cpp:831][!test-consensus]	Test finished[0m
1/1 Test #285: c04-native-pipeline ..............   Passed    0.29 sec

The following tests passed:
	c04-native-pipeline

100% tests passed, 0 tests failed out of 1

Total Test time (real) =   0.30 sec
