Running test Test_BReview_FailedActualComponents...
[0m[ 4][t 0][2026-09-11 16:11:38.574963477][mc-config.cpp:572]	workchain description dictionary created[0m
[0m[ 4][t 0][2026-09-11 16:11:38.575158465][mc-config.cpp:2347]	unpacked info for workchain 0: basic=true, active=true, accept_msgs=true, min_split=0, max_split=0[0m
[0m[ 4][t 0][2026-09-11 16:11:38.575168210][mc-config.cpp:2347]	unpacked info for workchain 2: basic=true, active=true, accept_msgs=true, min_split=0, max_split=0[0m
[0m[ 4][t 0][2026-09-11 16:11:38.575296165][transaction.cpp:621]	unpacking account 1111111111111111111111111111111111111111111111111111111111111111[0m
[0m[ 4][t 0][2026-09-11 16:11:38.575311717][transaction.cpp:454]	last_paid=0; cells=16 bits=5120[0m
[0m[ 4][t 0][2026-09-11 16:11:38.575319087][transaction.cpp:684]	end of Account.unpack() for 2:1111111111111111111111111111111111111111111111111111111111111111 (balance = 0ng ; last_trans_lt = 16000001..16000002)[0m
[0m[ 4][t 0][2026-09-11 16:11:38.575337744][transaction.cpp:621]	unpacking account 1111111111111111111111111111111111111111111111111111111111111111[0m
[0m[ 4][t 0][2026-09-11 16:11:38.575345568][transaction.cpp:454]	last_paid=0; cells=16 bits=5448[0m
[0m[ 4][t 0][2026-09-11 16:11:38.575350742][transaction.cpp:684]	end of Account.unpack() for 2:1111111111111111111111111111111111111111111111111111111111111111 (balance = 0ng ; last_trans_lt = 20000001..20000002)[0m
[0m[ 4][t 0][2026-09-11 16:11:38.575671850][transaction.cpp:621]	unpacking account FFFFFFFFFFFFFFFFFFFFFFFFFFFFFFFFFFFFFFFFFFFFFFFFFFFFFFFFFFFFFFFF[0m
[0m[ 4][t 0][2026-09-11 16:11:38.575679692][transaction.cpp:454]	last_paid=0; cells=3 bits=124[0m
[0m[ 4][t 0][2026-09-11 16:11:38.575685630][transaction.cpp:684]	end of Account.unpack() for 2:FFFFFFFFFFFFFFFFFFFFFFFFFFFFFFFFFFFFFFFFFFFFFFFFFFFFFFFFFFFFFFFF (balance = 989999643ng ; last_trans_lt = 16000001..16000003)[0m
[0m[ 4][t 0][2026-09-11 16:11:38.575691426][transaction.cpp:621]	unpacking account FFFFFFFFFFFFFFFFFFFFFFFFFFFFFFFFFFFFFFFFFFFFFFFFFFFFFFFFFFFFFFFF[0m
[0m[ 4][t 0][2026-09-11 16:11:38.575697868][transaction.cpp:454]	last_paid=0; cells=3 bits=124[0m
[0m[ 4][t 0][2026-09-11 16:11:38.575702942][transaction.cpp:684]	end of Account.unpack() for 2:FFFFFFFFFFFFFFFFFFFFFFFFFFFFFFFFFFFFFFFFFFFFFFFFFFFFFFFFFFFFFFFF (balance = 996995705ng ; last_trans_lt = 20000001..20000002)[0m
[0m[ 4][t 0][2026-09-11 16:11:38.575715555][transaction.cpp:621]	unpacking account 0000000000000000000000000000000000000000000000000000000000000000[0m
[0m[ 4][t 0][2026-09-11 16:11:38.575721800][transaction.cpp:454]	last_paid=0; cells=6 bits=966[0m
[0m[ 4][t 0][2026-09-11 16:11:38.575728657][transaction.cpp:684]	end of Account.unpack() for 2:0000000000000000000000000000000000000000000000000000000000000000 (balance = 21003000250ng ; last_trans_lt = 16000001..16000002)[0m
[0m[ 4][t 0][2026-09-11 16:11:38.575734418][transaction.cpp:621]	unpacking account 0000000000000000000000000000000000000000000000000000000000000000[0m
[0m[ 4][t 0][2026-09-11 16:11:38.575742012][transaction.cpp:454]	last_paid=0; cells=6 bits=966[0m
[0m[ 4][t 0][2026-09-11 16:11:38.575746898][transaction.cpp:684]	end of Account.unpack() for 2:0000000000000000000000000000000000000000000000000000000000000000 (balance = 21006000250ng ; last_trans_lt = 20000001..20000002)[0m
CUSTODY before=989999643 after=996995705 delta=6996062
COORDINATOR before=21003000250 after=21006000250 delta=3000000
ACTUAL_CUSTODY_TX_FEE=8
ACTUAL_NATIVE_BOUNCE collected=1309 forwarded=2621 sum=3930 matched_inbound_and_outbound=1
COMPONENTS x=10000000 y=9996070 b=4000000 base=2 units=4 g=8 slot=3000000 installed_receipt=10996062
PASS in 2753.0us
1 test(s) passed
