F..
======================================================================
FAIL: test_no_test_capability_in_host (__main__.Boundary.test_no_test_capability_in_host)
----------------------------------------------------------------------
Traceback (most recent call last):
  File "/home/tomi/tos/crypto/test/workchain-proof-boundary-gates.py", line 48, in test_no_test_capability_in_host
    self.assertEqual(hits, ["crypto/block/workchain-proof-work.h"])
    ~~~~~~~~~~~~~~~~^^^^^^^^^^^^^^^^^^^^^^^^^^^^^^^^^^^^^^^^^^^^^^^
AssertionError: Lists differ: ['cry[21 chars]roof-boundary-probe.cpp', 'crypto/block/workch[13 chars]k.h'] != ['cry[21 chars]roof-work.h']

First differing element 0:
'crypto/block/workchain-proof-boundary-probe.cpp'
'crypto/block/workchain-proof-work.h'

First list contains 1 additional elements.
First extra element 1:
'crypto/block/workchain-proof-work.h'

- ['crypto/block/workchain-proof-boundary-probe.cpp',
-  'crypto/block/workchain-proof-work.h']
? ^

+ ['crypto/block/workchain-proof-work.h']
? ^


----------------------------------------------------------------------
Ran 3 tests in 0.230s

FAILED (failures=1)
