F..
======================================================================
FAIL: test_no_test_capability_in_host (__main__.Boundary.test_no_test_capability_in_host)
----------------------------------------------------------------------
Traceback (most recent call last):
  File "/home/tomi/tos/crypto/test/workchain-proof-boundary-gates.py", line 51, in test_no_test_capability_in_host
    self.assertEqual(hits, ["crypto/block/workchain-proof-work.h"])
    ~~~~~~~~~~~~~~~~^^^^^^^^^^^^^^^^^^^^^^^^^^^^^^^^^^^^^^^^^^^^^^^
AssertionError: Lists differ: ['cry[26 chars]work.h', 'validator-engine/workchain-proof-boundary-probe.cpp'] != ['cry[26 chars]work.h']

First list contains 1 additional elements.
First extra element 1:
'validator-engine/workchain-proof-boundary-probe.cpp'

- ['crypto/block/workchain-proof-work.h',
?                                       ^

+ ['crypto/block/workchain-proof-work.h']
?                                       ^

-  'validator-engine/workchain-proof-boundary-probe.cpp']

----------------------------------------------------------------------
Ran 3 tests in 0.324s

FAILED (failures=1)
