[1/138] cd /home/tomi/tos/uno/crypto && /usr/bin/cmake -E env CARGO_NET_OFFLINE=true CARGO_TARGET_DIR=/home/tomi/tos/build/uno/crypto/cargo-target /home/tomi/.cargo/bin/cargo build --locked --offline --release -j32
    Finished `release` profile [optimized] target(s) in 0.07s
[2/136] Checking the git repository for changes...
[3/82] Building CXX object CMakeFiles/test-workchain-block.dir/crypto/test/test-workchain-block.cpp.o
[4/82] Linking CXX executable test-validator-options
[5/82] Linking CXX executable test-vm-exception-hardening
[6/82] Linking CXX executable test-workchain-block
[7/82] Linking CXX executable test-http-server-limits
[8/82] Linking CXX executable test-toslib-offline
[9/82] Linking CXX executable test-metrics-label-bound
[10/82] Linking CXX executable crypto/create-state
[11/82] Linking CXX shared library emulator/libemulator.so
[12/82] Linking CXX executable tol/tol
[13/82] Compiling Tol contract jetton-minter-tol -> /home/tomi/tos/build/slice1-gas-parity/jetton-minter-tol.boc
[14/82] Compiling FunC contract jetton-minter-func -> /home/tomi/tos/build/slice1-gas-parity/jetton-minter-func.boc
[15/82] Compiling Tol contract slice5-receive-context-tol -> /home/tomi/tos/build/slice1-gas-parity/slice5-receive-context-tol.boc
[16/82] Compiling FunC contract jetton-wallet-func -> /home/tomi/tos/build/slice1-gas-parity/jetton-wallet-func.boc
[17/82] Linking CXX executable test-smartcont
[18/82] Compiling Tol contract jetton-wallet-tol -> /home/tomi/tos/build/slice1-gas-parity/jetton-wallet-tol.boc
[19/82] Compiling FunC contract wallet-v5-func -> /home/tomi/tos/build/slice1-gas-parity/wallet-v5-func.boc
[20/82] Compiling Tol contract wallet-v5-tol -> /home/tomi/tos/build/slice1-gas-parity/wallet-v5-tol.boc
[21/82] Compiling Tol contract tos-report-bond-oracle -> /home/tomi/tos/build/slice1-gas-parity/tos-report-bond-oracle.boc
[22/82] Linking CXX executable test-emulator
[23/82] Building CXX object validator/CMakeFiles/validator.dir/storage-stat-cache.cpp.o
[24/82] Building CXX object CMakeFiles/test-block-handle-flags.dir/test/test-block-handle-flags.cpp.o
[25/82] Building CXX object validator/CMakeFiles/validator.dir/token-manager.cpp.o
[26/82] Building CXX object validator/CMakeFiles/validator.dir/get-next-key-blocks.cpp.o
[27/82] Building CXX object validator/CMakeFiles/validator.dir/consensus/simplex/collator-schedule.cpp.o
[28/82] Building CXX object validator/CMakeFiles/validator.dir/consensus/simplex/bus.cpp.o
[29/82] Linking CXX executable test-block-handle-flags
[30/82] Building CXX object validator/CMakeFiles/validator.dir/shard-block-verifier.cpp.o
[31/82] Building CXX object validator/CMakeFiles/validator.dir/collator-node/collator-node-session.cpp.o
[32/82] Building CXX object CMakeFiles/test-celldb-actor-restart.dir/test/test-celldb-actor-restart.cpp.o
[33/82] Building CXX object validator/CMakeFiles/validator.dir/shard-block-retainer.cpp.o
[34/82] Building CXX object validator/CMakeFiles/validator.dir/validator-telemetry.cpp.o
[35/82] Building CXX object CMakeFiles/test-celldb-streaming-import.dir/test/test-celldb-streaming-import.cpp.o
[36/82] Building CXX object validator/CMakeFiles/validator.dir/consensus/simplex/certificate.cpp.o
[37/82] Building CXX object CMakeFiles/test-wallet-message-processor.dir/test/test-wallet-message-processor.cpp.o
[38/82] Building CXX object validator/CMakeFiles/validator.dir/validate-broadcast.cpp.o
[39/82] Building CXX object validator/CMakeFiles/validator.dir/impl/applied-ext-message-cleanup.cpp.o
[40/82] Building CXX object validator/CMakeFiles/validator.dir/collation-manager.cpp.o
[41/82] Building CXX object validator/CMakeFiles/validator.dir/consensus/simplex/db.cpp.o
[42/82] Building CXX object validator/CMakeFiles/validator.dir/downloaders/wait-block-data.cpp.o
[43/82] Linking CXX executable test-wallet-message-processor
[44/82] Building CXX object CMakeFiles/test-download-state-budget.dir/test/test-download-state-budget.cpp.o
[45/82] Building CXX object validator/CMakeFiles/validator.dir/import-db-slice.cpp.o
[46/82] Linking CXX executable test/toslib/test-ffi-awaitable
[47/82] Building CXX object CMakeFiles/test-ext-message-pool.dir/test/test-ext-message-pool.cpp.o
[48/82] Linking CXX executable test/toslib/test-ffi-event-loop
[49/82] Building CXX object validator/CMakeFiles/validator.dir/collator-node/collator-node.cpp.o
[50/82] Linking CXX executable test-ext-message-pool
[51/82] Building CXX object validator/CMakeFiles/validator.dir/state-serializer.cpp.o
[52/82] Building CXX object validator/CMakeFiles/validator.dir/consensus/simplex/candidate-resolver.cpp.o
[53/82] Building CXX object validator/CMakeFiles/validator.dir/consensus/simplex/consensus.cpp.o
[54/82] Building CXX object validator/CMakeFiles/validator.dir/consensus/simplex/metric-collector.cpp.o
[55/82] Building CXX object validator/CMakeFiles/validator.dir/import-db-slice-local.cpp.o
[56/82] Building CXX object CMakeFiles/test-uno-state-snapshot.dir/test/test-uno-state-snapshot.cpp.o
[57/82] Building CXX object CMakeFiles/test-uno-storage-measurement.dir/test/test-uno-state-snapshot.cpp.o
[58/82] Building CXX object validator/CMakeFiles/validator.dir/consensus/simplex/votes.cpp.o
[59/82] Building CXX object validator/CMakeFiles/validator.dir/consensus/block-accepter.cpp.o
[60/82] Building CXX object validator/CMakeFiles/validator.dir/consensus/trace-collector.cpp.o
[61/82] Building CXX object validator/CMakeFiles/validator.dir/consensus/simplex/pool.cpp.o
[62/82] Building CXX object validator/CMakeFiles/validator.dir/consensus/utils.cpp.o
[63/82] Building CXX object validator/CMakeFiles/validator.dir/consensus/types.cpp.o
[64/82] Building CXX object validator/CMakeFiles/validator.dir/consensus/misbehavior-reporter.cpp.o
[65/82] Building CXX object validator/CMakeFiles/validator.dir/consensus/block-validator.cpp.o
[66/82] Building CXX object validator/CMakeFiles/validator.dir/consensus/block-sync-overlay.cpp.o
[67/82] Building CXX object validator/CMakeFiles/validator.dir/consensus/chain-state.cpp.o
[68/82] Building CXX object validator/CMakeFiles/validator.dir/consensus/bus.cpp.o
[69/82] Building CXX object validator/CMakeFiles/validator.dir/consensus/simplex/state-resolver.cpp.o
[70/82] Building CXX object validator/CMakeFiles/validator.dir/consensus/block-producer.cpp.o
[71/82] Building CXX object validator/CMakeFiles/validator.dir/consensus/private-overlay.cpp.o
[72/82] Building CXX object validator/CMakeFiles/validator.dir/consensus/bridge.cpp.o
[73/82] Building CXX object validator/CMakeFiles/full-node.dir/full-node.cpp.o
[74/82] Linking CXX static library validator/libfull-node.a
[75/82] Linking CXX executable test-download-next-blocks-validation
[76/82] Linking CXX executable test-download-state-budget
[77/82] Linking CXX executable test-celldb-actor-restart
[78/82] Linking CXX executable test-celldb-streaming-import
[79/82] Building CXX object validator/CMakeFiles/validator.dir/manager.cpp.o
[80/82] Linking CXX static library validator/libvalidator.a
[81/82] Linking CXX executable test-uno-state-snapshot
[82/82] Linking CXX executable test-uno-storage-measurement
