   Compiling proc-macro2 v1.0.107
   Compiling unicode-ident v1.0.24
   Compiling quote v1.0.47
   Compiling rand_core v0.10.1
   Compiling cfg-if v1.0.4
   Compiling typenum v1.20.1
   Compiling subtle v2.6.1
   Compiling semver v1.0.28
   Compiling libc v0.2.189
   Compiling serde_core v1.0.229
   Compiling cpufeatures v0.3.1
   Compiling getrandom v0.4.3
   Compiling serde v1.0.229
   Compiling bitflags v1.3.2
   Compiling byteorder v1.5.0
   Compiling thiserror v2.0.20
   Compiling keccak v0.1.6
   Compiling rustc_version v0.4.1
   Compiling ff v0.14.0
   Compiling keccak v0.2.2
   Compiling chacha20 v0.10.2
   Compiling group v0.14.0
   Compiling curve25519-dalek v5.0.2 (/home/tomi/.cargo/git/checkouts/curve25519-dalek-34e77fdc1853c816/10042b0/curve25519-dalek)
   Compiling hybrid-array v0.4.14
   Compiling crypto-common v0.2.2
   Compiling block-buffer v0.12.1
   Compiling rand v0.10.1
   Compiling digest v0.11.3
   Compiling sha3 v0.11.0
   Compiling syn v3.0.5
   Compiling syn v2.0.119
   Compiling bytemuck_derive v1.12.0
   Compiling serde_derive v1.0.229
   Compiling thiserror-impl v2.0.20
   Compiling zeroize_derive v1.5.0
   Compiling curve25519-dalek-derive v0.1.1
   Compiling zeroize v1.9.0
   Compiling strobe-rs v0.10.0
   Compiling bytemuck v1.25.2
   Compiling merlin v4.1.0 (/home/tomi/.cargo/git/checkouts/merlin-0f4e2c1d8524998f/ee857c7)
   Compiling bulletproofs v5.3.0 (/tmp/uno-m2-weighted-run1/local)
   Compiling range-differential v0.0.0 (/tmp/uno-m2-weighted-run1/local-harness)
warning: struct `Factor` is never constructed
 --> src/main.rs:8:8
  |
8 | struct Factor(u8);
  |        ^^^^^^
  |
  = note: `#[warn(dead_code)]` (part of `#[warn(unused)]`) on by default

warning: `range-differential` (bin "range-differential") generated 1 warning
    Finished `release` profile [optimized] target(s) in 10.50s
