[1;36m[ 3][t 1][2026-09-10 01:03:44.747224441][test-tos-collator.cpp:331][!testnode]	no init block in config. using zero state[0m
[1;36m[ 3][t 1][2026-09-10 01:03:44.747421517][test-tos-collator.cpp:356][!testnode]	Hardforks num in config: 0[0m
[1;36m[ 3][t 3][2026-09-10 01:03:44.748887081][manager-init.cpp:333][!starter]	Starting validator manager[0m
[1;33m[ 2][t 4][2026-09-10 01:03:44.761432346][celldb.cpp:371][!celldbin]	Using V1 DynamicBagOfCells with options V1{}[0m
[1;36m[ 3][t 6][2026-09-10 01:03:44.762129521][manager-init.cpp:39][!reiniter]	init_block_id=[ w=-1 s=9223372036854775808 seq=0 sc16eP/p0Qu1p2QZaFokgbvPf51IeKVKVeTur72YEM8= 9eICTavvrfA8rIxWupBvt45UerbpLO4O2DI1YmVgz24= ][0m
[1;36m[ 3][t 6][2026-09-10 01:03:44.767159695][download-state.cpp:491][!reiniter]	requested to download state of (-1,8000000000000000,0):B1CD7A78FFE9D10BB5A76419685A2481BBCF7F9D4878A54A55E4EEAFBD9810CF:F5E2024DABEFADF03CAC8C56BA906FB78E547AB6E92CEE0ED83235626560CF6E referenced by (-2147483648,0000000000000000,0):0000000000000000000000000000000000000000000000000000000000000000:0000000000000000000000000000000000000000000000000000000000000000 with split depth 0[0m
[1;33m[ 2][t 6][2026-09-10 01:03:44.767657131][download-state.cpp:1100][!downloadstate]	checked shard state (-1,8000000000000000,0):B1CD7A78FFE9D10BB5A76419685A2481BBCF7F9D4878A54A55E4EEAFBD9810CF:F5E2024DABEFADF03CAC8C56BA906FB78E547AB6E92CEE0ED83235626560CF6E[0m
[1;33m[ 2][t 3][2026-09-10 01:03:44.768412001][download-state.cpp:1697][!downloadstate]	written shard state file (-1,8000000000000000,0):B1CD7A78FFE9D10BB5A76419685A2481BBCF7F9D4878A54A55E4EEAFBD9810CF:F5E2024DABEFADF03CAC8C56BA906FB78E547AB6E92CEE0ED83235626560CF6E[0m
[1;36m[ 3][t 4][2026-09-10 01:03:44.771804665][celldb.cpp:251][!celldbin]	Validating metadata[0m
[1;36m[ 3][t 4][2026-09-10 01:03:44.771849843][celldb.cpp:307][!celldbin]	Validating metadata: OK[0m
[1;33m[ 2][t 7][2026-09-10 01:03:44.798482174][download-state.cpp:1759][!downloadstate]	finished downloading and storing shard state (-1,8000000000000000,0):B1CD7A78FFE9D10BB5A76419685A2481BBCF7F9D4878A54A55E4EEAFBD9810CF:F5E2024DABEFADF03CAC8C56BA906FB78E547AB6E92CEE0ED83235626560CF6E[0m
[1;36m[ 3][t 4][2026-09-10 01:03:44.798530530][download-state.cpp:491][!reiniter]	requested to download state of (-1,8000000000000000,0):B1CD7A78FFE9D10BB5A76419685A2481BBCF7F9D4878A54A55E4EEAFBD9810CF:F5E2024DABEFADF03CAC8C56BA906FB78E547AB6E92CEE0ED83235626560CF6E referenced by (-1,8000000000000000,0):B1CD7A78FFE9D10BB5A76419685A2481BBCF7F9D4878A54A55E4EEAFBD9810CF:F5E2024DABEFADF03CAC8C56BA906FB78E547AB6E92CEE0ED83235626560CF6E with split depth 0[0m
[1;33m[ 2][t 3][2026-09-10 01:03:44.798577926][download-state.cpp:519][!downloadstate]	shard state (-1,8000000000000000,0):B1CD7A78FFE9D10BB5A76419685A2481BBCF7F9D4878A54A55E4EEAFBD9810CF:F5E2024DABEFADF03CAC8C56BA906FB78E547AB6E92CEE0ED83235626560CF6E already stored in db[0m
[1;33m[ 2][t 3][2026-09-10 01:03:44.798728234][download-state.cpp:1759][!downloadstate]	finished downloading and storing shard state (-1,8000000000000000,0):B1CD7A78FFE9D10BB5A76419685A2481BBCF7F9D4878A54A55E4EEAFBD9810CF:F5E2024DABEFADF03CAC8C56BA906FB78E547AB6E92CEE0ED83235626560CF6E[0m
[1;36m[ 3][t 7][2026-09-10 01:03:44.798768290][manager-init.cpp:294][!reiniter]	downloaded masterchain state[0m
[1;33m[ 2][t 4][2026-09-10 01:03:44.798795867][shard-client.cpp:58][!shardclient]	Downloading shard states for masterchain block [ w=-1 s=9223372036854775808 seq=0 sc16eP/p0Qu1p2QZaFokgbvPf51IeKVKVeTur72YEM8= 9eICTavvrfA8rIxWupBvt45UerbpLO4O2DI1YmVgz24= ][0m
[1;33m[ 2][t 4][2026-09-10 01:03:44.798805390][shard-client.cpp:71][!shardclient]	Downloaded all shard states[0m
[1;36m[ 3][t 7][2026-09-10 01:03:44.799326698][manager-init.cpp:305][!reiniter]	downloaded all shards[0m
[1;36m[ 3][t 7][2026-09-10 01:03:44.799346422][manager-init.cpp:316][!reiniter]	persistent state download finished[0m
[1;31m[ 1][t 6][2026-09-10 01:03:44.800325393][manager-disk.cpp:291][!manager]	running collate query[0m
[1;33m[ 2][t 6][2026-09-10 01:03:44.800461725][collator.cpp:145][!collate(-1,8000000000000000):1]	Collator for shard (-1,8000000000000000) started[0m
[1;36m[ 3][t 6][2026-09-10 01:03:44.800536765][collator.cpp:832][!collate(-1,8000000000000000):1]	after_get_shard_blocks: got 0 ShardTopBlockDescriptions[0m
[1;36m[ 3][t 6][2026-09-10 01:03:44.800554640][collator.cpp:846][!collate(-1,8000000000000000):1]	after_get_storage_stat_cache : [Error : 0 : not implemented][0m
[1;33m[ 2][t 6][2026-09-10 01:03:44.800756447][collator.cpp:669][!collate(-1,8000000000000000):1]	in Collator::after_get_shard_state(0)[0m
[1;33m[ 2][t 6][2026-09-10 01:03:44.800780982][collator.cpp:2086][!collate(-1,8000000000000000):1]	running do_preinit()[0m
[1;36m[ 3][t 6][2026-09-10 01:03:44.800803057][collator.cpp:1779][!collate(-1,8000000000000000):1]	unpacking most recent masterchain state[0m
[1;31m[ 1][t 6][2026-09-10 01:03:44.800931538][collator.cpp:928][!collate(-1,8000000000000000):1]	block version 16 have been enabled in global configuration, but we support only 15 (upgrade validator software?)[0m
[1;36m[ 3][t 6][2026-09-10 01:03:44.801070109][collator.cpp:1842][!collate(-1,8000000000000000):1]	adding new workchain 0 to shard configuration in masterchain state[0m
[1;36m[ 3][t 6][2026-09-10 01:03:44.801109364][collator.cpp:1842][!collate(-1,8000000000000000):1]	adding new workchain 2 to shard configuration in masterchain state[0m
[1;36m[ 3][t 6][2026-09-10 01:03:44.801150093][collator.cpp:2266][!collate(-1,8000000000000000):1]	start_lt set to 1000000[0m
[1;36m[ 3][t 6][2026-09-10 01:03:44.801206954][collator.cpp:1047][!collate(-1,8000000000000000):1]	neighbor output queues fetched, took 0.000036s[0m
[1;33m[ 2][t 6][2026-09-10 01:03:44.801499748][collator.cpp:1169][!collate(-1,8000000000000000):1]	got outbound queue size from prev block #0: 0[0m
[1;33m[ 2][t 6][2026-09-10 01:03:44.801546240][collator.cpp:2439][!collate(-1,8000000000000000):1]	do_collate() : start[0m
[1;36m[ 3][t 6][2026-09-10 01:03:44.802401009][collator.cpp:2673][!collate(-1,8000000000000000):1]	cleaning outbound queue from messages already imported by neighbors[0m
[1;33m[ 2][t 6][2026-09-10 01:03:44.802417503][collator.cpp:2840][!collate(-1,8000000000000000):1]	deleted 0 messages from out_msg_queue, remaining queue size is 0[0m
[1;36m[ 3][t 6][2026-09-10 01:03:44.802443472][collator.cpp:2405][!collate(-1,8000000000000000):1]	fee recovery skipped (0ng)[0m
[1;36m[ 3][t 6][2026-09-10 01:03:44.802458521][collator.cpp:2527][!collate(-1,8000000000000000):1]	process dispatch queue[0m
[1;36m[ 3][t 6][2026-09-10 01:03:44.802469017][collator.cpp:2532][!collate(-1,8000000000000000):1]	create tick transactions[0m
[1;36m[ 3][t 6][2026-09-10 01:03:44.802491305][collator.cpp:2553][!collate(-1,8000000000000000):1]	process inbound internal messages[0m
[1;36m[ 3][t 6][2026-09-10 01:03:44.802499712][collator.cpp:4498][!collate(-1,8000000000000000):1]	process inbound external messages[0m
[1;36m[ 3][t 4][2026-09-10 01:03:44.802533535][collator.cpp:4506][!collate(-1,8000000000000000):1]	process newly-generated messages[0m
[1;36m[ 3][t 4][2026-09-10 01:03:44.802544847][collator.cpp:4511][!collate(-1,8000000000000000):1]	Don't wait for new external messages[0m
[1;36m[ 3][t 4][2026-09-10 01:03:44.802550017][collator.cpp:2575][!collate(-1,8000000000000000):1]	create tock transactions[0m
[1;36m[ 3][t 4][2026-09-10 01:03:44.802650416][collator.cpp:2580][!collate(-1,8000000000000000):1]	enqueue newly-generated messages[0m
[1;36m[ 3][t 4][2026-09-10 01:03:44.802655857][collator.cpp:5778][!collate(-1,8000000000000000):1]	final out_msg_queue size is 0[0m
[1;36m[ 3][t 4][2026-09-10 01:03:44.802659776][collator.cpp:5782][!collate(-1,8000000000000000):1]	block load statistics: gas=0 lt_delta=2 size_estimate=2561 collated_size_estimate=0[0m
[1;36m[ 3][t 4][2026-09-10 01:03:44.802663610][collator.cpp:5822][!collate(-1,8000000000000000):1]	block is underloaded[0m
[1;36m[ 3][t 4][2026-09-10 01:03:44.803054169][collator.cpp:5514][!collate(-1,8000000000000000):1]	masterchain validator set hash changed from 2805358205 to 2805358205[0m
[1;36m[ 3][t 4][2026-09-10 01:03:44.803068191][collator.cpp:5557][!collate(-1,8000000000000000):1]	Global balance is 0ng[0m
[1;36m[ 3][t 4][2026-09-10 01:03:44.803075740][collator.cpp:5677][!collate(-1,8000000000000000):1]	updating block creator statistics[0m
[1;36m[ 3][t 4][2026-09-10 01:03:44.803079770][collator.cpp:5693][!collate(-1,8000000000000000):1]	scanning for outdated CreatorStats entries[0m
[1;36m[ 3][t 4][2026-09-10 01:03:44.803123839][collator.cpp:5719][!collate(-1,8000000000000000):1]	removed 0 stale CreatorStats entries out of 0 scanned[0m
[1;36m[ 3][t 4][2026-09-10 01:03:44.803135867][collator.cpp:5600][!collate(-1,8000000000000000):1]	McStateExtra created[0m
[1;36m[ 3][t 4][2026-09-10 01:03:44.803160883][collator.cpp:6155][!collate(-1,8000000000000000):1]	creating Merkle update for the ShardState[0m
[1;36m[ 3][t 4][2026-09-10 01:03:44.803203672][collator.cpp:6168][!collate(-1,8000000000000000):1]	updating block profile statistics[0m
[1;36m[ 3][t 4][2026-09-10 01:03:44.803211258][collator.cpp:6170][!collate(-1,8000000000000000):1]	new ShardState and corresponding Merkle update created[0m
[1;36m[ 3][t 4][2026-09-10 01:03:44.803220136][collator.cpp:6410][!collate(-1,8000000000000000):1]	Value flow: (value-flow from_prev_blk:0ng to_next_blk:0ng imported:0ng exported:0ng fees_collected:0ng fees_imported:0ng recovered:0ng created:0ng minted:0ng)[0m
[1;36m[ 3][t 4][2026-09-10 01:03:44.803244253][collator.cpp:6508][!collate(-1,8000000000000000):1]	verifying new Block[0m
[1;36m[ 3][t 4][2026-09-10 01:03:44.803275889][collator.cpp:6513][!collate(-1,8000000000000000):1]	new Block created[0m
[1;36m[ 3][t 4][2026-09-10 01:03:44.803286465][collator.cpp:6729][!collate(-1,8000000000000000):1]	serializing new Block[0m
[1;36m[ 3][t 4][2026-09-10 01:03:44.803319422][collator.cpp:6760][!collate(-1,8000000000000000):1]	serialized block size 1913 bytes (preliminary estimate was 2561)[0m
[1;36m[ 3][t 4][2026-09-10 01:03:44.803324393][collator.cpp:6763][!collate(-1,8000000000000000):1]	size regression stats: 1913 18 6480 19 4 1 1[0m
[1;36m[ 3][t 4][2026-09-10 01:03:44.803328197][collator.cpp:6766][!collate(-1,8000000000000000):1]	serialized collated data size 33 bytes (preliminary estimate was 0)[0m
[1;36m[ 3][t 4][2026-09-10 01:03:44.803336354][collator.cpp:6826][!collate(-1,8000000000000000):1]	saving new BlockCandidate[0m
[1;33m[ 2][t 4][2026-09-10 01:03:44.805425585][collator.cpp:6865][!collate(-1,8000000000000000):1]	sending new BlockCandidate to Promise[0m
[1;33m[ 2][t 4][2026-09-10 01:03:44.805431890][collator.cpp:6866][!collate(-1,8000000000000000):1]	collation took 0.004993 s[0m
[1;33m[ 2][t 4][2026-09-10 01:03:44.805441452][collator.cpp:6867][!collate(-1,8000000000000000):1]	{{
	{set_block_candidate:154110.425432->154110.427515(0.002083)}
	{do_collate:154110.423620->154110.425441(0.001820)}
	{post_ext_processing:154110.424746->154110.425438(0.000692)}
	{wait_block_state #0:154110.422581->154110.422858(0.000276)}
	{get_storage_stat_cache:154110.422599->154110.422644(0.000046)[Error : 0 : not implemented]}
	{neighbor_msg_queues:154110.423260->154110.423297(0.000036)}
	{get_shard_blocks_for_collator:154110.422597->154110.422626(0.000029)}
}[0m
[1;33m[ 2][t 4][2026-09-10 01:03:44.805463646][collator.cpp:6978][!collate(-1,8000000000000000):1]	Collate query work time = 0.002188s, cpu time = 0.002185s[0m
[1;31m[ 1][t 6][2026-09-10 01:03:44.808825168][manager-disk.cpp:264][!manager]	created block [ w=-1 s=9223372036854775808 seq=1 WRSJpspXHYTVgoNxnEwspyBnIe75+73/6Lq2S6R6Jmk= 0ji8H6Viq6nX0dHeZqsZPBUd64zfGLtpQujWU4D6UuQ= ][0m
[1;33m[ 2][t 6][2026-09-10 01:03:44.808875361][validate-query.cpp:289][!fakevalidate(-1,8000000000000000):1#0]	validate query for (-1,8000000000000000,1):591489A6CA571D84D58283719C4C2CA7206721EEF9FBBDFFE8BAB64BA47A2669:D238BC1FA562ABA9D7D1D1DE66AB193C151DEB8CDF18BB6942E8D65380FA52E4 started[0m
[1;33m[ 2][t 3][2026-09-10 01:03:44.808981344][validate-query.cpp:786][!fakevalidate(-1,8000000000000000):1#0]	in ValidateQuery::after_get_latest_mc_state()[0m
[1;36m[ 3][t 3][2026-09-10 01:03:44.809027280][validate-query.cpp:884][!fakevalidate(-1,8000000000000000):1#0]	after_get_storage_stat_cache : [Error : 0 : not implemented][0m
[1;33m[ 2][t 3][2026-09-10 01:03:44.809213272][validate-query.cpp:904][!fakevalidate(-1,8000000000000000):1#0]	in ValidateQuery::after_get_shard_state(0)[0m
[1;31m[ 1][t 3][2026-09-10 01:03:44.809318416][validate-query.cpp:1002][!fakevalidate(-1,8000000000000000):1#0]	block version 16 have been enabled in global configuration, but we support only 15 (upgrade validator software?)[0m
[1;33m[ 2][t 7][2026-09-10 01:03:44.809476460][validate-query.cpp:786][!fakevalidate(-1,8000000000000000):1#0]	in ValidateQuery::after_get_latest_mc_state()[0m
[1;33m[ 2][t 7][2026-09-10 01:03:44.809509732][validate-query.cpp:7761][!fakevalidate(-1,8000000000000000):1#0]	try_validate stage 0[0m
[1;36m[ 3][t 7][2026-09-10 01:03:44.809774819][validate-query.cpp:2478][!fakevalidate(-1,8000000000000000):1#0]	masterchain validator set hash changed from 2805358205 to 2805358205[0m
[1;33m[ 2][t 7][2026-09-10 01:03:44.809805934][validate-query.cpp:7801][!fakevalidate(-1,8000000000000000):1#0]	try_validate stage 1[0m
[1;36m[ 3][t 7][2026-09-10 01:03:44.809813429][validate-query.cpp:7802][!fakevalidate(-1,8000000000000000):1#0]	running automated validity checks for block candidate (-1,8000000000000000,1):591489A6CA571D84D58283719C4C2CA7206721EEF9FBBDFFE8BAB64BA47A2669:D238BC1FA562ABA9D7D1D1DE66AB193C151DEB8CDF18BB6942E8D65380FA52E4[0m
[1;36m[ 3][t 7][2026-09-10 01:03:44.809983143][validate-query.cpp:3200][!fakevalidate(-1,8000000000000000):1#0]	pre-checking all Account updates between the old and the new state[0m
[1;36m[ 3][t 7][2026-09-10 01:03:44.810008876][validate-query.cpp:3393][!fakevalidate(-1,8000000000000000):1#0]	pre-checking all AccountBlocks, and all transactions of all accounts[0m
[1;36m[ 3][t 7][2026-09-10 01:03:44.810042454][validate-query.cpp:3652][!fakevalidate(-1,8000000000000000):1#0]	pre-checking the difference between the old and the new outbound message queues[0m
[1;36m[ 3][t 7][2026-09-10 01:03:44.810049872][validate-query.cpp:3673][!fakevalidate(-1,8000000000000000):1#0]	outbound message queue size: 0 -> 0[0m
[1;36m[ 3][t 7][2026-09-10 01:03:44.810057889][validate-query.cpp:3816][!fakevalidate(-1,8000000000000000):1#0]	checking the difference between the old and the new dispatch queues[0m
[1;36m[ 3][t 7][2026-09-10 01:03:44.810075142][validate-query.cpp:4574][!fakevalidate(-1,8000000000000000):1#0]	checking inbound messages listed in InMsgDescr[0m
[1;36m[ 3][t 7][2026-09-10 01:03:44.810092072][validate-query.cpp:5247][!fakevalidate(-1,8000000000000000):1#0]	checking outbound messages listed in OutMsgDescr[0m
[1;36m[ 3][t 7][2026-09-10 01:03:44.810103204][validate-query.cpp:5271][!fakevalidate(-1,8000000000000000):1#0]	checking ProcessedInfo[0m
[1;36m[ 3][t 7][2026-09-10 01:03:44.810110426][validate-query.cpp:5308][!fakevalidate(-1,8000000000000000):1#0]	ProcessedInfo claims to have processed all inbound messages up to (0,0000000000000000000000000000000000000000000000000000000000000000)[0m
[1;36m[ 3][t 7][2026-09-10 01:03:44.810121501][validate-query.cpp:6511][!fakevalidate(-1,8000000000000000):1#0]	checking all transactions[0m
[1;33m[ 2][t 7][2026-09-10 01:03:44.810219488][validate-query.cpp:7920][!fakevalidate(-1,8000000000000000):1#0]	try_validate stage 2[0m
[1;36m[ 3][t 7][2026-09-10 01:03:44.810245963][validate-query.cpp:6963][!fakevalidate(-1,8000000000000000):1#0]	checking header of the new shardchain state[0m
[1;36m[ 3][t 7][2026-09-10 01:03:44.810289378][validate-query.cpp:7262][!fakevalidate(-1,8000000000000000):1#0]	checking header of McStateExtra in the new masterchain state[0m
[1;36m[ 3][t 7][2026-09-10 01:03:44.810859926][validate-query.cpp:7576][!fakevalidate(-1,8000000000000000):1#0]	checking all CreatorStats updates between the old and the new state[0m
[1;33m[ 2][t 4][2026-09-10 01:03:44.810960417][validate-query.cpp:8017][!fakevalidate(-1,8000000000000000):1#0]	validation took 0.002094s[0m
[1;33m[ 2][t 4][2026-09-10 01:03:44.810972321][validate-query.cpp:8018][!fakevalidate(-1,8000000000000000):1#0]	Validate query work time = 0.001369s, cpu time = 0.001368s[0m
[1;33m[ 2][t 4][2026-09-10 01:03:44.810978717][validate-query.cpp:8020][!fakevalidate(-1,8000000000000000):1#0]	{{
	{wait_block_state #0:154110.431051->154110.431303(0.000252)}
	{get_top_masterchain_state_block:154110.430975->154110.431070(0.000095)}
	{wait_verify_shard_blocks:154110.431832->154110.431895(0.000063)}
	{get_storage_stat_cache:154110.431055->154110.431117(0.000062)[Error : 0 : not implemented]}
	{set_block_candidate:154110.432969->154110.433030(0.000061)}
	{get_top_masterchain_state_block:154110.431548->154110.431565(0.000018)}
}[0m
[1;33m[ 2][t 4][2026-09-10 01:03:44.811003384][validate-query.cpp:269][!fakevalidate(-1,8000000000000000):1#0]	validate query done[0m
[1;31m[ 1][t 3][2026-09-10 01:03:44.822753804][manager-disk.cpp:369][!manager]	success, block [ w=-1 s=9223372036854775808 seq=1 WRSJpspXHYTVgoNxnEwspyBnIe75+73/6Lq2S6R6Jmk= 0ji8H6Viq6nX0dHeZqsZPBUd64zfGLtpQujWU4D6UuQ= ] = (-1,8000000000000000,1):591489A6CA571D84D58283719C4C2CA7206721EEF9FBBDFFE8BAB64BA47A2669:D238BC1FA562ABA9D7D1D1DE66AB193C151DEB8CDF18BB6942E8D65380FA52E4 saved to disk[0m
