Running test Test_WorkchainBlock_CoordinatorStateLayout...
PASS in 223.2us
Running test Test_WorkchainBlock_CoordinatorStateExactFraming...
PASS in 23.2us
Running test Test_WorkchainBlock_ResourcePolicyWire...
PASS in 30.9us
Running test Test_WorkchainBlock_EngineConfigurationFraming...
PASS in 33.2us
Running test Test_WorkchainBlock_BatchPolicyVersionIdentityAgreement...
PASS in 1512.0ns
Running test Test_WorkchainBlock_BatchProfileUnsupportedNodeProbe...
PASS in 822.0ns
Running test Test_WorkchainBlock_ClaimedFeeOuterFraming...
PASS in 11.0us
Running test Test_WorkchainBlock_ClaimedFeeShortNativeFraming...
PASS in 4575.0ns
Running test Test_WorkchainBlock_ClaimedFeeSpecialNativeFraming...
PASS in 4853.0ns
Running test Test_WorkchainBlock_ClaimedFeeUnknownNativeFraming...
PASS in 4767.0ns
Running test Test_WorkchainBlock_ResourcePolicyRejectsSpecialBeforeDecoder...
PASS in 1336.0ns
Running test Test_WorkchainBlock_ResourcePolicyEncodedSpecialCells...
PASS in 40.4us
Running test Test_WorkchainBlock_ResourcePolicyMalformedClosure...
PASS in 22.5us
Running test Test_WorkchainBlock_BounceValueIsolation...
PASS in 56.4us
Running test Test_WorkchainBlock_PayoutPrincipalAndFees...
PASS in 23.3us
Running test Test_WorkchainBlock_NativeAccountValueFlow...
PASS in 26.1us
Running test Test_WorkchainBlock_ParticipantRecordBinding...
PASS in 11.6us
Running test Test_WorkchainBlock_HostIdentityBinding...
PASS in 43.5us
Running test Test_WorkchainBlock_AdmittedIdentityAgreement...
PASS in 21.9us
Running test Test_WorkchainBlock_AccountDeclarationsCodec...
PASS in 29.0us
Running test Test_WorkchainBlock_AccountDeclarationsMalformed...
PASS in 17.9us
Running test Test_WorkchainBlock_AccountAccessBinding...
PASS in 8355.0ns
Running test Test_WorkchainBlock_AccountAccessExactCoverage...
PASS in 6113.0ns
Running test Test_WorkchainBlock_ParticipantLtPlan...
PASS in 2055.0ns
Running test Test_WorkchainBlock_ParticipantLtExhaustion...
PASS in 1583.0ns
Running test Test_WorkchainBlock_ResourcePolicyLocalLoadFailure...
PASS in 88.5us
Running test Test_WorkchainBlock_CoordinatorStateLocalLoadFailure...
PASS in 45.5us
Running test Test_WorkchainBlock_ScopedStateReadObserver...
PASS in 52.1us
Running test Test_WorkchainBlock_StateReadRefusalLeavesProofUnchanged...
PASS in 28.7us
Running test Test_WorkchainBlock_StateReadMeterProofTracking...
PASS in 168.3us
Running test Test_WorkchainBlock_AccountDictionaryChanges...
PASS in 136.9us
Running test Test_WorkchainBlock_AccountDictionaryBinding...
PASS in 15.1us
Running test Test_WorkchainBlock_BatchInputUnionExactBounds...
PASS in 41.7us
Running test Test_WorkchainBlock_BatchInputRootCountPrecedesAcquisition...
PASS in 1471.0ns
Running test Test_WorkchainBlock_DeclarationShapeCountsSharedSubtreesWithoutExpansion...
PASS in 24.6ms
Running test Test_WorkchainBlock_BatchInputNativeSpecialAndFailureProvenance...
PASS in 114.3us
Running test Test_WorkchainBlock_BatchInputHostMismatchAndCorruptInbox...
PASS in 20.1us
Running test Test_WorkchainBlock_BatchInputDeclarationSemanticsAndProvenance...
PASS in 74.0us
Running test Test_WorkchainBlock_DeclarationSingleLeafZeroAllowance...
PASS in 3179.0ns
Running test Test_WorkchainBlock_BatchInputDeclarationCacheBindsRemainingWidth...
PASS in 39.1us
Running test Test_WorkchainBlock_BoundedInboxCountBeforeWorkspace...
PASS in 278.8us
Running test Test_WorkchainBlock_BoundedInboxStructureMatchesNativeDictionary...
PASS in 4827.7us
Running test Test_WorkchainBlock_BoundedInboxUniformPrefixLabels...
PASS in 8901.3us
Running test Test_WorkchainBlock_BoundedInboxStopsBeforeSemanticDecode...
PASS in 190.1us
Running test Test_WorkchainBlock_NativeDisposalPlan...
PASS in 230.7us
Running test Test_WorkchainBlock_NativeBounceMessage...
PASS in 42.0us
Running test Test_WorkchainBlock_NativeBounceStorage...
PASS in 6083.0ns
Running test Test_WorkchainBlock_NativeBounceStorageCaller...
PASS in 137.2us
Running test Test_WorkchainBlock_NativeBounceBody...
PASS in 260.0us
Running test Test_WorkchainBlock_NativeInboxPlan...
PASS in 87.7us
Running test Test_WorkchainBlock_NativeTransferEffects...
PASS in 47.5us
Running test Test_WorkchainBlock_NativeAllocation...
PASS in 145.9us
Running test Test_WorkchainBlock_BatchNativeAllocation...
PASS in 144.0us
Running test Test_WorkchainBlock_MessagePricesDefaultInitialization...
PASS in 333.0ns
Running test Test_WorkchainBlock_DisposalFixturePricesOverwritePriorState...
PASS in 644.0ns
Running test Test_WorkchainBlock_AggregateFeeSettlement...
PASS in 1341.4us
Running test Test_WorkchainBlock_NativeDisposalEntry...
PASS in 35.3ms
Running test Test_WorkchainBlock_NativeCoordinatorEntry...
PASS in 2367.4us
Running test Test_WorkchainBlock_MeteredAccountLookupProof...
PASS in 97.1us
Running test Test_WorkchainBlock_AccountReplacementStateDependencies...
PASS in 243.8us
Running test Test_WorkchainBlock_AccountEngineExecution...
PASS in 16.0ms
Running test Test_WorkchainBlock_HostInputCommitment...
PASS in 129.2us
Running test Test_WorkchainBlock_ExtractExecutorFromShardState...
PASS in 130.9us
Running test Test_WorkchainBlock_CounterReplay...
PASS in 32.7us
Running test Test_WorkchainBlock_CounterPayloadSurvivesBatchReplay...
PASS in 88.9ms
Running test Test_WorkchainBlock_StorageParticipantNativeWrapper...
PASS in 130.8us
Running test Test_WorkchainBlock_StorageOverlayNativeCommit...
PASS in 285.7us
Running test Test_WorkchainBlock_ReplayStorageCachePreservesValidation...
PASS in 3738.1us
Running test Test_WorkchainBlock_CanonicalInboundList...
PASS in 96.3us
Running test Test_WorkchainBlock_InboundCommitmentAndMembership...
PASS in 177.4us
Running test Test_WorkchainBlock_ExecutorWitnessEncoding...
PASS in 42.9us
Running test Test_WorkchainBlock_BatchAccountCommitAndReload...
PASS in 1000.5us
Running test Test_WorkchainBlock_ResolvedBatchStaging...
PASS in 143.1us
Running test Test_WorkchainBlock_StorageFixtureDictionaryContracts...
PASS in 9325.0ns
Running test Test_WorkchainBlock_FixtureDictionaryReachesNativeAccountLimit...
PASS in 2670.6ms
Running test Test_WorkchainBlock_BatchExecutorCellBudgetIncludesFullWrapper...
PASS in 56.8ms
Running test Test_WorkchainBlock_BatchPreparationRejectsUnsettledState...
PASS in 63.8us
Running test Test_WorkchainBlock_NativePayoutPair...
PASS in 1075.2us
Running test Test_WorkchainBlock_NativePayoutPricing...
PASS in 252.8us
Running test Test_WorkchainBlock_BatchNativeMessageSettlement...
PASS in 677.6us
Running test Test_WorkchainBlock_BatchCommitmentReplay...
PASS in 33.4us
Running test Test_WorkchainBlock_NativeQueueViewIsBoundToInput...
PASS in 11.9us
Running test Test_WorkchainBlock_UnmatchedBatchInputDoesNotInvokeEngine...
PASS in 19.3us
Running test Test_WorkchainBlock_BatchCommitmentRejectsEffectMutations...
PASS in 74.7us
Running test Test_WorkchainBlock_BatchDescriptionParsersAndScope...
PASS in 8541.0ns
Running test Test_WorkchainBlock_RejectMalformedBatchDescription...
PASS in 2597.0ns
Running test Test_WorkchainBlock_ScopeClassifiesEveryConstructorPrefix...
PASS in 4598.0ns
Running test Test_WorkchainBlock_RetiredBatchDescriptorRejected...
PASS in 8001.0ns
Running test Test_WorkchainBlock_BatchTimeFollowsEveryInputAndLeavesEndSpace...
PASS in 32.4us
Running test Test_WorkchainBlock_MissingImportEnumeratorIsLocalFailure...
PASS in 837.0ns
Running test Test_WorkchainBlock_ImportEnumeratorStateFaultIsLocalFailure...
PASS in 7744.0ns
Running test Test_WorkchainBlock_InboxReconstructedFromNativeImports...
PASS in 8318.7us
Running test Test_WorkchainBlock_NativeBatchCreditIsAtomicAndReplayable...
PASS in 225.2us
Running test Test_WorkchainBlock_AccountEmulatorRejectsBatchTransaction...
PASS in 4336.0ns
Running test Test_WorkchainBlock_ResultWireRoundTrip...
PASS in 34.9us
Running test Test_WorkchainBlock_RejectNonCanonicalResultWire...
PASS in 25.4us
Running test Test_WorkchainBlock_RejectEveryResultMutation...
PASS in 46.0us
Running test Test_WorkchainBlock_RejectOverflowAndMissingContext...
PASS in 20.4us
Running test Test_WorkchainBlock_CollationCandidateScope...
PASS in 1583.0ns
Running test Test_WorkchainBlock_InputPreflightUnionAndExactLimits...
PASS in 4663.0ns
Running test Test_WorkchainBlock_InputPreflightStopsBeforeOverLimitLoad...
PASS in 2521.0ns
Running test Test_WorkchainBlock_InputPreflightDeepSharedGraph...
PASS in 889.2us
Running test Test_WorkchainBlock_InputPreflightUnavailableAndSpecial...
PASS in 2356.0ns
Running test Test_WorkchainBlock_EngineSpecialInputClassification...
PASS in 64.0us
Running test Test_WorkchainBlock_EngineExceptionIsNotCandidateInvalid...
PASS in 49.8us
Running test Test_WorkchainBlock_RegistryScopeIsolation...
PASS in 37.2us
Running test Test_WorkchainBlock_IngressProtocolScopeDoesNotDependOnRegistry...
PASS in 741.0ns
Running test Test_WorkchainBlock_DeclaredScopePreventsLocalComputeFallback...
PASS in 6487.0ns
Running test Test_WorkchainBlock_RegistryRequiresConsensusActivation...
PASS in 15.8us
Running test Test_WorkchainBlock_PublicIngressPolicyCodecAndDescriptorBinding...
PASS in 7598.0ns
Running test Test_WorkchainBlock_PublicIngressRequiresStandardWorkchainRange...
PASS in 3069.0ns
Running test Test_WorkchainBlock_DualNativeIngressCodecAndVersion...
PASS in 23.7us
Running test Test_WorkchainBlock_MultiAccountAdmissionVersionInstallation...
PASS in 320.2us
Running test Test_WorkchainBlock_AccountRegistryReplayConnectivity...
PASS in 659.3us
Running test Test_WorkchainBlock_MultiAccountRegistryBinding...
PASS in 399.7us
Running test Test_WorkchainBlock_PublicIngressTableCanonicalKeys...
PASS in 17.3us
Running test Test_WorkchainBlock_NativeDestinationRouting...
PASS in 10.7us
Running test Test_WorkchainBlock_NativeSenderEnforcesPublicExecutorAddress...
PASS in 168.8us
Running test Test_WorkchainBlock_ActivatedHostWithoutIngressPolicyIsIdle...
PASS in 5513.0ns
Running test Test_WorkchainBlock_NativeIngressParameterPresenceRequiresActivation...
PASS in 11.4us
Running test Test_WorkchainBlock_ResolvedBlockResourcePolicy...
PASS in 83.3us
Running test Test_WorkchainBlock_ReceiverRequiresMatchingPublicIngressPolicy...
PASS in 27.9us
Running test Test_WorkchainBlock_SenderResolvesIngressWithoutForeignEngine...
PASS in 37.1us
Running test Test_WorkchainBlock_ScopedWorkchainConfigurationResolution...
PASS in 4203.0ns
124 test(s) passed
