closed observed unknown-origin=0
closed: phase=3
workchain=2
delivery=recorded
query_to_record_seconds=0.015265
wait_window_seconds=1.000000
headroom_ratio=65.509867
enabled observed unknown-origin=0
Paired proof-work units collator=validator=7
Actual coordinator protected backing: balance=21006001000 refundable=20000000000 unexpected=0 OK
BACKING_REPLAY block=9 R_actual=996994223 R_book=996994223 N_hidden=996994223 P=411 W=411; first-layer=OK; checking R+P=N+W
M4 actual block (2,8000000000000000,9):B15D9ED5733FA4ED195FC0836A0EAFE36C906198D040C49E38A2B3D4620D0312:A10A6ADC8695456799DD57B9F11A7C09353DF460A2F51DCC590A44897FB80537 R_actual=996994223 R_book=996994223 observed wallet liabilities=996994223; D=0 (atomic operation set); nonzero controls=rejected; restored OK
FAILED_AUTHENTICATED inbound=A50E3BCC45732EDD589D69153149744DB9D3AA284C60CC27328EFCCFB1CD4140 late=1 recovered=9996070 receipt=6996062 sequence=1->2 W_records=3 custody=996994223 fees=3000008
enabled: operation accepted (2,8000000000000000,9):B15D9ED5733FA4ED195FC0836A0EAFE36C906198D040C49E38A2B3D4620D0312:A10A6ADC8695456799DD57B9F11A7C09353DF460A2F51DCC590A44897FB80537; actual state read back; NOT seven-step completion
Paired closed registry refusal / accepted operation; NOT full live sequence acceptance.
[0m[ 4][t 0][2026-09-12 09:03:55.776844658][mc-config.cpp:572]	workchain description dictionary created[0m
[0m[ 4][t 0][2026-09-12 09:03:55.777057781][mc-config.cpp:2347]	unpacked info for workchain 0: basic=true, active=true, accept_msgs=true, min_split=1, max_split=1[0m
[0m[ 4][t 0][2026-09-12 09:03:55.777069670][mc-config.cpp:2347]	unpacked info for workchain 2: basic=true, active=true, accept_msgs=true, min_split=0, max_split=0[0m
[1;36m[ 3][t 0][2026-09-12 09:03:55.780690115][test-tos-collator.cpp:597]	setting previous block to (2,8000000000000000,8):06F01F0A43C884C4AE19E3DB10A70B763B459C3D1869B1A0A27F9A95323F5EFD:32DEE70CF8135D540F86F413193E147AFA947D6ECAA59265F980066D4904A036[0m
[1;36m[ 3][t 1][2026-09-12 09:03:55.783788600][test-tos-collator.cpp:339][!testnode]	no init block in config. using zero state[0m
[1;36m[ 3][t 1][2026-09-12 09:03:55.783807357][test-tos-collator.cpp:364][!testnode]	Hardforks num in config: 0[0m
[1;36m[ 3][t 6][2026-09-12 09:03:55.785299054][manager-init.cpp:333][!starter]	Starting validator manager[0m
[1;36m[ 3][t 1][2026-09-12 09:03:55.793737355][manager-init.cpp:344][!starter]	init_block_id = (-1,8000000000000000,51):376AE4698EE7B27DD97FFA4BCC391E99776B6DFE558220115B15DD23A7484F55:91A2F35DC0AF9FF9863F40D08C7538A063B2892FF2E32C30F959103B86964E86[0m
[1;36m[ 3][t 1][2026-09-12 09:03:55.793757527][manager-init.cpp:345][!starter]	config init_block_id = (-1,8000000000000000,0):457BCB938CF4958560C3B8D000440C2789A54FAA723E70AA3F4829C1D5DD3AAF:5D24129FC04C5AB1ADB6B2B2512579B8AF54DC7857F5148159F6108E2D4B7105[0m
[1;33m[ 2][t 5][2026-09-12 09:03:55.793898628][celldb.cpp:371][!celldbin]	Using V1 DynamicBagOfCells with options V1{}[0m
[1;36m[ 3][t 5][2026-09-12 09:03:55.800023485][celldb.cpp:251][!celldbin]	Validating metadata[0m
[1;36m[ 3][t 5][2026-09-12 09:03:55.800749920][celldb.cpp:307][!celldbin]	Validating metadata: OK[0m
[1;31m[ 1][t 4][2026-09-12 09:03:55.804722667][archive-manager.cpp:1045][!archive]	checking file /tmp/uno-m3-live-4munvpxg/closed-db/archive/states/zerostate_-1_66001B94D046E7871EE99E7AEF1FCD1FA28919CE0E5E9B7C8881161BBF42DB74[0m
[1;31m[ 1][t 4][2026-09-12 09:03:55.804753116][archive-manager.cpp:1045][!archive]	checking file /tmp/uno-m3-live-4munvpxg/closed-db/archive/states/zerostate_2_8C43E87A13B37B5C6C1888CD9893C5786F53FE5E98E564DBE4597CBC72DA08BF[0m
[1;31m[ 1][t 4][2026-09-12 09:03:55.804761432][archive-manager.cpp:1045][!archive]	checking file /tmp/uno-m3-live-4munvpxg/closed-db/archive/states/zerostate_0_C04957B039FDFCD5BEB8608010C6A49D01C6A5804762A7621113B2B55DA2294C[0m
[1;36m[ 3][t 1][2026-09-12 09:03:55.813799879][manager-init.cpp:384][!starter]	gc_block_id = (-1,8000000000000000,0):457BCB938CF4958560C3B8D000440C2789A54FAA723E70AA3F4829C1D5DD3AAF:5D24129FC04C5AB1ADB6B2B2512579B8AF54DC7857F5148159F6108E2D4B7105[0m
[1;36m[ 3][t 3][2026-09-12 09:03:55.815574436][manager-init.cpp:434][!starter]	Starting shard client[0m
[1;36m[ 3][t 4][2026-09-12 09:03:55.815691133][manager-init.cpp:438][!starter]	Started shard client[0m
[1;36m[ 3][t 4][2026-09-12 09:03:55.815719379][manager-init.cpp:448][!starter]	Last key block is (-1,8000000000000000,0):457BCB938CF4958560C3B8D000440C2789A54FAA723E70AA3F4829C1D5DD3AAF:5D24129FC04C5AB1ADB6B2B2512579B8AF54DC7857F5148159F6108E2D4B7105[0m
[1;31m[ 1][t 4][2026-09-12 09:03:55.816521806][manager-disk.cpp:296][!manager]	running collate query[0m
[1;33m[ 2][t 4][2026-09-12 09:03:55.816555332][collator.cpp:146][!collate(2,8000000000000000):9]	Collator for shard (2,8000000000000000) started[0m
[1;36m[ 3][t 1][2026-09-12 09:03:55.816597774][collator.cpp:847][!collate(2,8000000000000000):9]	after_get_storage_stat_cache : [Error : 0 : not implemented][0m
[1;33m[ 2][t 4][2026-09-12 09:03:55.824101285][collator.cpp:670][!collate(2,8000000000000000):9]	in Collator::after_get_shard_state(0)[0m
[1;33m[ 2][t 4][2026-09-12 09:03:55.824227874][collator.cpp:632][!collate(2,8000000000000000):9]	in Collator::after_get_mc_state()[0m
[1;33m[ 2][t 4][2026-09-12 09:03:55.824381612][collator.cpp:2086][!collate(2,8000000000000000):9]	running do_preinit()[0m
[1;36m[ 3][t 4][2026-09-12 09:03:55.824388748][collator.cpp:1779][!collate(2,8000000000000000):9]	unpacking most recent masterchain state[0m
[1;31m[ 1][t 4][2026-09-12 09:03:55.824465266][collator.cpp:929][!collate(2,8000000000000000):9]	block version 16 have been enabled in global configuration, but we support only 15 (upgrade validator software?)[0m
[1;36m[ 3][t 4][2026-09-12 09:03:55.825500741][collator.cpp:2266][!collate(2,8000000000000000):9]	start_lt set to 102000000[0m
[1;36m[ 3][t 3][2026-09-12 09:03:55.827774005][out-msg-queue-proof.cpp:437][!disk-outmsgqueueimporter]	Done importing neighbor msg queues for shard (2,8000000000000000) from (-1,8000000000000000,51) (0,4000000000000000,41) (0,c000000000000000,41) in 0.002213s sources{ local=3} cache_size=1[0m
[1;36m[ 3][t 3][2026-09-12 09:03:55.827805203][collator.cpp:1048][!collate(2,8000000000000000):9]	neighbor output queues fetched, took 0.002247s[0m
[1;33m[ 2][t 3][2026-09-12 09:03:55.827849470][collator.cpp:1104][!collate(2,8000000000000000):9]	obtained outbound queue for neighbor #0((-1,8000000000000000))[0m
[1;33m[ 2][t 3][2026-09-12 09:03:55.827889881][collator.cpp:1104][!collate(2,8000000000000000):9]	obtained outbound queue for neighbor #1((0,4000000000000000))[0m
[1;33m[ 2][t 3][2026-09-12 09:03:55.827922228][collator.cpp:1104][!collate(2,8000000000000000):9]	obtained outbound queue for neighbor #2((0,c000000000000000))[0m
[1;33m[ 2][t 3][2026-09-12 09:03:55.827973454][collator.cpp:1104][!collate(2,8000000000000000):9]	obtained outbound queue for neighbor #3((2,8000000000000000))[0m
[1;33m[ 2][t 3][2026-09-12 09:03:55.828505413][collator.cpp:2439][!collate(2,8000000000000000):9]	do_collate() : start[0m
[1;31m[ 1][t 3][2026-09-12 09:03:55.829835672][collator.cpp:395][!collate(2,8000000000000000):9]	cannot generate block candidate for 2:_ : [Error : -7201 : cannot execute configured workchain: multi-account admission and replay are not connected][0m
[1;36m[ 3][t 3][2026-09-12 09:03:55.829847550][collator.cpp:404][!collate(2,8000000000000000):9]	collation failed in 0.013302 s [Error : -7201 : cannot execute configured workchain: multi-account admission and replay are not connected][0m
[1;36m[ 3][t 3][2026-09-12 09:03:55.829855443][collator.cpp:405][!collate(2,8000000000000000):9]	{{
	{wait_block_data #0:154691.431448->154691.439214(0.007766)}
	{wait_block_state #0:154691.431445->154691.438982(0.007537)}
	{neighbor_msg_queues:154691.440432->154691.442678(0.002247)}
	{auxiliary wait_block_state 46:154691.442840->154691.443363(0.000523)}
	{auxiliary wait_block_state 49:154691.440359->154691.440777(0.000418)}
	{auxiliary wait_block_state 50:154691.442787->154691.443105(0.000318)}
	{wait_block_data #-1:154691.439116->154691.439252(0.000136)}
	{get_top_masterchain_state_block:154691.438984->154691.439108(0.000124)}
	{get_storage_stat_cache:154691.431452->154691.431471(0.000019)[Error : 0 : not implemented]}
	{do_collate:154691.443377->0.000000(-154691.443377)}
}[0m
[1;33m[ 2][t 3][2026-09-12 09:03:55.829884521][collator.cpp:7138][!collate(2,8000000000000000):9]	Collate query work time = 0.002571s, cpu time = 0.001610s[0m
[1;31m[ 1][t 3][2026-09-12 09:03:55.829921208][collator.cpp:395][!collate(2,8000000000000000):9]	cannot generate block candidate for 2:_ : [Error : 0 : cannot fetch required configuration parameters from masterchain state][0m
[1;31m[ 1][t 6][2026-09-12 09:03:55.834000446][manager-disk.cpp:273][!manager]	failed to create block: [Error : -7201 : cannot execute configured workchain: multi-account admission and replay are not connected][0m
[1;36m[ 3][t 0][2026-09-12 09:03:55.842867343][test-tos-collator.cpp:597]	setting previous block to (2,8000000000000000,8):06F01F0A43C884C4AE19E3DB10A70B763B459C3D1869B1A0A27F9A95323F5EFD:32DEE70CF8135D540F86F413193E147AFA947D6ECAA59265F980066D4904A036[0m
[1;36m[ 3][t 1][2026-09-12 09:03:55.846190474][test-tos-collator.cpp:339][!testnode]	no init block in config. using zero state[0m
[1;36m[ 3][t 1][2026-09-12 09:03:55.846216350][test-tos-collator.cpp:364][!testnode]	Hardforks num in config: 0[0m
[1;36m[ 3][t 5][2026-09-12 09:03:55.847773417][manager-init.cpp:333][!starter]	Starting validator manager[0m
[1;36m[ 3][t 7][2026-09-12 09:03:55.858083160][manager-init.cpp:344][!starter]	init_block_id = (-1,8000000000000000,51):376AE4698EE7B27DD97FFA4BCC391E99776B6DFE558220115B15DD23A7484F55:91A2F35DC0AF9FF9863F40D08C7538A063B2892FF2E32C30F959103B86964E86[0m
[1;36m[ 3][t 7][2026-09-12 09:03:55.858284593][manager-init.cpp:345][!starter]	config init_block_id = (-1,8000000000000000,0):457BCB938CF4958560C3B8D000440C2789A54FAA723E70AA3F4829C1D5DD3AAF:5D24129FC04C5AB1ADB6B2B2512579B8AF54DC7857F5148159F6108E2D4B7105[0m
[1;33m[ 2][t 3][2026-09-12 09:03:55.859968592][celldb.cpp:371][!celldbin]	Using V1 DynamicBagOfCells with options V1{}[0m
[1;31m[ 1][t 1][2026-09-12 09:03:55.865700387][archive-manager.cpp:1045][!archive]	checking file /tmp/uno-m3-live-4munvpxg/enabled-db/archive/states/zerostate_-1_66001B94D046E7871EE99E7AEF1FCD1FA28919CE0E5E9B7C8881161BBF42DB74[0m
[1;31m[ 1][t 1][2026-09-12 09:03:55.865731457][archive-manager.cpp:1045][!archive]	checking file /tmp/uno-m3-live-4munvpxg/enabled-db/archive/states/zerostate_2_8C43E87A13B37B5C6C1888CD9893C5786F53FE5E98E564DBE4597CBC72DA08BF[0m
[1;31m[ 1][t 1][2026-09-12 09:03:55.865742006][archive-manager.cpp:1045][!archive]	checking file /tmp/uno-m3-live-4munvpxg/enabled-db/archive/states/zerostate_0_C04957B039FDFCD5BEB8608010C6A49D01C6A5804762A7621113B2B55DA2294C[0m
[1;36m[ 3][t 3][2026-09-12 09:03:55.868004711][celldb.cpp:251][!celldbin]	Validating metadata[0m
[1;36m[ 3][t 3][2026-09-12 09:03:55.869073633][celldb.cpp:307][!celldbin]	Validating metadata: OK[0m
[1;36m[ 3][t 5][2026-09-12 09:03:55.875184042][manager-init.cpp:384][!starter]	gc_block_id = (-1,8000000000000000,0):457BCB938CF4958560C3B8D000440C2789A54FAA723E70AA3F4829C1D5DD3AAF:5D24129FC04C5AB1ADB6B2B2512579B8AF54DC7857F5148159F6108E2D4B7105[0m
[1;36m[ 3][t 5][2026-09-12 09:03:55.875582393][manager-init.cpp:434][!starter]	Starting shard client[0m
[1;36m[ 3][t 7][2026-09-12 09:03:55.875830772][manager-init.cpp:438][!starter]	Started shard client[0m
[1;36m[ 3][t 7][2026-09-12 09:03:55.875858508][manager-init.cpp:448][!starter]	Last key block is (-1,8000000000000000,0):457BCB938CF4958560C3B8D000440C2789A54FAA723E70AA3F4829C1D5DD3AAF:5D24129FC04C5AB1ADB6B2B2512579B8AF54DC7857F5148159F6108E2D4B7105[0m
[1;31m[ 1][t 7][2026-09-12 09:03:55.876880603][manager-disk.cpp:296][!manager]	running collate query[0m
[1;33m[ 2][t 7][2026-09-12 09:03:55.876950218][collator.cpp:146][!collate(2,8000000000000000):9]	Collator for shard (2,8000000000000000) started[0m
[1;36m[ 3][t 3][2026-09-12 09:03:55.877022817][collator.cpp:847][!collate(2,8000000000000000):9]	after_get_storage_stat_cache : [Error : 0 : not implemented][0m
[1;33m[ 2][t 5][2026-09-12 09:03:55.883784598][collator.cpp:670][!collate(2,8000000000000000):9]	in Collator::after_get_shard_state(0)[0m
[1;33m[ 2][t 5][2026-09-12 09:03:55.883925462][collator.cpp:632][!collate(2,8000000000000000):9]	in Collator::after_get_mc_state()[0m
[1;33m[ 2][t 3][2026-09-12 09:03:55.884115342][collator.cpp:2086][!collate(2,8000000000000000):9]	running do_preinit()[0m
[1;36m[ 3][t 3][2026-09-12 09:03:55.884133103][collator.cpp:1779][!collate(2,8000000000000000):9]	unpacking most recent masterchain state[0m
[1;31m[ 1][t 3][2026-09-12 09:03:55.884213211][collator.cpp:929][!collate(2,8000000000000000):9]	block version 16 have been enabled in global configuration, but we support only 15 (upgrade validator software?)[0m
[1;36m[ 3][t 3][2026-09-12 09:03:55.885319857][collator.cpp:2266][!collate(2,8000000000000000):9]	start_lt set to 102000000[0m
[1;36m[ 3][t 1][2026-09-12 09:03:55.887543429][out-msg-queue-proof.cpp:437][!disk-outmsgqueueimporter]	Done importing neighbor msg queues for shard (2,8000000000000000) from (-1,8000000000000000,51) (0,4000000000000000,41) (0,c000000000000000,41) in 0.002184s sources{ local=3} cache_size=1[0m
[1;36m[ 3][t 1][2026-09-12 09:03:55.887628855][collator.cpp:1048][!collate(2,8000000000000000):9]	neighbor output queues fetched, took 0.002250s[0m
[1;33m[ 2][t 1][2026-09-12 09:03:55.887757400][collator.cpp:1104][!collate(2,8000000000000000):9]	obtained outbound queue for neighbor #0((-1,8000000000000000))[0m
[1;33m[ 2][t 1][2026-09-12 09:03:55.887890737][collator.cpp:1104][!collate(2,8000000000000000):9]	obtained outbound queue for neighbor #1((0,4000000000000000))[0m
[1;33m[ 2][t 1][2026-09-12 09:03:55.887966488][collator.cpp:1104][!collate(2,8000000000000000):9]	obtained outbound queue for neighbor #2((0,c000000000000000))[0m
[1;33m[ 2][t 1][2026-09-12 09:03:55.888080659][collator.cpp:1104][!collate(2,8000000000000000):9]	obtained outbound queue for neighbor #3((2,8000000000000000))[0m
[1;33m[ 2][t 1][2026-09-12 09:03:55.888475542][collator.cpp:2439][!collate(2,8000000000000000):9]	do_collate() : start[0m
[1;36m[ 3][t 1][2026-09-12 09:03:55.891876027][collator.cpp:2717][!collate(2,8000000000000000):9]	cleaning outbound queue from messages already imported by neighbors[0m
[1;33m[ 2][t 1][2026-09-12 09:03:55.891959432][collator.cpp:2884][!collate(2,8000000000000000):9]	deleted 0 messages from out_msg_queue, remaining queue size is 3[0m
[1;36m[ 3][t 1][2026-09-12 09:03:55.894854885][workchain-failed-funded.h:39][!collate(2,8000000000000000):9]	WORKCHAIN_RETURN_CALLEE admit_workchain_late_return inbound=A50E3BCC45732EDD589D69153149744DB9D3AA284C60CC27328EFCCFB1CD4140[0m
[1;36m[ 3][t 1][2026-09-12 09:03:55.896960386][collator.cpp:5939][!collate(2,8000000000000000):9]	final out_msg_queue size is 3[0m
[1;36m[ 3][t 1][2026-09-12 09:03:55.896973484][collator.cpp:5943][!collate(2,8000000000000000):9]	block load statistics: gas=0 lt_delta=2 size_estimate=22572 collated_size_estimate=0[0m
[1;36m[ 3][t 1][2026-09-12 09:03:55.896978739][collator.cpp:5983][!collate(2,8000000000000000):9]	block is underloaded[0m
[1;36m[ 3][t 1][2026-09-12 09:03:55.897038594][collator.cpp:6316][!collate(2,8000000000000000):9]	creating Merkle update for the ShardState[0m
[1;36m[ 3][t 1][2026-09-12 09:03:55.897114417][collator.cpp:6329][!collate(2,8000000000000000):9]	updating block profile statistics[0m
[1;36m[ 3][t 1][2026-09-12 09:03:55.897120332][collator.cpp:6331][!collate(2,8000000000000000):9]	new ShardState and corresponding Merkle update created[0m
[1;36m[ 3][t 1][2026-09-12 09:03:55.897137410][collator.cpp:6571][!collate(2,8000000000000000):9]	Value flow: (value-flow from_prev_blk:21992999161ng to_next_blk:22002995223ng imported:9998691ng exported:0ng fees_collected:2629ng fees_imported:0ng recovered:0ng created:0ng minted:0ng)[0m
[1;36m[ 3][t 1][2026-09-12 09:03:55.897156271][collator.cpp:6669][!collate(2,8000000000000000):9]	verifying new Block[0m
[1;36m[ 3][t 1][2026-09-12 09:03:55.897193890][collator.cpp:6674][!collate(2,8000000000000000):9]	new Block created[0m
[1;36m[ 3][t 1][2026-09-12 09:03:55.897257215][collator.cpp:6890][!collate(2,8000000000000000):9]	serializing new Block[0m
[1;36m[ 3][t 1][2026-09-12 09:03:55.897422618][collator.cpp:6921][!collate(2,8000000000000000):9]	serialized block size 16756 bytes (preliminary estimate was 22572)[0m
[1;36m[ 3][t 1][2026-09-12 09:03:55.897428043][collator.cpp:6924][!collate(2,8000000000000000):9]	size regression stats: 16756 399 110719 457 9 3 3[0m
[1;36m[ 3][t 1][2026-09-12 09:03:55.897432235][collator.cpp:6927][!collate(2,8000000000000000):9]	serialized collated data size 33 bytes (preliminary estimate was 0)[0m
[1;36m[ 3][t 1][2026-09-12 09:03:55.897461577][collator.cpp:6987][!collate(2,8000000000000000):9]	saving new BlockCandidate[0m
[1;33m[ 2][t 6][2026-09-12 09:03:55.903083337][collator.cpp:7026][!collate(2,8000000000000000):9]	sending new BlockCandidate to Promise[0m
[1;33m[ 2][t 6][2026-09-12 09:03:55.903104355][collator.cpp:7027][!collate(2,8000000000000000):9]	collation took 0.026171 s[0m
[1;33m[ 2][t 6][2026-09-12 09:03:55.903116390][collator.cpp:7028][!collate(2,8000000000000000):9]	{{
	{do_collate:154691.503344->154691.512356(0.009013)}
	{wait_block_data #0:154691.491862->154691.498946(0.007084)}
	{wait_block_state #0:154691.491855->154691.498677(0.006823)}
	{set_block_candidate:154691.512340->154691.517951(0.005611)}
	{neighbor_msg_queues:154691.500252->154691.502502(0.002250)}
	{post_ext_processing:154691.511829->154691.512352(0.000523)}
	{auxiliary wait_block_state 50:154691.502822->154691.503305(0.000484)}
	{auxiliary wait_block_state 49:154691.500175->154691.500510(0.000335)}
	{auxiliary wait_block_state 46:154691.502940->154691.503186(0.000246)}
	{wait_block_data #-1:154691.498815->154691.498985(0.000171)}
	{get_top_masterchain_state_block:154691.498680->154691.498806(0.000126)}
	{get_storage_stat_cache:154691.491868->154691.491896(0.000027)[Error : 0 : not implemented]}
}[0m
[1;33m[ 2][t 6][2026-09-12 09:03:55.903156126][collator.cpp:7138][!collate(2,8000000000000000):9]	Collate query work time = 0.010301s, cpu time = 0.007187s[0m
[1;31m[ 1][t 1][2026-09-12 09:03:55.907171365][manager-disk.cpp:269][!manager]	created block [ w=2 s=9223372036854775808 seq=9 sV2e1XM/pO0ZX8CDag6v42yQYZjQQMSeOKKz1GINAxI= oQpq3IaVRWeZ3Ve58Rp8CTU99GCi9R3MWQpEiX+4BTc= ][0m
[1;33m[ 2][t 1][2026-09-12 09:03:55.907793139][validate-query.cpp:309][!fakevalidate(2,8000000000000000):9#0]	validate query for (2,8000000000000000,9):B15D9ED5733FA4ED195FC0836A0EAFE36C906198D040C49E38A2B3D4620D0312:A10A6ADC8695456799DD57B9F11A7C09353DF460A2F51DCC590A44897FB80537 started[0m
[1;33m[ 2][t 3][2026-09-12 09:03:55.908112599][validate-query.cpp:806][!fakevalidate(2,8000000000000000):9#0]	in ValidateQuery::after_get_latest_mc_state()[0m
[1;36m[ 3][t 3][2026-09-12 09:03:55.908171751][validate-query.cpp:904][!fakevalidate(2,8000000000000000):9#0]	after_get_storage_stat_cache : [Error : 0 : not implemented][0m
[1;33m[ 2][t 3][2026-09-12 09:03:55.908204506][validate-query.cpp:924][!fakevalidate(2,8000000000000000):9#0]	in ValidateQuery::after_get_shard_state(0)[0m
[1;33m[ 2][t 3][2026-09-12 09:03:55.908267867][validate-query.cpp:849][!fakevalidate(2,8000000000000000):9#0]	in ValidateQuery::after_get_mc_state() for (-1,8000000000000000,51):376AE4698EE7B27DD97FFA4BCC391E99776B6DFE558220115B15DD23A7484F55:91A2F35DC0AF9FF9863F40D08C7538A063B2892FF2E32C30F959103B86964E86[0m
[1;31m[ 1][t 3][2026-09-12 09:03:55.908374803][validate-query.cpp:1022][!fakevalidate(2,8000000000000000):9#0]	block version 16 have been enabled in global configuration, but we support only 15 (upgrade validator software?)[0m
[1;33m[ 2][t 3][2026-09-12 09:03:55.910744754][validate-query.cpp:806][!fakevalidate(2,8000000000000000):9#0]	in ValidateQuery::after_get_latest_mc_state()[0m
[1;33m[ 2][t 3][2026-09-12 09:03:55.910753986][validate-query.cpp:8008][!fakevalidate(2,8000000000000000):9#0]	try_validate stage 0[0m
[1;33m[ 2][t 3][2026-09-12 09:03:55.910915048][validate-query.cpp:1817][!fakevalidate(2,8000000000000000):9#0]	obtained outbound queue for neighbor #3 : (2,8000000000000000)[0m
[1;36m[ 3][t 3][2026-09-12 09:03:55.910924708][validate-query.cpp:1845][!fakevalidate(2,8000000000000000):9#0]	(
  (hme_root
    root:(hm_edge
      label:(hml_long n:96 s:x800000000000000000000031)
      node:(hmn_leaf
        value:(processed_upto last_msg_lt:97000001 last_msg_hash:xFFFFFFFFFFFFFFFFFFFFFFFFFFFFFFFFFFFFFFFFFFFFFFFFFFFFFFFFFFFFFFFF)))))
x{C_}
 x{B04000000000000000000000188000000002E40D20FFFFFFFFFFFFFFFFFFFFFFFFFFFFFFFFFFFFFFFFFFFFFFFFFFFFFFFFFFFFFFFFC_}[0m
[1;33m[ 2][t 1][2026-09-12 09:03:55.910967648][validate-query.cpp:1817][!fakevalidate(2,8000000000000000):9#0]	obtained outbound queue for neighbor #1 : (0,4000000000000000)[0m
[1;36m[ 3][t 1][2026-09-12 09:03:55.910978194][validate-query.cpp:1845][!fakevalidate(2,8000000000000000):9#0]	(
  (hme_root
    root:(hm_edge
      label:(hml_long n:96 s:x400000000000000000000032)
      node:(hmn_leaf
        value:(processed_upto last_msg_lt:90000002 last_msg_hash:xC8A6334532D6DB9B96AF29253A7194A1250DDF50F0E5EA1F6DF60C8EB443E569)))))
x{C_}
 x{B02000000000000000000000190000000002AEA541645319A2996B6DCDCB5794929D38CA509286EFA87872F50FB6FB06475A21F2B4C_}[0m
[1;33m[ 2][t 1][2026-09-12 09:03:55.911007236][validate-query.cpp:1817][!fakevalidate(2,8000000000000000):9#0]	obtained outbound queue for neighbor #0 : (-1,8000000000000000)[0m
[1;36m[ 3][t 1][2026-09-12 09:03:55.911014367][validate-query.cpp:1845][!fakevalidate(2,8000000000000000):9#0]	(
  (hme_root
    root:(hm_edge
      label:(hml_long n:96 s:x800000000000000000000033)
      node:(hmn_leaf
        value:(processed_upto last_msg_lt:99000001 last_msg_hash:xFFFFFFFFFFFFFFFFFFFFFFFFFFFFFFFFFFFFFFFFFFFFFFFFFFFFFFFFFFFFFFFF)))))
x{C_}
 x{B04000000000000000000000198000000002F34F60FFFFFFFFFFFFFFFFFFFFFFFFFFFFFFFFFFFFFFFFFFFFFFFFFFFFFFFFFFFFFFFFC_}[0m
[1;33m[ 2][t 4][2026-09-12 09:03:55.912426320][validate-query.cpp:1817][!fakevalidate(2,8000000000000000):9#0]	obtained outbound queue for neighbor #2 : (0,c000000000000000)[0m
[1;36m[ 3][t 4][2026-09-12 09:03:55.912490679][validate-query.cpp:1845][!fakevalidate(2,8000000000000000):9#0]	(
  (hme_root
    root:(hm_edge
      label:(hml_long n:96 s:xC0000000000000000000002E)
      node:(hmn_leaf
        value:(processed_upto last_msg_lt:90000002 last_msg_hash:xC8A6334532D6DB9B96AF29253A7194A1250DDF50F0E5EA1F6DF60C8EB443E569)))))
x{C_}
 x{B06000000000000000000000170000000002AEA541645319A2996B6DCDCB5794929D38CA509286EFA87872F50FB6FB06475A21F2B4C_}[0m
[1;33m[ 2][t 1][2026-09-12 09:03:55.912748207][validate-query.cpp:8048][!fakevalidate(2,8000000000000000):9#0]	try_validate stage 1[0m
[1;36m[ 3][t 1][2026-09-12 09:03:55.912756583][validate-query.cpp:8049][!fakevalidate(2,8000000000000000):9#0]	running automated validity checks for block candidate (2,8000000000000000,9):B15D9ED5733FA4ED195FC0836A0EAFE36C906198D040C49E38A2B3D4620D0312:A10A6ADC8695456799DD57B9F11A7C09353DF460A2F51DCC590A44897FB80537[0m
[1;36m[ 3][t 1][2026-09-12 09:03:55.912890917][validate-query.cpp:3223][!fakevalidate(2,8000000000000000):9#0]	pre-checking all Account updates between the old and the new state[0m
[1;36m[ 3][t 1][2026-09-12 09:03:55.912923589][validate-query.cpp:3416][!fakevalidate(2,8000000000000000):9#0]	pre-checking all AccountBlocks, and all transactions of all accounts[0m
[1;36m[ 3][t 1][2026-09-12 09:03:55.912977050][validate-query.cpp:3728][!fakevalidate(2,8000000000000000):9#0]	pre-checking the difference between the old and the new outbound message queues[0m
[1;36m[ 3][t 1][2026-09-12 09:03:55.912982334][validate-query.cpp:3749][!fakevalidate(2,8000000000000000):9#0]	outbound message queue size: 3 -> 3[0m
[1;36m[ 3][t 1][2026-09-12 09:03:55.912987403][validate-query.cpp:3892][!fakevalidate(2,8000000000000000):9#0]	checking the difference between the old and the new dispatch queues[0m
[1;36m[ 3][t 1][2026-09-12 09:03:55.912993040][validate-query.cpp:4650][!fakevalidate(2,8000000000000000):9#0]	checking inbound messages listed in InMsgDescr[0m
[1;36m[ 3][t 1][2026-09-12 09:03:55.913052552][validate-query.cpp:5323][!fakevalidate(2,8000000000000000):9#0]	checking outbound messages listed in OutMsgDescr[0m
[1;36m[ 3][t 1][2026-09-12 09:03:55.913059780][validate-query.cpp:5347][!fakevalidate(2,8000000000000000):9#0]	checking ProcessedInfo[0m
[1;36m[ 3][t 1][2026-09-12 09:03:55.913063511][validate-query.cpp:5384][!fakevalidate(2,8000000000000000):9#0]	ProcessedInfo claims to have processed all inbound messages up to (100000002,A50E3BCC45732EDD589D69153149744DB9D3AA284C60CC27328EFCCFB1CD4140)[0m
[1;36m[ 3][t 1][2026-09-12 09:03:55.913082954][validate-query.cpp:6750][!fakevalidate(2,8000000000000000):9#0]	checking all transactions[0m
[1;36m[ 3][t 1][2026-09-12 09:03:55.915488962][workchain-failed-funded.h:39][!fakevalidate(2,8000000000000000):9#0]	WORKCHAIN_RETURN_CALLEE admit_workchain_late_return inbound=A50E3BCC45732EDD589D69153149744DB9D3AA284C60CC27328EFCCFB1CD4140[0m
[1;33m[ 2][t 1][2026-09-12 09:03:55.917214734][validate-query.cpp:8167][!fakevalidate(2,8000000000000000):9#0]	try_validate stage 2[0m
[1;36m[ 3][t 1][2026-09-12 09:03:55.917275003][validate-query.cpp:7210][!fakevalidate(2,8000000000000000):9#0]	checking header of the new shardchain state[0m
[1;33m[ 2][t 1][2026-09-12 09:03:55.917414132][validate-query.cpp:8264][!fakevalidate(2,8000000000000000):9#0]	validation took 0.009629s[0m
[1;33m[ 2][t 1][2026-09-12 09:03:55.917420465][validate-query.cpp:8265][!fakevalidate(2,8000000000000000):9#0]	Validate query work time = 0.004710s, cpu time = 0.003143s[0m
[1;33m[ 2][t 1][2026-09-12 09:03:55.917425206][validate-query.cpp:8267][!fakevalidate(2,8000000000000000):9#0]	{{
	{auxiliary wait_block_state 49:154691.525754->154691.527448(0.001694)}
	{auxiliary wait_block_state 50:154691.525875->154691.527470(0.001595)}
	{get_top_masterchain_state_block:154691.522677->154691.522984(0.000308)}
	{wait_block_message_queue #2:154691.525731->154691.525962(0.000230)}
	{auxiliary wait_block_state 46:154691.527438->154691.527612(0.000175)}
	{wait_block_message_queue #0:154691.525727->154691.525880(0.000153)}
	{wait_block_state #0:154691.522955->154691.523078(0.000123)}
	{wait_block_message_queue #1:154691.525731->154691.525840(0.000110)}
	{mc wait_block_state:154691.523037->154691.523141(0.000104)}
	{set_block_candidate:154691.532162->154691.532251(0.000089)}
	{get_storage_stat_cache:154691.522959->154691.523045(0.000086)[Error : 0 : not implemented]}
	{get_block_handle:154691.522958->154691.523037(0.000079)}
	{get_top_masterchain_state_block:154691.525609->154691.525618(0.000009)}
}[0m
[1;33m[ 2][t 1][2026-09-12 09:03:55.917457479][validate-query.cpp:289][!fakevalidate(2,8000000000000000):9#0]	validate query done[0m
[1;36m[ 3][t 5][2026-09-12 09:03:55.930743820][test-tos-collator.cpp:465][!manager]	Saving newly-generated ShardTopBlockDescr for (2,8000000000000000,9):B15D9ED5733FA4ED195FC0836A0EAFE36C906198D040C49E38A2B3D4620D0312:A10A6ADC8695456799DD57B9F11A7C09353DF460A2F51DCC590A44897FB80537 into file /tmp/uno-m3-live-4munvpxg/enabled-top1.boc[0m
[1;31m[ 1][t 5][2026-09-12 09:03:55.930825079][manager-disk.cpp:399][!manager]	success, block [ w=2 s=9223372036854775808 seq=9 sV2e1XM/pO0ZX8CDag6v42yQYZjQQMSeOKKz1GINAxI= oQpq3IaVRWeZ3Ve58Rp8CTU99GCi9R3MWQpEiX+4BTc= ] = (2,8000000000000000,9):B15D9ED5733FA4ED195FC0836A0EAFE36C906198D040C49E38A2B3D4620D0312:A10A6ADC8695456799DD57B9F11A7C09353DF460A2F51DCC590A44897FB80537 saved to disk[0m
[0m[ 4][t 0][2026-09-12 09:03:55.942694957][mc-config.cpp:572]	workchain description dictionary created[0m
[0m[ 4][t 0][2026-09-12 09:03:55.942710884][mc-config.cpp:2347]	unpacked info for workchain 0: basic=true, active=true, accept_msgs=true, min_split=1, max_split=1[0m
[0m[ 4][t 0][2026-09-12 09:03:55.942715574][mc-config.cpp:2347]	unpacked info for workchain 2: basic=true, active=true, accept_msgs=true, min_split=0, max_split=0[0m
[0m[ 4][t 0][2026-09-12 09:03:55.942740068][transaction.cpp:622]	unpacking account 0000000000000000000000000000000000000000000000000000000000000000[0m
[0m[ 4][t 0][2026-09-12 09:03:55.942754824][transaction.cpp:455]	last_paid=0; cells=6 bits=966[0m
[0m[ 4][t 0][2026-09-12 09:03:55.942763494][transaction.cpp:685]	end of Account.unpack() for 2:0000000000000000000000000000000000000000000000000000000000000000 (balance = 21006001000ng ; last_trans_lt = 102000001..102000002)[0m
[0m[ 4][t 0][2026-09-12 09:03:55.942785809][transaction.cpp:622]	unpacking account FFFFFFFFFFFFFFFFFFFFFFFFFFFFFFFFFFFFFFFFFFFFFFFFFFFFFFFFFFFFFFFF[0m
[0m[ 4][t 0][2026-09-12 09:03:55.942790744][transaction.cpp:455]	last_paid=0; cells=3 bits=124[0m
[0m[ 4][t 0][2026-09-12 09:03:55.942794063][transaction.cpp:685]	end of Account.unpack() for 2:FFFFFFFFFFFFFFFFFFFFFFFFFFFFFFFFFFFFFFFFFFFFFFFFFFFFFFFFFFFFFFFF (balance = 996994223ng ; last_trans_lt = 102000001..102000002)[0m
[0m[ 4][t 0][2026-09-12 09:03:55.942854781][mc-config.cpp:572]	workchain description dictionary created[0m
[0m[ 4][t 0][2026-09-12 09:03:55.942859529][mc-config.cpp:2347]	unpacked info for workchain 0: basic=true, active=true, accept_msgs=true, min_split=1, max_split=1[0m
[0m[ 4][t 0][2026-09-12 09:03:55.942862713][mc-config.cpp:2347]	unpacked info for workchain 2: basic=true, active=true, accept_msgs=true, min_split=0, max_split=0[0m
[0m[ 4][t 0][2026-09-12 09:03:55.942880689][transaction.cpp:622]	unpacking account 1111111111111111111111111111111111111111111111111111111111111111[0m
[0m[ 4][t 0][2026-09-12 09:03:55.942893134][transaction.cpp:455]	last_paid=0; cells=29 bits=9277[0m
[0m[ 4][t 0][2026-09-12 09:03:55.942897656][transaction.cpp:685]	end of Account.unpack() for 2:1111111111111111111111111111111111111111111111111111111111111111 (balance = 0ng ; last_trans_lt = 102000001..102000002)[0m
[0m[ 4][t 0][2026-09-12 09:03:58.485831969][transaction.cpp:622]	unpacking account 2222222222222222222222222222222222222222222222222222222222222222[0m
[0m[ 4][t 0][2026-09-12 09:03:58.485861653][transaction.cpp:455]	last_paid=0; cells=10 bits=3308[0m
[0m[ 4][t 0][2026-09-12 09:03:58.485867160][transaction.cpp:685]	end of Account.unpack() for 2:2222222222222222222222222222222222222222222222222222222222222222 (balance = 0ng ; last_trans_lt = 8000001..8000002)[0m
[0m[ 4][t 0][2026-09-12 09:03:59.464385119][transaction.cpp:622]	unpacking account 1111111111111111111111111111111111111111111111111111111111111111[0m
[0m[ 4][t 0][2026-09-12 09:03:59.464401432][transaction.cpp:455]	last_paid=0; cells=29 bits=9277[0m
[0m[ 4][t 0][2026-09-12 09:03:59.464405865][transaction.cpp:685]	end of Account.unpack() for 2:1111111111111111111111111111111111111111111111111111111111111111 (balance = 0ng ; last_trans_lt = 102000001..102000002)[0m
[0m[ 4][t 0][2026-09-12 09:03:59.464543340][transaction.cpp:622]	unpacking account 2222222222222222222222222222222222222222222222222222222222222222[0m
[0m[ 4][t 0][2026-09-12 09:03:59.464547128][transaction.cpp:455]	last_paid=0; cells=10 bits=3308[0m
[0m[ 4][t 0][2026-09-12 09:03:59.464549598][transaction.cpp:685]	end of Account.unpack() for 2:2222222222222222222222222222222222222222222222222222222222222222 (balance = 0ng ; last_trans_lt = 8000001..8000002)[0m
[0m[ 4][t 0][2026-09-12 09:03:59.467091718][transaction.cpp:622]	unpacking account 0000000000000000000000000000000000000000000000000000000000000000[0m
[0m[ 4][t 0][2026-09-12 09:03:59.467110111][transaction.cpp:455]	last_paid=0; cells=6 bits=966[0m
[0m[ 4][t 0][2026-09-12 09:03:59.467114488][transaction.cpp:685]	end of Account.unpack() for 2:0000000000000000000000000000000000000000000000000000000000000000 (balance = 21006001000ng ; last_trans_lt = 102000001..102000002)[0m
[0m[ 4][t 0][2026-09-12 09:03:59.467205205][mc-config.cpp:572]	workchain description dictionary created[0m
[0m[ 4][t 0][2026-09-12 09:03:59.467210696][mc-config.cpp:2347]	unpacked info for workchain 0: basic=true, active=true, accept_msgs=true, min_split=1, max_split=1[0m
[0m[ 4][t 0][2026-09-12 09:03:59.467213877][mc-config.cpp:2347]	unpacked info for workchain 2: basic=true, active=true, accept_msgs=true, min_split=0, max_split=0[0m
[0m[ 4][t 0][2026-09-12 09:03:59.467238230][transaction.cpp:622]	unpacking account 1111111111111111111111111111111111111111111111111111111111111111[0m
[0m[ 4][t 0][2026-09-12 09:03:59.467242831][transaction.cpp:455]	last_paid=0; cells=28 bits=8339[0m
[0m[ 4][t 0][2026-09-12 09:03:59.467246052][transaction.cpp:685]	end of Account.unpack() for 2:1111111111111111111111111111111111111111111111111111111111111111 (balance = 0ng ; last_trans_lt = 98000001..98000002)[0m
[0m[ 4][t 0][2026-09-12 09:03:59.467339535][transaction.cpp:622]	unpacking account 1111111111111111111111111111111111111111111111111111111111111111[0m
[0m[ 4][t 0][2026-09-12 09:03:59.467344228][transaction.cpp:455]	last_paid=0; cells=29 bits=9277[0m
[0m[ 4][t 0][2026-09-12 09:03:59.467346972][transaction.cpp:685]	end of Account.unpack() for 2:1111111111111111111111111111111111111111111111111111111111111111 (balance = 0ng ; last_trans_lt = 102000001..102000002)[0m
[0m[ 4][t 0][2026-09-12 09:03:59.467484786][transaction.cpp:622]	unpacking account 0000000000000000000000000000000000000000000000000000000000000000[0m
[0m[ 4][t 0][2026-09-12 09:03:59.467489594][transaction.cpp:455]	last_paid=0; cells=6 bits=966[0m
[0m[ 4][t 0][2026-09-12 09:03:59.467492567][transaction.cpp:685]	end of Account.unpack() for 2:0000000000000000000000000000000000000000000000000000000000000000 (balance = 21003001000ng ; last_trans_lt = 98000001..98000002)[0m
[0m[ 4][t 0][2026-09-12 09:03:59.467497996][transaction.cpp:622]	unpacking account 0000000000000000000000000000000000000000000000000000000000000000[0m
[0m[ 4][t 0][2026-09-12 09:03:59.467505643][transaction.cpp:455]	last_paid=0; cells=6 bits=966[0m
[0m[ 4][t 0][2026-09-12 09:03:59.467508329][transaction.cpp:685]	end of Account.unpack() for 2:0000000000000000000000000000000000000000000000000000000000000000 (balance = 21006001000ng ; last_trans_lt = 102000001..102000002)[0m
[0m[ 4][t 0][2026-09-12 09:03:59.467563473][mc-config.cpp:572]	workchain description dictionary created[0m
[0m[ 4][t 0][2026-09-12 09:03:59.467566915][mc-config.cpp:2347]	unpacked info for workchain 0: basic=true, active=true, accept_msgs=true, min_split=1, max_split=1[0m
[0m[ 4][t 0][2026-09-12 09:03:59.467569435][mc-config.cpp:2347]	unpacked info for workchain 2: basic=true, active=true, accept_msgs=true, min_split=0, max_split=0[0m
[0m[ 4][t 0][2026-09-12 09:04:00.513651140][transaction.cpp:622]	unpacking account FFFFFFFFFFFFFFFFFFFFFFFFFFFFFFFFFFFFFFFFFFFFFFFFFFFFFFFFFFFFFFFF[0m
[0m[ 4][t 0][2026-09-12 09:04:00.513665347][transaction.cpp:455]	last_paid=0; cells=3 bits=124[0m
[0m[ 4][t 0][2026-09-12 09:04:00.513669697][transaction.cpp:685]	end of Account.unpack() for 2:FFFFFFFFFFFFFFFFFFFFFFFFFFFFFFFFFFFFFFFFFFFFFFFFFFFFFFFFFFFFFFFF (balance = 989998161ng ; last_trans_lt = 98000001..98000003)[0m
[0m[ 4][t 0][2026-09-12 09:04:00.513677592][transaction.cpp:622]	unpacking account FFFFFFFFFFFFFFFFFFFFFFFFFFFFFFFFFFFFFFFFFFFFFFFFFFFFFFFFFFFFFFFF[0m
[0m[ 4][t 0][2026-09-12 09:04:00.513680617][transaction.cpp:455]	last_paid=0; cells=3 bits=124[0m
[0m[ 4][t 0][2026-09-12 09:04:00.513683132][transaction.cpp:685]	end of Account.unpack() for 2:FFFFFFFFFFFFFFFFFFFFFFFFFFFFFFFFFFFFFFFFFFFFFFFFFFFFFFFFFFFFFFFF (balance = 996994223ng ; last_trans_lt = 102000001..102000002)[0m
[0m[ 4][t 0][2026-09-12 09:04:00.513687509][transaction.cpp:622]	unpacking account 0000000000000000000000000000000000000000000000000000000000000000[0m
[0m[ 4][t 0][2026-09-12 09:04:00.513690481][transaction.cpp:455]	last_paid=0; cells=6 bits=966[0m
[0m[ 4][t 0][2026-09-12 09:04:00.513692827][transaction.cpp:685]	end of Account.unpack() for 2:0000000000000000000000000000000000000000000000000000000000000000 (balance = 21003001000ng ; last_trans_lt = 98000001..98000002)[0m
[0m[ 4][t 0][2026-09-12 09:04:00.513698288][transaction.cpp:622]	unpacking account FFFFFFFFFFFFFFFFFFFFFFFFFFFFFFFFFFFFFFFFFFFFFFFFFFFFFFFFFFFFFFFF[0m
[0m[ 4][t 0][2026-09-12 09:04:00.513701019][transaction.cpp:455]	last_paid=0; cells=3 bits=124[0m
[0m[ 4][t 0][2026-09-12 09:04:00.513703359][transaction.cpp:685]	end of Account.unpack() for 2:FFFFFFFFFFFFFFFFFFFFFFFFFFFFFFFFFFFFFFFFFFFFFFFFFFFFFFFFFFFFFFFF (balance = 996994223ng ; last_trans_lt = 102000001..102000002)[0m
[0m[ 4][t 0][2026-09-12 09:04:00.513712716][transaction.cpp:622]	unpacking account 0000000000000000000000000000000000000000000000000000000000000000[0m
[0m[ 4][t 0][2026-09-12 09:04:00.513715706][transaction.cpp:455]	last_paid=0; cells=6 bits=966[0m
[0m[ 4][t 0][2026-09-12 09:04:00.513718172][transaction.cpp:685]	end of Account.unpack() for 2:0000000000000000000000000000000000000000000000000000000000000000 (balance = 21006001000ng ; last_trans_lt = 102000001..102000002)[0m
