Breakpoint 1 at 0x23e762
[Thread debugging using libthread_db enabled]
Using host libthread_db library "/lib/x86_64-linux-gnu/libthread_db.so.1".

Breakpoint 1, 0x0000555555792762 in block::plan_workchain_native_disposal(td::Ref<vm::Cell>, int, td::BitArray<256u> const&, td::BitArray<256u> const&, block::CurrencyCollection const&, unsigned long, unsigned int, block::ActionPhaseConfig, std::map<int, td::Ref<block::WorkchainInfo>, std::less<int>, std::allocator<std::pair<int const, td::Ref<block::WorkchainInfo> > > > const&, int, block::NativeDisposalProfile const&) ()
OBSERVED_STD_FIRST_FRAC=16384 MC_FIRST_FRAC=2443192600
=> 0x555555792762 <_ZN5block30plan_workchain_native_disposalEN2td3RefIN2vm4CellEEEiRKNS0_8BitArrayILj256EEES8_RKNS_18CurrencyCollectionEmjNS_17ActionPhaseConfigERKSt3mapIiNS1_INS_13WorkchainInfoEEESt4lessIiESaISt4pairIKiSF_EEEiRKNS_21NativeDisposalProfileE+130>:	cmpl   $0xffff,0x4c(%r14)
   0x55555579276a <_ZN5block30plan_workchain_native_disposalEN2td3RefIN2vm4CellEEEiRKNS0_8BitArrayILj256EEES8_RKNS_18CurrencyCollectionEmjNS_17ActionPhaseConfigERKSt3mapIiNS1_INS_13WorkchainInfoEEESt4lessIiESaISt4pairIKiSF_EEEiRKNS_21NativeDisposalProfileE+138>:	ja     0x555555792727 <_ZN5block30plan_workchain_native_disposalEN2td3RefIN2vm4CellEEEiRKNS0_8BitArrayILj256EEES8_RKNS_18CurrencyCollectionEmjNS_17ActionPhaseConfigERKSt3mapIiNS1_INS_13WorkchainInfoEEESt4lessIiESaISt4pairIKiSF_EEEiRKNS_21NativeDisposalProfileE+71>
Breakpoint 2 at 0x555555792762
REPLACE_SAME_UNINITIALIZED_COPY
REPLACE_SAME_UNINITIALIZED_COPY
REPLACE_SAME_UNINITIALIZED_COPY
REPLACE_SAME_UNINITIALIZED_COPY
REPLACE_SAME_UNINITIALIZED_COPY
REPLACE_SAME_UNINITIALIZED_COPY
REPLACE_SAME_UNINITIALIZED_COPY
REPLACE_SAME_UNINITIALIZED_COPY
REPLACE_SAME_UNINITIALIZED_COPY
REPLACE_SAME_UNINITIALIZED_COPY
REPLACE_SAME_UNINITIALIZED_COPY
REPLACE_SAME_UNINITIALIZED_COPY
REPLACE_SAME_UNINITIALIZED_COPY
REPLACE_SAME_UNINITIALIZED_COPY
REPLACE_SAME_UNINITIALIZED_COPY
REPLACE_SAME_UNINITIALIZED_COPY
REPLACE_SAME_UNINITIALIZED_COPY
REPLACE_SAME_UNINITIALIZED_COPY
REPLACE_SAME_UNINITIALIZED_COPY
REPLACE_SAME_UNINITIALIZED_COPY
REPLACE_SAME_UNINITIALIZED_COPY
REPLACE_SAME_UNINITIALIZED_COPY
REPLACE_SAME_UNINITIALIZED_COPY
REPLACE_SAME_UNINITIALIZED_COPY
REPLACE_SAME_UNINITIALIZED_COPY
REPLACE_SAME_UNINITIALIZED_COPY
REPLACE_SAME_UNINITIALIZED_COPY
REPLACE_SAME_UNINITIALIZED_COPY
REPLACE_SAME_UNINITIALIZED_COPY
REPLACE_SAME_UNINITIALIZED_COPY
REPLACE_SAME_UNINITIALIZED_COPY
REPLACE_SAME_UNINITIALIZED_COPY
REPLACE_SAME_UNINITIALIZED_COPY
REPLACE_SAME_UNINITIALIZED_COPY
REPLACE_SAME_UNINITIALIZED_COPY
REPLACE_SAME_UNINITIALIZED_COPY
REPLACE_SAME_UNINITIALIZED_COPY
REPLACE_SAME_UNINITIALIZED_COPY
REPLACE_SAME_UNINITIALIZED_COPY
REPLACE_SAME_UNINITIALIZED_COPY
REPLACE_SAME_UNINITIALIZED_COPY
REPLACE_SAME_UNINITIALIZED_COPY
REPLACE_SAME_UNINITIALIZED_COPY
REPLACE_SAME_UNINITIALIZED_COPY
REPLACE_SAME_UNINITIALIZED_COPY
REPLACE_SAME_UNINITIALIZED_COPY
REPLACE_SAME_UNINITIALIZED_COPY
REPLACE_SAME_UNINITIALIZED_COPY
REPLACE_SAME_UNINITIALIZED_COPY
REPLACE_SAME_UNINITIALIZED_COPY
REPLACE_SAME_UNINITIALIZED_COPY
REPLACE_SAME_UNINITIALIZED_COPY
REPLACE_SAME_UNINITIALIZED_COPY
REPLACE_SAME_UNINITIALIZED_COPY
REPLACE_SAME_UNINITIALIZED_COPY
REPLACE_SAME_UNINITIALIZED_COPY
REPLACE_SAME_UNINITIALIZED_COPY
REPLACE_SAME_UNINITIALIZED_COPY
REPLACE_SAME_UNINITIALIZED_COPY
REPLACE_SAME_UNINITIALIZED_COPY
REPLACE_SAME_UNINITIALIZED_COPY
REPLACE_SAME_UNINITIALIZED_COPY
REPLACE_SAME_UNINITIALIZED_COPY
REPLACE_SAME_UNINITIALIZED_COPY
REPLACE_SAME_UNINITIALIZED_COPY
[Inferior 1 (process 1137237) exited normally]
