Running test Test_WorkchainBlock_NativeDisposalEntry...
[1;31m[ 0][t 0][2026-09-09 12:32:46.566421436][test-workchain-block.cpp:2819]	Expectation failed: rejected_mc_prices.is_error()![0m
[pid 1227318] [time 1788957166] Signal: 6
------- Stack Backtrace -------
build/test-workchain-block(+0x6348a7)[0x5b241d18b8a7]
build/test-workchain-block(+0xd287d)[0x5b241cc2987d]
/lib/x86_64-linux-gnu/libc.so.6(+0x42520)[0x709016042520]
/lib/x86_64-linux-gnu/libc.so.6(pthread_kill+0x12c)[0x7090160969bc]
/lib/x86_64-linux-gnu/libc.so.6(raise+0x16)[0x709016042476]
/lib/x86_64-linux-gnu/libc.so.6(abort+0xd3)[0x7090160287f3]
build/test-workchain-block(+0x637ca7)[0x5b241d18eca7]
build/test-workchain-block(+0x637da7)[0x5b241d18eda7]
build/test-workchain-block(+0x637957)[0x5b241d18e957]
build/test-workchain-block(+0x27e88c)[0x5b241cdd588c]
build/test-workchain-block(+0x1b0c5a)[0x5b241cd07c5a]
build/test-workchain-block(+0x641a7c)[0x5b241d198a7c]
build/test-workchain-block(+0x6415a8)[0x5b241d1985a8]
build/test-workchain-block(+0xd97af)[0x5b241cc307af]
/lib/x86_64-linux-gnu/libc.so.6(+0x29d90)[0x709016029d90]
/lib/x86_64-linux-gnu/libc.so.6(__libc_start_main+0x80)[0x709016029e40]
build/test-workchain-block(+0xd9655)[0x5b241cc30655]
-------------------------------
--- Enhanced Backtrace (libbacktrace) ---
    #0  ?? (test-workchain-block+0xd287c) [0x5b241cc2987c]
    #1  ?? at libc_sigaction.c (libc.so.6+0x4251f) [0x70901604251f]
    #2  __pthread_kill_implementation at pthread_kill.c:44 (libc.so.6+0x969bc) [0x7090160969bc]
    #3  __pthread_kill_internal at pthread_kill.c:78 (libc.so.6+0x969bc) [0x7090160969bc]
    #4  __GI___pthread_kill at pthread_kill.c:89 (libc.so.6+0x969bc) [0x7090160969bc]
    #5  __GI_raise at raise.c:26 (libc.so.6+0x42475) [0x709016042475]
    #6  __GI_abort at abort.c:79 (libc.so.6+0x287f2) [0x7090160287f2]
    #7  ?? (test-workchain-block+0x637ca6) [0x5b241d18eca6]
    #8  ?? (test-workchain-block+0x637da6) [0x5b241d18eda6]
    #9  ?? (test-workchain-block+0x637956) [0x5b241d18e956]
    #10  ?? (test-workchain-block+0x27e88b) [0x5b241cdd588b]
    #11  ?? (test-workchain-block+0x1b0c59) [0x5b241cd07c59]
    #12  ?? (test-workchain-block+0x641a7b) [0x5b241d198a7b]
    #13  ?? (test-workchain-block+0x6415a7) [0x5b241d1985a7]
    #14  ?? (test-workchain-block+0xd97ae) [0x5b241cc307ae]
    #15  __libc_start_call_main at libc_start_call_main.h:58 (libc.so.6+0x29d8f) [0x709016029d8f]
    #16  __libc_start_main_impl at libc-start.c:392 (libc.so.6+0x29e3f) [0x709016029e3f]
    #17  ?? (test-workchain-block+0xd9654) [0x5b241cc30654]
    #18  àW¡:ÿ (unknown+0xffffffffffffffff) [0xffffffffffffffff]
------------------------------------------
[Thread debugging using libthread_db enabled]
Using host libthread_db library "/lib/x86_64-linux-gnu/libthread_db.so.1".
0x00007090160ea3aa in __GI___wait4 (pid=1227319, stat_loc=0x0, options=0, usage=0x0) at ../sysdeps/unix/sysv/linux/wait4.c:30
30	../sysdeps/unix/sysv/linux/wait4.c: No such file or directory.
[Current thread is 1 (Thread 0x7090166c1800 (LWP 1227318))]

Thread 1 (Thread 0x7090166c1800 (LWP 1227318) "test-workchain-"):
#0  0x00007090160ea3aa in __GI___wait4 (pid=1227319, stat_loc=0x0, options=0, usage=0x0) at ../sysdeps/unix/sysv/linux/wait4.c:30
        sc_ret = -512
        sc_ret = <optimized out>
#1  0x00005b241d18bb22 in td::Stacktrace::print_to_stderr(td::Stacktrace::PrintOptions const&) ()
No symbol table info available.
#2  0x00005b241cc2987d in td::default_failure_signal_handler(int) ()
No symbol table info available.
#3  <signal handler called>
No locals.
#4  __pthread_kill_implementation (no_tid=0, signo=6, threadid=123764153784320) at ./nptl/pthread_kill.c:44
        tid = <optimized out>
        ret = 0
        pd = 0x7090166c1800
        old_mask = {__val = {0 <repeats 16 times>}}
        ret = <optimized out>
        pd = <optimized out>
        old_mask = <optimized out>
        ret = <optimized out>
        tid = <optimized out>
        ret = <optimized out>
        resultvar = <optimized out>
        resultvar = <optimized out>
        __arg3 = <optimized out>
        __arg2 = <optimized out>
        __arg1 = <optimized out>
        _a3 = <optimized out>
        _a2 = <optimized out>
        _a1 = <optimized out>
        __futex = <optimized out>
        resultvar = <optimized out>
        __arg3 = <optimized out>
        __arg2 = <optimized out>
        __arg1 = <optimized out>
        _a3 = <optimized out>
        _a2 = <optimized out>
        _a1 = <optimized out>
        __futex = <optimized out>
        __private = <optimized out>
        __oldval = <optimized out>
        result = <optimized out>
#5  __pthread_kill_internal (signo=6, threadid=123764153784320) at ./nptl/pthread_kill.c:78
No locals.
#6  __GI___pthread_kill (threadid=123764153784320, signo=signo@entry=6) at ./nptl/pthread_kill.c:89
No locals.
#7  0x0000709016042476 in __GI_raise (sig=sig@entry=6) at ../sysdeps/posix/raise.c:26
        ret = <optimized out>
#8  0x00007090160287f3 in __GI_abort () at ./stdlib/abort.c:79
        save_stage = 1
        act = {__sigaction_handler = {sa_handler = 0x0, sa_sigaction = 0x0}, sa_mask = {__val = {0 <repeats 16 times>}}, sa_flags = 1, sa_restorer = 0x0}
        sigs = {__val = {32, 0 <repeats 15 times>}}
#9  0x00005b241d18eca7 in td::process_fatal_error(td::CSlice) ()
No symbol table info available.
#10 0x00005b241d18eda7 in td::DefaultLog::append(td::CSlice, int) ()
No symbol table info available.
#11 0x00005b241d18e957 in td::Logger::~Logger() ()
No symbol table info available.
#12 0x00005b241cdd588c in (anonymous namespace)::Test_WorkchainBlock_NativeDisposalEntry::run() ()
No symbol table info available.
#13 0x00005b241cd07c5a in td::Test::step() ()
No symbol table info available.
#14 0x00005b241d198a7c in td::TestsRunner::run_all_step() ()
No symbol table info available.
#15 0x00005b241d1985a8 in td::TestsRunner::run_all() ()
No symbol table info available.
#16 0x00005b241cc307af in main ()
No symbol table info available.
[Inferior 1 (process 1227318) detached]
