Running test Test_WorkchainBlock_CoordinatorStateLayout...
PASS in 253.8us
Running test Test_WorkchainBlock_CoordinatorStateExactFraming...
PASS in 24.7us
Running test Test_WorkchainBlock_ResourcePolicyWire...
PASS in 45.1us
Running test Test_WorkchainBlock_EngineConfigurationFraming...
PASS in 36.1us
Running test Test_WorkchainBlock_BatchPolicyVersionIdentityAgreement...
PASS in 2065.0ns
Running test Test_WorkchainBlock_BatchProfileUnsupportedNodeProbe...
PASS in 981.0ns
Running test Test_WorkchainBlock_ClaimedFeeOuterFraming...
PASS in 10.3us
Running test Test_WorkchainBlock_ClaimedFeeShortNativeFraming...
PASS in 4654.0ns
Running test Test_WorkchainBlock_ClaimedFeeSpecialNativeFraming...
PASS in 5820.0ns
Running test Test_WorkchainBlock_ClaimedFeeUnknownNativeFraming...
PASS in 4749.0ns
Running test Test_WorkchainBlock_ResourcePolicyRejectsSpecialBeforeDecoder...
PASS in 1775.0ns
Running test Test_WorkchainBlock_ResourcePolicyEncodedSpecialCells...
PASS in 41.0us
Running test Test_WorkchainBlock_ResourcePolicyMalformedClosure...
PASS in 22.9us
Running test Test_WorkchainBlock_BounceValueIsolation...
PASS in 61.3us
Running test Test_WorkchainBlock_PayoutPrincipalAndFees...
PASS in 31.4us
Running test Test_WorkchainBlock_NativeAccountValueFlow...
PASS in 27.7us
Running test Test_WorkchainBlock_ParticipantRecordBinding...
PASS in 12.1us
Running test Test_WorkchainBlock_HostIdentityBinding...
PASS in 45.4us
Running test Test_WorkchainBlock_AdmittedIdentityAgreement...
PASS in 25.2us
Running test Test_WorkchainBlock_AccountDeclarationsCodec...
PASS in 37.1us
Running test Test_WorkchainBlock_AccountDeclarationsMalformed...
PASS in 18.5us
Running test Test_WorkchainBlock_AccountAccessBinding...
PASS in 9279.0ns
Running test Test_WorkchainBlock_AccountAccessExactCoverage...
PASS in 6123.0ns
Running test Test_WorkchainBlock_ParticipantLtPlan...
PASS in 2523.0ns
Running test Test_WorkchainBlock_ParticipantLtExhaustion...
PASS in 1743.0ns
Running test Test_WorkchainBlock_ResourcePolicyLocalLoadFailure...
PASS in 107.0us
Running test Test_WorkchainBlock_CoordinatorStateLocalLoadFailure...
PASS in 40.9us
Running test Test_WorkchainBlock_ScopedStateReadObserver...
PASS in 65.5us
Running test Test_WorkchainBlock_StateReadRefusalLeavesProofUnchanged...
PASS in 29.6us
Running test Test_WorkchainBlock_StateReadMeterProofTracking...
PASS in 176.8us
Running test Test_WorkchainBlock_AccountDictionaryChanges...
PASS in 153.6us
Running test Test_WorkchainBlock_AccountDictionaryBinding...
PASS in 21.5us
Running test Test_WorkchainBlock_BatchInputUnionExactBounds...
PASS in 47.2us
Running test Test_WorkchainBlock_BatchInputRootCountPrecedesAcquisition...
PASS in 1623.0ns
Running test Test_WorkchainBlock_DeclarationShapeCountsSharedSubtreesWithoutExpansion...
PASS in 24.6ms
Running test Test_WorkchainBlock_BatchInputNativeSpecialAndFailureProvenance...
PASS in 121.8us
Running test Test_WorkchainBlock_BatchInputHostMismatchAndCorruptInbox...
PASS in 21.7us
Running test Test_WorkchainBlock_BatchInputDeclarationSemanticsAndProvenance...
PASS in 91.3us
Running test Test_WorkchainBlock_DeclarationSingleLeafZeroAllowance...
PASS in 3187.0ns
Running test Test_WorkchainBlock_BatchInputDeclarationCacheBindsRemainingWidth...
PASS in 40.8us
Running test Test_WorkchainBlock_BoundedInboxCountBeforeWorkspace...
PASS in 289.9us
Running test Test_WorkchainBlock_BoundedInboxStructureMatchesNativeDictionary...
PASS in 4814.3us
Running test Test_WorkchainBlock_BoundedInboxUniformPrefixLabels...
PASS in 8958.3us
Running test Test_WorkchainBlock_BoundedInboxStopsBeforeSemanticDecode...
PASS in 201.7us
Running test Test_WorkchainBlock_NativeDisposalPlan...
PASS in 265.3us
Running test Test_WorkchainBlock_NativeBounceMessage...
PASS in 43.5us
Running test Test_WorkchainBlock_NativeBounceStorage...
PASS in 5753.0ns
Running test Test_WorkchainBlock_NativeBounceStorageCaller...
PASS in 107.4us
Running test Test_WorkchainBlock_NativeBounceBody...
PASS in 257.8us
Running test Test_WorkchainBlock_NativeInboxPlan...
PASS in 87.3us
Running test Test_WorkchainBlock_NativeTransferEffects...
PASS in 49.7us
Running test Test_WorkchainBlock_NativeAllocation...
PASS in 148.6us
Running test Test_WorkchainBlock_BatchNativeAllocation...
PASS in 147.2us
Running test Test_WorkchainBlock_DisposalFixturePricesOverwritePriorState...
PASS in 768.0ns
Running test Test_WorkchainBlock_AggregateFeeSettlement...
PASS in 1334.9us
Running test Test_WorkchainBlock_NativeDisposalEntry...
PASS in 35.9ms
Running test Test_WorkchainBlock_NativeCoordinatorEntry...
PASS in 2375.1us
Running test Test_WorkchainBlock_MeteredAccountLookupProof...
PASS in 102.6us
Running test Test_WorkchainBlock_AccountReplacementStateDependencies...
PASS in 241.5us
Running test Test_WorkchainBlock_AccountEngineExecution...
PASS in 16.1ms
Running test Test_WorkchainBlock_HostInputCommitment...
PASS in 130.2us
Running test Test_WorkchainBlock_ExtractExecutorFromShardState...
PASS in 132.8us
Running test Test_WorkchainBlock_CounterReplay...
PASS in 33.2us
Running test Test_WorkchainBlock_CounterPayloadSurvivesBatchReplay...
PASS in 70.4ms
Running test Test_WorkchainBlock_StorageParticipantNativeWrapper...
PASS in 63.2us
Running test Test_WorkchainBlock_StorageOverlayNativeCommit...
PASS in 134.0us
Running test Test_WorkchainBlock_ReplayStorageCachePreservesValidation...
PASS in 1991.9us
Running test Test_WorkchainBlock_CanonicalInboundList...
PASS in 53.4us
Running test Test_WorkchainBlock_InboundCommitmentAndMembership...
PASS in 96.4us
Running test Test_WorkchainBlock_ExecutorWitnessEncoding...
PASS in 21.4us
Running test Test_WorkchainBlock_BatchAccountCommitAndReload...
PASS in 523.0us
Running test Test_WorkchainBlock_ResolvedBatchStaging...
PASS in 75.1us
Running test Test_WorkchainBlock_StorageFixtureDictionaryContracts...
PASS in 5455.0ns
Running test Test_WorkchainBlock_FixtureDictionaryReachesNativeAccountLimit...
PASS in 2507.6ms
Running test Test_WorkchainBlock_BatchExecutorCellBudgetIncludesFullWrapper...
PASS in 56.6ms
Running test Test_WorkchainBlock_BatchPreparationRejectsUnsettledState...
PASS in 63.7us
Running test Test_WorkchainBlock_NativePayoutPair...
PASS in 1050.5us
Running test Test_WorkchainBlock_NativePayoutPricing...
PASS in 243.9us
Running test Test_WorkchainBlock_BatchNativeMessageSettlement...
PASS in 662.5us
Running test Test_WorkchainBlock_BatchCommitmentReplay...
PASS in 29.6us
Running test Test_WorkchainBlock_NativeQueueViewIsBoundToInput...
PASS in 11.0us
Running test Test_WorkchainBlock_UnmatchedBatchInputDoesNotInvokeEngine...
PASS in 18.5us
Running test Test_WorkchainBlock_BatchCommitmentRejectsEffectMutations...
PASS in 71.0us
Running test Test_WorkchainBlock_BatchDescriptionParsersAndScope...
PASS in 7808.0ns
Running test Test_WorkchainBlock_RejectMalformedBatchDescription...
PASS in 2636.0ns
Running test Test_WorkchainBlock_ScopeClassifiesEveryConstructorPrefix...
PASS in 4361.0ns
Running test Test_WorkchainBlock_RetiredBatchDescriptorRejected...
PASS in 6934.0ns
Running test Test_WorkchainBlock_BatchTimeFollowsEveryInputAndLeavesEndSpace...
PASS in 29.6us
Running test Test_WorkchainBlock_MissingImportEnumeratorIsLocalFailure...
PASS in 666.0ns
Running test Test_WorkchainBlock_ImportEnumeratorStateFaultIsLocalFailure...
PASS in 7541.0ns
Running test Test_WorkchainBlock_InboxReconstructedFromNativeImports...
PASS in 7934.2us
Running test Test_WorkchainBlock_NativeBatchCreditIsAtomicAndReplayable...
PASS in 229.7us
Running test Test_WorkchainBlock_AccountEmulatorRejectsBatchTransaction...
PASS in 4319.0ns
Running test Test_WorkchainBlock_ResultWireRoundTrip...
PASS in 36.0us
Running test Test_WorkchainBlock_RejectNonCanonicalResultWire...
PASS in 24.6us
Running test Test_WorkchainBlock_RejectEveryResultMutation...
PASS in 44.5us
Running test Test_WorkchainBlock_RejectOverflowAndMissingContext...
PASS in 20.3us
Running test Test_WorkchainBlock_CollationCandidateScope...
PASS in 1612.0ns
Running test Test_WorkchainBlock_InputPreflightUnionAndExactLimits...
PASS in 4530.0ns
Running test Test_WorkchainBlock_InputPreflightStopsBeforeOverLimitLoad...
PASS in 2104.0ns
Running test Test_WorkchainBlock_InputPreflightDeepSharedGraph...
PASS in 941.1us
Running test Test_WorkchainBlock_InputPreflightUnavailableAndSpecial...
PASS in 2274.0ns
Running test Test_WorkchainBlock_EngineSpecialInputClassification...
PASS in 65.3us
Running test Test_WorkchainBlock_EngineExceptionIsNotCandidateInvalid...
PASS in 51.1us
Running test Test_WorkchainBlock_RegistryScopeIsolation...
PASS in 37.5us
Running test Test_WorkchainBlock_IngressProtocolScopeDoesNotDependOnRegistry...
PASS in 608.0ns
Running test Test_WorkchainBlock_DeclaredScopePreventsLocalComputeFallback...
PASS in 6277.0ns
Running test Test_WorkchainBlock_RegistryRequiresConsensusActivation...
PASS in 15.9us
Running test Test_WorkchainBlock_PublicIngressPolicyCodecAndDescriptorBinding...
PASS in 8078.0ns
Running test Test_WorkchainBlock_PublicIngressRequiresStandardWorkchainRange...
PASS in 3036.0ns
Running test Test_WorkchainBlock_DualNativeIngressCodecAndVersion...
PASS in 24.1us
Running test Test_WorkchainBlock_MultiAccountAdmissionVersionInstallation...
PASS in 307.2us
Running test Test_WorkchainBlock_AccountRegistryReplayConnectivity...
PASS in 670.0us
Running test Test_WorkchainBlock_MultiAccountRegistryBinding...
PASS in 405.7us
Running test Test_WorkchainBlock_PublicIngressTableCanonicalKeys...
PASS in 17.6us
Running test Test_WorkchainBlock_NativeDestinationRouting...
PASS in 10.6us
Running test Test_WorkchainBlock_NativeSenderEnforcesPublicExecutorAddress...
PASS in 172.0us
Running test Test_WorkchainBlock_ActivatedHostWithoutIngressPolicyIsIdle...
PASS in 5391.0ns
Running test Test_WorkchainBlock_NativeIngressParameterPresenceRequiresActivation...
PASS in 11.5us
Running test Test_WorkchainBlock_ResolvedBlockResourcePolicy...
PASS in 83.2us
Running test Test_WorkchainBlock_ReceiverRequiresMatchingPublicIngressPolicy...
PASS in 29.0us
Running test Test_WorkchainBlock_SenderResolvesIngressWithoutForeignEngine...
PASS in 37.9us
Running test Test_WorkchainBlock_ScopedWorkchainConfigurationResolution...
PASS in 4256.0ns
123 test(s) passed
