[0m[ 4][t 0][2026-09-09 16:00:32.575288991][transaction.cpp:616]	unpacking account 1000000000000000000000000000000000000000000000000000000000000000[0m
[0m[ 4][t 0][2026-09-09 16:00:32.575542074][transaction.cpp:449]	last_paid=0; cells=0 bits=0[0m
[0m[ 4][t 0][2026-09-09 16:00:32.575553931][transaction.cpp:679]	end of Account.unpack() for 2:1000000000000000000000000000000000000000000000000000000000000000 (balance = 1000ng ; last_trans_lt = 1..2)[0m
[0m[ 4][t 0][2026-09-09 16:00:32.575580704][transaction.cpp:616]	unpacking account 2000000000000000000000000000000000000000000000000000000000000000[0m
[0m[ 4][t 0][2026-09-09 16:00:32.575588761][transaction.cpp:449]	last_paid=0; cells=0 bits=0[0m
[0m[ 4][t 0][2026-09-09 16:00:32.575594325][transaction.cpp:679]	end of Account.unpack() for 2:2000000000000000000000000000000000000000000000000000000000000000 (balance = 1000ng ; last_trans_lt = 1..2)[0m
[0m[ 4][t 0][2026-09-09 16:00:32.576261547][transaction.cpp:616]	unpacking account 1000000000000000000000000000000000000000000000000000000000000000[0m
[0m[ 4][t 0][2026-09-09 16:00:32.576276486][transaction.cpp:449]	last_paid=0; cells=0 bits=0[0m
[0m[ 4][t 0][2026-09-09 16:00:32.576283171][transaction.cpp:679]	end of Account.unpack() for 2:1000000000000000000000000000000000000000000000000000000000000000 (balance = 1000ng ; last_trans_lt = 1..2)[0m
[0m[ 4][t 0][2026-09-09 16:00:32.576290554][transaction.cpp:616]	unpacking account 2000000000000000000000000000000000000000000000000000000000000000[0m
[0m[ 4][t 0][2026-09-09 16:00:32.576297512][transaction.cpp:449]	last_paid=0; cells=0 bits=0[0m
[0m[ 4][t 0][2026-09-09 16:00:32.576303125][transaction.cpp:679]	end of Account.unpack() for 2:2000000000000000000000000000000000000000000000000000000000000000 (balance = 1000ng ; last_trans_lt = 1..2)[0m
[0m[ 4][t 0][2026-09-09 16:00:32.576599555][transaction.cpp:616]	unpacking account 1000000000000000000000000000000000000000000000000000000000000000[0m
[0m[ 4][t 0][2026-09-09 16:00:32.576609984][transaction.cpp:449]	last_paid=0; cells=0 bits=0[0m
[0m[ 4][t 0][2026-09-09 16:00:32.576615913][transaction.cpp:679]	end of Account.unpack() for 2:1000000000000000000000000000000000000000000000000000000000000000 (balance = 1000ng ; last_trans_lt = 1..2)[0m
[0m[ 4][t 0][2026-09-09 16:00:32.576622749][transaction.cpp:616]	unpacking account 2000000000000000000000000000000000000000000000000000000000000000[0m
[0m[ 4][t 0][2026-09-09 16:00:32.576629459][transaction.cpp:449]	last_paid=0; cells=0 bits=0[0m
[0m[ 4][t 0][2026-09-09 16:00:32.576634838][transaction.cpp:679]	end of Account.unpack() for 2:2000000000000000000000000000000000000000000000000000000000000000 (balance = 1000ng ; last_trans_lt = 1..2)[0m
once: actual_engine_calls=1 inspections=1
input: exact local refusal; actual_engine_calls=1
state: exact local refusal; actual_engine_calls=1
observer: exact local refusal; actual_engine_calls=1
tracking: actual_engine_calls=1 inspections=1
effects: typed budget refusal; actual_engine_calls=1
output: typed budget refusal; actual_engine_calls=1
