Running test Test_WorkchainBlock_CoordinatorStateLayout...
PASS in 226.7us
Running test Test_WorkchainBlock_CoordinatorStateExactFraming...
PASS in 23.1us
Running test Test_WorkchainBlock_ResourcePolicyWire...
PASS in 44.5us
Running test Test_WorkchainBlock_EngineConfigurationFraming...
PASS in 36.1us
Running test Test_WorkchainBlock_BatchPolicyVersionIdentityAgreement...
PASS in 1715.0ns
Running test Test_WorkchainBlock_BatchProfileUnsupportedNodeProbe...
PASS in 956.0ns
Running test Test_WorkchainBlock_ClaimedFeeOuterFraming...
PASS in 19.2us
Running test Test_WorkchainBlock_ClaimedFeeShortNativeFraming...
PASS in 4639.0ns
Running test Test_WorkchainBlock_ClaimedFeeSpecialNativeFraming...
PASS in 4568.0ns
Running test Test_WorkchainBlock_ClaimedFeeUnknownNativeFraming...
PASS in 4636.0ns
Running test Test_WorkchainBlock_ResourcePolicyRejectsSpecialBeforeDecoder...
PASS in 1454.0ns
Running test Test_WorkchainBlock_ResourcePolicyEncodedSpecialCells...
PASS in 41.3us
Running test Test_WorkchainBlock_ResourcePolicyMalformedClosure...
PASS in 23.9us
Running test Test_WorkchainBlock_BounceValueIsolation...
PASS in 46.8us
Running test Test_WorkchainBlock_PayoutPrincipalAndFees...
PASS in 23.9us
Running test Test_WorkchainBlock_NativeAccountValueFlow...
PASS in 33.1us
Running test Test_WorkchainBlock_ParticipantRecordBinding...
PASS in 11.7us
Running test Test_WorkchainBlock_HostIdentityBinding...
PASS in 45.0us
Running test Test_WorkchainBlock_AdmittedIdentityAgreement...
PASS in 18.5us
Running test Test_WorkchainBlock_AccountDeclarationsCodec...
PASS in 33.9us
Running test Test_WorkchainBlock_AccountDeclarationsMalformed...
PASS in 23.3us
Running test Test_WorkchainBlock_AccountAccessBinding...
PASS in 7946.0ns
Running test Test_WorkchainBlock_AccountAccessExactCoverage...
PASS in 6129.0ns
Running test Test_WorkchainBlock_ParticipantLtPlan...
PASS in 2293.0ns
Running test Test_WorkchainBlock_ParticipantLtExhaustion...
PASS in 1528.0ns
Running test Test_WorkchainBlock_ResourcePolicyLocalLoadFailure...
PASS in 111.8us
Running test Test_WorkchainBlock_CoordinatorStateLocalLoadFailure...
PASS in 40.3us
Running test Test_WorkchainBlock_ScopedStateReadObserver...
PASS in 54.3us
Running test Test_WorkchainBlock_StateReadRefusalLeavesProofUnchanged...
PASS in 30.5us
Running test Test_WorkchainBlock_StateReadMeterProofTracking...
PASS in 178.3us
Running test Test_WorkchainBlock_AccountDictionaryChanges...
PASS in 143.7us
Running test Test_WorkchainBlock_AccountDictionaryBinding...
PASS in 15.1us
Running test Test_WorkchainBlock_BatchInputUnionExactBounds...
PASS in 44.7us
Running test Test_WorkchainBlock_BatchInputRootCountPrecedesAcquisition...
PASS in 1695.0ns
Running test Test_WorkchainBlock_DeclarationShapeCountsSharedSubtreesWithoutExpansion...
PASS in 24.5ms
Running test Test_WorkchainBlock_BatchInputNativeSpecialAndFailureProvenance...
PASS in 119.7us
Running test Test_WorkchainBlock_BatchInputHostMismatchAndCorruptInbox...
PASS in 21.2us
Running test Test_WorkchainBlock_BatchInputDeclarationSemanticsAndProvenance...
PASS in 80.2us
Running test Test_WorkchainBlock_DeclarationSingleLeafZeroAllowance...
PASS in 3110.0ns
Running test Test_WorkchainBlock_BatchInputDeclarationCacheBindsRemainingWidth...
PASS in 46.2us
Running test Test_WorkchainBlock_BoundedInboxCountBeforeWorkspace...
PASS in 300.8us
Running test Test_WorkchainBlock_BoundedInboxStructureMatchesNativeDictionary...
PASS in 4899.4us
Running test Test_WorkchainBlock_BoundedInboxUniformPrefixLabels...
PASS in 8881.1us
Running test Test_WorkchainBlock_BoundedInboxStopsBeforeSemanticDecode...
PASS in 195.8us
Running test Test_WorkchainBlock_NativeDisposalPlan...
PASS in 238.2us
Running test Test_WorkchainBlock_NativeBounceMessage...
PASS in 43.1us
Running test Test_WorkchainBlock_NativeBounceStorage...
PASS in 5878.0ns
Running test Test_WorkchainBlock_NativeBounceStorageCaller...
PASS in 114.9us
Running test Test_WorkchainBlock_NativeBounceBody...
PASS in 263.5us
Running test Test_WorkchainBlock_NativeInboxPlan...
PASS in 95.2us
Running test Test_WorkchainBlock_NativeTransferEffects...
PASS in 48.1us
Running test Test_WorkchainBlock_NativeAllocation...
PASS in 150.0us
Running test Test_WorkchainBlock_BatchNativeAllocation...
PASS in 151.5us
Running test Test_WorkchainBlock_MessagePricesDefaultInitialization...
PASS in 545.0ns
Running test Test_WorkchainBlock_DisposalFixturePricesOverwritePriorState...
PASS in 782.0ns
Running test Test_WorkchainBlock_AggregateFeeSettlement...
PASS in 1331.4us
Running test Test_WorkchainBlock_NativeDisposalEntry...
PASS in 36.0ms
Running test Test_WorkchainBlock_NativeCoordinatorEntry...
PASS in 2378.0us
Running test Test_WorkchainBlock_MeteredAccountLookupProof...
PASS in 96.4us
Running test Test_WorkchainBlock_AccountReplacementStateDependencies...
PASS in 247.3us
Running test Test_WorkchainBlock_AccountEngineExecution...
PASS in 16.1ms
Running test Test_WorkchainBlock_HostInputCommitment...
PASS in 129.0us
Running test Test_WorkchainBlock_ExtractExecutorFromShardState...
PASS in 136.7us
Running test Test_WorkchainBlock_CounterReplay...
PASS in 32.5us
Running test Test_WorkchainBlock_CounterPayloadSurvivesBatchReplay...
PASS in 89.4ms
Running test Test_WorkchainBlock_StorageParticipantNativeWrapper...
PASS in 106.1us
Running test Test_WorkchainBlock_StorageOverlayNativeCommit...
PASS in 247.8us
Running test Test_WorkchainBlock_ReplayStorageCachePreservesValidation...
PASS in 3779.4us
Running test Test_WorkchainBlock_CanonicalInboundList...
PASS in 98.8us
Running test Test_WorkchainBlock_InboundCommitmentAndMembership...
PASS in 179.5us
Running test Test_WorkchainBlock_ExecutorWitnessEncoding...
PASS in 41.5us
Running test Test_WorkchainBlock_BatchAccountCommitAndReload...
PASS in 991.2us
Running test Test_WorkchainBlock_ResolvedBatchStaging...
PASS in 140.9us
Running test Test_WorkchainBlock_StorageFixtureDictionaryContracts...
PASS in 10.1us
Running test Test_WorkchainBlock_FixtureDictionaryReachesNativeAccountLimit...
PASS in 2679.6ms
Running test Test_WorkchainBlock_BatchExecutorCellBudgetIncludesFullWrapper...
PASS in 57.1ms
Running test Test_WorkchainBlock_BatchPreparationRejectsUnsettledState...
PASS in 66.5us
Running test Test_WorkchainBlock_NativePayoutPair...
PASS in 1087.4us
Running test Test_WorkchainBlock_NativePayoutPricing...
PASS in 251.5us
Running test Test_WorkchainBlock_BatchNativeMessageSettlement...
PASS in 667.6us
Running test Test_WorkchainBlock_BatchCommitmentReplay...
PASS in 34.8us
Running test Test_WorkchainBlock_NativeQueueViewIsBoundToInput...
PASS in 12.0us
Running test Test_WorkchainBlock_UnmatchedBatchInputDoesNotInvokeEngine...
PASS in 18.7us
Running test Test_WorkchainBlock_BatchCommitmentRejectsEffectMutations...
PASS in 71.1us
Running test Test_WorkchainBlock_BatchDescriptionParsersAndScope...
PASS in 9794.0ns
Running test Test_WorkchainBlock_RejectMalformedBatchDescription...
PASS in 2633.0ns
Running test Test_WorkchainBlock_ScopeClassifiesEveryConstructorPrefix...
PASS in 4797.0ns
Running test Test_WorkchainBlock_RetiredBatchDescriptorRejected...
PASS in 8263.0ns
Running test Test_WorkchainBlock_BatchTimeFollowsEveryInputAndLeavesEndSpace...
PASS in 34.0us
Running test Test_WorkchainBlock_MissingImportEnumeratorIsLocalFailure...
PASS in 1063.0ns
Running test Test_WorkchainBlock_ImportEnumeratorStateFaultIsLocalFailure...
PASS in 7808.0ns
Running test Test_WorkchainBlock_InboxReconstructedFromNativeImports...
PASS in 8072.3us
Running test Test_WorkchainBlock_NativeBatchCreditIsAtomicAndReplayable...
PASS in 224.9us
Running test Test_WorkchainBlock_AccountEmulatorRejectsBatchTransaction...
PASS in 4638.0ns
Running test Test_WorkchainBlock_ResultWireRoundTrip...
PASS in 35.9us
Running test Test_WorkchainBlock_RejectNonCanonicalResultWire...
PASS in 25.8us
Running test Test_WorkchainBlock_RejectEveryResultMutation...
PASS in 44.7us
Running test Test_WorkchainBlock_RejectOverflowAndMissingContext...
PASS in 20.5us
Running test Test_WorkchainBlock_CollationCandidateScope...
PASS in 1681.0ns
Running test Test_WorkchainBlock_InputPreflightUnionAndExactLimits...
PASS in 4453.0ns
Running test Test_WorkchainBlock_InputPreflightStopsBeforeOverLimitLoad...
PASS in 1950.0ns
Running test Test_WorkchainBlock_InputPreflightDeepSharedGraph...
PASS in 937.3us
Running test Test_WorkchainBlock_InputPreflightUnavailableAndSpecial...
PASS in 2472.0ns
Running test Test_WorkchainBlock_EngineSpecialInputClassification...
PASS in 66.0us
Running test Test_WorkchainBlock_EngineExceptionIsNotCandidateInvalid...
PASS in 51.1us
Running test Test_WorkchainBlock_RegistryScopeIsolation...
PASS in 42.4us
Running test Test_WorkchainBlock_IngressProtocolScopeDoesNotDependOnRegistry...
PASS in 740.0ns
Running test Test_WorkchainBlock_DeclaredScopePreventsLocalComputeFallback...
PASS in 6542.0ns
Running test Test_WorkchainBlock_RegistryRequiresConsensusActivation...
PASS in 17.5us
Running test Test_WorkchainBlock_PublicIngressPolicyCodecAndDescriptorBinding...
PASS in 8132.0ns
Running test Test_WorkchainBlock_PublicIngressRequiresStandardWorkchainRange...
PASS in 3085.0ns
Running test Test_WorkchainBlock_DualNativeIngressCodecAndVersion...
PASS in 26.3us
Running test Test_WorkchainBlock_MultiAccountAdmissionVersionInstallation...
PASS in 298.6us
Running test Test_WorkchainBlock_AccountRegistryReplayConnectivity...
PASS in 688.2us
Running test Test_WorkchainBlock_MultiAccountRegistryBinding...
PASS in 406.2us
Running test Test_WorkchainBlock_PublicIngressTableCanonicalKeys...
PASS in 17.9us
Running test Test_WorkchainBlock_NativeDestinationRouting...
PASS in 10.7us
Running test Test_WorkchainBlock_NativeSenderEnforcesPublicExecutorAddress...
PASS in 168.4us
Running test Test_WorkchainBlock_ActivatedHostWithoutIngressPolicyIsIdle...
PASS in 5516.0ns
Running test Test_WorkchainBlock_NativeIngressParameterPresenceRequiresActivation...
PASS in 11.4us
Running test Test_WorkchainBlock_ResolvedBlockResourcePolicy...
PASS in 83.2us
Running test Test_WorkchainBlock_ReceiverRequiresMatchingPublicIngressPolicy...
PASS in 29.3us
Running test Test_WorkchainBlock_SenderResolvesIngressWithoutForeignEngine...
PASS in 37.5us
Running test Test_WorkchainBlock_ScopedWorkchainConfigurationResolution...
PASS in 4186.0ns
124 test(s) passed
