[1;36m[ 3][t 1][2026-09-29 16:16:55.479741155][pool.cpp:360][!c04-isolated.SimplexPool]	Validator group started. We are validator 0 at kJCQkJCQkJCQkJCQkJCQkJCQkJCQkJCQkJCQkJCQkJA= with weight 1 out of 4[0m
[1;36m[ 3][t 2][2026-09-29 16:16:55.500868975][BusRuntime.h:238][!c04-driver]	Published event tos::validator::consensus::simplex::[1;33mBroadcastVote[1;36m@0x7d7b6c060230[1;90m{vote=NotarizeVote{id={0, IiIiIiIiIiIiIiIiIiIiIiIiIiIiIiIiIiIiIiIiIiI=, ?}}}[1;36m on c04-isolated bus[0m
[0m[ 4][t 2][2026-09-29 16:16:55.500955950][BusRuntime.h:240][!c04-isolated.SimplexPool]	Received event tos::validator::consensus::simplex::[1;33mBroadcastVote[0m@0x7d7b6c060230 on c04-isolated bus[0m
[1;36m[ 3][t 2][2026-09-29 16:16:55.500977966][BusRuntime.h:238][!c04-isolated.SimplexPool]	Published event tos::validator::consensus::[1;33mTraceEvent[1;36m@0x7d7b64001470[1;90m{event=Voted{vote=NotarizeVote{id={0, IiIiIiIiIiIiIiIiIiIiIiIiIiIiIiIiIiIiIiIiIiI=, ?}}}}[1;36m on c04-isolated bus[0m
[1;36m[ 3][t 2][2026-09-29 16:16:55.500994530][BusRuntime.h:238][!c04-isolated.SimplexPool]	Published event tos::validator::consensus::simplex::[1;33mPersistOwnVoteIntent[1;36m@0x7d7b640011b0[1;90m{vote=NotarizeVote{id={0, IiIiIiIiIiIiIiIiIiIiIiIiIiIiIiIiIiIiIiIiIiI=, ?}}}[1;36m on c04-isolated bus[0m
[0m[ 4][t 2][2026-09-29 16:16:55.501016865][BusRuntime.h:240][!c04-isolated.Fixture]	Received event tos::validator::consensus::simplex::[1;33mPersistOwnVoteIntent[0m@0x7d7b640011b0 on c04-isolated bus[0m
[1;36m[ 3][t 2][2026-09-29 16:16:55.501055277][BusRuntime.h:89][!c04-isolated.SimplexPool]	Response for tos::validator::consensus::simplex::[1;33mPersistOwnVoteIntent[1;36m@0x7d7b640011b0 is ready[0m
[1;36m[ 3][t 2][2026-09-29 16:16:55.501696137][BusRuntime.h:238][!c04-isolated.SimplexPool]	Published event tos::validator::consensus::simplex::[1;33mPersistOwnSignedVote[1;36m@0x7d7b64000ee0[1;90m{vote=NotarizeVote{id={0, IiIiIiIiIiIiIiIiIiIiIiIiIiIiIiIiIiIiIiIiIiI=, ?}}, seqno=1, signature_size=2420}[1;36m on c04-isolated bus[0m
[0m[ 4][t 2][2026-09-29 16:16:55.501716793][BusRuntime.h:240][!c04-isolated.Fixture]	Received event tos::validator::consensus::simplex::[1;33mPersistOwnSignedVote[0m@0x7d7b64000ee0 on c04-isolated bus[0m
[1;36m[ 3][t 2][2026-09-29 16:16:55.501729875][BusRuntime.h:89][!c04-isolated.SimplexPool]	Response for tos::validator::consensus::simplex::[1;33mPersistOwnSignedVote[1;36m@0x7d7b64000ee0 is ready: [Error : 0 : fixture signed failure][0m
[1;31m[ 1][t 2][2026-09-29 16:16:55.501741155][pool.cpp:932][!c04-isolated.SimplexPool]	consensus: the signed vote for NotarizeVote{id={0, IiIiIiIiIiIiIiIiIiIiIiIiIiIiIiIiIiIiIiIiIiI=, ?}} was not committed ([Error : 0 : fixture signed failure]); not applying or broadcasting it[0m
[1;36m[ 3][t 2][2026-09-29 16:16:55.501757633][BusRuntime.h:89][!c04-driver]	Response for tos::validator::consensus::simplex::[1;33mBroadcastVote[1;36m@0x7d7b6c060230 is ready[0m
[1;36m[ 3][t 1][2026-09-29 16:16:55.522024576][BusRuntime.h:238][!c04-driver]	Published event tos::validator::consensus::[1;33mStopRequested[1;36m@0x7d7b6c060c60 on c04-isolated bus[0m
[0m[ 4][t 1][2026-09-29 16:16:55.522052403][BusRuntime.h:240][!c04-isolated.Fixture]	Received event tos::validator::consensus::[1;33mStopRequested[0m@0x7d7b6c060c60 on c04-isolated bus[0m
[0m[ 4][t 1][2026-09-29 16:16:55.522061047][BusRuntime.h:240][!c04-isolated.SimplexPool]	Received event tos::validator::consensus::[1;33mStopRequested[0m@0x7d7b6c060c60 on c04-isolated bus[0m
[1;36m[ 3][t 1][2026-09-29 16:16:55.522951438][pool.cpp:360][!c04-isolated.SimplexPool]	Validator group started. We are validator 0 at kJCQkJCQkJCQkJCQkJCQkJCQkJCQkJCQkJCQkJCQkJA= with weight 1 out of 4[0m
[1;36m[ 3][t 1][2026-09-29 16:16:55.543208027][BusRuntime.h:238][!c04-driver]	Published event tos::validator::consensus::simplex::[1;33mBroadcastVote[1;36m@0x7d7b6c060d00[1;90m{vote=NotarizeVote{id={0, IiIiIiIiIiIiIiIiIiIiIiIiIiIiIiIiIiIiIiIiIiI=, ?}}}[1;36m on c04-isolated bus[0m
[0m[ 4][t 1][2026-09-29 16:16:55.543242457][BusRuntime.h:240][!c04-isolated.SimplexPool]	Received event tos::validator::consensus::simplex::[1;33mBroadcastVote[0m@0x7d7b6c060d00 on c04-isolated bus[0m
[1;36m[ 3][t 1][2026-09-29 16:16:55.543254705][BusRuntime.h:238][!c04-isolated.SimplexPool]	Published event tos::validator::consensus::[1;33mTraceEvent[1;36m@0x7d7b6c061190[1;90m{event=Voted{vote=NotarizeVote{id={0, IiIiIiIiIiIiIiIiIiIiIiIiIiIiIiIiIiIiIiIiIiI=, ?}}}}[1;36m on c04-isolated bus[0m
[1;36m[ 3][t 1][2026-09-29 16:16:55.543272164][BusRuntime.h:238][!c04-isolated.SimplexPool]	Published event tos::validator::consensus::simplex::[1;33mPersistOwnVoteIntent[1;36m@0x7d7b6c060ed0[1;90m{vote=NotarizeVote{id={0, IiIiIiIiIiIiIiIiIiIiIiIiIiIiIiIiIiIiIiIiIiI=, ?}}}[1;36m on c04-isolated bus[0m
[0m[ 4][t 1][2026-09-29 16:16:55.543286156][BusRuntime.h:240][!c04-isolated.Fixture]	Received event tos::validator::consensus::simplex::[1;33mPersistOwnVoteIntent[0m@0x7d7b6c060ed0 on c04-isolated bus[0m
[1;36m[ 3][t 1][2026-09-29 16:16:55.543295069][BusRuntime.h:89][!c04-isolated.SimplexPool]	Response for tos::validator::consensus::simplex::[1;33mPersistOwnVoteIntent[1;36m@0x7d7b6c060ed0 is ready[0m
[1;36m[ 3][t 1][2026-09-29 16:16:55.543994003][BusRuntime.h:238][!c04-isolated.SimplexPool]	Published event tos::validator::consensus::simplex::[1;33mPersistOwnSignedVote[1;36m@0x7d7b6c060d80[1;90m{vote=NotarizeVote{id={0, IiIiIiIiIiIiIiIiIiIiIiIiIiIiIiIiIiIiIiIiIiI=, ?}}, seqno=1, signature_size=2420}[1;36m on c04-isolated bus[0m
[0m[ 4][t 1][2026-09-29 16:16:55.544006674][BusRuntime.h:240][!c04-isolated.Fixture]	Received event tos::validator::consensus::simplex::[1;33mPersistOwnSignedVote[0m@0x7d7b6c060d80 on c04-isolated bus[0m
[1;36m[ 3][t 1][2026-09-29 16:16:55.544014007][BusRuntime.h:89][!c04-isolated.SimplexPool]	Response for tos::validator::consensus::simplex::[1;33mPersistOwnSignedVote[1;36m@0x7d7b6c060d80 is ready: [Error : 0 : fixture signed failure][0m
[1;31m[ 1][t 1][2026-09-29 16:16:55.544019799][pool.cpp:932][!c04-isolated.SimplexPool]	consensus: the signed vote for NotarizeVote{id={0, IiIiIiIiIiIiIiIiIiIiIiIiIiIiIiIiIiIiIiIiIiI=, ?}} was not committed ([Error : 0 : fixture signed failure]); not applying or broadcasting it[0m
[1;36m[ 3][t 1][2026-09-29 16:16:55.544026021][BusRuntime.h:89][!c04-driver]	Response for tos::validator::consensus::simplex::[1;33mBroadcastVote[1;36m@0x7d7b6c060d00 is ready[0m
[1;36m[ 3][t 2][2026-09-29 16:16:55.564319783][BusRuntime.h:238][!c04-driver]	Published event tos::validator::consensus::[1;33mStopRequested[1;36m@0x7d7b64006940 on c04-isolated bus[0m
[0m[ 4][t 2][2026-09-29 16:16:55.564380125][BusRuntime.h:240][!c04-isolated.Fixture]	Received event tos::validator::consensus::[1;33mStopRequested[0m@0x7d7b64006940 on c04-isolated bus[0m
[0m[ 4][t 2][2026-09-29 16:16:55.564395930][BusRuntime.h:240][!c04-isolated.SimplexPool]	Received event tos::validator::consensus::[1;33mStopRequested[0m@0x7d7b64006940 on c04-isolated bus[0m
[1;36m[ 3][t 1][2026-09-29 16:16:55.565605161][pool.cpp:360][!c04-isolated.SimplexPool]	Validator group started. We are validator 0 at kJCQkJCQkJCQkJCQkJCQkJCQkJCQkJCQkJCQkJCQkJA= with weight 1 out of 4[0m
[1;36m[ 3][t 2][2026-09-29 16:16:55.586079483][BusRuntime.h:238][!c04-driver]	Published event tos::validator::consensus::simplex::[1;33mBroadcastVote[1;36m@0x7d7b6c060230[1;90m{vote=NotarizeVote{id={0, IiIiIiIiIiIiIiIiIiIiIiIiIiIiIiIiIiIiIiIiIiI=, ?}}}[1;36m on c04-isolated bus[0m
[0m[ 4][t 2][2026-09-29 16:16:55.586143364][BusRuntime.h:240][!c04-isolated.SimplexPool]	Received event tos::validator::consensus::simplex::[1;33mBroadcastVote[0m@0x7d7b6c060230 on c04-isolated bus[0m
[1;36m[ 3][t 2][2026-09-29 16:16:55.586162489][BusRuntime.h:238][!c04-isolated.SimplexPool]	Published event tos::validator::consensus::[1;33mTraceEvent[1;36m@0x7d7b64001980[1;90m{event=Voted{vote=NotarizeVote{id={0, IiIiIiIiIiIiIiIiIiIiIiIiIiIiIiIiIiIiIiIiIiI=, ?}}}}[1;36m on c04-isolated bus[0m
[1;36m[ 3][t 2][2026-09-29 16:16:55.586178669][BusRuntime.h:238][!c04-isolated.SimplexPool]	Published event tos::validator::consensus::simplex::[1;33mPersistOwnVoteIntent[1;36m@0x7d7b64001830[1;90m{vote=NotarizeVote{id={0, IiIiIiIiIiIiIiIiIiIiIiIiIiIiIiIiIiIiIiIiIiI=, ?}}}[1;36m on c04-isolated bus[0m
[0m[ 4][t 2][2026-09-29 16:16:55.586209239][BusRuntime.h:240][!c04-isolated.Fixture]	Received event tos::validator::consensus::simplex::[1;33mPersistOwnVoteIntent[0m@0x7d7b64001830 on c04-isolated bus[0m
[1;36m[ 3][t 2][2026-09-29 16:16:55.586227988][BusRuntime.h:89][!c04-isolated.SimplexPool]	Response for tos::validator::consensus::simplex::[1;33mPersistOwnVoteIntent[1;36m@0x7d7b64001830 is ready[0m
[1;36m[ 3][t 2][2026-09-29 16:16:55.587010401][BusRuntime.h:238][!c04-isolated.SimplexPool]	Published event tos::validator::consensus::simplex::[1;33mPersistOwnSignedVote[1;36m@0x7d7b6c0194a0[1;90m{vote=NotarizeVote{id={0, IiIiIiIiIiIiIiIiIiIiIiIiIiIiIiIiIiIiIiIiIiI=, ?}}, seqno=1, signature_size=2420}[1;36m on c04-isolated bus[0m
[0m[ 4][t 2][2026-09-29 16:16:55.587035567][BusRuntime.h:240][!c04-isolated.Fixture]	Received event tos::validator::consensus::simplex::[1;33mPersistOwnSignedVote[0m@0x7d7b6c0194a0 on c04-isolated bus[0m
[1;36m[ 3][t 2][2026-09-29 16:16:55.587051836][BusRuntime.h:89][!c04-isolated.SimplexPool]	Response for tos::validator::consensus::simplex::[1;33mPersistOwnSignedVote[1;36m@0x7d7b6c0194a0 is ready: [Error : 0 : fixture signed failure][0m
[1;31m[ 1][t 2][2026-09-29 16:16:55.587065581][pool.cpp:932][!c04-isolated.SimplexPool]	consensus: the signed vote for NotarizeVote{id={0, IiIiIiIiIiIiIiIiIiIiIiIiIiIiIiIiIiIiIiIiIiI=, ?}} was not committed ([Error : 0 : fixture signed failure]); not applying or broadcasting it[0m
[1;36m[ 3][t 2][2026-09-29 16:16:55.587081196][BusRuntime.h:89][!c04-driver]	Response for tos::validator::consensus::simplex::[1;33mBroadcastVote[1;36m@0x7d7b6c060230 is ready[0m
[1;36m[ 3][t 1][2026-09-29 16:16:55.607537544][BusRuntime.h:238][!c04-driver]	Published event tos::validator::consensus::[1;33mStopRequested[1;36m@0x7d7b6c05dfb0 on c04-isolated bus[0m
[0m[ 4][t 1][2026-09-29 16:16:55.607597444][BusRuntime.h:240][!c04-isolated.Fixture]	Received event tos::validator::consensus::[1;33mStopRequested[0m@0x7d7b6c05dfb0 on c04-isolated bus[0m
[0m[ 4][t 1][2026-09-29 16:16:55.607613605][BusRuntime.h:240][!c04-isolated.SimplexPool]	Received event tos::validator::consensus::[1;33mStopRequested[0m@0x7d7b6c05dfb0 on c04-isolated bus[0m
C04_ACTION_PASS signed-failure: production branches, trace without consumer, three rotations
