[1;36m[ 3][t 1][2026-09-29 16:16:56.980388179][pool.cpp:360][!c04-isolated.SimplexPool]	Validator group started. We are validator 0 at kJCQkJCQkJCQkJCQkJCQkJCQkJCQkJCQkJCQkJCQkJA= with weight 1 out of 4[0m
[1;36m[ 3][t 2][2026-09-29 16:16:57.001178822][BusRuntime.h:238][!c04-driver]	Published event tos::validator::consensus::[1;33mFinalizationBacklog[1;36m@0x761184054440[1;90m{over_limit=true, pending=0}[1;36m on c04-isolated bus[0m
[0m[ 4][t 2][2026-09-29 16:16:57.001274087][BusRuntime.h:240][!c04-isolated.SimplexPool]	Received event tos::validator::consensus::[1;33mFinalizationBacklog[0m@0x761184054440 on c04-isolated bus[0m
[1;36m[ 3][t 2][2026-09-29 16:16:57.021413751][BusRuntime.h:238][!c04-driver]	Published event tos::validator::consensus::simplex::[1;33mBroadcastVote[1;36m@0x761184060230[1;90m{vote=NotarizeVote{id={0, IiIiIiIiIiIiIiIiIiIiIiIiIiIiIiIiIiIiIiIiIiI=, ?}}}[1;36m on c04-isolated bus[0m
[0m[ 4][t 2][2026-09-29 16:16:57.021437971][BusRuntime.h:240][!c04-isolated.SimplexPool]	Received event tos::validator::consensus::simplex::[1;33mBroadcastVote[0m@0x761184060230 on c04-isolated bus[0m
[1;36m[ 3][t 2][2026-09-29 16:16:57.021461062][BusRuntime.h:89][!c04-driver]	Response for tos::validator::consensus::simplex::[1;33mBroadcastVote[1;36m@0x761184060230 is ready[0m
[1;36m[ 3][t 1][2026-09-29 16:16:57.041860053][BusRuntime.h:238][!c04-driver]	Published event tos::validator::consensus::[1;33mStopRequested[1;36m@0x761184060c80 on c04-isolated bus[0m
[0m[ 4][t 1][2026-09-29 16:16:57.041925089][BusRuntime.h:240][!c04-isolated.Fixture]	Received event tos::validator::consensus::[1;33mStopRequested[0m@0x761184060c80 on c04-isolated bus[0m
[0m[ 4][t 2][2026-09-29 16:16:57.041928854][BusRuntime.h:240][!c04-isolated.SimplexPool]	Received event tos::validator::consensus::[1;33mStopRequested[0m@0x761184060c80 on c04-isolated bus[0m
[1;36m[ 3][t 2][2026-09-29 16:16:57.043145250][pool.cpp:360][!c04-isolated.SimplexPool]	Validator group started. We are validator 0 at kJCQkJCQkJCQkJCQkJCQkJCQkJCQkJCQkJCQkJCQkJA= with weight 1 out of 4[0m
[1;36m[ 3][t 1][2026-09-29 16:16:57.063417235][BusRuntime.h:238][!c04-driver]	Published event tos::validator::consensus::[1;33mFinalizationBacklog[1;36m@0x7611840553e0[1;90m{over_limit=true, pending=0}[1;36m on c04-isolated bus[0m
[0m[ 4][t 1][2026-09-29 16:16:57.063480510][BusRuntime.h:240][!c04-isolated.SimplexPool]	Received event tos::validator::consensus::[1;33mFinalizationBacklog[0m@0x7611840553e0 on c04-isolated bus[0m
[1;36m[ 3][t 2][2026-09-29 16:16:57.083773610][BusRuntime.h:238][!c04-driver]	Published event tos::validator::consensus::simplex::[1;33mBroadcastVote[1;36m@0x76117c001370[1;90m{vote=NotarizeVote{id={0, IiIiIiIiIiIiIiIiIiIiIiIiIiIiIiIiIiIiIiIiIiI=, ?}}}[1;36m on c04-isolated bus[0m
[0m[ 4][t 2][2026-09-29 16:16:57.083838161][BusRuntime.h:240][!c04-isolated.SimplexPool]	Received event tos::validator::consensus::simplex::[1;33mBroadcastVote[0m@0x76117c001370 on c04-isolated bus[0m
[1;36m[ 3][t 2][2026-09-29 16:16:57.083862106][BusRuntime.h:89][!c04-driver]	Response for tos::validator::consensus::simplex::[1;33mBroadcastVote[1;36m@0x76117c001370 is ready[0m
[1;36m[ 3][t 2][2026-09-29 16:16:57.104160786][BusRuntime.h:238][!c04-driver]	Published event tos::validator::consensus::[1;33mStopRequested[1;36m@0x761184060100 on c04-isolated bus[0m
[0m[ 4][t 2][2026-09-29 16:16:57.104185551][BusRuntime.h:240][!c04-isolated.Fixture]	Received event tos::validator::consensus::[1;33mStopRequested[0m@0x761184060100 on c04-isolated bus[0m
[0m[ 4][t 1][2026-09-29 16:16:57.104196212][BusRuntime.h:240][!c04-isolated.SimplexPool]	Received event tos::validator::consensus::[1;33mStopRequested[0m@0x761184060100 on c04-isolated bus[0m
[1;36m[ 3][t 2][2026-09-29 16:16:57.105462723][pool.cpp:360][!c04-isolated.SimplexPool]	Validator group started. We are validator 0 at kJCQkJCQkJCQkJCQkJCQkJCQkJCQkJCQkJCQkJCQkJA= with weight 1 out of 4[0m
[1;36m[ 3][t 1][2026-09-29 16:16:57.125585646][BusRuntime.h:238][!c04-driver]	Published event tos::validator::consensus::[1;33mFinalizationBacklog[1;36m@0x7611840553e0[1;90m{over_limit=true, pending=0}[1;36m on c04-isolated bus[0m
[0m[ 4][t 1][2026-09-29 16:16:57.125653207][BusRuntime.h:240][!c04-isolated.SimplexPool]	Received event tos::validator::consensus::[1;33mFinalizationBacklog[0m@0x7611840553e0 on c04-isolated bus[0m
[1;36m[ 3][t 1][2026-09-29 16:16:57.145931808][BusRuntime.h:238][!c04-driver]	Published event tos::validator::consensus::simplex::[1;33mBroadcastVote[1;36m@0x76117c0037f0[1;90m{vote=NotarizeVote{id={0, IiIiIiIiIiIiIiIiIiIiIiIiIiIiIiIiIiIiIiIiIiI=, ?}}}[1;36m on c04-isolated bus[0m
[0m[ 4][t 1][2026-09-29 16:16:57.145994013][BusRuntime.h:240][!c04-isolated.SimplexPool]	Received event tos::validator::consensus::simplex::[1;33mBroadcastVote[0m@0x76117c0037f0 on c04-isolated bus[0m
[1;36m[ 3][t 1][2026-09-29 16:16:57.146018488][BusRuntime.h:89][!c04-driver]	Response for tos::validator::consensus::simplex::[1;33mBroadcastVote[1;36m@0x76117c0037f0 is ready[0m
[1;36m[ 3][t 2][2026-09-29 16:16:57.166329538][BusRuntime.h:238][!c04-driver]	Published event tos::validator::consensus::[1;33mStopRequested[1;36m@0x76117c004240 on c04-isolated bus[0m
[0m[ 4][t 2][2026-09-29 16:16:57.166388046][BusRuntime.h:240][!c04-isolated.Fixture]	Received event tos::validator::consensus::[1;33mStopRequested[0m@0x76117c004240 on c04-isolated bus[0m
[0m[ 4][t 2][2026-09-29 16:16:57.166404370][BusRuntime.h:240][!c04-isolated.SimplexPool]	Received event tos::validator::consensus::[1;33mStopRequested[0m@0x76117c004240 on c04-isolated bus[0m
C04_ACTION_PASS finality-suppressed: production branches, trace without consumer, three rotations
