[1;36m[ 3][t 1][2026-09-29 16:16:56.151793824][pool.cpp:360][!c04-isolated.SimplexPool]	Validator group started. We are validator 0 at kJCQkJCQkJCQkJCQkJCQkJCQkJCQkJCQkJCQkJCQkJA= with weight 1 out of 4[0m
[1;36m[ 3][t 1][2026-09-29 16:16:56.152245442][BusRuntime.h:238][!c04-isolated.SimplexPool]	Published event tos::validator::consensus::simplex::[1;33mPersistOwnSignedVote[1;36m@0x7201980658a0[1;90m{vote=NotarizeVote{id={0, IiIiIiIiIiIiIiIiIiIiIiIiIiIiIiIiIiIiIiIiIiI=, ?}}, seqno=1, signature_size=2420}[1;36m on c04-isolated bus[0m
[0m[ 4][t 1][2026-09-29 16:16:56.152277167][BusRuntime.h:240][!c04-isolated.Fixture]	Received event tos::validator::consensus::simplex::[1;33mPersistOwnSignedVote[0m@0x7201980658a0 on c04-isolated bus[0m
[1;36m[ 3][t 1][2026-09-29 16:16:56.152286480][BusRuntime.h:89][!c04-isolated.SimplexPool]	Response for tos::validator::consensus::simplex::[1;33mPersistOwnSignedVote[1;36m@0x7201980658a0 is ready[0m
[1;36m[ 3][t 1][2026-09-29 16:16:56.191237388][BusRuntime.h:238][!c04-driver]	Published event tos::validator::consensus::[1;33mStopRequested[1;36m@0x720198065d00 on c04-isolated bus[0m
[0m[ 4][t 1][2026-09-29 16:16:56.191311795][BusRuntime.h:240][!c04-isolated.Fixture]	Received event tos::validator::consensus::[1;33mStopRequested[0m@0x720198065d00 on c04-isolated bus[0m
[0m[ 4][t 1][2026-09-29 16:16:56.191328233][BusRuntime.h:240][!c04-isolated.SimplexPool]	Received event tos::validator::consensus::[1;33mStopRequested[0m@0x720198065d00 on c04-isolated bus[0m
[1;36m[ 3][t 1][2026-09-29 16:16:56.192485589][pool.cpp:360][!c04-isolated.SimplexPool]	Validator group started. We are validator 0 at kJCQkJCQkJCQkJCQkJCQkJCQkJCQkJCQkJCQkJCQkJA= with weight 1 out of 4[0m
[1;36m[ 3][t 1][2026-09-29 16:16:56.193514240][BusRuntime.h:238][!c04-isolated.SimplexPool]	Published event tos::validator::consensus::simplex::[1;33mPersistOwnSignedVote[1;36m@0x7201980194a0[1;90m{vote=NotarizeVote{id={0, IiIiIiIiIiIiIiIiIiIiIiIiIiIiIiIiIiIiIiIiIiI=, ?}}, seqno=1, signature_size=2420}[1;36m on c04-isolated bus[0m
[0m[ 4][t 1][2026-09-29 16:16:56.193545065][BusRuntime.h:240][!c04-isolated.Fixture]	Received event tos::validator::consensus::simplex::[1;33mPersistOwnSignedVote[0m@0x7201980194a0 on c04-isolated bus[0m
[1;36m[ 3][t 1][2026-09-29 16:16:56.193563025][BusRuntime.h:89][!c04-isolated.SimplexPool]	Response for tos::validator::consensus::simplex::[1;33mPersistOwnSignedVote[1;36m@0x7201980194a0 is ready[0m
[1;36m[ 3][t 1][2026-09-29 16:16:56.232953515][BusRuntime.h:238][!c04-driver]	Published event tos::validator::consensus::[1;33mStopRequested[1;36m@0x72019805e0d0 on c04-isolated bus[0m
[0m[ 4][t 1][2026-09-29 16:16:56.232989761][BusRuntime.h:240][!c04-isolated.Fixture]	Received event tos::validator::consensus::[1;33mStopRequested[0m@0x72019805e0d0 on c04-isolated bus[0m
[0m[ 4][t 2][2026-09-29 16:16:56.233612011][BusRuntime.h:240][!c04-isolated.SimplexPool]	Received event tos::validator::consensus::[1;33mStopRequested[0m@0x72019805e0d0 on c04-isolated bus[0m
[1;36m[ 3][t 2][2026-09-29 16:16:56.234157283][pool.cpp:360][!c04-isolated.SimplexPool]	Validator group started. We are validator 0 at kJCQkJCQkJCQkJCQkJCQkJCQkJCQkJCQkJCQkJCQkJA= with weight 1 out of 4[0m
[1;36m[ 3][t 2][2026-09-29 16:16:56.234731908][BusRuntime.h:238][!c04-isolated.SimplexPool]	Published event tos::validator::consensus::simplex::[1;33mPersistOwnSignedVote[1;36m@0x720190009730[1;90m{vote=NotarizeVote{id={0, IiIiIiIiIiIiIiIiIiIiIiIiIiIiIiIiIiIiIiIiIiI=, ?}}, seqno=1, signature_size=2420}[1;36m on c04-isolated bus[0m
[0m[ 4][t 2][2026-09-29 16:16:56.234749356][BusRuntime.h:240][!c04-isolated.Fixture]	Received event tos::validator::consensus::simplex::[1;33mPersistOwnSignedVote[0m@0x720190009730 on c04-isolated bus[0m
[1;36m[ 3][t 2][2026-09-29 16:16:56.234759720][BusRuntime.h:89][!c04-isolated.SimplexPool]	Response for tos::validator::consensus::simplex::[1;33mPersistOwnSignedVote[1;36m@0x720190009730 is ready[0m
[1;36m[ 3][t 1][2026-09-29 16:16:56.274603005][BusRuntime.h:238][!c04-driver]	Published event tos::validator::consensus::[1;33mStopRequested[1;36m@0x72019805e820 on c04-isolated bus[0m
[0m[ 4][t 1][2026-09-29 16:16:56.274639926][BusRuntime.h:240][!c04-isolated.Fixture]	Received event tos::validator::consensus::[1;33mStopRequested[0m@0x72019805e820 on c04-isolated bus[0m
[0m[ 4][t 2][2026-09-29 16:16:56.274646007][BusRuntime.h:240][!c04-isolated.SimplexPool]	Received event tos::validator::consensus::[1;33mStopRequested[0m@0x72019805e820 on c04-isolated bus[0m
C04_ACTION_PASS replay-intent: production branches, trace without consumer, three rotations
