[1;36m[ 3][t 1][2026-09-29 16:16:55.649021188][pool.cpp:360][!c04-isolated.SimplexPool]	Validator group started. We are validator 0 at kJCQkJCQkJCQkJCQkJCQkJCQkJCQkJCQkJCQkJCQkJA= with weight 1 out of 4[0m
[1;36m[ 3][t 1][2026-09-29 16:16:55.668660195][BusRuntime.h:238][!c04-driver]	Published event tos::validator::consensus::simplex::[1;33mBroadcastVote[1;36m@0x75b21005f280[1;90m{vote=NotarizeVote{id={0, IiIiIiIiIiIiIiIiIiIiIiIiIiIiIiIiIiIiIiIiIiI=, ?}}}[1;36m on c04-isolated bus[0m
[0m[ 4][t 1][2026-09-29 16:16:55.668709291][BusRuntime.h:240][!c04-isolated.SimplexPool]	Received event tos::validator::consensus::simplex::[1;33mBroadcastVote[0m@0x75b21005f280 on c04-isolated bus[0m
[1;36m[ 3][t 1][2026-09-29 16:16:55.668737917][BusRuntime.h:238][!c04-isolated.SimplexPool]	Published event tos::validator::consensus::[1;33mTraceEvent[1;36m@0x75b210060140[1;90m{event=Voted{vote=NotarizeVote{id={0, IiIiIiIiIiIiIiIiIiIiIiIiIiIiIiIiIiIiIiIiIiI=, ?}}}}[1;36m on c04-isolated bus[0m
[1;36m[ 3][t 1][2026-09-29 16:16:55.668755207][BusRuntime.h:238][!c04-isolated.SimplexPool]	Published event tos::validator::consensus::simplex::[1;33mPersistOwnVoteIntent[1;36m@0x75b21005fe80[1;90m{vote=NotarizeVote{id={0, IiIiIiIiIiIiIiIiIiIiIiIiIiIiIiIiIiIiIiIiIiI=, ?}}}[1;36m on c04-isolated bus[0m
[0m[ 4][t 1][2026-09-29 16:16:55.668776047][BusRuntime.h:240][!c04-isolated.Fixture]	Received event tos::validator::consensus::simplex::[1;33mPersistOwnVoteIntent[0m@0x75b21005fe80 on c04-isolated bus[0m
[1;36m[ 3][t 1][2026-09-29 16:16:55.668795698][BusRuntime.h:89][!c04-isolated.SimplexPool]	Response for tos::validator::consensus::simplex::[1;33mPersistOwnVoteIntent[1;36m@0x75b21005fe80 is ready[0m
[1;31m[ 1][t 1][2026-09-29 16:16:55.668809512][pool.cpp:844][!c04-isolated.SimplexPool]	consensus: no post-quantum consensus signer; refusing to vote[0m
[1;36m[ 3][t 1][2026-09-29 16:16:55.668826132][BusRuntime.h:89][!c04-driver]	Response for tos::validator::consensus::simplex::[1;33mBroadcastVote[1;36m@0x75b21005f280 is ready[0m
[1;36m[ 3][t 1][2026-09-29 16:16:55.689123967][BusRuntime.h:238][!c04-driver]	Published event tos::validator::consensus::[1;33mStopRequested[1;36m@0x75b210060610 on c04-isolated bus[0m
[0m[ 4][t 1][2026-09-29 16:16:55.689143763][BusRuntime.h:240][!c04-isolated.Fixture]	Received event tos::validator::consensus::[1;33mStopRequested[0m@0x75b210060610 on c04-isolated bus[0m
[0m[ 4][t 1][2026-09-29 16:16:55.689157219][BusRuntime.h:240][!c04-isolated.SimplexPool]	Received event tos::validator::consensus::[1;33mStopRequested[0m@0x75b210060610 on c04-isolated bus[0m
[1;36m[ 3][t 1][2026-09-29 16:16:55.690284548][pool.cpp:360][!c04-isolated.SimplexPool]	Validator group started. We are validator 0 at kJCQkJCQkJCQkJCQkJCQkJCQkJCQkJCQkJCQkJCQkJA= with weight 1 out of 4[0m
[1;36m[ 3][t 2][2026-09-29 16:16:55.711964290][BusRuntime.h:238][!c04-driver]	Published event tos::validator::consensus::simplex::[1;33mBroadcastVote[1;36m@0x75b21005fe80[1;90m{vote=NotarizeVote{id={0, IiIiIiIiIiIiIiIiIiIiIiIiIiIiIiIiIiIiIiIiIiI=, ?}}}[1;36m on c04-isolated bus[0m
[0m[ 4][t 2][2026-09-29 16:16:55.712043508][BusRuntime.h:240][!c04-isolated.SimplexPool]	Received event tos::validator::consensus::simplex::[1;33mBroadcastVote[0m@0x75b21005fe80 on c04-isolated bus[0m
[1;36m[ 3][t 2][2026-09-29 16:16:55.712063522][BusRuntime.h:238][!c04-isolated.SimplexPool]	Published event tos::validator::consensus::[1;33mTraceEvent[1;36m@0x75b208001430[1;90m{event=Voted{vote=NotarizeVote{id={0, IiIiIiIiIiIiIiIiIiIiIiIiIiIiIiIiIiIiIiIiIiI=, ?}}}}[1;36m on c04-isolated bus[0m
[1;36m[ 3][t 2][2026-09-29 16:16:55.712080441][BusRuntime.h:238][!c04-isolated.SimplexPool]	Published event tos::validator::consensus::simplex::[1;33mPersistOwnVoteIntent[1;36m@0x75b208001170[1;90m{vote=NotarizeVote{id={0, IiIiIiIiIiIiIiIiIiIiIiIiIiIiIiIiIiIiIiIiIiI=, ?}}}[1;36m on c04-isolated bus[0m
[0m[ 4][t 2][2026-09-29 16:16:55.712102633][BusRuntime.h:240][!c04-isolated.Fixture]	Received event tos::validator::consensus::simplex::[1;33mPersistOwnVoteIntent[0m@0x75b208001170 on c04-isolated bus[0m
[1;36m[ 3][t 2][2026-09-29 16:16:55.712121372][BusRuntime.h:89][!c04-isolated.SimplexPool]	Response for tos::validator::consensus::simplex::[1;33mPersistOwnVoteIntent[1;36m@0x75b208001170 is ready[0m
[1;31m[ 1][t 2][2026-09-29 16:16:55.712134898][pool.cpp:844][!c04-isolated.SimplexPool]	consensus: no post-quantum consensus signer; refusing to vote[0m
[1;36m[ 3][t 2][2026-09-29 16:16:55.712151487][BusRuntime.h:89][!c04-driver]	Response for tos::validator::consensus::simplex::[1;33mBroadcastVote[1;36m@0x75b21005fe80 is ready[0m
[1;36m[ 3][t 2][2026-09-29 16:16:55.732612190][BusRuntime.h:238][!c04-driver]	Published event tos::validator::consensus::[1;33mStopRequested[1;36m@0x75b2080019c0 on c04-isolated bus[0m
[0m[ 4][t 2][2026-09-29 16:16:55.732671764][BusRuntime.h:240][!c04-isolated.Fixture]	Received event tos::validator::consensus::[1;33mStopRequested[0m@0x75b2080019c0 on c04-isolated bus[0m
[0m[ 4][t 2][2026-09-29 16:16:55.732687164][BusRuntime.h:240][!c04-isolated.SimplexPool]	Received event tos::validator::consensus::[1;33mStopRequested[0m@0x75b2080019c0 on c04-isolated bus[0m
[1;36m[ 3][t 2][2026-09-29 16:16:55.733923301][pool.cpp:360][!c04-isolated.SimplexPool]	Validator group started. We are validator 0 at kJCQkJCQkJCQkJCQkJCQkJCQkJCQkJCQkJCQkJCQkJA= with weight 1 out of 4[0m
[1;36m[ 3][t 1][2026-09-29 16:16:55.754226139][BusRuntime.h:238][!c04-driver]	Published event tos::validator::consensus::simplex::[1;33mBroadcastVote[1;36m@0x75b208001170[1;90m{vote=NotarizeVote{id={0, IiIiIiIiIiIiIiIiIiIiIiIiIiIiIiIiIiIiIiIiIiI=, ?}}}[1;36m on c04-isolated bus[0m
[0m[ 4][t 1][2026-09-29 16:16:55.754299984][BusRuntime.h:240][!c04-isolated.SimplexPool]	Received event tos::validator::consensus::simplex::[1;33mBroadcastVote[0m@0x75b208001170 on c04-isolated bus[0m
[1;36m[ 3][t 1][2026-09-29 16:16:55.754314758][BusRuntime.h:238][!c04-isolated.SimplexPool]	Published event tos::validator::consensus::[1;33mTraceEvent[1;36m@0x75b210055220[1;90m{event=Voted{vote=NotarizeVote{id={0, IiIiIiIiIiIiIiIiIiIiIiIiIiIiIiIiIiIiIiIiIiI=, ?}}}}[1;36m on c04-isolated bus[0m
[1;36m[ 3][t 1][2026-09-29 16:16:55.754327969][BusRuntime.h:238][!c04-isolated.SimplexPool]	Published event tos::validator::consensus::simplex::[1;33mPersistOwnVoteIntent[1;36m@0x75b210060190[1;90m{vote=NotarizeVote{id={0, IiIiIiIiIiIiIiIiIiIiIiIiIiIiIiIiIiIiIiIiIiI=, ?}}}[1;36m on c04-isolated bus[0m
[0m[ 4][t 1][2026-09-29 16:16:55.754344558][BusRuntime.h:240][!c04-isolated.Fixture]	Received event tos::validator::consensus::simplex::[1;33mPersistOwnVoteIntent[0m@0x75b210060190 on c04-isolated bus[0m
[1;36m[ 3][t 1][2026-09-29 16:16:55.754358891][BusRuntime.h:89][!c04-isolated.SimplexPool]	Response for tos::validator::consensus::simplex::[1;33mPersistOwnVoteIntent[1;36m@0x75b210060190 is ready[0m
[1;31m[ 1][t 1][2026-09-29 16:16:55.754368858][pool.cpp:844][!c04-isolated.SimplexPool]	consensus: no post-quantum consensus signer; refusing to vote[0m
[1;36m[ 3][t 1][2026-09-29 16:16:55.754381500][BusRuntime.h:89][!c04-driver]	Response for tos::validator::consensus::simplex::[1;33mBroadcastVote[1;36m@0x75b208001170 is ready[0m
[1;36m[ 3][t 2][2026-09-29 16:16:55.774829920][BusRuntime.h:238][!c04-driver]	Published event tos::validator::consensus::[1;33mStopRequested[1;36m@0x75b21005f0d0 on c04-isolated bus[0m
[0m[ 4][t 2][2026-09-29 16:16:55.774898770][BusRuntime.h:240][!c04-isolated.Fixture]	Received event tos::validator::consensus::[1;33mStopRequested[0m@0x75b21005f0d0 on c04-isolated bus[0m
[0m[ 4][t 1][2026-09-29 16:16:55.774902930][BusRuntime.h:240][!c04-isolated.SimplexPool]	Received event tos::validator::consensus::[1;33mStopRequested[0m@0x75b21005f0d0 on c04-isolated bus[0m
C04_ACTION_PASS no-signer: production branches, trace without consumer, three rotations
