[1;36m[ 3][t 1][2026-09-29 16:16:56.643271087][pool.cpp:360][!c04-isolated.SimplexPool]	Validator group started. We are validator 0 at kJCQkJCQkJCQkJCQkJCQkJCQkJCQkJCQkJCQkJCQkJA= with weight 1 out of 4[0m
[1;36m[ 3][t 1][2026-09-29 16:16:56.662596122][BusRuntime.h:238][!c04-driver]	Published event tos::validator::consensus::simplex::[1;33mBroadcastVote[1;36m@0x71d380065690[1;90m{vote=NotarizeVote{id={0, IiIiIiIiIiIiIiIiIiIiIiIiIiIiIiIiIiIiIiIiIiI=, ?}}}[1;36m on c04-isolated bus[0m
[0m[ 4][t 1][2026-09-29 16:16:56.662651233][BusRuntime.h:240][!c04-isolated.SimplexPool]	Received event tos::validator::consensus::simplex::[1;33mBroadcastVote[0m@0x71d380065690 on c04-isolated bus[0m
[1;36m[ 3][t 1][2026-09-29 16:16:56.662669073][BusRuntime.h:238][!c04-isolated.SimplexPool]	Published event tos::validator::consensus::[1;33mTraceEvent[1;36m@0x71d378000b80[1;90m{event=Voted{vote=NotarizeVote{id={0, IiIiIiIiIiIiIiIiIiIiIiIiIiIiIiIiIiIiIiIiIiI=, ?}}}}[1;36m on c04-isolated bus[0m
[1;36m[ 3][t 1][2026-09-29 16:16:56.662686277][BusRuntime.h:238][!c04-isolated.SimplexPool]	Published event tos::validator::consensus::simplex::[1;33mPersistOwnVoteIntent[1;36m@0x71d3800662e0[1;90m{vote=NotarizeVote{id={0, IiIiIiIiIiIiIiIiIiIiIiIiIiIiIiIiIiIiIiIiIiI=, ?}}}[1;36m on c04-isolated bus[0m
[0m[ 4][t 1][2026-09-29 16:16:56.662708313][BusRuntime.h:240][!c04-isolated.Fixture]	Received event tos::validator::consensus::simplex::[1;33mPersistOwnVoteIntent[0m@0x71d3800662e0 on c04-isolated bus[0m
[1;36m[ 3][t 1][2026-09-29 16:16:56.662726988][BusRuntime.h:89][!c04-isolated.SimplexPool]	Response for tos::validator::consensus::simplex::[1;33mPersistOwnVoteIntent[1;36m@0x71d3800662e0 is ready[0m
[1;36m[ 3][t 1][2026-09-29 16:16:56.664097678][BusRuntime.h:238][!c04-isolated.SimplexPool]	Published event tos::validator::consensus::simplex::[1;33mPersistOwnSignedVote[1;36m@0x71d380066240[1;90m{vote=NotarizeVote{id={0, IiIiIiIiIiIiIiIiIiIiIiIiIiIiIiIiIiIiIiIiIiI=, ?}}, seqno=1, signature_size=2420}[1;36m on c04-isolated bus[0m
[0m[ 4][t 1][2026-09-29 16:16:56.664120886][BusRuntime.h:240][!c04-isolated.Fixture]	Received event tos::validator::consensus::simplex::[1;33mPersistOwnSignedVote[0m@0x71d380066240 on c04-isolated bus[0m
[1;36m[ 3][t 1][2026-09-29 16:16:56.664139051][BusRuntime.h:89][!c04-isolated.SimplexPool]	Response for tos::validator::consensus::simplex::[1;33mPersistOwnSignedVote[1;36m@0x71d380066240 is ready[0m
[1;36m[ 3][t 1][2026-09-29 16:16:56.664171597][BusRuntime.h:89][!c04-driver]	Response for tos::validator::consensus::simplex::[1;33mBroadcastVote[1;36m@0x71d380065690 is ready[0m
[1;36m[ 3][t 1][2026-09-29 16:16:56.684363206][BusRuntime.h:238][!c04-driver]	Published event tos::validator::consensus::[1;33mStopRequested[1;36m@0x71d380066a20 on c04-isolated bus[0m
[0m[ 4][t 1][2026-09-29 16:16:56.684389086][BusRuntime.h:240][!c04-isolated.Fixture]	Received event tos::validator::consensus::[1;33mStopRequested[0m@0x71d380066a20 on c04-isolated bus[0m
[0m[ 4][t 1][2026-09-29 16:16:56.684402316][BusRuntime.h:240][!c04-isolated.SimplexPool]	Received event tos::validator::consensus::[1;33mStopRequested[0m@0x71d380066a20 on c04-isolated bus[0m
[1;36m[ 3][t 1][2026-09-29 16:16:56.685974721][pool.cpp:360][!c04-isolated.SimplexPool]	Validator group started. We are validator 0 at kJCQkJCQkJCQkJCQkJCQkJCQkJCQkJCQkJCQkJCQkJA= with weight 1 out of 4[0m
[1;36m[ 3][t 1][2026-09-29 16:16:56.706312287][BusRuntime.h:238][!c04-driver]	Published event tos::validator::consensus::simplex::[1;33mBroadcastVote[1;36m@0x71d380065690[1;90m{vote=NotarizeVote{id={0, IiIiIiIiIiIiIiIiIiIiIiIiIiIiIiIiIiIiIiIiIiI=, ?}}}[1;36m on c04-isolated bus[0m
[0m[ 4][t 1][2026-09-29 16:16:56.706343887][BusRuntime.h:240][!c04-isolated.SimplexPool]	Received event tos::validator::consensus::simplex::[1;33mBroadcastVote[0m@0x71d380065690 on c04-isolated bus[0m
[1;36m[ 3][t 1][2026-09-29 16:16:56.706359041][BusRuntime.h:238][!c04-isolated.SimplexPool]	Published event tos::validator::consensus::[1;33mTraceEvent[1;36m@0x71d3800646f0[1;90m{event=Voted{vote=NotarizeVote{id={0, IiIiIiIiIiIiIiIiIiIiIiIiIiIiIiIiIiIiIiIiIiI=, ?}}}}[1;36m on c04-isolated bus[0m
[1;36m[ 3][t 1][2026-09-29 16:16:56.706376092][BusRuntime.h:238][!c04-isolated.SimplexPool]	Published event tos::validator::consensus::simplex::[1;33mPersistOwnVoteIntent[1;36m@0x71d38005df30[1;90m{vote=NotarizeVote{id={0, IiIiIiIiIiIiIiIiIiIiIiIiIiIiIiIiIiIiIiIiIiI=, ?}}}[1;36m on c04-isolated bus[0m
[0m[ 4][t 1][2026-09-29 16:16:56.706397856][BusRuntime.h:240][!c04-isolated.Fixture]	Received event tos::validator::consensus::simplex::[1;33mPersistOwnVoteIntent[0m@0x71d38005df30 on c04-isolated bus[0m
[1;36m[ 3][t 1][2026-09-29 16:16:56.706416302][BusRuntime.h:89][!c04-isolated.SimplexPool]	Response for tos::validator::consensus::simplex::[1;33mPersistOwnVoteIntent[1;36m@0x71d38005df30 is ready[0m
[1;36m[ 3][t 1][2026-09-29 16:16:56.707006092][BusRuntime.h:238][!c04-isolated.SimplexPool]	Published event tos::validator::consensus::simplex::[1;33mPersistOwnSignedVote[1;36m@0x71d380066240[1;90m{vote=NotarizeVote{id={0, IiIiIiIiIiIiIiIiIiIiIiIiIiIiIiIiIiIiIiIiIiI=, ?}}, seqno=1, signature_size=2420}[1;36m on c04-isolated bus[0m
[0m[ 4][t 1][2026-09-29 16:16:56.707026552][BusRuntime.h:240][!c04-isolated.Fixture]	Received event tos::validator::consensus::simplex::[1;33mPersistOwnSignedVote[0m@0x71d380066240 on c04-isolated bus[0m
[1;36m[ 3][t 1][2026-09-29 16:16:56.707044647][BusRuntime.h:89][!c04-isolated.SimplexPool]	Response for tos::validator::consensus::simplex::[1;33mPersistOwnSignedVote[1;36m@0x71d380066240 is ready[0m
[1;36m[ 3][t 1][2026-09-29 16:16:56.707068004][BusRuntime.h:89][!c04-driver]	Response for tos::validator::consensus::simplex::[1;33mBroadcastVote[1;36m@0x71d380065690 is ready[0m
[1;36m[ 3][t 2][2026-09-29 16:16:56.728854137][BusRuntime.h:238][!c04-driver]	Published event tos::validator::consensus::[1;33mStopRequested[1;36m@0x71d378000bf0 on c04-isolated bus[0m
[0m[ 4][t 2][2026-09-29 16:16:56.728931927][BusRuntime.h:240][!c04-isolated.Fixture]	Received event tos::validator::consensus::[1;33mStopRequested[0m@0x71d378000bf0 on c04-isolated bus[0m
[0m[ 4][t 1][2026-09-29 16:16:56.728937992][BusRuntime.h:240][!c04-isolated.SimplexPool]	Received event tos::validator::consensus::[1;33mStopRequested[0m@0x71d378000bf0 on c04-isolated bus[0m
[1;36m[ 3][t 1][2026-09-29 16:16:56.730794576][pool.cpp:360][!c04-isolated.SimplexPool]	Validator group started. We are validator 0 at kJCQkJCQkJCQkJCQkJCQkJCQkJCQkJCQkJCQkJCQkJA= with weight 1 out of 4[0m
[1;36m[ 3][t 1][2026-09-29 16:16:56.751221527][BusRuntime.h:238][!c04-driver]	Published event tos::validator::consensus::simplex::[1;33mBroadcastVote[1;36m@0x71d38005e920[1;90m{vote=NotarizeVote{id={0, IiIiIiIiIiIiIiIiIiIiIiIiIiIiIiIiIiIiIiIiIiI=, ?}}}[1;36m on c04-isolated bus[0m
[0m[ 4][t 1][2026-09-29 16:16:56.751250262][BusRuntime.h:240][!c04-isolated.SimplexPool]	Received event tos::validator::consensus::simplex::[1;33mBroadcastVote[0m@0x71d38005e920 on c04-isolated bus[0m
[1;36m[ 3][t 1][2026-09-29 16:16:56.751303418][BusRuntime.h:238][!c04-isolated.SimplexPool]	Published event tos::validator::consensus::[1;33mTraceEvent[1;36m@0x71d380065c60[1;90m{event=Voted{vote=NotarizeVote{id={0, IiIiIiIiIiIiIiIiIiIiIiIiIiIiIiIiIiIiIiIiIiI=, ?}}}}[1;36m on c04-isolated bus[0m
[1;36m[ 3][t 1][2026-09-29 16:16:56.751317452][BusRuntime.h:238][!c04-isolated.SimplexPool]	Published event tos::validator::consensus::simplex::[1;33mPersistOwnVoteIntent[1;36m@0x71d3800665a0[1;90m{vote=NotarizeVote{id={0, IiIiIiIiIiIiIiIiIiIiIiIiIiIiIiIiIiIiIiIiIiI=, ?}}}[1;36m on c04-isolated bus[0m
[0m[ 4][t 1][2026-09-29 16:16:56.751335473][BusRuntime.h:240][!c04-isolated.Fixture]	Received event tos::validator::consensus::simplex::[1;33mPersistOwnVoteIntent[0m@0x71d3800665a0 on c04-isolated bus[0m
[1;36m[ 3][t 1][2026-09-29 16:16:56.751348163][BusRuntime.h:89][!c04-isolated.SimplexPool]	Response for tos::validator::consensus::simplex::[1;33mPersistOwnVoteIntent[1;36m@0x71d3800665a0 is ready[0m
[1;36m[ 3][t 1][2026-09-29 16:16:56.751800447][BusRuntime.h:238][!c04-isolated.SimplexPool]	Published event tos::validator::consensus::simplex::[1;33mPersistOwnSignedVote[1;36m@0x71d380065490[1;90m{vote=NotarizeVote{id={0, IiIiIiIiIiIiIiIiIiIiIiIiIiIiIiIiIiIiIiIiIiI=, ?}}, seqno=1, signature_size=2420}[1;36m on c04-isolated bus[0m
[0m[ 4][t 1][2026-09-29 16:16:56.751818678][BusRuntime.h:240][!c04-isolated.Fixture]	Received event tos::validator::consensus::simplex::[1;33mPersistOwnSignedVote[0m@0x71d380065490 on c04-isolated bus[0m
[1;36m[ 3][t 1][2026-09-29 16:16:56.751831238][BusRuntime.h:89][!c04-isolated.SimplexPool]	Response for tos::validator::consensus::simplex::[1;33mPersistOwnSignedVote[1;36m@0x71d380065490 is ready[0m
[1;36m[ 3][t 1][2026-09-29 16:16:56.751859913][BusRuntime.h:89][!c04-driver]	Response for tos::validator::consensus::simplex::[1;33mBroadcastVote[1;36m@0x71d38005e920 is ready[0m
[1;36m[ 3][t 1][2026-09-29 16:16:56.772334179][BusRuntime.h:238][!c04-driver]	Published event tos::validator::consensus::[1;33mStopRequested[1;36m@0x71d380065c60 on c04-isolated bus[0m
[0m[ 4][t 1][2026-09-29 16:16:56.772360959][BusRuntime.h:240][!c04-isolated.Fixture]	Received event tos::validator::consensus::[1;33mStopRequested[0m@0x71d380065c60 on c04-isolated bus[0m
[0m[ 4][t 1][2026-09-29 16:16:56.772373080][BusRuntime.h:240][!c04-isolated.SimplexPool]	Received event tos::validator::consensus::[1;33mStopRequested[0m@0x71d380065c60 on c04-isolated bus[0m
C04_ACTION_PASS apply-false: production branches, trace without consumer, three rotations
