[1;36m[ 3][t 1][2026-09-29 16:16:55.310334270][pool.cpp:360][!c04-isolated.SimplexPool]	Validator group started. We are validator 0 at kJCQkJCQkJCQkJCQkJCQkJCQkJCQkJCQkJCQkJCQkJA= with weight 1 out of 4[0m
[1;36m[ 3][t 2][2026-09-29 16:16:55.331143676][BusRuntime.h:238][!c04-driver]	Published event tos::validator::consensus::simplex::[1;33mBroadcastVote[1;36m@0x7531e0060230[1;90m{vote=NotarizeVote{id={0, IiIiIiIiIiIiIiIiIiIiIiIiIiIiIiIiIiIiIiIiIiI=, ?}}}[1;36m on c04-isolated bus[0m
[0m[ 4][t 2][2026-09-29 16:16:55.331254101][BusRuntime.h:240][!c04-isolated.SimplexPool]	Received event tos::validator::consensus::simplex::[1;33mBroadcastVote[0m@0x7531e0060230 on c04-isolated bus[0m
[1;36m[ 3][t 2][2026-09-29 16:16:55.331284981][BusRuntime.h:238][!c04-isolated.SimplexPool]	Published event tos::validator::consensus::[1;33mTraceEvent[1;36m@0x7531d8001470[1;90m{event=Voted{vote=NotarizeVote{id={0, IiIiIiIiIiIiIiIiIiIiIiIiIiIiIiIiIiIiIiIiIiI=, ?}}}}[1;36m on c04-isolated bus[0m
[1;36m[ 3][t 2][2026-09-29 16:16:55.331305867][BusRuntime.h:238][!c04-isolated.SimplexPool]	Published event tos::validator::consensus::simplex::[1;33mPersistOwnVoteIntent[1;36m@0x7531d80011b0[1;90m{vote=NotarizeVote{id={0, IiIiIiIiIiIiIiIiIiIiIiIiIiIiIiIiIiIiIiIiIiI=, ?}}}[1;36m on c04-isolated bus[0m
[0m[ 4][t 2][2026-09-29 16:16:55.331329111][BusRuntime.h:240][!c04-isolated.Fixture]	Received event tos::validator::consensus::simplex::[1;33mPersistOwnVoteIntent[0m@0x7531d80011b0 on c04-isolated bus[0m
[1;36m[ 3][t 2][2026-09-29 16:16:55.331351077][BusRuntime.h:89][!c04-isolated.SimplexPool]	Response for tos::validator::consensus::simplex::[1;33mPersistOwnVoteIntent[1;36m@0x7531d80011b0 is ready: [Error : 0 : fixture intent failure][0m
[1;31m[ 1][t 2][2026-09-29 16:16:55.331368768][pool.cpp:912][!c04-isolated.SimplexPool]	consensus: the vote intent for NotarizeVote{id={0, IiIiIiIiIiIiIiIiIiIiIiIiIiIiIiIiIiIiIiIiIiI=, ?}} was not committed ([Error : 0 : fixture intent failure]); not signing it[0m
[1;36m[ 3][t 2][2026-09-29 16:16:55.331389728][BusRuntime.h:89][!c04-driver]	Response for tos::validator::consensus::simplex::[1;33mBroadcastVote[1;36m@0x7531e0060230 is ready[0m
[1;36m[ 3][t 2][2026-09-29 16:16:55.351748649][BusRuntime.h:238][!c04-driver]	Published event tos::validator::consensus::[1;33mStopRequested[1;36m@0x7531d8001a40 on c04-isolated bus[0m
[0m[ 4][t 2][2026-09-29 16:16:55.351815317][BusRuntime.h:240][!c04-isolated.Fixture]	Received event tos::validator::consensus::[1;33mStopRequested[0m@0x7531d8001a40 on c04-isolated bus[0m
[0m[ 4][t 2][2026-09-29 16:16:55.351831998][BusRuntime.h:240][!c04-isolated.SimplexPool]	Received event tos::validator::consensus::[1;33mStopRequested[0m@0x7531d8001a40 on c04-isolated bus[0m
[1;36m[ 3][t 1][2026-09-29 16:16:55.353092361][pool.cpp:360][!c04-isolated.SimplexPool]	Validator group started. We are validator 0 at kJCQkJCQkJCQkJCQkJCQkJCQkJCQkJCQkJCQkJCQkJA= with weight 1 out of 4[0m
[1;36m[ 3][t 2][2026-09-29 16:16:55.373369735][BusRuntime.h:238][!c04-driver]	Published event tos::validator::consensus::simplex::[1;33mBroadcastVote[1;36m@0x7531e0060800[1;90m{vote=NotarizeVote{id={0, IiIiIiIiIiIiIiIiIiIiIiIiIiIiIiIiIiIiIiIiIiI=, ?}}}[1;36m on c04-isolated bus[0m
[0m[ 4][t 2][2026-09-29 16:16:55.373438887][BusRuntime.h:240][!c04-isolated.SimplexPool]	Received event tos::validator::consensus::simplex::[1;33mBroadcastVote[0m@0x7531e0060800 on c04-isolated bus[0m
[1;36m[ 3][t 2][2026-09-29 16:16:55.373458482][BusRuntime.h:238][!c04-isolated.SimplexPool]	Published event tos::validator::consensus::[1;33mTraceEvent[1;36m@0x7531e005e610[1;90m{event=Voted{vote=NotarizeVote{id={0, IiIiIiIiIiIiIiIiIiIiIiIiIiIiIiIiIiIiIiIiIiI=, ?}}}}[1;36m on c04-isolated bus[0m
[1;36m[ 3][t 2][2026-09-29 16:16:55.373474897][BusRuntime.h:238][!c04-isolated.SimplexPool]	Published event tos::validator::consensus::simplex::[1;33mPersistOwnVoteIntent[1;36m@0x7531d8001830[1;90m{vote=NotarizeVote{id={0, IiIiIiIiIiIiIiIiIiIiIiIiIiIiIiIiIiIiIiIiIiI=, ?}}}[1;36m on c04-isolated bus[0m
[0m[ 4][t 2][2026-09-29 16:16:55.373498366][BusRuntime.h:240][!c04-isolated.Fixture]	Received event tos::validator::consensus::simplex::[1;33mPersistOwnVoteIntent[0m@0x7531d8001830 on c04-isolated bus[0m
[1;36m[ 3][t 2][2026-09-29 16:16:55.373518393][BusRuntime.h:89][!c04-isolated.SimplexPool]	Response for tos::validator::consensus::simplex::[1;33mPersistOwnVoteIntent[1;36m@0x7531d8001830 is ready: [Error : 0 : fixture intent failure][0m
[1;31m[ 1][t 2][2026-09-29 16:16:55.373532837][pool.cpp:912][!c04-isolated.SimplexPool]	consensus: the vote intent for NotarizeVote{id={0, IiIiIiIiIiIiIiIiIiIiIiIiIiIiIiIiIiIiIiIiIiI=, ?}} was not committed ([Error : 0 : fixture intent failure]); not signing it[0m
[1;36m[ 3][t 2][2026-09-29 16:16:55.373551417][BusRuntime.h:89][!c04-driver]	Response for tos::validator::consensus::simplex::[1;33mBroadcastVote[1;36m@0x7531e0060800 is ready[0m
[1;36m[ 3][t 2][2026-09-29 16:16:55.393877038][BusRuntime.h:238][!c04-driver]	Published event tos::validator::consensus::[1;33mStopRequested[1;36m@0x7531e005e610 on c04-isolated bus[0m
[0m[ 4][t 2][2026-09-29 16:16:55.393944914][BusRuntime.h:240][!c04-isolated.Fixture]	Received event tos::validator::consensus::[1;33mStopRequested[0m@0x7531e005e610 on c04-isolated bus[0m
[0m[ 4][t 1][2026-09-29 16:16:55.393953154][BusRuntime.h:240][!c04-isolated.SimplexPool]	Received event tos::validator::consensus::[1;33mStopRequested[0m@0x7531e005e610 on c04-isolated bus[0m
[1;36m[ 3][t 2][2026-09-29 16:16:55.395262706][pool.cpp:360][!c04-isolated.SimplexPool]	Validator group started. We are validator 0 at kJCQkJCQkJCQkJCQkJCQkJCQkJCQkJCQkJCQkJCQkJA= with weight 1 out of 4[0m
[1;36m[ 3][t 1][2026-09-29 16:16:55.415557180][BusRuntime.h:238][!c04-driver]	Published event tos::validator::consensus::simplex::[1;33mBroadcastVote[1;36m@0x7531d8001870[1;90m{vote=NotarizeVote{id={0, IiIiIiIiIiIiIiIiIiIiIiIiIiIiIiIiIiIiIiIiIiI=, ?}}}[1;36m on c04-isolated bus[0m
[0m[ 4][t 1][2026-09-29 16:16:55.415625547][BusRuntime.h:240][!c04-isolated.SimplexPool]	Received event tos::validator::consensus::simplex::[1;33mBroadcastVote[0m@0x7531d8001870 on c04-isolated bus[0m
[1;36m[ 3][t 1][2026-09-29 16:16:55.415645757][BusRuntime.h:238][!c04-isolated.SimplexPool]	Published event tos::validator::consensus::[1;33mTraceEvent[1;36m@0x7531e005e630[1;90m{event=Voted{vote=NotarizeVote{id={0, IiIiIiIiIiIiIiIiIiIiIiIiIiIiIiIiIiIiIiIiIiI=, ?}}}}[1;36m on c04-isolated bus[0m
[1;36m[ 3][t 1][2026-09-29 16:16:55.415662696][BusRuntime.h:238][!c04-isolated.SimplexPool]	Published event tos::validator::consensus::simplex::[1;33mPersistOwnVoteIntent[1;36m@0x7531e00606c0[1;90m{vote=NotarizeVote{id={0, IiIiIiIiIiIiIiIiIiIiIiIiIiIiIiIiIiIiIiIiIiI=, ?}}}[1;36m on c04-isolated bus[0m
[0m[ 4][t 1][2026-09-29 16:16:55.415696016][BusRuntime.h:240][!c04-isolated.Fixture]	Received event tos::validator::consensus::simplex::[1;33mPersistOwnVoteIntent[0m@0x7531e00606c0 on c04-isolated bus[0m
[1;36m[ 3][t 1][2026-09-29 16:16:55.415716558][BusRuntime.h:89][!c04-isolated.SimplexPool]	Response for tos::validator::consensus::simplex::[1;33mPersistOwnVoteIntent[1;36m@0x7531e00606c0 is ready: [Error : 0 : fixture intent failure][0m
[1;31m[ 1][t 1][2026-09-29 16:16:55.415730553][pool.cpp:912][!c04-isolated.SimplexPool]	consensus: the vote intent for NotarizeVote{id={0, IiIiIiIiIiIiIiIiIiIiIiIiIiIiIiIiIiIiIiIiIiI=, ?}} was not committed ([Error : 0 : fixture intent failure]); not signing it[0m
[1;36m[ 3][t 1][2026-09-29 16:16:55.415749477][BusRuntime.h:89][!c04-driver]	Response for tos::validator::consensus::simplex::[1;33mBroadcastVote[1;36m@0x7531d8001870 is ready[0m
[1;36m[ 3][t 1][2026-09-29 16:16:55.435912612][BusRuntime.h:238][!c04-driver]	Published event tos::validator::consensus::[1;33mStopRequested[1;36m@0x7531e005e630 on c04-isolated bus[0m
[0m[ 4][t 1][2026-09-29 16:16:55.435977321][BusRuntime.h:240][!c04-isolated.Fixture]	Received event tos::validator::consensus::[1;33mStopRequested[0m@0x7531e005e630 on c04-isolated bus[0m
[0m[ 4][t 2][2026-09-29 16:16:55.435988422][BusRuntime.h:240][!c04-isolated.SimplexPool]	Received event tos::validator::consensus::[1;33mStopRequested[0m@0x7531e005e630 on c04-isolated bus[0m
C04_ACTION_PASS intent-failure: production branches, trace without consumer, three rotations
