[1;36m[ 3][t 1][2026-09-29 16:16:55.815300444][pool.cpp:360][!c04-isolated.SimplexPool]	Validator group started. We are validator 0 at kJCQkJCQkJCQkJCQkJCQkJCQkJCQkJCQkJCQkJCQkJA= with weight 1 out of 4[0m
[1;36m[ 3][t 2][2026-09-29 16:16:55.835916662][BusRuntime.h:238][!c04-driver]	Published event tos::validator::consensus::simplex::[1;33mBroadcastVote[1;36m@0x7619b005f2f0[1;90m{vote=NotarizeVote{id={0, IiIiIiIiIiIiIiIiIiIiIiIiIiIiIiIiIiIiIiIiIiI=, ?}}}[1;36m on c04-isolated bus[0m
[0m[ 4][t 2][2026-09-29 16:16:55.836010292][BusRuntime.h:240][!c04-isolated.SimplexPool]	Received event tos::validator::consensus::simplex::[1;33mBroadcastVote[0m@0x7619b005f2f0 on c04-isolated bus[0m
[1;36m[ 3][t 2][2026-09-29 16:16:55.836036237][BusRuntime.h:238][!c04-isolated.SimplexPool]	Published event tos::validator::consensus::[1;33mTraceEvent[1;36m@0x7619a8001470[1;90m{event=Voted{vote=NotarizeVote{id={0, IiIiIiIiIiIiIiIiIiIiIiIiIiIiIiIiIiIiIiIiIiI=, ?}}}}[1;36m on c04-isolated bus[0m
[1;36m[ 3][t 2][2026-09-29 16:16:55.836054087][BusRuntime.h:238][!c04-isolated.SimplexPool]	Published event tos::validator::consensus::simplex::[1;33mPersistOwnVoteIntent[1;36m@0x7619a80011b0[1;90m{vote=NotarizeVote{id={0, IiIiIiIiIiIiIiIiIiIiIiIiIiIiIiIiIiIiIiIiIiI=, ?}}}[1;36m on c04-isolated bus[0m
[0m[ 4][t 2][2026-09-29 16:16:55.836078541][BusRuntime.h:240][!c04-isolated.Fixture]	Received event tos::validator::consensus::simplex::[1;33mPersistOwnVoteIntent[0m@0x7619a80011b0 on c04-isolated bus[0m
[1;36m[ 3][t 2][2026-09-29 16:16:55.836099173][BusRuntime.h:89][!c04-isolated.SimplexPool]	Response for tos::validator::consensus::simplex::[1;33mPersistOwnVoteIntent[1;36m@0x7619a80011b0 is ready[0m
[1;31m[ 1][t 2][2026-09-29 16:16:55.836151433][pool.cpp:852][!c04-isolated.SimplexPool]	consensus: the post-quantum signer failed to sign a vote; not casting it[0m
[1;36m[ 3][t 2][2026-09-29 16:16:55.836171114][BusRuntime.h:89][!c04-driver]	Response for tos::validator::consensus::simplex::[1;33mBroadcastVote[1;36m@0x7619b005f2f0 is ready[0m
[1;36m[ 3][t 2][2026-09-29 16:16:55.856450904][BusRuntime.h:238][!c04-driver]	Published event tos::validator::consensus::[1;33mStopRequested[1;36m@0x7619a8005a90 on c04-isolated bus[0m
[0m[ 4][t 2][2026-09-29 16:16:55.856510499][BusRuntime.h:240][!c04-isolated.Fixture]	Received event tos::validator::consensus::[1;33mStopRequested[0m@0x7619a8005a90 on c04-isolated bus[0m
[0m[ 4][t 2][2026-09-29 16:16:55.856526549][BusRuntime.h:240][!c04-isolated.SimplexPool]	Received event tos::validator::consensus::[1;33mStopRequested[0m@0x7619a8005a90 on c04-isolated bus[0m
[1;36m[ 3][t 1][2026-09-29 16:16:55.857790427][pool.cpp:360][!c04-isolated.SimplexPool]	Validator group started. We are validator 0 at kJCQkJCQkJCQkJCQkJCQkJCQkJCQkJCQkJCQkJCQkJA= with weight 1 out of 4[0m
[1;36m[ 3][t 2][2026-09-29 16:16:55.878077510][BusRuntime.h:238][!c04-driver]	Published event tos::validator::consensus::simplex::[1;33mBroadcastVote[1;36m@0x7619b005f8c0[1;90m{vote=NotarizeVote{id={0, IiIiIiIiIiIiIiIiIiIiIiIiIiIiIiIiIiIiIiIiIiI=, ?}}}[1;36m on c04-isolated bus[0m
[0m[ 4][t 2][2026-09-29 16:16:55.878145206][BusRuntime.h:240][!c04-isolated.SimplexPool]	Received event tos::validator::consensus::simplex::[1;33mBroadcastVote[0m@0x7619b005f8c0 on c04-isolated bus[0m
[1;36m[ 3][t 2][2026-09-29 16:16:55.878165676][BusRuntime.h:238][!c04-isolated.SimplexPool]	Published event tos::validator::consensus::[1;33mTraceEvent[1;36m@0x7619a8001980[1;90m{event=Voted{vote=NotarizeVote{id={0, IiIiIiIiIiIiIiIiIiIiIiIiIiIiIiIiIiIiIiIiIiI=, ?}}}}[1;36m on c04-isolated bus[0m
[1;36m[ 3][t 2][2026-09-29 16:16:55.878181561][BusRuntime.h:238][!c04-isolated.SimplexPool]	Published event tos::validator::consensus::simplex::[1;33mPersistOwnVoteIntent[1;36m@0x7619a8001830[1;90m{vote=NotarizeVote{id={0, IiIiIiIiIiIiIiIiIiIiIiIiIiIiIiIiIiIiIiIiIiI=, ?}}}[1;36m on c04-isolated bus[0m
[0m[ 4][t 2][2026-09-29 16:16:55.878206588][BusRuntime.h:240][!c04-isolated.Fixture]	Received event tos::validator::consensus::simplex::[1;33mPersistOwnVoteIntent[0m@0x7619a8001830 on c04-isolated bus[0m
[1;36m[ 3][t 2][2026-09-29 16:16:55.878227028][BusRuntime.h:89][!c04-isolated.SimplexPool]	Response for tos::validator::consensus::simplex::[1;33mPersistOwnVoteIntent[1;36m@0x7619a8001830 is ready[0m
[1;31m[ 1][t 2][2026-09-29 16:16:55.878244353][pool.cpp:852][!c04-isolated.SimplexPool]	consensus: the post-quantum signer failed to sign a vote; not casting it[0m
[1;36m[ 3][t 2][2026-09-29 16:16:55.878262578][BusRuntime.h:89][!c04-driver]	Response for tos::validator::consensus::simplex::[1;33mBroadcastVote[1;36m@0x7619b005f8c0 is ready[0m
[1;36m[ 3][t 2][2026-09-29 16:16:55.898546918][BusRuntime.h:238][!c04-driver]	Published event tos::validator::consensus::[1;33mStopRequested[1;36m@0x7619a8001980 on c04-isolated bus[0m
[0m[ 4][t 2][2026-09-29 16:16:55.898609188][BusRuntime.h:240][!c04-isolated.Fixture]	Received event tos::validator::consensus::[1;33mStopRequested[0m@0x7619a8001980 on c04-isolated bus[0m
[0m[ 4][t 2][2026-09-29 16:16:55.898624869][BusRuntime.h:240][!c04-isolated.SimplexPool]	Received event tos::validator::consensus::[1;33mStopRequested[0m@0x7619a8001980 on c04-isolated bus[0m
[1;36m[ 3][t 2][2026-09-29 16:16:55.899860540][pool.cpp:360][!c04-isolated.SimplexPool]	Validator group started. We are validator 0 at kJCQkJCQkJCQkJCQkJCQkJCQkJCQkJCQkJCQkJCQkJA= with weight 1 out of 4[0m
[1;36m[ 3][t 1][2026-09-29 16:16:55.919995289][BusRuntime.h:238][!c04-driver]	Published event tos::validator::consensus::simplex::[1;33mBroadcastVote[1;36m@0x7619a8001830[1;90m{vote=NotarizeVote{id={0, IiIiIiIiIiIiIiIiIiIiIiIiIiIiIiIiIiIiIiIiIiI=, ?}}}[1;36m on c04-isolated bus[0m
[0m[ 4][t 1][2026-09-29 16:16:55.920067710][BusRuntime.h:240][!c04-isolated.SimplexPool]	Received event tos::validator::consensus::simplex::[1;33mBroadcastVote[0m@0x7619a8001830 on c04-isolated bus[0m
[1;36m[ 3][t 1][2026-09-29 16:16:55.920091090][BusRuntime.h:238][!c04-isolated.SimplexPool]	Published event tos::validator::consensus::[1;33mTraceEvent[1;36m@0x7619b00549a0[1;90m{event=Voted{vote=NotarizeVote{id={0, IiIiIiIiIiIiIiIiIiIiIiIiIiIiIiIiIiIiIiIiIiI=, ?}}}}[1;36m on c04-isolated bus[0m
[1;36m[ 3][t 1][2026-09-29 16:16:55.920108404][BusRuntime.h:238][!c04-isolated.SimplexPool]	Published event tos::validator::consensus::simplex::[1;33mPersistOwnVoteIntent[1;36m@0x7619b005f8c0[1;90m{vote=NotarizeVote{id={0, IiIiIiIiIiIiIiIiIiIiIiIiIiIiIiIiIiIiIiIiIiI=, ?}}}[1;36m on c04-isolated bus[0m
[0m[ 4][t 1][2026-09-29 16:16:55.920134945][BusRuntime.h:240][!c04-isolated.Fixture]	Received event tos::validator::consensus::simplex::[1;33mPersistOwnVoteIntent[0m@0x7619b005f8c0 on c04-isolated bus[0m
[1;36m[ 3][t 1][2026-09-29 16:16:55.920155545][BusRuntime.h:89][!c04-isolated.SimplexPool]	Response for tos::validator::consensus::simplex::[1;33mPersistOwnVoteIntent[1;36m@0x7619b005f8c0 is ready[0m
[1;31m[ 1][t 1][2026-09-29 16:16:55.920212561][pool.cpp:852][!c04-isolated.SimplexPool]	consensus: the post-quantum signer failed to sign a vote; not casting it[0m
[1;36m[ 3][t 1][2026-09-29 16:16:55.920234126][BusRuntime.h:89][!c04-driver]	Response for tos::validator::consensus::simplex::[1;33mBroadcastVote[1;36m@0x7619a8001830 is ready[0m
[1;36m[ 3][t 1][2026-09-29 16:16:55.940629957][BusRuntime.h:238][!c04-driver]	Published event tos::validator::consensus::[1;33mStopRequested[1;36m@0x7619b005f6b0 on c04-isolated bus[0m
[0m[ 4][t 1][2026-09-29 16:16:55.940690757][BusRuntime.h:240][!c04-isolated.Fixture]	Received event tos::validator::consensus::[1;33mStopRequested[0m@0x7619b005f6b0 on c04-isolated bus[0m
[0m[ 4][t 1][2026-09-29 16:16:55.940706327][BusRuntime.h:240][!c04-isolated.SimplexPool]	Received event tos::validator::consensus::[1;33mStopRequested[0m@0x7619b005f6b0 on c04-isolated bus[0m
C04_ACTION_PASS sign-failure: production branches, trace without consumer, three rotations
