[1;36m[ 3][t 1][2026-09-29 16:16:56.477674179][pool.cpp:360][!c04-isolated.SimplexPool]	Validator group started. We are validator 0 at kJCQkJCQkJCQkJCQkJCQkJCQkJCQkJCQkJCQkJCQkJA= with weight 1 out of 4[0m
[1;36m[ 3][t 1][2026-09-29 16:16:56.478577481][BusRuntime.h:238][!c04-isolated.SimplexPool]	Published event tos::validator::consensus::simplex::[1;33mPersistOwnSignedVote[1;36m@0x77b6c00658a0[1;90m{vote=NotarizeVote{id={0, IiIiIiIiIiIiIiIiIiIiIiIiIiIiIiIiIiIiIiIiIiI=, ?}}, seqno=1, signature_size=2420}[1;36m on c04-isolated bus[0m
[0m[ 4][t 1][2026-09-29 16:16:56.478607244][BusRuntime.h:240][!c04-isolated.Fixture]	Received event tos::validator::consensus::simplex::[1;33mPersistOwnSignedVote[0m@0x77b6c00658a0 on c04-isolated bus[0m
[1;36m[ 3][t 1][2026-09-29 16:16:56.478621004][BusRuntime.h:89][!c04-isolated.SimplexPool]	Response for tos::validator::consensus::simplex::[1;33mPersistOwnSignedVote[1;36m@0x77b6c00658a0 is ready: [Error : 0 : fixture signed failure][0m
[1;31m[ 1][t 1][2026-09-29 16:16:56.478629703][pool.cpp:975][!c04-isolated.SimplexPool]	consensus: the replayed signed vote for NotarizeVote{id={0, IiIiIiIiIiIiIiIiIiIiIiIiIiIiIiIiIiIiIiIiIiI=, ?}} was not committed ([Error : 0 : fixture signed failure]); not applying it[0m
[1;36m[ 3][t 2][2026-09-29 16:16:56.518964528][BusRuntime.h:238][!c04-driver]	Published event tos::validator::consensus::[1;33mStopRequested[1;36m@0x77b6b8000bf0 on c04-isolated bus[0m
[0m[ 4][t 2][2026-09-29 16:16:56.519028004][BusRuntime.h:240][!c04-isolated.Fixture]	Received event tos::validator::consensus::[1;33mStopRequested[0m@0x77b6b8000bf0 on c04-isolated bus[0m
[0m[ 4][t 2][2026-09-29 16:16:56.519042298][BusRuntime.h:240][!c04-isolated.SimplexPool]	Received event tos::validator::consensus::[1;33mStopRequested[0m@0x77b6b8000bf0 on c04-isolated bus[0m
[1;36m[ 3][t 2][2026-09-29 16:16:56.520112239][pool.cpp:360][!c04-isolated.SimplexPool]	Validator group started. We are validator 0 at kJCQkJCQkJCQkJCQkJCQkJCQkJCQkJCQkJCQkJCQkJA= with weight 1 out of 4[0m
[1;36m[ 3][t 2][2026-09-29 16:16:56.521104123][BusRuntime.h:238][!c04-isolated.SimplexPool]	Published event tos::validator::consensus::simplex::[1;33mPersistOwnSignedVote[1;36m@0x77b6b8009810[1;90m{vote=NotarizeVote{id={0, IiIiIiIiIiIiIiIiIiIiIiIiIiIiIiIiIiIiIiIiIiI=, ?}}, seqno=1, signature_size=2420}[1;36m on c04-isolated bus[0m
[0m[ 4][t 2][2026-09-29 16:16:56.521131255][BusRuntime.h:240][!c04-isolated.Fixture]	Received event tos::validator::consensus::simplex::[1;33mPersistOwnSignedVote[0m@0x77b6b8009810 on c04-isolated bus[0m
[1;36m[ 3][t 2][2026-09-29 16:16:56.521149135][BusRuntime.h:89][!c04-isolated.SimplexPool]	Response for tos::validator::consensus::simplex::[1;33mPersistOwnSignedVote[1;36m@0x77b6b8009810 is ready: [Error : 0 : fixture signed failure][0m
[1;31m[ 1][t 2][2026-09-29 16:16:56.521161624][pool.cpp:975][!c04-isolated.SimplexPool]	consensus: the replayed signed vote for NotarizeVote{id={0, IiIiIiIiIiIiIiIiIiIiIiIiIiIiIiIiIiIiIiIiIiI=, ?}} was not committed ([Error : 0 : fixture signed failure]); not applying it[0m
[1;36m[ 3][t 1][2026-09-29 16:16:56.560976121][BusRuntime.h:238][!c04-driver]	Published event tos::validator::consensus::[1;33mStopRequested[1;36m@0x77b6c005e0d0 on c04-isolated bus[0m
[0m[ 4][t 1][2026-09-29 16:16:56.561036911][BusRuntime.h:240][!c04-isolated.Fixture]	Received event tos::validator::consensus::[1;33mStopRequested[0m@0x77b6c005e0d0 on c04-isolated bus[0m
[0m[ 4][t 1][2026-09-29 16:16:56.561052257][BusRuntime.h:240][!c04-isolated.SimplexPool]	Received event tos::validator::consensus::[1;33mStopRequested[0m@0x77b6c005e0d0 on c04-isolated bus[0m
[1;36m[ 3][t 2][2026-09-29 16:16:56.562248438][pool.cpp:360][!c04-isolated.SimplexPool]	Validator group started. We are validator 0 at kJCQkJCQkJCQkJCQkJCQkJCQkJCQkJCQkJCQkJCQkJA= with weight 1 out of 4[0m
[1;36m[ 3][t 2][2026-09-29 16:16:56.562881584][BusRuntime.h:238][!c04-isolated.SimplexPool]	Published event tos::validator::consensus::simplex::[1;33mPersistOwnSignedVote[1;36m@0x77b6b8003810[1;90m{vote=NotarizeVote{id={0, IiIiIiIiIiIiIiIiIiIiIiIiIiIiIiIiIiIiIiIiIiI=, ?}}, seqno=1, signature_size=2420}[1;36m on c04-isolated bus[0m
[0m[ 4][t 2][2026-09-29 16:16:56.562907744][BusRuntime.h:240][!c04-isolated.Fixture]	Received event tos::validator::consensus::simplex::[1;33mPersistOwnSignedVote[0m@0x77b6b8003810 on c04-isolated bus[0m
[1;36m[ 3][t 2][2026-09-29 16:16:56.562919208][BusRuntime.h:89][!c04-isolated.SimplexPool]	Response for tos::validator::consensus::simplex::[1;33mPersistOwnSignedVote[1;36m@0x77b6b8003810 is ready: [Error : 0 : fixture signed failure][0m
[1;31m[ 1][t 2][2026-09-29 16:16:56.562927408][pool.cpp:975][!c04-isolated.SimplexPool]	consensus: the replayed signed vote for NotarizeVote{id={0, IiIiIiIiIiIiIiIiIiIiIiIiIiIiIiIiIiIiIiIiIiI=, ?}} was not committed ([Error : 0 : fixture signed failure]); not applying it[0m
[1;36m[ 3][t 2][2026-09-29 16:16:56.603203320][BusRuntime.h:238][!c04-driver]	Published event tos::validator::consensus::[1;33mStopRequested[1;36m@0x77b6b80037f0 on c04-isolated bus[0m
[0m[ 4][t 2][2026-09-29 16:16:56.603261952][BusRuntime.h:240][!c04-isolated.Fixture]	Received event tos::validator::consensus::[1;33mStopRequested[0m@0x77b6b80037f0 on c04-isolated bus[0m
[0m[ 4][t 2][2026-09-29 16:16:56.603320127][BusRuntime.h:240][!c04-isolated.SimplexPool]	Received event tos::validator::consensus::[1;33mStopRequested[0m@0x77b6b80037f0 on c04-isolated bus[0m
C04_ACTION_PASS replay-intent-signed-failure: production branches, trace without consumer, three rotations
