[1/56] Checking the git repository for changes...
[2/56] Building CXX object CMakeFiles/git.dir/git.cc.o
[3/56] Linking CXX static library libgit.a
[4/56] Linking CXX executable crypto/func
[5/56] Compile FunC stdlib TVM v6 fee primitive coverage
[6/56] Linking CXX executable crypto/fift
[7/56] Generate /tmp/uno-publication-build/crypto/smartcont/auto/wallet3-code.fif
[8/56] Generate /tmp/uno-publication-build/crypto/smartcont/auto/highload-wallet-v2-code.fif
[9/56] Generate /tmp/uno-publication-build/crypto/smartcont/auto/wallet-code.fif
[10/56] Generate /tmp/uno-publication-build/crypto/smartcont/auto/restricted-wallet2-code.fif
[11/56] Generate /tmp/uno-publication-build/crypto/smartcont/auto/simple-wallet-code.fif
[12/56] Generate /tmp/uno-publication-build/crypto/smartcont/auto/restricted-wallet-code.fif
[13/56] Generate /tmp/uno-publication-build/crypto/smartcont/auto/highload-wallet-code.fif
[14/56] Generate /tmp/uno-publication-build/crypto/smartcont/auto/session-wallet-code.fif
[15/56] Generate /tmp/uno-publication-build/crypto/smartcont/auto/wallet-v4-code.fif
[16/56] Generate /tmp/uno-publication-build/crypto/smartcont/auto/restricted-wallet3-code.fif
[17/56] Generate /tmp/uno-publication-build/crypto/smartcont/auto/simple-wallet-ext-code.fif
[18/56] Generate /tmp/uno-publication-build/crypto/smartcont/auto/wallet-v5-code.fif
[19/56] Generate /tmp/uno-publication-build/crypto/smartcont/auto/dns-manual-code.fif
[20/56] Generate /tmp/uno-publication-build/crypto/smartcont/auto/pow-testgiver-code.fif
[21/56] Generate /tmp/uno-publication-build/crypto/smartcont/auto/multisig-code.fif
[22/56] Generate /tmp/uno-publication-build/crypto/smartcont/auto/payment-channel-code.fif
[23/56] Generate /tmp/uno-publication-build/crypto/smartcont/auto/simple-wallet-code.cpp
[24/56] Generate /tmp/uno-publication-build/crypto/smartcont/auto/wallet3-code.cpp
[25/56] Generate /tmp/uno-publication-build/crypto/smartcont/auto/wallet-code.cpp
[26/56] Generate /tmp/uno-publication-build/crypto/smartcont/auto/session-wallet-code.cpp
[27/56] Generate /tmp/uno-publication-build/crypto/smartcont/auto/highload-wallet-v2-code.cpp
[28/56] Generate /tmp/uno-publication-build/crypto/smartcont/auto/highload-wallet-code.cpp
[29/56] Generate /tmp/uno-publication-build/crypto/smartcont/auto/restricted-wallet-code.cpp
[30/56] Generate /tmp/uno-publication-build/crypto/smartcont/auto/restricted-wallet2-code.cpp
[31/56] Generate /tmp/uno-publication-build/crypto/smartcont/auto/agent-account-code.fif
[32/56] Generate /tmp/uno-publication-build/crypto/smartcont/auto/wallet-v4-code.cpp
[33/56] Generate /tmp/uno-publication-build/crypto/smartcont/auto/dns-auto-code.fif
[34/56] Generate /tmp/uno-publication-build/crypto/smartcont/auto/restricted-wallet3-code.cpp
[35/56] Generate /tmp/uno-publication-build/crypto/smartcont/auto/simple-wallet-ext-code.cpp
[36/56] Generate /tmp/uno-publication-build/crypto/smartcont/auto/wallet-v5-code.cpp
[37/56] Generate /tmp/uno-publication-build/crypto/smartcont/auto/config-code.fif
[38/56] Generate /tmp/uno-publication-build/crypto/smartcont/auto/dns-manual-code.cpp
[39/56] Generate /tmp/uno-publication-build/crypto/smartcont/auto/pow-testgiver-code.cpp
[40/56] Generate /tmp/uno-publication-build/crypto/smartcont/auto/multisig-code.cpp
[41/56] Generate /tmp/uno-publication-build/crypto/smartcont/auto/task-escrow-code.fif
[42/56] Generate /tmp/uno-publication-build/crypto/smartcont/auto/payment-channel-code.cpp
[43/56] Generate /tmp/uno-publication-build/crypto/smartcont/auto/agent-account-code.cpp
[44/56] Generate /tmp/uno-publication-build/crypto/smartcont/auto/dns-auto-code.cpp
[45/56] Generate /tmp/uno-publication-build/crypto/smartcont/auto/config-code.cpp
[46/56] Generate /tmp/uno-publication-build/crypto/smartcont/auto/task-escrow-code.cpp
[47/56] Generate /tmp/uno-publication-build/crypto/smartcont/auto/elector-code.fif
[48/56] Generate /tmp/uno-publication-build/crypto/smartcont/auto/elector-code.cpp
[49/56] Verify and embed the frozen TOS Service Protocol stablecoin escrow v1 BOC
NOTE: escrow v1 is deprecated (superseded by v2); this build exists only to verify the frozen historical artifact.
NOTE: escrow v1 is deprecated (superseded by v2); this build exists only to verify the frozen historical artifact.
[50/56] Generate /tmp/uno-publication-build/crypto/smartcont/auto/prediction-market-code.fif
[51/56] Verify and embed the frozen TOS Service Protocol stablecoin escrow v2 BOC
[52/56] Verify and embed the frozen TOS Native Service Registry BOC
[53/56] Generate /tmp/uno-publication-build/crypto/smartcont/auto/prediction-market-code.cpp
[54/56] Building CXX object crypto/CMakeFiles/smc-envelope.dir/smc-envelope/SmartContractCode.cpp.o
[55/56] Linking CXX static library crypto/libsmc-envelope.a
[56/56] Linking CXX executable crypto/create-state
