closed observed unknown-origin=0
closed: phase=3
workchain=2
delivery=recorded
query_to_record_seconds=0.014966
wait_window_seconds=1.000000
headroom_ratio=66.819661
enabled observed unknown-origin=0
Paired proof-work units collator=validator=7
Actual coordinator protected backing: balance=21006000750 refundable=20000000000 unexpected=0 OK
BACKING_REPLAY block=8 R_actual=996994717 R_book=996994717 N_hidden=996994717 P=274 W=274; first-layer=OK; checking R+P=N+W
M4 actual block (2,8000000000000000,8):6760E5D30A8690F9AEAA4B4935E6B7A737E1450A0BB97FBCBE1C522726FD44BB:8BB2A71B30D54B8D73EB969EA3016E22A4CBF285750A19082C9118F58CB5B763 R_actual=996994717 R_book=996994717 observed wallet liabilities=996994717; D=0 (atomic operation set); nonzero controls=rejected; restored OK
FAILED_AUTHENTICATED inbound=5E77DFCC66EC9809EA6E8DDC2F7B2DE1789C357BCABEC8BA11D55F69CDF438F3 late=0 recovered=9996070 receipt=6996062 sequence=1->2 W_records=2 custody=996994717 fees=3000008
enabled: operation accepted (2,8000000000000000,8):6760E5D30A8690F9AEAA4B4935E6B7A737E1450A0BB97FBCBE1C522726FD44BB:8BB2A71B30D54B8D73EB969EA3016E22A4CBF285750A19082C9118F58CB5B763; actual state read back; NOT seven-step completion
Paired closed registry refusal / accepted operation; NOT full live sequence acceptance.
[0m[ 4][t 0][2026-09-12 09:03:41.031402605][mc-config.cpp:572]	workchain description dictionary created[0m
[0m[ 4][t 0][2026-09-12 09:03:41.031599891][mc-config.cpp:2347]	unpacked info for workchain 0: basic=true, active=true, accept_msgs=true, min_split=1, max_split=1[0m
[0m[ 4][t 0][2026-09-12 09:03:41.031612935][mc-config.cpp:2347]	unpacked info for workchain 2: basic=true, active=true, accept_msgs=true, min_split=0, max_split=0[0m
[1;36m[ 3][t 0][2026-09-12 09:03:41.035856278][test-tos-collator.cpp:597]	setting previous block to (2,8000000000000000,7):5EC225B048C2A463CBE7455A4ABE7995A1578B985F6593D69DAEB6F793ADC135:669E953EA1E875C55D6FBD2B6F47DC784DC05BDAE600FA781B8A2E16A6D962B3[0m
[1;36m[ 3][t 1][2026-09-12 09:03:41.039968730][test-tos-collator.cpp:339][!testnode]	no init block in config. using zero state[0m
[1;36m[ 3][t 1][2026-09-12 09:03:41.039987190][test-tos-collator.cpp:364][!testnode]	Hardforks num in config: 0[0m
[1;36m[ 3][t 1][2026-09-12 09:03:41.040057375][manager-init.cpp:333][!starter]	Starting validator manager[0m
[1;36m[ 3][t 7][2026-09-12 09:03:41.050318231][manager-init.cpp:344][!starter]	init_block_id = (-1,8000000000000000,50):3ED439A76A8418A4CB618FE7CA1084C218B0B1B39633EB06DA20FB4611DF6F40:D67E3F5DCDDF6E9BB9E7B561FD63CDE7BC419B0F8ACBE14B6E973176E73723C2[0m
[1;36m[ 3][t 7][2026-09-12 09:03:41.050339324][manager-init.cpp:345][!starter]	config init_block_id = (-1,8000000000000000,0):457BCB938CF4958560C3B8D000440C2789A54FAA723E70AA3F4829C1D5DD3AAF:5D24129FC04C5AB1ADB6B2B2512579B8AF54DC7857F5148159F6108E2D4B7105[0m
[1;33m[ 2][t 1][2026-09-12 09:03:41.051582427][celldb.cpp:371][!celldbin]	Using V1 DynamicBagOfCells with options V1{}[0m
[1;36m[ 3][t 1][2026-09-12 09:03:41.060394484][celldb.cpp:251][!celldbin]	Validating metadata[0m
[1;31m[ 1][t 6][2026-09-12 09:03:41.061457460][archive-manager.cpp:1045][!archive]	checking file /tmp/uno-completion-window-within-waoo1euk/closed-db/archive/states/zerostate_-1_66001B94D046E7871EE99E7AEF1FCD1FA28919CE0E5E9B7C8881161BBF42DB74[0m
[1;31m[ 1][t 6][2026-09-12 09:03:41.061499947][archive-manager.cpp:1045][!archive]	checking file /tmp/uno-completion-window-within-waoo1euk/closed-db/archive/states/zerostate_2_8C43E87A13B37B5C6C1888CD9893C5786F53FE5E98E564DBE4597CBC72DA08BF[0m
[1;31m[ 1][t 6][2026-09-12 09:03:41.061509022][archive-manager.cpp:1045][!archive]	checking file /tmp/uno-completion-window-within-waoo1euk/closed-db/archive/states/zerostate_0_C04957B039FDFCD5BEB8608010C6A49D01C6A5804762A7621113B2B55DA2294C[0m
[1;36m[ 3][t 1][2026-09-12 09:03:41.061527544][celldb.cpp:307][!celldbin]	Validating metadata: OK[0m
[1;36m[ 3][t 1][2026-09-12 09:03:41.068768400][manager-init.cpp:384][!starter]	gc_block_id = (-1,8000000000000000,0):457BCB938CF4958560C3B8D000440C2789A54FAA723E70AA3F4829C1D5DD3AAF:5D24129FC04C5AB1ADB6B2B2512579B8AF54DC7857F5148159F6108E2D4B7105[0m
[1;36m[ 3][t 3][2026-09-12 09:03:41.070419835][manager-init.cpp:434][!starter]	Starting shard client[0m
[1;36m[ 3][t 3][2026-09-12 09:03:41.070711850][manager-init.cpp:438][!starter]	Started shard client[0m
[1;36m[ 3][t 3][2026-09-12 09:03:41.070743379][manager-init.cpp:448][!starter]	Last key block is (-1,8000000000000000,0):457BCB938CF4958560C3B8D000440C2789A54FAA723E70AA3F4829C1D5DD3AAF:5D24129FC04C5AB1ADB6B2B2512579B8AF54DC7857F5148159F6108E2D4B7105[0m
[1;31m[ 1][t 6][2026-09-12 09:03:41.071538327][manager-disk.cpp:296][!manager]	running collate query[0m
[1;33m[ 2][t 6][2026-09-12 09:03:41.071576070][collator.cpp:146][!collate(2,8000000000000000):8]	Collator for shard (2,8000000000000000) started[0m
[1;36m[ 3][t 1][2026-09-12 09:03:41.071642557][collator.cpp:847][!collate(2,8000000000000000):8]	after_get_storage_stat_cache : [Error : 0 : not implemented][0m
[1;33m[ 2][t 5][2026-09-12 09:03:41.079287825][collator.cpp:670][!collate(2,8000000000000000):8]	in Collator::after_get_shard_state(0)[0m
[1;33m[ 2][t 7][2026-09-12 09:03:41.079544071][collator.cpp:632][!collate(2,8000000000000000):8]	in Collator::after_get_mc_state()[0m
[1;33m[ 2][t 5][2026-09-12 09:03:41.079769800][collator.cpp:2086][!collate(2,8000000000000000):8]	running do_preinit()[0m
[1;36m[ 3][t 5][2026-09-12 09:03:41.079785059][collator.cpp:1779][!collate(2,8000000000000000):8]	unpacking most recent masterchain state[0m
[1;31m[ 1][t 5][2026-09-12 09:03:41.079893350][collator.cpp:929][!collate(2,8000000000000000):8]	block version 16 have been enabled in global configuration, but we support only 15 (upgrade validator software?)[0m
[1;36m[ 3][t 5][2026-09-12 09:03:41.081270594][collator.cpp:2266][!collate(2,8000000000000000):8]	start_lt set to 100000000[0m
[1;36m[ 3][t 7][2026-09-12 09:03:41.082171132][out-msg-queue-proof.cpp:437][!disk-outmsgqueueimporter]	Done importing neighbor msg queues for shard (2,8000000000000000) from (-1,8000000000000000,50) (0,4000000000000000,41) (0,c000000000000000,41) in 0.000840s sources{ local=3} cache_size=1[0m
[1;36m[ 3][t 7][2026-09-12 09:03:41.082230863][collator.cpp:1048][!collate(2,8000000000000000):8]	neighbor output queues fetched, took 0.000895s[0m
[1;33m[ 2][t 7][2026-09-12 09:03:41.082305303][collator.cpp:1104][!collate(2,8000000000000000):8]	obtained outbound queue for neighbor #0((-1,8000000000000000))[0m
[1;33m[ 2][t 7][2026-09-12 09:03:41.082412049][collator.cpp:1104][!collate(2,8000000000000000):8]	obtained outbound queue for neighbor #1((0,4000000000000000))[0m
[1;33m[ 2][t 7][2026-09-12 09:03:41.082486755][collator.cpp:1104][!collate(2,8000000000000000):8]	obtained outbound queue for neighbor #2((0,c000000000000000))[0m
[1;33m[ 2][t 7][2026-09-12 09:03:41.082608561][collator.cpp:1104][!collate(2,8000000000000000):8]	obtained outbound queue for neighbor #3((2,8000000000000000))[0m
[1;33m[ 2][t 3][2026-09-12 09:03:41.082978589][collator.cpp:2439][!collate(2,8000000000000000):8]	do_collate() : start[0m
[1;31m[ 1][t 3][2026-09-12 09:03:41.084726073][collator.cpp:395][!collate(2,8000000000000000):8]	cannot generate block candidate for 2:_ : [Error : -7201 : cannot execute configured workchain: multi-account admission and replay are not connected][0m
[1;36m[ 3][t 3][2026-09-12 09:03:41.084739721][collator.cpp:404][!collate(2,8000000000000000):8]	collation failed in 0.013173 s [Error : -7201 : cannot execute configured workchain: multi-account admission and replay are not connected][0m
[1;36m[ 3][t 3][2026-09-12 09:03:41.084751502][collator.cpp:405][!collate(2,8000000000000000):8]	{{
	{wait_block_data #0:154676.686469->154676.694193(0.007723)}
	{wait_block_state #0:154676.686466->154676.694182(0.007716)}
	{neighbor_msg_queues:154676.696209->154676.697104(0.000895)}
	{auxiliary wait_block_state 48:154676.696130->154676.696838(0.000708)}
	{auxiliary wait_block_state 49:154676.697343->154676.697703(0.000359)}
	{auxiliary wait_block_state 46:154676.697467->154676.697813(0.000346)}
	{get_top_masterchain_state_block:154676.694185->154676.694457(0.000273)}
	{wait_block_data #-1:154676.694461->154676.694640(0.000179)}
	{get_storage_stat_cache:154676.686472->154676.686516(0.000044)[Error : 0 : not implemented]}
	{do_collate:154676.697843->0.000000(-154676.697843)}
}[0m
[1;33m[ 2][t 3][2026-09-12 09:03:41.084780799][collator.cpp:7138][!collate(2,8000000000000000):8]	Collate query work time = 0.003395s, cpu time = 0.001983s[0m
[1;31m[ 1][t 3][2026-09-12 09:03:41.084820145][collator.cpp:395][!collate(2,8000000000000000):8]	cannot generate block candidate for 2:_ : [Error : 0 : cannot fetch required configuration parameters from masterchain state][0m
[1;31m[ 1][t 7][2026-09-12 09:03:41.088645225][manager-disk.cpp:273][!manager]	failed to create block: [Error : -7201 : cannot execute configured workchain: multi-account admission and replay are not connected][0m
[1;36m[ 3][t 0][2026-09-12 09:03:41.101094687][test-tos-collator.cpp:597]	setting previous block to (2,8000000000000000,7):5EC225B048C2A463CBE7455A4ABE7995A1578B985F6593D69DAEB6F793ADC135:669E953EA1E875C55D6FBD2B6F47DC784DC05BDAE600FA781B8A2E16A6D962B3[0m
[1;36m[ 3][t 1][2026-09-12 09:03:41.104920808][test-tos-collator.cpp:339][!testnode]	no init block in config. using zero state[0m
[1;36m[ 3][t 1][2026-09-12 09:03:41.104941702][test-tos-collator.cpp:364][!testnode]	Hardforks num in config: 0[0m
[1;36m[ 3][t 6][2026-09-12 09:03:41.106385472][manager-init.cpp:333][!starter]	Starting validator manager[0m
[1;36m[ 3][t 5][2026-09-12 09:03:41.114788232][manager-init.cpp:344][!starter]	init_block_id = (-1,8000000000000000,50):3ED439A76A8418A4CB618FE7CA1084C218B0B1B39633EB06DA20FB4611DF6F40:D67E3F5DCDDF6E9BB9E7B561FD63CDE7BC419B0F8ACBE14B6E973176E73723C2[0m
[1;36m[ 3][t 5][2026-09-12 09:03:41.114802445][manager-init.cpp:345][!starter]	config init_block_id = (-1,8000000000000000,0):457BCB938CF4958560C3B8D000440C2789A54FAA723E70AA3F4829C1D5DD3AAF:5D24129FC04C5AB1ADB6B2B2512579B8AF54DC7857F5148159F6108E2D4B7105[0m
[1;33m[ 2][t 1][2026-09-12 09:03:41.116569609][celldb.cpp:371][!celldbin]	Using V1 DynamicBagOfCells with options V1{}[0m
[1;36m[ 3][t 1][2026-09-12 09:03:41.124125070][celldb.cpp:251][!celldbin]	Validating metadata[0m
[1;36m[ 3][t 1][2026-09-12 09:03:41.125564944][celldb.cpp:307][!celldbin]	Validating metadata: OK[0m
[1;31m[ 1][t 7][2026-09-12 09:03:41.126347850][archive-manager.cpp:1045][!archive]	checking file /tmp/uno-completion-window-within-waoo1euk/enabled-db/archive/states/zerostate_-1_66001B94D046E7871EE99E7AEF1FCD1FA28919CE0E5E9B7C8881161BBF42DB74[0m
[1;31m[ 1][t 7][2026-09-12 09:03:41.126382635][archive-manager.cpp:1045][!archive]	checking file /tmp/uno-completion-window-within-waoo1euk/enabled-db/archive/states/zerostate_2_8C43E87A13B37B5C6C1888CD9893C5786F53FE5E98E564DBE4597CBC72DA08BF[0m
[1;31m[ 1][t 7][2026-09-12 09:03:41.126391447][archive-manager.cpp:1045][!archive]	checking file /tmp/uno-completion-window-within-waoo1euk/enabled-db/archive/states/zerostate_0_C04957B039FDFCD5BEB8608010C6A49D01C6A5804762A7621113B2B55DA2294C[0m
[1;36m[ 3][t 1][2026-09-12 09:03:41.133572153][manager-init.cpp:384][!starter]	gc_block_id = (-1,8000000000000000,0):457BCB938CF4958560C3B8D000440C2789A54FAA723E70AA3F4829C1D5DD3AAF:5D24129FC04C5AB1ADB6B2B2512579B8AF54DC7857F5148159F6108E2D4B7105[0m
[1;36m[ 3][t 7][2026-09-12 09:03:41.133959992][manager-init.cpp:434][!starter]	Starting shard client[0m
[1;36m[ 3][t 1][2026-09-12 09:03:41.134068073][manager-init.cpp:438][!starter]	Started shard client[0m
[1;36m[ 3][t 1][2026-09-12 09:03:41.134078576][manager-init.cpp:448][!starter]	Last key block is (-1,8000000000000000,0):457BCB938CF4958560C3B8D000440C2789A54FAA723E70AA3F4829C1D5DD3AAF:5D24129FC04C5AB1ADB6B2B2512579B8AF54DC7857F5148159F6108E2D4B7105[0m
[1;31m[ 1][t 1][2026-09-12 09:03:41.134824332][manager-disk.cpp:296][!manager]	running collate query[0m
[1;33m[ 2][t 1][2026-09-12 09:03:41.134849424][collator.cpp:146][!collate(2,8000000000000000):8]	Collator for shard (2,8000000000000000) started[0m
[1;36m[ 3][t 5][2026-09-12 09:03:41.134913515][collator.cpp:847][!collate(2,8000000000000000):8]	after_get_storage_stat_cache : [Error : 0 : not implemented][0m
[1;33m[ 2][t 1][2026-09-12 09:03:41.141659492][collator.cpp:670][!collate(2,8000000000000000):8]	in Collator::after_get_shard_state(0)[0m
[1;33m[ 2][t 1][2026-09-12 09:03:41.141779550][collator.cpp:632][!collate(2,8000000000000000):8]	in Collator::after_get_mc_state()[0m
[1;33m[ 2][t 1][2026-09-12 09:03:41.143589958][collator.cpp:2086][!collate(2,8000000000000000):8]	running do_preinit()[0m
[1;36m[ 3][t 1][2026-09-12 09:03:41.143603004][collator.cpp:1779][!collate(2,8000000000000000):8]	unpacking most recent masterchain state[0m
[1;31m[ 1][t 1][2026-09-12 09:03:41.143708845][collator.cpp:929][!collate(2,8000000000000000):8]	block version 16 have been enabled in global configuration, but we support only 15 (upgrade validator software?)[0m
[1;36m[ 3][t 1][2026-09-12 09:03:41.144796236][collator.cpp:2266][!collate(2,8000000000000000):8]	start_lt set to 100000000[0m
[1;36m[ 3][t 4][2026-09-12 09:03:41.146697452][out-msg-queue-proof.cpp:437][!disk-outmsgqueueimporter]	Done importing neighbor msg queues for shard (2,8000000000000000) from (-1,8000000000000000,50) (0,4000000000000000,41) (0,c000000000000000,41) in 0.001823s sources{ local=3} cache_size=1[0m
[1;36m[ 3][t 4][2026-09-12 09:03:41.146733234][collator.cpp:1048][!collate(2,8000000000000000):8]	neighbor output queues fetched, took 0.001869s[0m
[1;33m[ 2][t 4][2026-09-12 09:03:41.146804395][collator.cpp:1104][!collate(2,8000000000000000):8]	obtained outbound queue for neighbor #0((-1,8000000000000000))[0m
[1;33m[ 2][t 4][2026-09-12 09:03:41.146884326][collator.cpp:1104][!collate(2,8000000000000000):8]	obtained outbound queue for neighbor #1((0,4000000000000000))[0m
[1;33m[ 2][t 4][2026-09-12 09:03:41.146929958][collator.cpp:1104][!collate(2,8000000000000000):8]	obtained outbound queue for neighbor #2((0,c000000000000000))[0m
[1;33m[ 2][t 4][2026-09-12 09:03:41.146991391][collator.cpp:1104][!collate(2,8000000000000000):8]	obtained outbound queue for neighbor #3((2,8000000000000000))[0m
[1;33m[ 2][t 3][2026-09-12 09:03:41.148860209][collator.cpp:2439][!collate(2,8000000000000000):8]	do_collate() : start[0m
[1;36m[ 3][t 3][2026-09-12 09:03:41.152621545][collator.cpp:2717][!collate(2,8000000000000000):8]	cleaning outbound queue from messages already imported by neighbors[0m
[1;33m[ 2][t 3][2026-09-12 09:03:41.152693874][collator.cpp:2884][!collate(2,8000000000000000):8]	deleted 0 messages from out_msg_queue, remaining queue size is 2[0m
[1;36m[ 3][t 3][2026-09-12 09:03:41.155464248][workchain-failed-funded.h:154][!collate(2,8000000000000000):8]	WORKCHAIN_RETURN_CALLEE window_return inbound=5E77DFCC66EC9809EA6E8DDC2F7B2DE1789C357BCABEC8BA11D55F69CDF438F3[0m
[1;36m[ 3][t 3][2026-09-12 09:03:41.157343990][collator.cpp:5939][!collate(2,8000000000000000):8]	final out_msg_queue size is 2[0m
[1;36m[ 3][t 3][2026-09-12 09:03:41.157356891][collator.cpp:5943][!collate(2,8000000000000000):8]	block load statistics: gas=0 lt_delta=2 size_estimate=21995 collated_size_estimate=0[0m
[1;36m[ 3][t 3][2026-09-12 09:03:41.157361674][collator.cpp:5983][!collate(2,8000000000000000):8]	block is underloaded[0m
[1;36m[ 3][t 3][2026-09-12 09:03:41.157419885][collator.cpp:6316][!collate(2,8000000000000000):8]	creating Merkle update for the ShardState[0m
[1;36m[ 3][t 3][2026-09-12 09:03:41.157491056][collator.cpp:6329][!collate(2,8000000000000000):8]	updating block profile statistics[0m
[1;36m[ 3][t 3][2026-09-12 09:03:41.157496808][collator.cpp:6331][!collate(2,8000000000000000):8]	new ShardState and corresponding Merkle update created[0m
[1;36m[ 3][t 3][2026-09-12 09:03:41.157509321][collator.cpp:6571][!collate(2,8000000000000000):8]	Value flow: (value-flow from_prev_blk:21992999405ng to_next_blk:22002995467ng imported:9998691ng exported:0ng fees_collected:2629ng fees_imported:0ng recovered:0ng created:0ng minted:0ng)[0m
[1;36m[ 3][t 3][2026-09-12 09:03:41.157527975][collator.cpp:6669][!collate(2,8000000000000000):8]	verifying new Block[0m
[1;36m[ 3][t 3][2026-09-12 09:03:41.157561620][collator.cpp:6674][!collate(2,8000000000000000):8]	new Block created[0m
[1;36m[ 3][t 3][2026-09-12 09:03:41.157622917][collator.cpp:6890][!collate(2,8000000000000000):8]	serializing new Block[0m
[1;36m[ 3][t 3][2026-09-12 09:03:41.157797652][collator.cpp:6921][!collate(2,8000000000000000):8]	serialized block size 16412 bytes (preliminary estimate was 21995)[0m
[1;36m[ 3][t 3][2026-09-12 09:03:41.157802910][collator.cpp:6924][!collate(2,8000000000000000):8]	size regression stats: 16412 389 107444 441 9 3 3[0m
[1;36m[ 3][t 3][2026-09-12 09:03:41.157806914][collator.cpp:6927][!collate(2,8000000000000000):8]	serialized collated data size 33 bytes (preliminary estimate was 0)[0m
[1;36m[ 3][t 3][2026-09-12 09:03:41.157835241][collator.cpp:6987][!collate(2,8000000000000000):8]	saving new BlockCandidate[0m
[1;33m[ 2][t 4][2026-09-12 09:03:41.169696087][collator.cpp:7026][!collate(2,8000000000000000):8]	sending new BlockCandidate to Promise[0m
[1;33m[ 2][t 4][2026-09-12 09:03:41.169717750][collator.cpp:7027][!collate(2,8000000000000000):8]	collation took 0.034877 s[0m
[1;33m[ 2][t 4][2026-09-12 09:03:41.169728150][collator.cpp:7028][!collate(2,8000000000000000):8]	{{
	{set_block_candidate:154676.772713->154676.784563(0.011849)}
	{do_collate:154676.762428->154676.772729(0.010302)}
	{wait_block_data #0:154676.749739->154676.758427(0.008688)}
	{wait_block_state #0:154676.749737->154676.756551(0.006814)}
	{neighbor_msg_queues:154676.759737->154676.761606(0.001869)}
	{auxiliary wait_block_state 46:154676.761855->154676.762382(0.000527)}
	{post_ext_processing:154676.772217->154676.772726(0.000509)}
	{auxiliary wait_block_state 48:154676.759655->154676.759997(0.000342)}
	{auxiliary wait_block_state 49:154676.761793->154676.762073(0.000280)}
	{wait_block_data #-1:154676.756661->154676.756823(0.000162)}
	{get_top_masterchain_state_block:154676.756553->154676.756659(0.000107)}
	{get_storage_stat_cache:154676.749742->154676.749786(0.000044)[Error : 0 : not implemented]}
}[0m
[1;33m[ 2][t 4][2026-09-12 09:03:41.169758901][collator.cpp:7138][!collate(2,8000000000000000):8]	Collate query work time = 0.011600s, cpu time = 0.008406s[0m
[1;31m[ 1][t 6][2026-09-12 09:03:41.174647771][manager-disk.cpp:269][!manager]	created block [ w=2 s=9223372036854775808 seq=8 Z2Dl0wqGkPmuqktJNea3pzfhRQoLuX+8vhxSJyb9RLs= i7KnGzDVS41z65aeowFuIqTL8oV1ChkILJEY9Yy1t2M= ][0m
[1;33m[ 2][t 6][2026-09-12 09:03:41.175216526][validate-query.cpp:309][!fakevalidate(2,8000000000000000):8#0]	validate query for (2,8000000000000000,8):6760E5D30A8690F9AEAA4B4935E6B7A737E1450A0BB97FBCBE1C522726FD44BB:8BB2A71B30D54B8D73EB969EA3016E22A4CBF285750A19082C9118F58CB5B763 started[0m
[1;33m[ 2][t 7][2026-09-12 09:03:41.175567462][validate-query.cpp:806][!fakevalidate(2,8000000000000000):8#0]	in ValidateQuery::after_get_latest_mc_state()[0m
[1;36m[ 3][t 7][2026-09-12 09:03:41.175623168][validate-query.cpp:904][!fakevalidate(2,8000000000000000):8#0]	after_get_storage_stat_cache : [Error : 0 : not implemented][0m
[1;33m[ 2][t 6][2026-09-12 09:03:41.175746496][validate-query.cpp:924][!fakevalidate(2,8000000000000000):8#0]	in ValidateQuery::after_get_shard_state(0)[0m
[1;33m[ 2][t 6][2026-09-12 09:03:41.175769754][validate-query.cpp:849][!fakevalidate(2,8000000000000000):8#0]	in ValidateQuery::after_get_mc_state() for (-1,8000000000000000,50):3ED439A76A8418A4CB618FE7CA1084C218B0B1B39633EB06DA20FB4611DF6F40:D67E3F5DCDDF6E9BB9E7B561FD63CDE7BC419B0F8ACBE14B6E973176E73723C2[0m
[1;31m[ 1][t 6][2026-09-12 09:03:41.175801204][validate-query.cpp:1022][!fakevalidate(2,8000000000000000):8#0]	block version 16 have been enabled in global configuration, but we support only 15 (upgrade validator software?)[0m
[1;33m[ 2][t 6][2026-09-12 09:03:41.177682906][validate-query.cpp:806][!fakevalidate(2,8000000000000000):8#0]	in ValidateQuery::after_get_latest_mc_state()[0m
[1;33m[ 2][t 6][2026-09-12 09:03:41.177693705][validate-query.cpp:8008][!fakevalidate(2,8000000000000000):8#0]	try_validate stage 0[0m
[1;33m[ 2][t 6][2026-09-12 09:03:41.177861801][validate-query.cpp:1817][!fakevalidate(2,8000000000000000):8#0]	obtained outbound queue for neighbor #3 : (2,8000000000000000)[0m
[1;36m[ 3][t 6][2026-09-12 09:03:41.177871643][validate-query.cpp:1845][!fakevalidate(2,8000000000000000):8#0]	(
  (hme_root
    root:(hm_edge
      label:(hml_long n:96 s:x800000000000000000000030)
      node:(hmn_leaf
        value:(processed_upto last_msg_lt:95000001 last_msg_hash:xFFFFFFFFFFFFFFFFFFFFFFFFFFFFFFFFFFFFFFFFFFFFFFFFFFFFFFFFFFFFFFFF)))))
x{C_}
 x{B04000000000000000000000180000000002D4CAE0FFFFFFFFFFFFFFFFFFFFFFFFFFFFFFFFFFFFFFFFFFFFFFFFFFFFFFFFFFFFFFFFC_}[0m
[1;33m[ 2][t 7][2026-09-12 09:03:41.177967181][validate-query.cpp:1817][!fakevalidate(2,8000000000000000):8#0]	obtained outbound queue for neighbor #0 : (-1,8000000000000000)[0m
[1;36m[ 3][t 7][2026-09-12 09:03:41.177991995][validate-query.cpp:1845][!fakevalidate(2,8000000000000000):8#0]	(
  (hme_root
    root:(hm_edge
      label:(hml_long n:96 s:x800000000000000000000032)
      node:(hmn_leaf
        value:(processed_upto last_msg_lt:97000001 last_msg_hash:xFFFFFFFFFFFFFFFFFFFFFFFFFFFFFFFFFFFFFFFFFFFFFFFFFFFFFFFFFFFFFFFF)))))
x{C_}
 x{B04000000000000000000000190000000002E40D20FFFFFFFFFFFFFFFFFFFFFFFFFFFFFFFFFFFFFFFFFFFFFFFFFFFFFFFFFFFFFFFFC_}[0m
[1;33m[ 2][t 7][2026-09-12 09:03:41.178053457][validate-query.cpp:1817][!fakevalidate(2,8000000000000000):8#0]	obtained outbound queue for neighbor #1 : (0,4000000000000000)[0m
[1;36m[ 3][t 7][2026-09-12 09:03:41.178067586][validate-query.cpp:1845][!fakevalidate(2,8000000000000000):8#0]	(
  (hme_root
    root:(hm_edge
      label:(hml_long n:96 s:x400000000000000000000031)
      node:(hmn_leaf
        value:(processed_upto last_msg_lt:90000002 last_msg_hash:xC8A6334532D6DB9B96AF29253A7194A1250DDF50F0E5EA1F6DF60C8EB443E569)))))
x{C_}
 x{B02000000000000000000000188000000002AEA541645319A2996B6DCDCB5794929D38CA509286EFA87872F50FB6FB06475A21F2B4C_}[0m
[1;33m[ 2][t 7][2026-09-12 09:03:41.178096517][validate-query.cpp:1817][!fakevalidate(2,8000000000000000):8#0]	obtained outbound queue for neighbor #2 : (0,c000000000000000)[0m
[1;36m[ 3][t 7][2026-09-12 09:03:41.178108196][validate-query.cpp:1845][!fakevalidate(2,8000000000000000):8#0]	(
  (hme_root
    root:(hm_edge
      label:(hml_long n:96 s:xC0000000000000000000002E)
      node:(hmn_leaf
        value:(processed_upto last_msg_lt:90000002 last_msg_hash:xC8A6334532D6DB9B96AF29253A7194A1250DDF50F0E5EA1F6DF60C8EB443E569)))))
x{C_}
 x{B06000000000000000000000170000000002AEA541645319A2996B6DCDCB5794929D38CA509286EFA87872F50FB6FB06475A21F2B4C_}[0m
[1;33m[ 2][t 4][2026-09-12 09:03:41.178347279][validate-query.cpp:8048][!fakevalidate(2,8000000000000000):8#0]	try_validate stage 1[0m
[1;36m[ 3][t 4][2026-09-12 09:03:41.178379139][validate-query.cpp:8049][!fakevalidate(2,8000000000000000):8#0]	running automated validity checks for block candidate (2,8000000000000000,8):6760E5D30A8690F9AEAA4B4935E6B7A737E1450A0BB97FBCBE1C522726FD44BB:8BB2A71B30D54B8D73EB969EA3016E22A4CBF285750A19082C9118F58CB5B763[0m
[1;36m[ 3][t 4][2026-09-12 09:03:41.178579220][validate-query.cpp:3223][!fakevalidate(2,8000000000000000):8#0]	pre-checking all Account updates between the old and the new state[0m
[1;36m[ 3][t 4][2026-09-12 09:03:41.178622322][validate-query.cpp:3416][!fakevalidate(2,8000000000000000):8#0]	pre-checking all AccountBlocks, and all transactions of all accounts[0m
[1;36m[ 3][t 4][2026-09-12 09:03:41.178706250][validate-query.cpp:3728][!fakevalidate(2,8000000000000000):8#0]	pre-checking the difference between the old and the new outbound message queues[0m
[1;36m[ 3][t 4][2026-09-12 09:03:41.178719243][validate-query.cpp:3749][!fakevalidate(2,8000000000000000):8#0]	outbound message queue size: 2 -> 2[0m
[1;36m[ 3][t 4][2026-09-12 09:03:41.178725743][validate-query.cpp:3892][!fakevalidate(2,8000000000000000):8#0]	checking the difference between the old and the new dispatch queues[0m
[1;36m[ 3][t 4][2026-09-12 09:03:41.178731814][validate-query.cpp:4650][!fakevalidate(2,8000000000000000):8#0]	checking inbound messages listed in InMsgDescr[0m
[1;36m[ 3][t 4][2026-09-12 09:03:41.178800946][validate-query.cpp:5323][!fakevalidate(2,8000000000000000):8#0]	checking outbound messages listed in OutMsgDescr[0m
[1;36m[ 3][t 4][2026-09-12 09:03:41.178808810][validate-query.cpp:5347][!fakevalidate(2,8000000000000000):8#0]	checking ProcessedInfo[0m
[1;36m[ 3][t 4][2026-09-12 09:03:41.178814060][validate-query.cpp:5384][!fakevalidate(2,8000000000000000):8#0]	ProcessedInfo claims to have processed all inbound messages up to (98000002,5E77DFCC66EC9809EA6E8DDC2F7B2DE1789C357BCABEC8BA11D55F69CDF438F3)[0m
[1;36m[ 3][t 4][2026-09-12 09:03:41.178839627][validate-query.cpp:6750][!fakevalidate(2,8000000000000000):8#0]	checking all transactions[0m
[1;36m[ 3][t 4][2026-09-12 09:03:41.181672336][workchain-failed-funded.h:154][!fakevalidate(2,8000000000000000):8#0]	WORKCHAIN_RETURN_CALLEE window_return inbound=5E77DFCC66EC9809EA6E8DDC2F7B2DE1789C357BCABEC8BA11D55F69CDF438F3[0m
[1;33m[ 2][t 4][2026-09-12 09:03:41.183462237][validate-query.cpp:8167][!fakevalidate(2,8000000000000000):8#0]	try_validate stage 2[0m
[1;36m[ 3][t 4][2026-09-12 09:03:41.183527388][validate-query.cpp:7210][!fakevalidate(2,8000000000000000):8#0]	checking header of the new shardchain state[0m
[1;33m[ 2][t 4][2026-09-12 09:03:41.183650860][validate-query.cpp:8264][!fakevalidate(2,8000000000000000):8#0]	validation took 0.008444s[0m
[1;33m[ 2][t 4][2026-09-12 09:03:41.183657280][validate-query.cpp:8265][!fakevalidate(2,8000000000000000):8#0]	Validate query work time = 0.005374s, cpu time = 0.003609s[0m
[1;33m[ 2][t 4][2026-09-12 09:03:41.183661863][validate-query.cpp:8267][!fakevalidate(2,8000000000000000):8#0]	{{
	{get_top_masterchain_state_block:154676.790102->154676.790439(0.000337)}
	{wait_block_message_queue #2:154676.792677->154676.792970(0.000293)}
	{wait_block_message_queue #1:154676.792676->154676.792927(0.000250)}
	{auxiliary wait_block_state 49:154676.792967->154676.793215(0.000248)}
	{auxiliary wait_block_state 48:154676.792705->154676.792912(0.000208)}
	{wait_block_state #0:154676.790413->154676.790620(0.000207)}
	{auxiliary wait_block_state 46:154676.793026->154676.793198(0.000172)}
	{wait_block_message_queue #0:154676.792674->154676.792840(0.000167)}
	{mc wait_block_state:154676.790485->154676.790643(0.000157)}
	{get_storage_stat_cache:154676.790418->154676.790496(0.000078)[Error : 0 : not implemented]}
	{set_block_candidate:154676.798415->154676.798487(0.000072)}
	{get_block_handle:154676.790417->154676.790485(0.000068)}
	{get_top_masterchain_state_block:154676.792549->154676.792556(0.000007)}
}[0m
[1;33m[ 2][t 4][2026-09-12 09:03:41.183693436][validate-query.cpp:289][!fakevalidate(2,8000000000000000):8#0]	validate query done[0m
[1;36m[ 3][t 6][2026-09-12 09:03:41.197539541][test-tos-collator.cpp:465][!manager]	Saving newly-generated ShardTopBlockDescr for (2,8000000000000000,8):6760E5D30A8690F9AEAA4B4935E6B7A737E1450A0BB97FBCBE1C522726FD44BB:8BB2A71B30D54B8D73EB969EA3016E22A4CBF285750A19082C9118F58CB5B763 into file /tmp/uno-completion-window-within-waoo1euk/enabled-top1.boc[0m
[1;31m[ 1][t 6][2026-09-12 09:03:41.197701458][manager-disk.cpp:399][!manager]	success, block [ w=2 s=9223372036854775808 seq=8 Z2Dl0wqGkPmuqktJNea3pzfhRQoLuX+8vhxSJyb9RLs= i7KnGzDVS41z65aeowFuIqTL8oV1ChkILJEY9Yy1t2M= ] = (2,8000000000000000,8):6760E5D30A8690F9AEAA4B4935E6B7A737E1450A0BB97FBCBE1C522726FD44BB:8BB2A71B30D54B8D73EB969EA3016E22A4CBF285750A19082C9118F58CB5B763 saved to disk[0m
[0m[ 4][t 0][2026-09-12 09:03:41.209103504][mc-config.cpp:572]	workchain description dictionary created[0m
[0m[ 4][t 0][2026-09-12 09:03:41.209122275][mc-config.cpp:2347]	unpacked info for workchain 0: basic=true, active=true, accept_msgs=true, min_split=1, max_split=1[0m
[0m[ 4][t 0][2026-09-12 09:03:41.209131361][mc-config.cpp:2347]	unpacked info for workchain 2: basic=true, active=true, accept_msgs=true, min_split=0, max_split=0[0m
[0m[ 4][t 0][2026-09-12 09:03:41.209170003][transaction.cpp:622]	unpacking account 0000000000000000000000000000000000000000000000000000000000000000[0m
[0m[ 4][t 0][2026-09-12 09:03:41.209186191][transaction.cpp:455]	last_paid=0; cells=6 bits=966[0m
[0m[ 4][t 0][2026-09-12 09:03:41.209196167][transaction.cpp:685]	end of Account.unpack() for 2:0000000000000000000000000000000000000000000000000000000000000000 (balance = 21006000750ng ; last_trans_lt = 100000001..100000002)[0m
[0m[ 4][t 0][2026-09-12 09:03:41.209222302][transaction.cpp:622]	unpacking account FFFFFFFFFFFFFFFFFFFFFFFFFFFFFFFFFFFFFFFFFFFFFFFFFFFFFFFFFFFFFFFF[0m
[0m[ 4][t 0][2026-09-12 09:03:41.209228408][transaction.cpp:455]	last_paid=0; cells=3 bits=124[0m
[0m[ 4][t 0][2026-09-12 09:03:41.209233251][transaction.cpp:685]	end of Account.unpack() for 2:FFFFFFFFFFFFFFFFFFFFFFFFFFFFFFFFFFFFFFFFFFFFFFFFFFFFFFFFFFFFFFFF (balance = 996994717ng ; last_trans_lt = 100000001..100000002)[0m
[0m[ 4][t 0][2026-09-12 09:03:41.209317616][mc-config.cpp:572]	workchain description dictionary created[0m
[0m[ 4][t 0][2026-09-12 09:03:41.209323856][mc-config.cpp:2347]	unpacked info for workchain 0: basic=true, active=true, accept_msgs=true, min_split=1, max_split=1[0m
[0m[ 4][t 0][2026-09-12 09:03:41.209327869][mc-config.cpp:2347]	unpacked info for workchain 2: basic=true, active=true, accept_msgs=true, min_split=0, max_split=0[0m
[0m[ 4][t 0][2026-09-12 09:03:41.209350649][transaction.cpp:622]	unpacking account 1111111111111111111111111111111111111111111111111111111111111111[0m
[0m[ 4][t 0][2026-09-12 09:03:41.209356651][transaction.cpp:455]	last_paid=0; cells=25 bits=8140[0m
[0m[ 4][t 0][2026-09-12 09:03:41.209363146][transaction.cpp:685]	end of Account.unpack() for 2:1111111111111111111111111111111111111111111111111111111111111111 (balance = 0ng ; last_trans_lt = 100000001..100000002)[0m
[0m[ 4][t 0][2026-09-12 09:03:44.083848349][transaction.cpp:622]	unpacking account 2222222222222222222222222222222222222222222222222222222222222222[0m
[0m[ 4][t 0][2026-09-12 09:03:44.083874677][transaction.cpp:455]	last_paid=0; cells=10 bits=3308[0m
[0m[ 4][t 0][2026-09-12 09:03:44.083880806][transaction.cpp:685]	end of Account.unpack() for 2:2222222222222222222222222222222222222222222222222222222222222222 (balance = 0ng ; last_trans_lt = 8000001..8000002)[0m
[0m[ 4][t 0][2026-09-12 09:03:45.116358870][transaction.cpp:622]	unpacking account 1111111111111111111111111111111111111111111111111111111111111111[0m
[0m[ 4][t 0][2026-09-12 09:03:45.116375742][transaction.cpp:455]	last_paid=0; cells=25 bits=8140[0m
[0m[ 4][t 0][2026-09-12 09:03:45.116379941][transaction.cpp:685]	end of Account.unpack() for 2:1111111111111111111111111111111111111111111111111111111111111111 (balance = 0ng ; last_trans_lt = 100000001..100000002)[0m
[0m[ 4][t 0][2026-09-12 09:03:45.116519359][transaction.cpp:622]	unpacking account 2222222222222222222222222222222222222222222222222222222222222222[0m
[0m[ 4][t 0][2026-09-12 09:03:45.116523037][transaction.cpp:455]	last_paid=0; cells=10 bits=3308[0m
[0m[ 4][t 0][2026-09-12 09:03:45.116525491][transaction.cpp:685]	end of Account.unpack() for 2:2222222222222222222222222222222222222222222222222222222222222222 (balance = 0ng ; last_trans_lt = 8000001..8000002)[0m
[0m[ 4][t 0][2026-09-12 09:03:45.119467842][transaction.cpp:622]	unpacking account 0000000000000000000000000000000000000000000000000000000000000000[0m
[0m[ 4][t 0][2026-09-12 09:03:45.119487837][transaction.cpp:455]	last_paid=0; cells=6 bits=966[0m
[0m[ 4][t 0][2026-09-12 09:03:45.119493248][transaction.cpp:685]	end of Account.unpack() for 2:0000000000000000000000000000000000000000000000000000000000000000 (balance = 21006000750ng ; last_trans_lt = 100000001..100000002)[0m
[0m[ 4][t 0][2026-09-12 09:03:45.119580648][mc-config.cpp:572]	workchain description dictionary created[0m
[0m[ 4][t 0][2026-09-12 09:03:45.119586205][mc-config.cpp:2347]	unpacked info for workchain 0: basic=true, active=true, accept_msgs=true, min_split=1, max_split=1[0m
[0m[ 4][t 0][2026-09-12 09:03:45.119589286][mc-config.cpp:2347]	unpacked info for workchain 2: basic=true, active=true, accept_msgs=true, min_split=0, max_split=0[0m
[0m[ 4][t 0][2026-09-12 09:03:45.119614669][transaction.cpp:622]	unpacking account 1111111111111111111111111111111111111111111111111111111111111111[0m
[0m[ 4][t 0][2026-09-12 09:03:45.119620176][transaction.cpp:455]	last_paid=0; cells=24 bits=7202[0m
[0m[ 4][t 0][2026-09-12 09:03:45.119623606][transaction.cpp:685]	end of Account.unpack() for 2:1111111111111111111111111111111111111111111111111111111111111111 (balance = 0ng ; last_trans_lt = 96000001..96000002)[0m
[0m[ 4][t 0][2026-09-12 09:03:45.119711462][transaction.cpp:622]	unpacking account 1111111111111111111111111111111111111111111111111111111111111111[0m
[0m[ 4][t 0][2026-09-12 09:03:45.119715903][transaction.cpp:455]	last_paid=0; cells=25 bits=8140[0m
[0m[ 4][t 0][2026-09-12 09:03:45.119718474][transaction.cpp:685]	end of Account.unpack() for 2:1111111111111111111111111111111111111111111111111111111111111111 (balance = 0ng ; last_trans_lt = 100000001..100000002)[0m
[0m[ 4][t 0][2026-09-12 09:03:45.119849079][transaction.cpp:622]	unpacking account 0000000000000000000000000000000000000000000000000000000000000000[0m
[0m[ 4][t 0][2026-09-12 09:03:45.119853424][transaction.cpp:455]	last_paid=0; cells=6 bits=966[0m
[0m[ 4][t 0][2026-09-12 09:03:45.119856156][transaction.cpp:685]	end of Account.unpack() for 2:0000000000000000000000000000000000000000000000000000000000000000 (balance = 21003000750ng ; last_trans_lt = 96000001..96000002)[0m
[0m[ 4][t 0][2026-09-12 09:03:45.119861410][transaction.cpp:622]	unpacking account 0000000000000000000000000000000000000000000000000000000000000000[0m
[0m[ 4][t 0][2026-09-12 09:03:45.119864114][transaction.cpp:455]	last_paid=0; cells=6 bits=966[0m
[0m[ 4][t 0][2026-09-12 09:03:45.119866423][transaction.cpp:685]	end of Account.unpack() for 2:0000000000000000000000000000000000000000000000000000000000000000 (balance = 21006000750ng ; last_trans_lt = 100000001..100000002)[0m
[0m[ 4][t 0][2026-09-12 09:03:45.119921789][mc-config.cpp:572]	workchain description dictionary created[0m
[0m[ 4][t 0][2026-09-12 09:03:45.119925562][mc-config.cpp:2347]	unpacked info for workchain 0: basic=true, active=true, accept_msgs=true, min_split=1, max_split=1[0m
[0m[ 4][t 0][2026-09-12 09:03:45.119928107][mc-config.cpp:2347]	unpacked info for workchain 2: basic=true, active=true, accept_msgs=true, min_split=0, max_split=0[0m
[0m[ 4][t 0][2026-09-12 09:03:46.101979648][transaction.cpp:622]	unpacking account FFFFFFFFFFFFFFFFFFFFFFFFFFFFFFFFFFFFFFFFFFFFFFFFFFFFFFFFFFFFFFFF[0m
[0m[ 4][t 0][2026-09-12 09:03:46.101993573][transaction.cpp:455]	last_paid=0; cells=3 bits=124[0m
[0m[ 4][t 0][2026-09-12 09:03:46.101997477][transaction.cpp:685]	end of Account.unpack() for 2:FFFFFFFFFFFFFFFFFFFFFFFFFFFFFFFFFFFFFFFFFFFFFFFFFFFFFFFFFFFFFFFF (balance = 989998655ng ; last_trans_lt = 96000001..96000003)[0m
[0m[ 4][t 0][2026-09-12 09:03:46.102005439][transaction.cpp:622]	unpacking account FFFFFFFFFFFFFFFFFFFFFFFFFFFFFFFFFFFFFFFFFFFFFFFFFFFFFFFFFFFFFFFF[0m
[0m[ 4][t 0][2026-09-12 09:03:46.102008732][transaction.cpp:455]	last_paid=0; cells=3 bits=124[0m
[0m[ 4][t 0][2026-09-12 09:03:46.102011303][transaction.cpp:685]	end of Account.unpack() for 2:FFFFFFFFFFFFFFFFFFFFFFFFFFFFFFFFFFFFFFFFFFFFFFFFFFFFFFFFFFFFFFFF (balance = 996994717ng ; last_trans_lt = 100000001..100000002)[0m
[0m[ 4][t 0][2026-09-12 09:03:46.102015853][transaction.cpp:622]	unpacking account 0000000000000000000000000000000000000000000000000000000000000000[0m
[0m[ 4][t 0][2026-09-12 09:03:46.102018695][transaction.cpp:455]	last_paid=0; cells=6 bits=966[0m
[0m[ 4][t 0][2026-09-12 09:03:46.102021098][transaction.cpp:685]	end of Account.unpack() for 2:0000000000000000000000000000000000000000000000000000000000000000 (balance = 21003000750ng ; last_trans_lt = 96000001..96000002)[0m
[0m[ 4][t 0][2026-09-12 09:03:46.102026379][transaction.cpp:622]	unpacking account FFFFFFFFFFFFFFFFFFFFFFFFFFFFFFFFFFFFFFFFFFFFFFFFFFFFFFFFFFFFFFFF[0m
[0m[ 4][t 0][2026-09-12 09:03:46.102029131][transaction.cpp:455]	last_paid=0; cells=3 bits=124[0m
[0m[ 4][t 0][2026-09-12 09:03:46.102031508][transaction.cpp:685]	end of Account.unpack() for 2:FFFFFFFFFFFFFFFFFFFFFFFFFFFFFFFFFFFFFFFFFFFFFFFFFFFFFFFFFFFFFFFF (balance = 996994717ng ; last_trans_lt = 100000001..100000002)[0m
[0m[ 4][t 0][2026-09-12 09:03:46.102040359][transaction.cpp:622]	unpacking account 0000000000000000000000000000000000000000000000000000000000000000[0m
[0m[ 4][t 0][2026-09-12 09:03:46.102043306][transaction.cpp:455]	last_paid=0; cells=6 bits=966[0m
[0m[ 4][t 0][2026-09-12 09:03:46.102045671][transaction.cpp:685]	end of Account.unpack() for 2:0000000000000000000000000000000000000000000000000000000000000000 (balance = 21006000750ng ; last_trans_lt = 100000001..100000002)[0m
