[1;36m[ 3][t 1][2026-09-10 00:52:44.642847298][test-tos-collator.cpp:331][!testnode]	no init block in config. using zero state[0m
[1;36m[ 3][t 1][2026-09-10 00:52:44.643230563][test-tos-collator.cpp:356][!testnode]	Hardforks num in config: 0[0m
[1;36m[ 3][t 7][2026-09-10 00:52:44.644922199][manager-init.cpp:333][!starter]	Starting validator manager[0m
[1;36m[ 3][t 5][2026-09-10 00:52:44.655801795][manager-init.cpp:344][!starter]	init_block_id = (-1,8000000000000000,1):D6A8BCA1420DB806FFEF686654F3DB81A03C41713358186043DBEE8F5A7D0233:ED079DAE909795FD8CA7738E659D0B7F76CFB094904EECE01431970FDEF7F91C[0m
[1;36m[ 3][t 5][2026-09-10 00:52:44.655829957][manager-init.cpp:345][!starter]	config init_block_id = (-1,8000000000000000,0):F013DDBDC19BE41EA26A29197E59B5775260E043BD5B25CF68A9BF6131EEED7C:5CB8EF6AC032549E34E782932ED08DE9ACD07BD3851EFE38556F22FF2D940C56[0m
[1;33m[ 2][t 4][2026-09-10 00:52:44.657189953][celldb.cpp:371][!celldbin]	Using V1 DynamicBagOfCells with options V1{}[0m
[1;31m[ 1][t 6][2026-09-10 00:52:44.665373937][archive-manager.cpp:1045][!archive]	checking file /tmp/uno-routing-call-control/run/unserved/db/archive/states/zerostate_-1_255ABD1607B02747838CCF77842CC1A3DBA17AFB8344ECB82E1CE0DA8FB890A0[0m
[1;36m[ 3][t 4][2026-09-10 00:52:44.666401949][celldb.cpp:251][!celldbin]	Validating metadata[0m
[1;36m[ 3][t 4][2026-09-10 00:52:44.666538386][celldb.cpp:307][!celldbin]	Validating metadata: OK[0m
[1;36m[ 3][t 6][2026-09-10 00:52:44.672419392][manager-init.cpp:384][!starter]	gc_block_id = (-1,8000000000000000,0):F013DDBDC19BE41EA26A29197E59B5775260E043BD5B25CF68A9BF6131EEED7C:5CB8EF6AC032549E34E782932ED08DE9ACD07BD3851EFE38556F22FF2D940C56[0m
[1;36m[ 3][t 6][2026-09-10 00:52:44.672596797][manager-init.cpp:434][!starter]	Starting shard client[0m
[1;36m[ 3][t 1][2026-09-10 00:52:44.672666087][manager-init.cpp:438][!starter]	Started shard client[0m
[1;36m[ 3][t 7][2026-09-10 00:52:44.672706317][manager-init.cpp:448][!starter]	Last key block is (-1,8000000000000000,0):F013DDBDC19BE41EA26A29197E59B5775260E043BD5B25CF68A9BF6131EEED7C:5CB8EF6AC032549E34E782932ED08DE9ACD07BD3851EFE38556F22FF2D940C56[0m
[1;31m[ 1][t 6][2026-09-10 00:52:44.673508254][manager-disk.cpp:291][!manager]	running collate query[0m
[1;33m[ 2][t 6][2026-09-10 00:52:44.673551859][collator.cpp:145][!collate(0,8000000000000000):1]	Collator for shard (0,8000000000000000) started[0m
[1;36m[ 3][t 6][2026-09-10 00:52:44.673586859][collator.cpp:846][!collate(0,8000000000000000):1]	after_get_storage_stat_cache : [Error : 0 : not implemented][0m
[1;33m[ 2][t 6][2026-09-10 00:52:44.687089954][collator.cpp:669][!collate(0,8000000000000000):1]	in Collator::after_get_shard_state(0)[0m
[1;33m[ 2][t 6][2026-09-10 00:52:44.687476691][collator.cpp:631][!collate(0,8000000000000000):1]	in Collator::after_get_mc_state()[0m
[1;33m[ 2][t 6][2026-09-10 00:52:44.687686608][collator.cpp:2086][!collate(0,8000000000000000):1]	running do_preinit()[0m
[1;36m[ 3][t 6][2026-09-10 00:52:44.687697905][collator.cpp:1779][!collate(0,8000000000000000):1]	unpacking most recent masterchain state[0m
[1;31m[ 1][t 6][2026-09-10 00:52:44.687782822][collator.cpp:928][!collate(0,8000000000000000):1]	block version 16 have been enabled in global configuration, but we support only 15 (upgrade validator software?)[0m
[1;36m[ 3][t 6][2026-09-10 00:52:44.687899351][collator.cpp:2266][!collate(0,8000000000000000):1]	start_lt set to 2000000[0m
[1;33m[ 2][t 4][2026-09-10 00:52:44.688122885][collator.cpp:1169][!collate(0,8000000000000000):1]	got outbound queue size from prev block #0: 0[0m
[1;36m[ 3][t 4][2026-09-10 00:52:44.688217446][out-msg-queue-proof.cpp:437][!disk-outmsgqueueimporter]	Done importing neighbor msg queues for shard (0,8000000000000000) from (-1,8000000000000000,1) in 0.000282s sources{ local=1} cache_size=1[0m
[1;36m[ 3][t 4][2026-09-10 00:52:44.688239548][collator.cpp:1047][!collate(0,8000000000000000):1]	neighbor output queues fetched, took 0.000312s[0m
[1;33m[ 2][t 4][2026-09-10 00:52:44.688282401][collator.cpp:1103][!collate(0,8000000000000000):1]	obtained outbound queue for neighbor #0((-1,8000000000000000))[0m
[1;33m[ 2][t 4][2026-09-10 00:52:44.688310841][collator.cpp:1103][!collate(0,8000000000000000):1]	obtained outbound queue for neighbor #1((0,8000000000000000))[0m
[1;33m[ 2][t 4][2026-09-10 00:52:44.688328058][collator.cpp:2439][!collate(0,8000000000000000):1]	do_collate() : start[0m
[1;36m[ 3][t 4][2026-09-10 00:52:44.689039449][collator.cpp:2673][!collate(0,8000000000000000):1]	cleaning outbound queue from messages already imported by neighbors[0m
[1;33m[ 2][t 4][2026-09-10 00:52:44.689050340][collator.cpp:2840][!collate(0,8000000000000000):1]	deleted 0 messages from out_msg_queue, remaining queue size is 0[0m
[1;36m[ 3][t 4][2026-09-10 00:52:44.689064388][collator.cpp:2527][!collate(0,8000000000000000):1]	process dispatch queue[0m
[1;36m[ 3][t 4][2026-09-10 00:52:44.689073306][collator.cpp:2532][!collate(0,8000000000000000):1]	create tick transactions[0m
[1;36m[ 3][t 4][2026-09-10 00:52:44.689082939][collator.cpp:2553][!collate(0,8000000000000000):1]	process inbound internal messages[0m
[1;36m[ 3][t 4][2026-09-10 00:52:44.689088300][collator.cpp:4498][!collate(0,8000000000000000):1]	process inbound external messages[0m
[1;36m[ 3][t 4][2026-09-10 00:52:44.689198839][transaction.cpp:2524][!collate(0,8000000000000000):1]	steps: 12 gas: used=1335, max=1000000, limit=1000000, credit=0[0m
[1;36m[ 3][t 4][2026-09-10 00:52:44.689204376][transaction.cpp:2526][!collate(0,8000000000000000):1]	out_of_gas=false, accepted=true, success=true, time=0.000020s, cpu_time=0.000020[0m
[1;36m[ 3][t 4][2026-09-10 00:52:44.689330037][collator.cpp:4506][!collate(0,8000000000000000):1]	process newly-generated messages[0m
[1;36m[ 3][t 4][2026-09-10 00:52:44.689356249][collator.cpp:4511][!collate(0,8000000000000000):1]	Don't wait for new external messages[0m
[1;36m[ 3][t 4][2026-09-10 00:52:44.689362248][collator.cpp:2575][!collate(0,8000000000000000):1]	create tock transactions[0m
[1;36m[ 3][t 4][2026-09-10 00:52:44.689365666][collator.cpp:2580][!collate(0,8000000000000000):1]	enqueue newly-generated messages[0m
[1;36m[ 3][t 4][2026-09-10 00:52:44.689370393][collator.cpp:5778][!collate(0,8000000000000000):1]	final out_msg_queue size is 1[0m
[1;36m[ 3][t 4][2026-09-10 00:52:44.689374280][collator.cpp:5782][!collate(0,8000000000000000):1]	block load statistics: gas=1335 lt_delta=3 size_estimate=3002 collated_size_estimate=0[0m
[1;36m[ 3][t 4][2026-09-10 00:52:44.689378929][collator.cpp:5822][!collate(0,8000000000000000):1]	block is underloaded[0m
[1;36m[ 3][t 4][2026-09-10 00:52:44.689435161][collator.cpp:6155][!collate(0,8000000000000000):1]	creating Merkle update for the ShardState[0m
[1;36m[ 3][t 4][2026-09-10 00:52:44.689469608][collator.cpp:6168][!collate(0,8000000000000000):1]	updating block profile statistics[0m
[1;36m[ 3][t 4][2026-09-10 00:52:44.689475145][collator.cpp:6170][!collate(0,8000000000000000):1]	new ShardState and corresponding Merkle update created[0m
[1;36m[ 3][t 4][2026-09-10 00:52:44.689485953][collator.cpp:6410][!collate(0,8000000000000000):1]	Value flow: (value-flow from_prev_blk:1000000000000ng to_next_blk:999999986350ng imported:0ng exported:167ng fees_collected:13483ng fees_imported:0ng recovered:0ng created:0ng minted:0ng)[0m
[1;36m[ 3][t 4][2026-09-10 00:52:44.689509275][collator.cpp:6508][!collate(0,8000000000000000):1]	verifying new Block[0m
[1;36m[ 3][t 4][2026-09-10 00:52:44.689537858][collator.cpp:6513][!collate(0,8000000000000000):1]	new Block created[0m
[1;36m[ 3][t 4][2026-09-10 00:52:44.689566215][collator.cpp:6729][!collate(0,8000000000000000):1]	serializing new Block[0m
[1;36m[ 3][t 4][2026-09-10 00:52:44.689602854][collator.cpp:6760][!collate(0,8000000000000000):1]	serialized block size 1991 bytes (preliminary estimate was 3002)[0m
[1;36m[ 3][t 4][2026-09-10 00:52:44.689607908][collator.cpp:6763][!collate(0,8000000000000000):1]	size regression stats: 1991 22 8144 28 2 1 1[0m
[1;36m[ 3][t 4][2026-09-10 00:52:44.689611606][collator.cpp:6766][!collate(0,8000000000000000):1]	serialized collated data size 33 bytes (preliminary estimate was 0)[0m
[1;36m[ 3][t 4][2026-09-10 00:52:44.689621904][collator.cpp:6826][!collate(0,8000000000000000):1]	saving new BlockCandidate[0m
[1;33m[ 2][t 4][2026-09-10 00:52:44.692100025][collator.cpp:6865][!collate(0,8000000000000000):1]	sending new BlockCandidate to Promise[0m
[1;33m[ 2][t 4][2026-09-10 00:52:44.692107613][collator.cpp:6866][!collate(0,8000000000000000):1]	collation took 0.018563 s[0m
[1;33m[ 2][t 4][2026-09-10 00:52:44.692115425][collator.cpp:6867][!collate(0,8000000000000000):1]	{{
	{wait_block_state #0:153450.295655->153450.309221(0.013566)}
	{set_block_candidate:153450.311716->153450.314190(0.002473)}
	{do_collate:153450.310416->153450.311727(0.001311)}
	{get_top_masterchain_state_block:153450.309224->153450.309573(0.000349)}
	{neighbor_msg_queues:153450.310017->153450.310330(0.000312)}
	{post_ext_processing:153450.311460->153450.311721(0.000260)}
	{wait_block_data #-1:153450.309584->153450.309774(0.000190)}
	{get_storage_stat_cache:153450.295660->153450.295677(0.000016)[Error : 0 : not implemented]}
}[0m
[1;33m[ 2][t 4][2026-09-10 00:52:44.692139324][collator.cpp:6978][!collate(0,8000000000000000):1]	Collate query work time = 0.001536s, cpu time = 0.001534s[0m
[1;31m[ 1][t 7][2026-09-10 00:52:44.697415797][manager-disk.cpp:264][!manager]	created block [ w=0 s=9223372036854775808 seq=1 +7fJZ4S7fcQJKGknAyycwGCBguzSSHMhDlNzuOHJdw4= nfQonbHrRKiP7f1SMCtRK0TP8jwZbiKaLzrK52obJm4= ][0m
[1;33m[ 2][t 7][2026-09-10 00:52:44.697452081][validate-query.cpp:289][!fakevalidate(0,8000000000000000):1#0]	validate query for (0,8000000000000000,1):FBB7C96784BB7DC409286927032C9CC0608182ECD24873210E5373B8E1C9770E:9DF4289DB1EB44A88FEDFD52302B512B44CFF23C196E229A2F3ACAE76A1B266E started[0m
[1;33m[ 2][t 7][2026-09-10 00:52:44.697527052][validate-query.cpp:786][!fakevalidate(0,8000000000000000):1#0]	in ValidateQuery::after_get_latest_mc_state()[0m
[1;36m[ 3][t 7][2026-09-10 00:52:44.697538695][validate-query.cpp:884][!fakevalidate(0,8000000000000000):1#0]	after_get_storage_stat_cache : [Error : 0 : not implemented][0m
[1;33m[ 2][t 1][2026-09-10 00:52:44.697669360][validate-query.cpp:829][!fakevalidate(0,8000000000000000):1#0]	in ValidateQuery::after_get_mc_state() for (-1,8000000000000000,1):D6A8BCA1420DB806FFEF686654F3DB81A03C41713358186043DBEE8F5A7D0233:ED079DAE909795FD8CA7738E659D0B7F76CFB094904EECE01431970FDEF7F91C[0m
[1;31m[ 1][t 1][2026-09-10 00:52:44.697729337][validate-query.cpp:1002][!fakevalidate(0,8000000000000000):1#0]	block version 16 have been enabled in global configuration, but we support only 15 (upgrade validator software?)[0m
[1;33m[ 2][t 7][2026-09-10 00:52:44.698242775][validate-query.cpp:904][!fakevalidate(0,8000000000000000):1#0]	in ValidateQuery::after_get_shard_state(0)[0m
[1;33m[ 2][t 7][2026-09-10 00:52:44.698249488][validate-query.cpp:786][!fakevalidate(0,8000000000000000):1#0]	in ValidateQuery::after_get_latest_mc_state()[0m
[1;33m[ 2][t 7][2026-09-10 00:52:44.698255192][validate-query.cpp:7761][!fakevalidate(0,8000000000000000):1#0]	try_validate stage 0[0m
[1;33m[ 2][t 7][2026-09-10 00:52:44.698409141][validate-query.cpp:1794][!fakevalidate(0,8000000000000000):1#0]	obtained outbound queue for neighbor #1 : (0,8000000000000000)[0m
[1;36m[ 3][t 7][2026-09-10 00:52:44.698416678][validate-query.cpp:1822][!fakevalidate(0,8000000000000000):1#0]	(
  hme_empty)
x{4_}[0m
[1;33m[ 2][t 5][2026-09-10 00:52:44.698471315][validate-query.cpp:1794][!fakevalidate(0,8000000000000000):1#0]	obtained outbound queue for neighbor #0 : (-1,8000000000000000)[0m
[1;36m[ 3][t 5][2026-09-10 00:52:44.698518902][validate-query.cpp:1822][!fakevalidate(0,8000000000000000):1#0]	(
  hme_empty)
x{4_}[0m
[1;36m[ 3][t 5][2026-09-10 00:52:44.698539757][validate-query.cpp:1845][!fakevalidate(0,8000000000000000):1#0]	all neighbor output queues fetched[0m
[1;33m[ 2][t 5][2026-09-10 00:52:44.698553261][validate-query.cpp:7801][!fakevalidate(0,8000000000000000):1#0]	try_validate stage 1[0m
[1;36m[ 3][t 5][2026-09-10 00:52:44.698563076][validate-query.cpp:7802][!fakevalidate(0,8000000000000000):1#0]	running automated validity checks for block candidate (0,8000000000000000,1):FBB7C96784BB7DC409286927032C9CC0608182ECD24873210E5373B8E1C9770E:9DF4289DB1EB44A88FEDFD52302B512B44CFF23C196E229A2F3ACAE76A1B266E[0m
[1;36m[ 3][t 5][2026-09-10 00:52:44.698815255][validate-query.cpp:3200][!fakevalidate(0,8000000000000000):1#0]	pre-checking all Account updates between the old and the new state[0m
[1;36m[ 3][t 5][2026-09-10 00:52:44.698862610][validate-query.cpp:3393][!fakevalidate(0,8000000000000000):1#0]	pre-checking all AccountBlocks, and all transactions of all accounts[0m
[1;36m[ 3][t 5][2026-09-10 00:52:44.698965491][validate-query.cpp:3652][!fakevalidate(0,8000000000000000):1#0]	pre-checking the difference between the old and the new outbound message queues[0m
[1;36m[ 3][t 5][2026-09-10 00:52:44.699006480][validate-query.cpp:3673][!fakevalidate(0,8000000000000000):1#0]	outbound message queue size: 0 -> 1[0m
[1;36m[ 3][t 5][2026-09-10 00:52:44.699018802][validate-query.cpp:3816][!fakevalidate(0,8000000000000000):1#0]	checking the difference between the old and the new dispatch queues[0m
[1;36m[ 3][t 5][2026-09-10 00:52:44.699042501][validate-query.cpp:4574][!fakevalidate(0,8000000000000000):1#0]	checking inbound messages listed in InMsgDescr[0m
[1;36m[ 3][t 5][2026-09-10 00:52:44.699077961][validate-query.cpp:5247][!fakevalidate(0,8000000000000000):1#0]	checking outbound messages listed in OutMsgDescr[0m
[1;36m[ 3][t 5][2026-09-10 00:52:44.699130308][validate-query.cpp:5271][!fakevalidate(0,8000000000000000):1#0]	checking ProcessedInfo[0m
[1;36m[ 3][t 5][2026-09-10 00:52:44.699140798][validate-query.cpp:5308][!fakevalidate(0,8000000000000000):1#0]	ProcessedInfo claims to have processed all inbound messages up to (1000001,FFFFFFFFFFFFFFFFFFFFFFFFFFFFFFFFFFFFFFFFFFFFFFFFFFFFFFFFFFFFFFFF)[0m
[1;36m[ 3][t 5][2026-09-10 00:52:44.699161292][validate-query.cpp:6511][!fakevalidate(0,8000000000000000):1#0]	checking all transactions[0m
[1;36m[ 3][t 5][2026-09-10 00:52:44.699368300][transaction.cpp:2524][!fakevalidate(0,8000000000000000):1#0]	steps: 12 gas: used=1335, max=1000000, limit=1000000, credit=0[0m
[1;36m[ 3][t 5][2026-09-10 00:52:44.699380604][transaction.cpp:2526][!fakevalidate(0,8000000000000000):1#0]	out_of_gas=false, accepted=true, success=true, time=0.000060s, cpu_time=0.000061[0m
[1;33m[ 2][t 5][2026-09-10 00:52:44.699593451][validate-query.cpp:7920][!fakevalidate(0,8000000000000000):1#0]	try_validate stage 2[0m
[1;36m[ 3][t 5][2026-09-10 00:52:44.699682597][validate-query.cpp:6963][!fakevalidate(0,8000000000000000):1#0]	checking header of the new shardchain state[0m
[1;33m[ 2][t 5][2026-09-10 00:52:44.699866274][validate-query.cpp:8017][!fakevalidate(0,8000000000000000):1#0]	validation took 0.002423s[0m
[1;33m[ 2][t 5][2026-09-10 00:52:44.699878740][validate-query.cpp:8018][!fakevalidate(0,8000000000000000):1#0]	Validate query work time = 0.001320s, cpu time = 0.001295s[0m
[1;33m[ 2][t 5][2026-09-10 00:52:44.699891309][validate-query.cpp:8020][!fakevalidate(0,8000000000000000):1#0]	{{
	{wait_block_state #0:153450.319606->153450.320333(0.000727)}
	{mc wait_block_state:153450.319626->153450.319759(0.000133)}
	{wait_block_message_queue #0:153450.320433->153450.320560(0.000126)}
	{set_block_candidate:153450.321800->153450.321905(0.000105)}
	{get_top_masterchain_state_block:153450.319552->153450.319617(0.000065)}
	{get_top_masterchain_state_block:153450.320321->153450.320340(0.000019)}
	{get_storage_stat_cache:153450.319611->153450.319629(0.000018)[Error : 0 : not implemented]}
	{get_block_handle:153450.319610->153450.319626(0.000016)}
}[0m
[1;33m[ 2][t 5][2026-09-10 00:52:44.699954590][validate-query.cpp:269][!fakevalidate(0,8000000000000000):1#0]	validate query done[0m
[1;36m[ 3][t 1][2026-09-10 00:52:44.711303599][test-tos-collator.cpp:448][!manager]	Ignoring newly-generated ShardTopBlockDescr for (0,8000000000000000,1):FBB7C96784BB7DC409286927032C9CC0608182ECD24873210E5373B8E1C9770E:9DF4289DB1EB44A88FEDFD52302B512B44CFF23C196E229A2F3ACAE76A1B266E[0m
[1;31m[ 1][t 1][2026-09-10 00:52:44.711332349][manager-disk.cpp:369][!manager]	success, block [ w=0 s=9223372036854775808 seq=1 +7fJZ4S7fcQJKGknAyycwGCBguzSSHMhDlNzuOHJdw4= nfQonbHrRKiP7f1SMCtRK0TP8jwZbiKaLzrK52obJm4= ] = (0,8000000000000000,1):FBB7C96784BB7DC409286927032C9CC0608182ECD24873210E5373B8E1C9770E:9DF4289DB1EB44A88FEDFD52302B512B44CFF23C196E229A2F3ACAE76A1B266E saved to disk[0m
