Running test Test_WorkchainBlock_ScopedStateReadObserver...
PASS in 380.0us
Running test Test_WorkchainBlock_StateReadRefusalLeavesProofUnchanged...
PASS in 36.7us
Running test Test_WorkchainBlock_StateReadMeterProofTracking...
PASS in 202.6us
Running test Test_WorkchainBlock_AccountDictionaryChanges...
PASS in 208.1us
Running test Test_WorkchainBlock_AccountDictionaryBinding...
PASS in 16.4us
Running test Test_WorkchainBlock_BatchInputUnionExactBounds...
PASS in 47.5us
Running test Test_WorkchainBlock_BatchInputRootCountPrecedesAcquisition...
PASS in 1626.0ns
Running test Test_WorkchainBlock_DeclarationShapeCountsSharedSubtreesWithoutExpansion...
PASS in 24.4ms
Running test Test_WorkchainBlock_BatchInputNativeSpecialAndFailureProvenance...
PASS in 127.6us
Running test Test_WorkchainBlock_BatchInputHostMismatchAndCorruptInbox...
PASS in 20.8us
Running test Test_WorkchainBlock_BatchInputDeclarationSemanticsAndProvenance...
PASS in 76.9us
Running test Test_WorkchainBlock_DeclarationSingleLeafZeroAllowance...
PASS in 3100.0ns
Running test Test_WorkchainBlock_BatchInputDeclarationCacheBindsRemainingWidth...
PASS in 40.4us
Running test Test_WorkchainBlock_BoundedInboxCountBeforeWorkspace...
PASS in 291.6us
Running test Test_WorkchainBlock_NativeDisposalEntry...
PASS in 35.4ms
15 test(s) passed
