Running test Test_WorkchainBlock_CoordinatorStateLayout...
PASS in 203.4us
Running test Test_WorkchainBlock_CoordinatorStateExactFraming...
PASS in 23.0us
Running test Test_WorkchainBlock_ResourcePolicyWire...
PASS in 34.0us
Running test Test_WorkchainBlock_EngineConfigurationFraming...
PASS in 37.4us
Running test Test_WorkchainBlock_BatchPolicyVersionIdentityAgreement...
PASS in 5327.0ns
Running test Test_WorkchainBlock_BatchProfileUnsupportedNodeProbe...
PASS in 652.0ns
Running test Test_WorkchainBlock_ClaimedFeeOuterFraming...
PASS in 7372.0ns
Running test Test_WorkchainBlock_ClaimedFeeShortNativeFraming...
PASS in 4463.0ns
Running test Test_WorkchainBlock_ClaimedFeeSpecialNativeFraming...
PASS in 4759.0ns
Running test Test_WorkchainBlock_ClaimedFeeUnknownNativeFraming...
PASS in 4637.0ns
Running test Test_WorkchainBlock_ResourcePolicyRejectsSpecialBeforeDecoder...
PASS in 1327.0ns
Running test Test_WorkchainBlock_ResourcePolicyEncodedSpecialCells...
PASS in 39.4us
Running test Test_WorkchainBlock_ResourcePolicyMalformedClosure...
PASS in 23.0us
Running test Test_WorkchainBlock_BounceValueIsolation...
PASS in 43.1us
Running test Test_WorkchainBlock_PayoutPrincipalAndFees...
PASS in 23.5us
Running test Test_WorkchainBlock_NativeAccountValueFlow...
PASS in 26.9us
Running test Test_WorkchainBlock_ParticipantRecordBinding...
PASS in 14.9us
Running test Test_WorkchainBlock_HostIdentityBinding...
PASS in 44.0us
Running test Test_WorkchainBlock_AdmittedIdentityAgreement...
PASS in 18.0us
Running test Test_WorkchainBlock_AccountDeclarationsCodec...
PASS in 33.5us
Running test Test_WorkchainBlock_AccountDeclarationsMalformed...
PASS in 17.4us
Running test Test_WorkchainBlock_AccountAccessBinding...
PASS in 7810.0ns
Running test Test_WorkchainBlock_AccountAccessExactCoverage...
PASS in 9869.0ns
Running test Test_WorkchainBlock_ParticipantLtPlan...
PASS in 2029.0ns
Running test Test_WorkchainBlock_ParticipantLtExhaustion...
PASS in 1659.0ns
Running test Test_WorkchainBlock_ResourcePolicyLocalLoadFailure...
PASS in 82.7us
Running test Test_WorkchainBlock_CoordinatorStateLocalLoadFailure...
PASS in 40.8us
Running test Test_WorkchainBlock_NativeDisposalEntry...
PASS in 35.7ms
28 test(s) passed
