Running test Test_WorkchainBlock_NativeBounceBody...
PASS in 744.8us
Running test Test_WorkchainBlock_NativeInboxPlan...
PASS in 133.6us
Running test Test_WorkchainBlock_NativeTransferEffects...
PASS in 60.3us
Running test Test_WorkchainBlock_NativeAllocation...
PASS in 161.7us
Running test Test_WorkchainBlock_BatchNativeAllocation...
PASS in 159.7us
Running test Test_WorkchainBlock_AggregateFeeSettlement...
PASS in 1404.9us
Running test Test_WorkchainBlock_NativeDisposalEntry...
[1;31m[ 0][t 0][2026-09-09 12:04:29.944013668][test-workchain-block.cpp:2778]	Expectation failed: prepare(entry, context).is_ok()![0m
[pid 1133138] [time 1788955469] Signal: 6
------- Stack Backtrace -------
/tmp/uno-m1-i13-build/test-workchain-block(+0x6361a7)[0x5c9c291c11a7]
/tmp/uno-m1-i13-build/test-workchain-block(+0xd187d)[0x5c9c28c5c87d]
/lib/x86_64-linux-gnu/libc.so.6(+0x42520)[0x77faa7242520]
/lib/x86_64-linux-gnu/libc.so.6(pthread_kill+0x12c)[0x77faa72969bc]
/lib/x86_64-linux-gnu/libc.so.6(raise+0x16)[0x77faa7242476]
/lib/x86_64-linux-gnu/libc.so.6(abort+0xd3)[0x77faa72287f3]
/tmp/uno-m1-i13-build/test-workchain-block(+0x639677)[0x5c9c291c4677]
/tmp/uno-m1-i13-build/test-workchain-block(+0x639777)[0x5c9c291c4777]
/tmp/uno-m1-i13-build/test-workchain-block(+0x639337)[0x5c9c291c4337]
/tmp/uno-m1-i13-build/test-workchain-block(+0x2780ef)[0x5c9c28e030ef]
/tmp/uno-m1-i13-build/test-workchain-block(+0x1ab89a)[0x5c9c28d3689a]
/tmp/uno-m1-i13-build/test-workchain-block(+0x64363c)[0x5c9c291ce63c]
/tmp/uno-m1-i13-build/test-workchain-block(+0x643168)[0x5c9c291ce168]
/tmp/uno-m1-i13-build/test-workchain-block(+0xd7fef)[0x5c9c28c62fef]
/lib/x86_64-linux-gnu/libc.so.6(+0x29d90)[0x77faa7229d90]
/lib/x86_64-linux-gnu/libc.so.6(__libc_start_main+0x80)[0x77faa7229e40]
/tmp/uno-m1-i13-build/test-workchain-block(+0xd7e95)[0x5c9c28c62e95]
-------------------------------
--- Enhanced Backtrace (libbacktrace) ---
    #0  ?? (test-workchain-block+0xd187c) [0x5c9c28c5c87c]
    #1  ?? at libc_sigaction.c (libc.so.6+0x4251f) [0x77faa724251f]
    #2  __pthread_kill_implementation at pthread_kill.c:44 (libc.so.6+0x969bc) [0x77faa72969bc]
    #3  __pthread_kill_internal at pthread_kill.c:78 (libc.so.6+0x969bc) [0x77faa72969bc]
    #4  __GI___pthread_kill at pthread_kill.c:89 (libc.so.6+0x969bc) [0x77faa72969bc]
    #5  __GI_raise at raise.c:26 (libc.so.6+0x42475) [0x77faa7242475]
    #6  __GI_abort at abort.c:79 (libc.so.6+0x287f2) [0x77faa72287f2]
    #7  ?? (test-workchain-block+0x639676) [0x5c9c291c4676]
    #8  ?? (test-workchain-block+0x639776) [0x5c9c291c4776]
    #9  ?? (test-workchain-block+0x639336) [0x5c9c291c4336]
    #10  ?? (test-workchain-block+0x2780ee) [0x5c9c28e030ee]
    #11  ?? (test-workchain-block+0x1ab899) [0x5c9c28d36899]
    #12  ?? (test-workchain-block+0x64363b) [0x5c9c291ce63b]
    #13  ?? (test-workchain-block+0x643167) [0x5c9c291ce167]
    #14  ?? (test-workchain-block+0xd7fee) [0x5c9c28c62fee]
    #15  __libc_start_call_main at libc_start_call_main.h:58 (libc.so.6+0x29d8f) [0x77faa7229d8f]
    #16  __libc_start_main_impl at libc-start.c:392 (libc.so.6+0x29e3f) [0x77faa7229e3f]
    #17  ?? (test-workchain-block+0xd7e94) [0x5c9c28c62e94]
    #18  0âA«þ (unknown+0xffffffffffffffff) [0xffffffffffffffff]
------------------------------------------
[Thread debugging using libthread_db enabled]
Using host libthread_db library "/lib/x86_64-linux-gnu/libthread_db.so.1".
0x000077faa72ea3aa in __GI___wait4 (pid=1133139, stat_loc=0x0, options=0, usage=0x0) at ../sysdeps/unix/sysv/linux/wait4.c:30
30	../sysdeps/unix/sysv/linux/wait4.c: No such file or directory.
[Current thread is 1 (Thread 0x77faa78d4800 (LWP 1133138))]

Thread 1 (Thread 0x77faa78d4800 (LWP 1133138) "test-workchain-"):
#0  0x000077faa72ea3aa in __GI___wait4 (pid=1133139, stat_loc=0x0, options=0, usage=0x0) at ../sysdeps/unix/sysv/linux/wait4.c:30
        sc_ret = -512
        sc_ret = <optimized out>
#1  0x00005c9c291c1422 in td::Stacktrace::print_to_stderr(td::Stacktrace::PrintOptions const&) ()
No symbol table info available.
#2  0x00005c9c28c5c87d in td::default_failure_signal_handler(int) ()
No symbol table info available.
#3  <signal handler called>
No locals.
#4  __pthread_kill_implementation (no_tid=0, signo=6, threadid=131918436583424) at ./nptl/pthread_kill.c:44
        tid = <optimized out>
        ret = 0
        pd = 0x77faa78d4800
        old_mask = {__val = {0 <repeats 16 times>}}
        ret = <optimized out>
        pd = <optimized out>
        old_mask = <optimized out>
        ret = <optimized out>
        tid = <optimized out>
        ret = <optimized out>
        resultvar = <optimized out>
        resultvar = <optimized out>
        __arg3 = <optimized out>
        __arg2 = <optimized out>
        __arg1 = <optimized out>
        _a3 = <optimized out>
        _a2 = <optimized out>
        _a1 = <optimized out>
        __futex = <optimized out>
        resultvar = <optimized out>
        __arg3 = <optimized out>
        __arg2 = <optimized out>
        __arg1 = <optimized out>
        _a3 = <optimized out>
        _a2 = <optimized out>
        _a1 = <optimized out>
        __futex = <optimized out>
        __private = <optimized out>
        __oldval = <optimized out>
        result = <optimized out>
#5  __pthread_kill_internal (signo=6, threadid=131918436583424) at ./nptl/pthread_kill.c:78
No locals.
#6  __GI___pthread_kill (threadid=131918436583424, signo=signo@entry=6) at ./nptl/pthread_kill.c:89
No locals.
#7  0x000077faa7242476 in __GI_raise (sig=sig@entry=6) at ../sysdeps/posix/raise.c:26
        ret = <optimized out>
#8  0x000077faa72287f3 in __GI_abort () at ./stdlib/abort.c:79
        save_stage = 1
        act = {__sigaction_handler = {sa_handler = 0x0, sa_sigaction = 0x0}, sa_mask = {__val = {0 <repeats 16 times>}}, sa_flags = 1, sa_restorer = 0x0}
        sigs = {__val = {32, 0 <repeats 15 times>}}
#9  0x00005c9c291c4677 in td::process_fatal_error(td::CSlice) ()
No symbol table info available.
#10 0x00005c9c291c4777 in td::DefaultLog::append(td::CSlice, int) ()
No symbol table info available.
#11 0x00005c9c291c4337 in td::Logger::~Logger() ()
No symbol table info available.
#12 0x00005c9c28e030ef in (anonymous namespace)::Test_WorkchainBlock_NativeDisposalEntry::run() ()
No symbol table info available.
#13 0x00005c9c28d3689a in td::Test::step() ()
No symbol table info available.
#14 0x00005c9c291ce63c in td::TestsRunner::run_all_step() ()
No symbol table info available.
#15 0x00005c9c291ce168 in td::TestsRunner::run_all() ()
No symbol table info available.
#16 0x00005c9c28c62fef in main ()
No symbol table info available.
[Inferior 1 (process 1133138) detached]
