$ bash scripts/run-c04-cross-language.sh /home/tomi/tos-node-health-impl/tools/node-health-monitor/evidence/c04-native-actions/raw/producer-v2 /home/tomi/nhm-supervision/c04-integrated-b67f67981/actual-route /home/tomi/nhm-c04-build/test/validator/consensus/test-health-actions
    Finished `test` profile [unoptimized + debuginfo] target(s) in 0.12s
     Running tests/native_v2_producer_pair.rs (target/debug/deps/native_v2_producer_pair-311fba3765bfb24b)

running 1 test
test actual_cpp_publisher_pairs_and_negatives ... ok

test result: ok. 1 passed; 0 failed; 0 ignored; 0 measured; 0 filtered out; finished in 0.13s

producer pair apply-false-1: source_sha256=422a37b6c4521b732421bb946cdb99d58848aa1eaa2be4e9f8ddd6d52d26feaf body_sha256=2ad0fad23f504b7c4de9b6c024e4b2fcda9a68a257b5a8cc847b67d19d802d94 source schema, canonical hash and exact EOF body valid
producer pair apply-false-2: source_sha256=89b6805d55472e98e1b8be6854a886a3721e2bd4ae74dbab5f7c0b71f916d4e2 body_sha256=c77888a2c0502b1f47d5963885ae4bf7fcd902d8f917cf8f4b96122dda4ae1ea source schema, canonical hash and exact EOF body valid
producer pair apply-false-3: source_sha256=2035859c39aa36bbb9402a17e022a85ddc78c5b6c566897ad5cf0d97b90fb461 body_sha256=abb259d7fd8bae0c2abe5dd95050edd65f663e90f699da773c1f57bc8fcf2fad source schema, canonical hash and exact EOF body valid
producer pair duplicate-1: source_sha256=c161f17fea161eeca242b4613880ad866cf7474f468f3942185dca2c73c2c3d8 body_sha256=0272928eefa1a65744d0d9300ea9b221a2f717e42cf7716a9f2edb4aaeff43e7 source schema, canonical hash and exact EOF body valid
producer pair duplicate-2: source_sha256=e580ee164e1cfd9f016c26ae41dc22e89df23e661babd3f9182579dff32165aa body_sha256=628e9e263abb73db86cb27397e6a5a562ca47fead53027e8979b24162b1fe2ce source schema, canonical hash and exact EOF body valid
producer pair duplicate-3: source_sha256=a7a81c538591375820a0bbf5bbcc0b072d5fac740392124e65669d32928f3279 body_sha256=32bed49a38b68ee1d9a231cd42a276cebc7a791fc3cc69ae9b930e3e74a34666 source schema, canonical hash and exact EOF body valid
producer pair finality-suppressed-1: source_sha256=cc993b3ef894a214c7fc586a0f966d42bc749fcaa3a63091957028ac40eac51f body_sha256=a70f98fe2b2718a50cf577900dbfbc89241f44d9c297c6329384f267795cbfd1 source schema, canonical hash and exact EOF body valid
producer pair finality-suppressed-2: source_sha256=8b0c1c4bdffdc3e03bbd302fd8b870aba406d3621268a1878dfe640cdc0f4bfb body_sha256=777c266721e21b6df349bd04cb52cef996d6d35fb1ef0a33ab058dffcc07a6d3 source schema, canonical hash and exact EOF body valid
producer pair finality-suppressed-3: source_sha256=f803c6f222ed5a5d3384a3f94e4b334c865f489efd294957b05f6f2c1e00e363 body_sha256=273ed039c43ba0c279d3683f5bb118a2e39f9f7c5d3b34a2fc773384d0d755f9 source schema, canonical hash and exact EOF body valid
producer pair finalize-1: source_sha256=bf4d4872d48c00e96ab9bd3e863619c0e9e5fc20c8d52179860ab6780257a4c1 body_sha256=edc44be73a42f598f217398fb43d7da92b4684ce68f12786e7a8c716a9df6204 source schema, canonical hash and exact EOF body valid
producer pair finalize-2: source_sha256=f005879134e5a9e62142f4fdf2919434b9a1c0c78a00b90e56205be0ddd31b29 body_sha256=2a6285f17bef31f10be7f4af1dfba191c23e41fca8b602298c6bd9ecc389741e source schema, canonical hash and exact EOF body valid
producer pair finalize-3: source_sha256=9f7f46e3ec99bd84c5cf64395b513745e6f7331b426cdf2890273cd5632a7150 body_sha256=8bb7e1b4c1f8468b07dd1f3b667c4ce0220ea55335d7066898a6e48367807685 source schema, canonical hash and exact EOF body valid
producer pair intent-failure-1: source_sha256=b4b61ce6f755df30483ae27d6030d91a6c57abbb1ee4846f09e8b0de160f48a3 body_sha256=4d9d33062fc9d68af57aa59cb6da166be92eef9f9d87fc5ae8c9e3d5fe2ffc65 source schema, canonical hash and exact EOF body valid
producer pair intent-failure-2: source_sha256=ddf22d0824bd5dae2234bddf635a494934b0c56a9680a7cacd1a9cbb7a0bb16a body_sha256=ee10f6fcfdc6bf41a6952024c9ab8428570484a0f1adb6639e99730891e7ce32 source schema, canonical hash and exact EOF body valid
producer pair intent-failure-3: source_sha256=8b8f22d2dd18af01e55a47d76cccaa3379ef882629815851a29f780541f50b5f body_sha256=1c9cd586b528c5f9e000147c9c9791691b2c72098cc80fa160f5b103f46543e2 source schema, canonical hash and exact EOF body valid
producer pair journal-suppressed-1: source_sha256=b470951b91e6a4b47a8e0f097bdc14bfcd9a959c5410e509642938daa52c0931 body_sha256=c49101c46edd7395ac8cc5921977bd495006e2b46e32a614e496e63d5197fce8 source schema, canonical hash and exact EOF body valid
producer pair journal-suppressed-2: source_sha256=4b763e4b198e30a497955779c94177ee261ed192c948a2c73a7c8d38f45feccf body_sha256=b6010bf299037b2c02a81c89b03ab6a05dc1974209cfbba12063ca3fefa54d57 source schema, canonical hash and exact EOF body valid
producer pair journal-suppressed-3: source_sha256=b2ee764b9ab801aa04c01004e9de177a40c412f47d0cd7e74f2eb2f70b7f3416 body_sha256=13d50768c2312a5ea83b47631faaed370c6399c94eb53e2383be5381c4ef7968 source schema, canonical hash and exact EOF body valid
producer pair no-signer-1: source_sha256=b05d5b9125c882e8017664be44ce0109bfc3fe1e6b4fb776cc01df53c9abed76 body_sha256=a265bdb2c3c83b87b012b279d6fde971de64eed42f758294ced1767c371459d7 source schema, canonical hash and exact EOF body valid
producer pair no-signer-2: source_sha256=949c9b7bd97db93031c5685e53a2f45816b1784d0cf80c3f49836466e347f321 body_sha256=1897525c5736f13c8f78d20596b779eaebe0d8eb6fc02db48b18476175296d03 source schema, canonical hash and exact EOF body valid
producer pair no-signer-3: source_sha256=3c51523bb08467a40899e2cc61b79264d1d7a2a95ff8e926455838d4f9b539e7 body_sha256=91bb28517545e9f7653c3e7d4184a1ac531d7748380fad7230c3c85b611f0a91 source schema, canonical hash and exact EOF body valid
producer pair post-terminal-1: source_sha256=b7e4bd0dd2d66a7a9a0d12d9fcd784b2c9597fd15c67202638050b1d98ed22ff body_sha256=82ee28ab825b85a3cced90532cdfd96573ec5fb54252c9ab0f97c9d4c45130bc source schema, canonical hash and exact EOF body valid
producer pair post-terminal-2: source_sha256=f022e18a4f592c30dd1e043c381bd4ea555c15f146700f9e75553d00ac7b2ea1 body_sha256=addf0e267a355410324d968bf6753c72f1da72114b03af7e8424157945b8a536 source schema, canonical hash and exact EOF body valid
producer pair post-terminal-3: source_sha256=b15476c447dcd816c7055883a7a134dae779297a70dcd4dd57ee9083c2917651 body_sha256=53fe4df7e1f1604f6824ace8be9c7d080a5ae962fc61a6f88af17b8db071edf1 source schema, canonical hash and exact EOF body valid
producer pair replay-intent-1: source_sha256=48a5dd7f1b63541023a87d07fe0669bb14ebbccd6c94f58b2f7b15575750eaa5 body_sha256=4c0bfc71d3d66e8b0649547e0da614df093412c43a5cf9e9227dcd34371e65c1 source schema, canonical hash and exact EOF body valid
producer pair replay-intent-2: source_sha256=ed64e46d924478eae71aad6b9bc14edad526c6c898e4cf21cec5c012ce3333e0 body_sha256=599f716af5d5a0e1580ebc9da0e4e109106f3450ca2230fdb428164a5813b93a source schema, canonical hash and exact EOF body valid
producer pair replay-intent-3: source_sha256=cca806eca04f621de94921603215497e549451830923a23a13dc492290505816 body_sha256=f717127bc9599abc39696e1543dfca167402e2dc10a25ce21166472cd500bffb source schema, canonical hash and exact EOF body valid
producer pair replay-intent-sign-failure-1: source_sha256=c5594212dd5c1ec661b493dff0ab250ba4c913136ea3b85cd2f78aa222aa9c0c body_sha256=667fac686a8fdb1398744be126026cb2bad52d1a169c08156290d4669842c961 source schema, canonical hash and exact EOF body valid
producer pair replay-intent-sign-failure-2: source_sha256=76a820b907437edca604dce2b11546590f999c05bffb26be6109e5ef29f82f82 body_sha256=818f17d15187a4b1d361006b578228d02dc1de2ddafd4a9c6366dcdf4cc72068 source schema, canonical hash and exact EOF body valid
producer pair replay-intent-sign-failure-3: source_sha256=8270e4b0d6ef3f388ce07d95367590fc57d0b15260872f66ac9a7f90940a579a body_sha256=408c7593c156f1d443b7a5f91cb5c541f32aa19993747f83cd5cef93e4bbad6a source schema, canonical hash and exact EOF body valid
producer pair replay-intent-signed-failure-1: source_sha256=0d560e7a1f52613a818ff4764b2e2c3f31ffdd3895398956e113427c61b106fe body_sha256=9e3d6adc7384d46d3ffbe1a73464000853e4447ea967e5fd9d63cbacfb5ac581 source schema, canonical hash and exact EOF body valid
producer pair replay-intent-signed-failure-2: source_sha256=e9d5e872dee083a06f5747f9a443909b8b41e3fee19535ec17e666c61970d4f7 body_sha256=f2c3f21e5cad6591d839474cd0efd914935a8bae990dabed65a5010ba74d2eef source schema, canonical hash and exact EOF body valid
producer pair replay-intent-signed-failure-3: source_sha256=4088b8adc48bd9120c3dfdc19c7b42d47fec05481029948c91ac994a4c189552 body_sha256=3b14b859d78ffbe60a13fb7c90d1c4690e1a268fc889ae3fb803cfe88535b8f8 source schema, canonical hash and exact EOF body valid
producer pair replay-signed-1: source_sha256=9b4c64fa5d6e6ed7e5b5144827318c4b2c6bc8b41844359b45a7e88aff8b7bca body_sha256=2b6f64caa970c47432d167ccfd1d615dd815adc58a5e3ddcd42f942f08b4872c source schema, canonical hash and exact EOF body valid
producer pair replay-signed-2: source_sha256=d238047efb969636e216172d8352842726f5af7347611826d341e460cd07c576 body_sha256=87975ec4dbbaf95c98be6ec438a963a48131a86b20dc1fb3f0a6f49bd256e333 source schema, canonical hash and exact EOF body valid
producer pair replay-signed-3: source_sha256=826f8b2c3971e6e805aca6ce95081c98e9a5eae016e025eb820d7c5bedb73922 body_sha256=479c6b323cba88316589875b01c33b3060e3fe15d90618f87c744e8f006da94a source schema, canonical hash and exact EOF body valid
producer pair sign-failure-1: source_sha256=0769f69d5ae9b0c0e8095dd78e08c016a872ace25a3e928481d4f67a039b3db3 body_sha256=3157894784f6d13a8280a103007f8656aeed80330a92ccb9b74e3a16c5f37904 source schema, canonical hash and exact EOF body valid
producer pair sign-failure-2: source_sha256=f0dfc4ac2764cac1b1f77a39b5673ecdf8dff90f2d91908f127b8f5895a1a04a body_sha256=bb33453489d5076863bf308973065ac8a3d41aab9ac3dd7d5e97a042f7e45b61 source schema, canonical hash and exact EOF body valid
producer pair sign-failure-3: source_sha256=2b985ef589214ae423ef21603634404dcc73aeb9eae021d87adf336da8296004 body_sha256=f06b679c6556aeb578c08dd4533228c003667b5f41a53f653738d84a54fbe960 source schema, canonical hash and exact EOF body valid
producer pair signed-failure-1: source_sha256=146ab3ba244781a006716c9c107798a2df99212476d209f3cec27b39d6449263 body_sha256=7cf731e08922d5d505d2d5e271c625cebb5dbc3241037dc9505fb0ceb8c74b33 source schema, canonical hash and exact EOF body valid
producer pair signed-failure-2: source_sha256=5fe6118412c8732cc117645549785055233566e1d997da30e9e0c1e77c984923 body_sha256=dd5b1e81f996ddd222d7115c0d49a8a32a59002a21e2d673b02b39dcaf77b3ce source schema, canonical hash and exact EOF body valid
producer pair signed-failure-3: source_sha256=0f5b03e5bd1f0584d775b051889bf46823f168132c9a91cd63cd9e6c2ccef038 body_sha256=76cec968a3fb2e02d24c120d19053fda14785d30a241731d5b2f0fe6521e91d7 source schema, canonical hash and exact EOF body valid
producer pair skip-1: source_sha256=3f51e766ad074f0cd96894dea1388a941cbdd0a86048080c20583534832d7f15 body_sha256=b18f4e3f78a5a4b5b049931fd6be2c179b2f10fb62eb274b301d846a3d6e5311 source schema, canonical hash and exact EOF body valid
producer pair skip-2: source_sha256=e7ccdf99b4b1b922dc345b61e3bf846661738dc9dc8d58ae620775f64f716513 body_sha256=8e30a0c7d6fbe0999a3eda3de94e6fcb9391ed1fff96a64aa04c9be217180838 source schema, canonical hash and exact EOF body valid
producer pair skip-3: source_sha256=c3a60e109378078f47e8615a9074d4cf9411b84c473859cba2e17d4906b02383 body_sha256=931f2d2ac3cfac0bf3953552254de6b03d78522a197720356e976a91a151ccde source schema, canonical hash and exact EOF body valid
producer pair success-1: source_sha256=5eb7c428019a895c7e1e7bdac2418181289f8e4ebc770035abb34c982fe334f8 body_sha256=52dcdcec720fe3818d84f22bfc8dfbbca47a97891a12d78ead72d90bd5962fdb source schema, canonical hash and exact EOF body valid
producer pair success-2: source_sha256=5ce6a965ac9732b4cfd0970443f506a5b07bccc0e89c7d5fc3ab18bfba8ce542 body_sha256=7d96edc5cf9d6162d02f5e50998e2ecb73fd273d14fa031c4e873b781e519f9c source schema, canonical hash and exact EOF body valid
producer pair success-3: source_sha256=e4cb577971b69892c0d5111f3f1d145ef3fda516320a98711a3929c245a90b4f body_sha256=82b6555025a87598d761b228b781539a01a4ac8b181647bc9ab95004567e6734 source schema, canonical hash and exact EOF body valid
actual-pair edge snapshot schema valid
producer index bound 48 pairs; index_sha256=fb203e5881eb9cf58e1a7fc79a200d4c692439ca9817cbdb0d0ac77c070f5b55

EXIT=0
