delta-comparison: behavioral failure and byte-exact restored pass
participant-comparison: behavioral failure and byte-exact restored pass
later-subtree: behavioral failure and byte-exact restored pass
whole-entry: behavioral failure and byte-exact restored pass
leaf-augmentation: behavioral failure and byte-exact restored pass
key-bound: behavioral failure and byte-exact restored pass
participants-later: behavioral failure and byte-exact restored pass
pruned-source: behavioral failure and byte-exact restored pass
acquired-claim: behavioral failure and byte-exact restored pass
provider-provenance: behavioral failure and byte-exact restored pass
footprint: behavioral failure and byte-exact restored pass
sticky: behavioral failure and byte-exact restored pass
message-only: behavioral failure and byte-exact restored pass
callback-exception: behavioral failure and byte-exact restored pass
proof-tracking: behavioral failure and byte-exact restored pass
proof-tracking-both: behavioral failure and byte-exact restored pass
completion-marker: behavioral failure and byte-exact restored pass
registered-driver: behavioral failure and byte-exact restored pass
block-ownership: behavioral failure and byte-exact restored pass
block-acquisition: behavioral failure and byte-exact restored pass
set-ownership: behavioral failure and byte-exact restored pass
host-budget: behavioral failure and byte-exact restored pass
host-key-bound: behavioral failure and byte-exact restored pass
proof-observer-count: behavioral failure and byte-exact restored pass
fault-kind-virtualized: behavioral failure and byte-exact restored pass
fault-kind-vm: behavioral failure and byte-exact restored pass
fault-kind-gas: behavioral failure and byte-exact restored pass
fault-kind-fatal: behavioral failure and byte-exact restored pass
fault-kind-create: behavioral failure and byte-exact restored pass
fault-kind-write: behavioral failure and byte-exact restored pass
fault-kind-allocation: behavioral failure and byte-exact restored pass
fault-kind-other: behavioral failure and byte-exact restored pass
faults-collapsed: behavioral failure and byte-exact restored pass
fault-status: behavioral failure and byte-exact restored pass
fault-payload: behavioral failure and byte-exact restored pass
handler-allocation: behavioral failure and byte-exact restored pass
primary-before-secondary: behavioral failure and byte-exact restored pass
artifacts: /tmp/uno-coverage-controls-aez6_d4m
