[0m[ 4][t 0][2026-09-09 16:02:30.014971933][transaction.cpp:616]	unpacking account 1000000000000000000000000000000000000000000000000000000000000000[0m
[0m[ 4][t 0][2026-09-09 16:02:30.015329933][transaction.cpp:449]	last_paid=0; cells=0 bits=0[0m
[0m[ 4][t 0][2026-09-09 16:02:30.015342156][transaction.cpp:679]	end of Account.unpack() for 2:1000000000000000000000000000000000000000000000000000000000000000 (balance = 1000ng ; last_trans_lt = 1..2)[0m
[0m[ 4][t 0][2026-09-09 16:02:30.015368610][transaction.cpp:616]	unpacking account 2000000000000000000000000000000000000000000000000000000000000000[0m
[0m[ 4][t 0][2026-09-09 16:02:30.015376798][transaction.cpp:449]	last_paid=0; cells=0 bits=0[0m
[0m[ 4][t 0][2026-09-09 16:02:30.015382650][transaction.cpp:679]	end of Account.unpack() for 2:2000000000000000000000000000000000000000000000000000000000000000 (balance = 1000ng ; last_trans_lt = 1..2)[0m
[0m[ 4][t 0][2026-09-09 16:02:30.016075871][transaction.cpp:616]	unpacking account 1000000000000000000000000000000000000000000000000000000000000000[0m
[0m[ 4][t 0][2026-09-09 16:02:30.016091314][transaction.cpp:449]	last_paid=0; cells=0 bits=0[0m
[0m[ 4][t 0][2026-09-09 16:02:30.016098255][transaction.cpp:679]	end of Account.unpack() for 2:1000000000000000000000000000000000000000000000000000000000000000 (balance = 1000ng ; last_trans_lt = 1..2)[0m
[0m[ 4][t 0][2026-09-09 16:02:30.016105930][transaction.cpp:616]	unpacking account 2000000000000000000000000000000000000000000000000000000000000000[0m
[0m[ 4][t 0][2026-09-09 16:02:30.016113199][transaction.cpp:449]	last_paid=0; cells=0 bits=0[0m
[0m[ 4][t 0][2026-09-09 16:02:30.016118815][transaction.cpp:679]	end of Account.unpack() for 2:2000000000000000000000000000000000000000000000000000000000000000 (balance = 1000ng ; last_trans_lt = 1..2)[0m
[0m[ 4][t 0][2026-09-09 16:02:30.016428517][transaction.cpp:616]	unpacking account 1000000000000000000000000000000000000000000000000000000000000000[0m
[0m[ 4][t 0][2026-09-09 16:02:30.016438616][transaction.cpp:449]	last_paid=0; cells=0 bits=0[0m
[0m[ 4][t 0][2026-09-09 16:02:30.016444807][transaction.cpp:679]	end of Account.unpack() for 2:1000000000000000000000000000000000000000000000000000000000000000 (balance = 1000ng ; last_trans_lt = 1..2)[0m
[0m[ 4][t 0][2026-09-09 16:02:30.016451685][transaction.cpp:616]	unpacking account 2000000000000000000000000000000000000000000000000000000000000000[0m
[0m[ 4][t 0][2026-09-09 16:02:30.016458694][transaction.cpp:449]	last_paid=0; cells=0 bits=0[0m
[0m[ 4][t 0][2026-09-09 16:02:30.016464164][transaction.cpp:679]	end of Account.unpack() for 2:2000000000000000000000000000000000000000000000000000000000000000 (balance = 1000ng ; last_trans_lt = 1..2)[0m
once: actual_engine_calls=1 inspections=1
input: exact local refusal; actual_engine_calls=1
state: exact local refusal; actual_engine_calls=1
observer: exact local refusal; actual_engine_calls=1
tracking: actual_engine_calls=1 inspections=1
effects: typed budget refusal; actual_engine_calls=1
output: typed budget refusal; actual_engine_calls=1
