    Finished `test` profile [unoptimized + debuginfo] target(s) in 0.13s
     Running tests/manager_query_source.rs (target/debug/deps/manager_query_source-723ab372f789f937)

running 1 test
initial_page_ms=15
grant_during_catchup=503
page=2 rows=0 retained=0 global_m_seq=512 elapsed_ms=5 concurrent_grant_ms=Some(2)
page=3 rows=0 retained=0 global_m_seq=768 elapsed_ms=4 concurrent_grant_ms=Some(1)
page=4 rows=0 retained=0 global_m_seq=1024 elapsed_ms=3 concurrent_grant_ms=Some(0)
page=5 rows=0 retained=0 global_m_seq=1280 elapsed_ms=4 concurrent_grant_ms=Some(1)
page=6 rows=0 retained=0 global_m_seq=1536 elapsed_ms=4 concurrent_grant_ms=Some(1)
page=7 rows=0 retained=0 global_m_seq=1792 elapsed_ms=3 concurrent_grant_ms=Some(1)
page=8 rows=0 retained=0 global_m_seq=2048 elapsed_ms=4 concurrent_grant_ms=Some(0)
page=9 rows=0 retained=0 global_m_seq=2304 elapsed_ms=3 concurrent_grant_ms=Some(1)
page=10 rows=0 retained=0 global_m_seq=2560 elapsed_ms=4 concurrent_grant_ms=Some(0)
page=11 rows=0 retained=0 global_m_seq=2816 elapsed_ms=3 concurrent_grant_ms=Some(1)
page=12 rows=0 retained=0 global_m_seq=3072 elapsed_ms=3 concurrent_grant_ms=Some(0)
page=13 rows=0 retained=0 global_m_seq=3328 elapsed_ms=3 concurrent_grant_ms=Some(0)
page=14 rows=0 retained=0 global_m_seq=3584 elapsed_ms=3 concurrent_grant_ms=Some(0)
page=15 rows=0 retained=0 global_m_seq=3840 elapsed_ms=3 concurrent_grant_ms=Some(0)
page=16 rows=0 retained=0 global_m_seq=4096 elapsed_ms=3 concurrent_grant_ms=Some(0)
page=17 rows=0 retained=0 global_m_seq=4352 elapsed_ms=3 concurrent_grant_ms=Some(0)
page=18 rows=24 retained=24 global_m_seq=4608 elapsed_ms=36 concurrent_grant_ms=Some(0)
page=19 rows=33 retained=57 global_m_seq=4864 elapsed_ms=55 concurrent_grant_ms=Some(1)
page=20 rows=80 retained=137 global_m_seq=5120 elapsed_ms=122 concurrent_grant_ms=Some(2)
page=21 rows=79 retained=216 global_m_seq=5376 elapsed_ms=139 concurrent_grant_ms=Some(2)
page=22 rows=78 retained=294 global_m_seq=5632 elapsed_ms=147 concurrent_grant_ms=Some(2)
page=23 rows=78 retained=372 global_m_seq=5888 elapsed_ms=162 concurrent_grant_ms=Some(2)
page=24 rows=78 retained=450 global_m_seq=6144 elapsed_ms=177 concurrent_grant_ms=Some(2)
page=25 rows=77 retained=527 global_m_seq=6400 elapsed_ms=192 concurrent_grant_ms=Some(2)
page=26 rows=76 retained=603 global_m_seq=6656 elapsed_ms=204 concurrent_grant_ms=Some(2)
page=27 rows=78 retained=681 global_m_seq=6912 elapsed_ms=228 concurrent_grant_ms=Some(2)
page=28 rows=77 retained=758 global_m_seq=7168 elapsed_ms=233 concurrent_grant_ms=Some(2)
page=29 rows=78 retained=836 global_m_seq=7424 elapsed_ms=255 concurrent_grant_ms=Some(2)
page=30 rows=79 retained=915 global_m_seq=7680 elapsed_ms=274 concurrent_grant_ms=Some(2)
page=31 rows=78 retained=993 global_m_seq=7936 elapsed_ms=285 concurrent_grant_ms=Some(2)
page=32 rows=77 retained=1070 global_m_seq=8192 elapsed_ms=261 concurrent_grant_ms=Some(3)
page=33 rows=78 retained=1148 global_m_seq=8448 elapsed_ms=318 concurrent_grant_ms=Some(2)
page=34 rows=78 retained=1226 global_m_seq=8704 elapsed_ms=210 concurrent_grant_ms=Some(2)
page=35 rows=76 retained=1302 global_m_seq=8960 elapsed_ms=357 concurrent_grant_ms=Some(2)
page=36 rows=77 retained=1379 global_m_seq=9216 elapsed_ms=213 concurrent_grant_ms=Some(1)
page=37 rows=79 retained=1458 global_m_seq=9472 elapsed_ms=380 concurrent_grant_ms=Some(2)
page=38 rows=78 retained=1536 global_m_seq=9728 elapsed_ms=407 concurrent_grant_ms=Some(3)
page=39 rows=77 retained=1613 global_m_seq=9984 elapsed_ms=405 concurrent_grant_ms=Some(2)
page=40 rows=75 retained=1688 global_m_seq=10240 elapsed_ms=422 concurrent_grant_ms=Some(2)
page=41 rows=76 retained=1764 global_m_seq=10496 elapsed_ms=429 concurrent_grant_ms=Some(2)
page=42 rows=78 retained=1842 global_m_seq=10752 elapsed_ms=447 concurrent_grant_ms=Some(2)
page=43 rows=77 retained=1919 global_m_seq=11008 elapsed_ms=470 concurrent_grant_ms=Some(1)
page=44 rows=76 retained=1995 global_m_seq=11264 elapsed_ms=480 concurrent_grant_ms=Some(2)
page=45 rows=79 retained=2074 global_m_seq=11520 elapsed_ms=424 concurrent_grant_ms=Some(2)
page=46 rows=77 retained=2151 global_m_seq=11776 elapsed_ms=289 concurrent_grant_ms=Some(3)
page=47 rows=76 retained=2227 global_m_seq=12032 elapsed_ms=291 concurrent_grant_ms=Some(2)
page=48 rows=77 retained=2304 global_m_seq=12288 elapsed_ms=302 concurrent_grant_ms=Some(2)
page=49 rows=77 retained=2381 global_m_seq=12544 elapsed_ms=310 concurrent_grant_ms=Some(2)
page=50 rows=77 retained=2458 global_m_seq=12800 elapsed_ms=322 concurrent_grant_ms=Some(2)
page=51 rows=78 retained=2479 global_m_seq=13056 elapsed_ms=350 concurrent_grant_ms=Some(2)
page=52 rows=78 retained=2479 global_m_seq=13312 elapsed_ms=639 concurrent_grant_ms=Some(2)
page=53 rows=80 retained=2479 global_m_seq=13568 elapsed_ms=358 concurrent_grant_ms=Some(2)
page=54 rows=77 retained=2479 global_m_seq=13824 elapsed_ms=636 concurrent_grant_ms=Some(2)
page=55 rows=80 retained=2479 global_m_seq=14080 elapsed_ms=373 concurrent_grant_ms=Some(2)
page=56 rows=78 retained=2479 global_m_seq=14336 elapsed_ms=636 concurrent_grant_ms=Some(2)
page=57 rows=79 retained=2479 global_m_seq=14592 elapsed_ms=375 concurrent_grant_ms=Some(2)
page=58 rows=79 retained=2479 global_m_seq=14848 elapsed_ms=373 concurrent_grant_ms=Some(2)
page=59 rows=78 retained=2479 global_m_seq=15104 elapsed_ms=372 concurrent_grant_ms=Some(2)
page=60 rows=79 retained=2479 global_m_seq=15360 elapsed_ms=367 concurrent_grant_ms=Some(2)
page=61 rows=78 retained=2479 global_m_seq=15616 elapsed_ms=370 concurrent_grant_ms=Some(2)
page=62 rows=77 retained=2479 global_m_seq=15872 elapsed_ms=365 concurrent_grant_ms=Some(2)
page=63 rows=80 retained=2479 global_m_seq=16128 elapsed_ms=365 concurrent_grant_ms=Some(2)
page=64 rows=78 retained=2479 global_m_seq=16384 elapsed_ms=371 concurrent_grant_ms=Some(2)
page=65 rows=78 retained=2479 global_m_seq=16640 elapsed_ms=369 concurrent_grant_ms=Some(2)
page=66 rows=78 retained=2478 global_m_seq=16896 elapsed_ms=375 concurrent_grant_ms=Some(2)
page=67 rows=79 retained=2478 global_m_seq=17152 elapsed_ms=382 concurrent_grant_ms=Some(2)
page=68 rows=81 retained=2478 global_m_seq=17408 elapsed_ms=375 concurrent_grant_ms=Some(2)
page=69 rows=78 retained=2478 global_m_seq=17664 elapsed_ms=361 concurrent_grant_ms=Some(1)
page=70 rows=79 retained=2478 global_m_seq=17920 elapsed_ms=365 concurrent_grant_ms=Some(2)
page=71 rows=78 retained=2478 global_m_seq=18176 elapsed_ms=368 concurrent_grant_ms=Some(1)
page=72 rows=79 retained=2478 global_m_seq=18432 elapsed_ms=372 concurrent_grant_ms=Some(2)
page=73 rows=78 retained=2478 global_m_seq=18688 elapsed_ms=368 concurrent_grant_ms=Some(2)
page=74 rows=78 retained=2478 global_m_seq=18944 elapsed_ms=366 concurrent_grant_ms=Some(2)
page=75 rows=78 retained=2478 global_m_seq=19200 elapsed_ms=370 concurrent_grant_ms=Some(1)
page=76 rows=78 retained=2478 global_m_seq=19456 elapsed_ms=360 concurrent_grant_ms=Some(2)
page=77 rows=80 retained=2478 global_m_seq=19712 elapsed_ms=369 concurrent_grant_ms=Some(2)
page=78 rows=78 retained=2478 global_m_seq=19968 elapsed_ms=365 concurrent_grant_ms=Some(2)
page=79 rows=79 retained=2478 global_m_seq=20224 elapsed_ms=374 concurrent_grant_ms=Some(2)
page=80 rows=79 retained=2478 global_m_seq=20480 elapsed_ms=364 concurrent_grant_ms=Some(2)
page=81 rows=78 retained=2478 global_m_seq=20736 elapsed_ms=367 concurrent_grant_ms=Some(1)
page=82 rows=77 retained=2478 global_m_seq=20992 elapsed_ms=373 concurrent_grant_ms=Some(2)
page=83 rows=79 retained=2478 global_m_seq=21248 elapsed_ms=372 concurrent_grant_ms=Some(1)
page=84 rows=78 retained=2477 global_m_seq=21504 elapsed_ms=368 concurrent_grant_ms=Some(2)
page=85 rows=78 retained=2477 global_m_seq=21760 elapsed_ms=365 concurrent_grant_ms=Some(2)
page=86 rows=80 retained=2477 global_m_seq=22016 elapsed_ms=366 concurrent_grant_ms=Some(2)
page=87 rows=76 retained=2477 global_m_seq=22272 elapsed_ms=359 concurrent_grant_ms=Some(2)
page=88 rows=79 retained=2477 global_m_seq=22528 elapsed_ms=366 concurrent_grant_ms=Some(2)
page=89 rows=79 retained=2477 global_m_seq=22784 elapsed_ms=376 concurrent_grant_ms=Some(2)
page=90 rows=79 retained=2477 global_m_seq=23040 elapsed_ms=365 concurrent_grant_ms=Some(2)
page=91 rows=80 retained=2477 global_m_seq=23296 elapsed_ms=372 concurrent_grant_ms=Some(2)
page=92 rows=79 retained=2477 global_m_seq=23552 elapsed_ms=367 concurrent_grant_ms=Some(2)
page=93 rows=78 retained=2477 global_m_seq=23808 elapsed_ms=367 concurrent_grant_ms=Some(2)
page=94 rows=77 retained=2477 global_m_seq=24064 elapsed_ms=371 concurrent_grant_ms=Some(2)
page=95 rows=79 retained=2477 global_m_seq=24320 elapsed_ms=359 concurrent_grant_ms=Some(2)
page=96 rows=55 retained=2477 global_m_seq=24495 elapsed_ms=340 concurrent_grant_ms=Some(2)
page=97 rows=1 retained=2477 global_m_seq=24498 elapsed_ms=276 concurrent_grant_ms=Some(2)
peak_retained=2479 slowest_page_ms=639 slowest_concurrent_grant_ms=3
caught_up_ms=36048 grant_after_catchup=200 revoked=200 raced_updates=0
steady_rows=0 global_m_seq=24498 elapsed_ms=241
test live_read_only_projection_cost_witness ... ok

test result: ok. 1 passed; 0 failed; 0 ignored; 0 measured; 21 filtered out; finished in 36.32s

