   Compiling tos-health-services v0.1.0 ($HOME/tos-node-health-c09-anchor-integration/tools/node-health-monitor/crates/health-services)
    Finished `test` profile [unoptimized + debuginfo] target(s) in 1.59s
     Running tests/manager_query_source.rs (target/debug/deps/manager_query_source-723ab372f789f937)

running 1 test
initial_page_ms=19
grant_during_catchup=503
page=2 rows=0 global_m_seq=512 elapsed_ms=3 concurrent_grant_ms=Some(2)
page=3 rows=0 global_m_seq=768 elapsed_ms=4 concurrent_grant_ms=Some(0)
page=4 rows=0 global_m_seq=1024 elapsed_ms=3 concurrent_grant_ms=Some(0)
page=5 rows=0 global_m_seq=1280 elapsed_ms=3 concurrent_grant_ms=Some(0)
page=6 rows=0 global_m_seq=1536 elapsed_ms=7 concurrent_grant_ms=Some(1)
page=7 rows=0 global_m_seq=1792 elapsed_ms=3 concurrent_grant_ms=Some(1)
page=8 rows=0 global_m_seq=2048 elapsed_ms=3 concurrent_grant_ms=Some(1)
page=9 rows=0 global_m_seq=2304 elapsed_ms=3 concurrent_grant_ms=Some(0)
page=10 rows=0 global_m_seq=2560 elapsed_ms=3 concurrent_grant_ms=Some(0)
page=11 rows=0 global_m_seq=2816 elapsed_ms=3 concurrent_grant_ms=Some(0)
page=12 rows=0 global_m_seq=3072 elapsed_ms=3 concurrent_grant_ms=Some(0)
page=13 rows=0 global_m_seq=3328 elapsed_ms=3 concurrent_grant_ms=Some(0)
page=14 rows=0 global_m_seq=3584 elapsed_ms=3 concurrent_grant_ms=Some(0)
page=15 rows=0 global_m_seq=3840 elapsed_ms=3 concurrent_grant_ms=Some(0)
page=16 rows=0 global_m_seq=4096 elapsed_ms=3 concurrent_grant_ms=Some(0)
page=17 rows=0 global_m_seq=4352 elapsed_ms=3 concurrent_grant_ms=Some(0)
page=18 rows=24 global_m_seq=4608 elapsed_ms=35 concurrent_grant_ms=Some(0)
page=19 rows=33 global_m_seq=4864 elapsed_ms=53 concurrent_grant_ms=Some(1)
page=20 rows=80 global_m_seq=5120 elapsed_ms=118 concurrent_grant_ms=Some(1)
page=21 rows=79 global_m_seq=5376 elapsed_ms=133 concurrent_grant_ms=Some(1)
page=22 rows=78 global_m_seq=5632 elapsed_ms=149 concurrent_grant_ms=Some(1)
page=23 rows=78 global_m_seq=5888 elapsed_ms=162 concurrent_grant_ms=Some(1)
page=24 rows=78 global_m_seq=6144 elapsed_ms=176 concurrent_grant_ms=Some(1)
page=25 rows=77 global_m_seq=6400 elapsed_ms=193 concurrent_grant_ms=Some(1)
page=26 rows=76 global_m_seq=6656 elapsed_ms=204 concurrent_grant_ms=Some(1)
page=27 rows=78 global_m_seq=6912 elapsed_ms=231 concurrent_grant_ms=Some(1)
page=28 rows=77 global_m_seq=7168 elapsed_ms=238 concurrent_grant_ms=Some(1)
page=29 rows=78 global_m_seq=7424 elapsed_ms=260 concurrent_grant_ms=Some(1)
page=30 rows=79 global_m_seq=7680 elapsed_ms=275 concurrent_grant_ms=Some(1)
page=31 rows=78 global_m_seq=7936 elapsed_ms=284 concurrent_grant_ms=Some(1)
page=32 rows=77 global_m_seq=8192 elapsed_ms=299 concurrent_grant_ms=Some(1)
page=33 rows=78 global_m_seq=8448 elapsed_ms=310 concurrent_grant_ms=Some(1)
page=34 rows=78 global_m_seq=8704 elapsed_ms=330 concurrent_grant_ms=Some(1)
page=35 rows=76 global_m_seq=8960 elapsed_ms=245 concurrent_grant_ms=Some(1)
page=36 rows=77 global_m_seq=9216 elapsed_ms=353 concurrent_grant_ms=Some(1)
page=37 rows=79 global_m_seq=9472 elapsed_ms=204 concurrent_grant_ms=Some(2)
page=38 rows=78 global_m_seq=9728 elapsed_ms=332 concurrent_grant_ms=Some(1)
page=39 rows=77 global_m_seq=9984 elapsed_ms=238 concurrent_grant_ms=Some(1)
page=40 rows=75 global_m_seq=10240 elapsed_ms=230 concurrent_grant_ms=Some(1)
page=41 rows=76 global_m_seq=10496 elapsed_ms=249 concurrent_grant_ms=Some(1)
page=42 rows=78 global_m_seq=10752 elapsed_ms=276 concurrent_grant_ms=Some(4)
page=43 rows=77 global_m_seq=11008 elapsed_ms=259 concurrent_grant_ms=Some(2)
page=44 rows=76 global_m_seq=11264 elapsed_ms=519 concurrent_grant_ms=Some(1)
page=45 rows=79 global_m_seq=11520 elapsed_ms=278 concurrent_grant_ms=Some(2)
page=46 rows=77 global_m_seq=11776 elapsed_ms=557 concurrent_grant_ms=Some(6)
page=47 rows=76 global_m_seq=12032 elapsed_ms=295 concurrent_grant_ms=Some(2)
page=48 rows=77 global_m_seq=12288 elapsed_ms=532 concurrent_grant_ms=Some(1)
page=49 rows=77 global_m_seq=12544 elapsed_ms=323 concurrent_grant_ms=Some(1)
page=50 rows=77 global_m_seq=12800 elapsed_ms=317 concurrent_grant_ms=Some(1)
page=51 rows=78 global_m_seq=13056 elapsed_ms=374 concurrent_grant_ms=Some(1)
page=52 rows=78 global_m_seq=13312 elapsed_ms=381 concurrent_grant_ms=Some(1)
page=53 rows=80 global_m_seq=13568 elapsed_ms=411 concurrent_grant_ms=Some(1)
page=54 rows=77 global_m_seq=13824 elapsed_ms=400 concurrent_grant_ms=Some(1)
page=55 rows=80 global_m_seq=14080 elapsed_ms=399 concurrent_grant_ms=Some(1)
page=56 rows=78 global_m_seq=14336 elapsed_ms=369 concurrent_grant_ms=Some(2)
page=57 rows=79 global_m_seq=14592 elapsed_ms=384 concurrent_grant_ms=Some(1)
page=58 rows=79 global_m_seq=14848 elapsed_ms=368 concurrent_grant_ms=Some(1)
page=59 rows=78 global_m_seq=15104 elapsed_ms=370 concurrent_grant_ms=Some(1)
page=60 rows=79 global_m_seq=15360 elapsed_ms=369 concurrent_grant_ms=Some(1)
page=61 rows=78 global_m_seq=15616 elapsed_ms=374 concurrent_grant_ms=Some(1)
page=62 rows=77 global_m_seq=15872 elapsed_ms=370 concurrent_grant_ms=Some(1)
page=63 rows=80 global_m_seq=16128 elapsed_ms=375 concurrent_grant_ms=Some(1)
page=64 rows=78 global_m_seq=16384 elapsed_ms=361 concurrent_grant_ms=Some(1)
page=65 rows=78 global_m_seq=16640 elapsed_ms=371 concurrent_grant_ms=Some(1)
page=66 rows=78 global_m_seq=16896 elapsed_ms=355 concurrent_grant_ms=Some(1)
page=67 rows=79 global_m_seq=17152 elapsed_ms=367 concurrent_grant_ms=Some(1)
page=68 rows=81 global_m_seq=17408 elapsed_ms=359 concurrent_grant_ms=Some(1)
page=69 rows=78 global_m_seq=17664 elapsed_ms=373 concurrent_grant_ms=Some(1)
page=70 rows=79 global_m_seq=17920 elapsed_ms=376 concurrent_grant_ms=Some(1)
page=71 rows=78 global_m_seq=18176 elapsed_ms=383 concurrent_grant_ms=Some(1)
page=72 rows=79 global_m_seq=18432 elapsed_ms=364 concurrent_grant_ms=Some(1)
page=73 rows=78 global_m_seq=18688 elapsed_ms=375 concurrent_grant_ms=Some(1)
page=74 rows=78 global_m_seq=18944 elapsed_ms=361 concurrent_grant_ms=Some(0)
page=75 rows=78 global_m_seq=19200 elapsed_ms=386 concurrent_grant_ms=Some(1)
page=76 rows=78 global_m_seq=19456 elapsed_ms=366 concurrent_grant_ms=Some(0)
page=77 rows=80 global_m_seq=19712 elapsed_ms=378 concurrent_grant_ms=Some(2)
page=78 rows=78 global_m_seq=19968 elapsed_ms=357 concurrent_grant_ms=Some(1)
page=79 rows=79 global_m_seq=20224 elapsed_ms=371 concurrent_grant_ms=Some(2)
page=80 rows=79 global_m_seq=20480 elapsed_ms=355 concurrent_grant_ms=Some(1)
page=81 rows=78 global_m_seq=20736 elapsed_ms=367 concurrent_grant_ms=Some(2)
page=82 rows=77 global_m_seq=20992 elapsed_ms=361 concurrent_grant_ms=Some(1)
page=83 rows=79 global_m_seq=21248 elapsed_ms=389 concurrent_grant_ms=Some(1)
page=84 rows=78 global_m_seq=21504 elapsed_ms=366 concurrent_grant_ms=Some(1)
page=85 rows=78 global_m_seq=21760 elapsed_ms=372 concurrent_grant_ms=Some(1)
page=86 rows=80 global_m_seq=22016 elapsed_ms=365 concurrent_grant_ms=Some(1)
page=87 rows=76 global_m_seq=22272 elapsed_ms=373 concurrent_grant_ms=Some(1)
page=88 rows=79 global_m_seq=22528 elapsed_ms=366 concurrent_grant_ms=Some(1)
page=89 rows=79 global_m_seq=22784 elapsed_ms=379 concurrent_grant_ms=Some(2)
page=90 rows=79 global_m_seq=23040 elapsed_ms=367 concurrent_grant_ms=Some(0)
page=91 rows=80 global_m_seq=23296 elapsed_ms=381 concurrent_grant_ms=Some(2)
page=92 rows=79 global_m_seq=23552 elapsed_ms=359 concurrent_grant_ms=Some(2)
page=93 rows=36 global_m_seq=23673 elapsed_ms=558 concurrent_grant_ms=Some(1)
page=94 rows=0 global_m_seq=23673 elapsed_ms=255 concurrent_grant_ms=Some(2)

thread 'live_read_only_projection_cost_witness' (3724585) panicked at crates/health-services/tests/manager_query_source.rs:129:5:
live M run did not witness a concurrent grant during a >=5s page
note: run with `RUST_BACKTRACE=1` environment variable to display a backtrace
test live_read_only_projection_cost_witness ... FAILED

failures:

failures:
    live_read_only_projection_cost_witness

test result: FAILED. 0 passed; 1 failed; 0 ignored; 0 measured; 21 filtered out; finished in 25.27s

error: test failed, to rerun pass `-p tos-health-services --test manager_query_source`
