[0/1] Re-running CMake...
-- Use openssl: /tmp/uno-publication-build/third-party/openssl/lib/libcrypto.a
Add rocksdb
-- CMAKE_BUILD_TYPE is set to Release
-- Could NOT find uring (missing: uring_LIBRARIES uring_INCLUDE_DIR) 
-- Enabling RTTI in all builds
-- ROCKSDB_PLUGINS: 
-- ROCKSDB PLUGINS TO BUILD 
-- JNI library is disabled
Add abseil-cpp
Add crc32c
Add ngtcp2 with custom OpenSSL from /tmp/uno-publication-build/third-party/openssl
-- Could NOT find Libev (missing: LIBEV_LIBRARY LIBEV_INCLUDE_DIR) (Required is at least version "4.11")
-- Could NOT find Libnghttp3 (missing: LIBNGHTTP3_LIBRARY LIBNGHTTP3_INCLUDE_DIR) (Required is at least version "1.14.0")
-- Could NOT find Libbrotlienc (missing: LIBBROTLIENC_LIBRARY LIBBROTLIENC_INCLUDE_DIR) (Required is at least version "1.0.9")
-- Could NOT find Libbrotlidec (missing: LIBBROTLIDEC_LIBRARY LIBBROTLIDEC_INCLUDE_DIR) (Required is at least version "1.0.9")
CMake Warning at third-party/ngtcp2/crypto/CMakeLists.txt:31 (message):
  libngtcp2_crypto_quictls library is disabled due to lack of good quictls


CMake Warning at third-party/ngtcp2/crypto/CMakeLists.txt:37 (message):
  libngtcp2_crypto_libressl library is disabled due to lack of good LibreSSL


-- summary of build options:

    Package version: 1.22.0
    Library version: 24:0:8
    Install prefix:  /usr
    Target system:   Linux
    Compiler:
      Build type:     Release
      C compiler:     /usr/bin/clang
      CFLAGS:         -O3  
      C++ compiler:   /usr/bin/clang++
      CXXFLAGS:       -O3  
      WARNCFLAGS:       -Wextra -Wall -Wconversion -Winline -Wmissing-declarations -Wmissing-prototypes -Wnested-externs -Wpointer-arith -Wshadow -Wundef -Wwrite-strings -Waddress -Wattributes -Wcast-align -Wdeclaration-after-statement -Wdiv-by-zero -Wempty-body -Wendif-labels -Wfloat-equal -Wformat-nonliteral -Wformat-security -Wmissing-field-initializers -Wmissing-noreturn -Wno-format-nonliteral -Wredundant-decls -Wsign-conversion -Wstrict-prototypes -Wunreachable-code -Wunused-macros -Wunused-parameter -Wvla -Wshorten-64-to-32 -Wlanguage-extension-token -Wpragmas -Wunreachable-code-break -Wheader-guard -Wsometimes-uninitialized -Wmissing-variable-declarations
      WARNCXXFLAGS:     -Wall -Wformat-security -Wno-extern-c-compat -Wsometimes-uninitialized -Wno-noexcept-type
    Library:
      Shared:         ON
      Static:         ON
    Test:
      Build Test:     OFF
    Libs:
      OpenSSL:        TRUE (LIBS='/tmp/uno-publication-build/third-party/openssl/lib/libssl.a;/tmp/uno-publication-build/third-party/openssl/lib/libcrypto.a;dl')
      Libev:          FALSE (LIBS='')
      Libnghttp3:     FALSE (LIBS='')
      GnuTLS:         FALSE (LIBS='')
      BoringSSL:      FALSE (LIBS='')
      Picotls:        FALSE (LIBS='')
      wolfSSL:        FALSE (LIBS='')
      Jemalloc:        (LIBS='')
      Libbrotlienc:   FALSE (LIBS='')
      Libbrotlidec:   FALSE (LIBS='')

Add tl-parser
Add tos
-- Use Secp256k1: /tmp/uno-publication-build/third-party/secp256k1/lib/libsecp256k1.a
-- Building libbacktrace from: /home/tomi/tos-m2/third-party/libbacktrace
-- Using preconfigured zlib: /tmp/uno-publication-build/third-party/zlib/lib/libz.a
-- Using ccache
-- Using zlib /tmp/uno-publication-build/third-party/zlib/lib/libz.a
-- Found ZLIB: /tmp/uno-publication-build/third-party/zlib/include /tmp/uno-publication-build/third-party/zlib/lib/libz.a
-- Using libbacktrace for enhanced stack traces
-- Found LZ4 /tmp/uno-publication-build/third-party/lz4/lib/liblz4.a /home/tomi/tos-m2/third-party/lz4/lib
-- Checking for module 'benchmark'
--   No package 'benchmark' found
-- Google Benchmark not found via pkg-config - gbench-coro target disabled
-- Found Readline: /usr/include /usr/lib/x86_64-linux-gnu/libreadline.so
-- Using Sodium /tmp/uno-publication-build/third-party/sodium/lib/libsodium.a
-- Configuring done
-- Generating done
-- Build files have been written to: /tmp/uno-publication-build
[1/57] Checking the git repository for changes...
[2/57] Building CXX object CMakeFiles/git.dir/git.cc.o
[3/57] Linking CXX static library libgit.a
[4/57] Linking CXX executable crypto/func
[5/57] Compile FunC stdlib TVM v6 fee primitive coverage
[6/57] Linking CXX executable crypto/fift
[7/57] Generate /tmp/uno-publication-build/crypto/smartcont/auto/wallet-code.fif
[8/57] Generate /tmp/uno-publication-build/crypto/smartcont/auto/simple-wallet-code.fif
[9/57] Generate /tmp/uno-publication-build/crypto/smartcont/auto/highload-wallet-code.fif
[10/57] Generate /tmp/uno-publication-build/crypto/smartcont/auto/restricted-wallet2-code.fif
[11/57] Generate /tmp/uno-publication-build/crypto/smartcont/auto/restricted-wallet-code.fif
[12/57] Generate /tmp/uno-publication-build/crypto/smartcont/auto/wallet3-code.fif
[13/57] Generate /tmp/uno-publication-build/crypto/smartcont/auto/session-wallet-code.fif
[14/57] Generate /tmp/uno-publication-build/crypto/smartcont/auto/wallet-v5-code.fif
[15/57] Generate /tmp/uno-publication-build/crypto/smartcont/auto/simple-wallet-ext-code.fif
[16/57] Generate /tmp/uno-publication-build/crypto/smartcont/auto/wallet-v4-code.fif
[17/57] Generate /tmp/uno-publication-build/crypto/smartcont/auto/restricted-wallet3-code.fif
[18/57] Generate /tmp/uno-publication-build/crypto/smartcont/auto/highload-wallet-v2-code.fif
[19/57] Generate /tmp/uno-publication-build/crypto/smartcont/auto/dns-manual-code.fif
[20/57] Generate /tmp/uno-publication-build/crypto/smartcont/auto/pow-testgiver-code.fif
[21/57] Generate /tmp/uno-publication-build/crypto/smartcont/auto/payment-channel-code.fif
[22/57] Generate /tmp/uno-publication-build/crypto/smartcont/auto/multisig-code.fif
[23/57] Generate /tmp/uno-publication-build/crypto/smartcont/auto/wallet-code.cpp
[24/57] Generate /tmp/uno-publication-build/crypto/smartcont/auto/simple-wallet-code.cpp
[25/57] Generate /tmp/uno-publication-build/crypto/smartcont/auto/highload-wallet-code.cpp
[26/57] Generate /tmp/uno-publication-build/crypto/smartcont/auto/restricted-wallet-code.cpp
[27/57] Generate /tmp/uno-publication-build/crypto/smartcont/auto/session-wallet-code.cpp
[28/57] Generate /tmp/uno-publication-build/crypto/smartcont/auto/restricted-wallet3-code.cpp
[29/57] Generate /tmp/uno-publication-build/crypto/smartcont/auto/simple-wallet-ext-code.cpp
[30/57] Generate /tmp/uno-publication-build/crypto/smartcont/auto/agent-account-code.fif
[31/57] Generate /tmp/uno-publication-build/crypto/smartcont/auto/highload-wallet-v2-code.cpp
[32/57] Generate /tmp/uno-publication-build/crypto/smartcont/auto/wallet-v5-code.cpp
[33/57] Generate /tmp/uno-publication-build/crypto/smartcont/auto/wallet-v4-code.cpp
[34/57] Generate /tmp/uno-publication-build/crypto/smartcont/auto/wallet3-code.cpp
[35/57] Generate /tmp/uno-publication-build/crypto/smartcont/auto/config-code.fif
[36/57] Generate /tmp/uno-publication-build/crypto/smartcont/auto/dns-auto-code.fif
[37/57] Generate /tmp/uno-publication-build/crypto/smartcont/auto/restricted-wallet2-code.cpp
[38/57] Generate /tmp/uno-publication-build/crypto/smartcont/auto/dns-manual-code.cpp
[39/57] Generate /tmp/uno-publication-build/crypto/smartcont/auto/task-escrow-code.fif
[40/57] Generate /tmp/uno-publication-build/crypto/smartcont/auto/pow-testgiver-code.cpp
[41/57] Generate /tmp/uno-publication-build/crypto/smartcont/auto/payment-channel-code.cpp
[42/57] Generate /tmp/uno-publication-build/crypto/smartcont/auto/multisig-code.cpp
[43/57] Generate /tmp/uno-publication-build/crypto/smartcont/auto/agent-account-code.cpp
[44/57] Generate /tmp/uno-publication-build/crypto/smartcont/auto/dns-auto-code.cpp
[45/57] Generate /tmp/uno-publication-build/crypto/smartcont/auto/config-code.cpp
[46/57] Generate /tmp/uno-publication-build/crypto/smartcont/auto/task-escrow-code.cpp
[47/57] Generate /tmp/uno-publication-build/crypto/smartcont/auto/elector-code.fif
[48/57] Generate /tmp/uno-publication-build/crypto/smartcont/auto/elector-code.cpp
[49/57] Generate /tmp/uno-publication-build/crypto/smartcont/auto/prediction-market-code.fif
[50/57] Verify and embed the frozen TOS Service Protocol stablecoin escrow v1 BOC
NOTE: escrow v1 is deprecated (superseded by v2); this build exists only to verify the frozen historical artifact.
NOTE: escrow v1 is deprecated (superseded by v2); this build exists only to verify the frozen historical artifact.
[51/57] Generate /tmp/uno-publication-build/crypto/smartcont/auto/prediction-market-code.cpp
[52/57] Verify and embed the frozen TOS Service Protocol stablecoin escrow v2 BOC
[53/57] Verify and embed the frozen TOS Native Service Registry BOC
[54/57] Building CXX object crypto/CMakeFiles/smc-envelope.dir/smc-envelope/SmartContractCode.cpp.o
[55/57] Linking CXX static library crypto/libsmc-envelope.a
[56/57] Linking CXX executable crypto/create-state
[57/57] Linking CXX executable test-smartcont
