ninja explain: output ../CMake/AndroidThirdParty.cmake of phony edge with no inputs doesn't exist
ninja explain: ../CMake/AndroidThirdParty.cmake is dirty
ninja explain: ../CMake/BuildBLST.cmake is dirty
ninja explain: ../CMake/BuildLZ4.cmake is dirty
ninja explain: ../CMake/BuildLibbacktrace.cmake is dirty
ninja explain: ../CMake/BuildMHD.cmake is dirty
ninja explain: ../CMake/BuildOpenSSL.cmake is dirty
ninja explain: ../CMake/BuildSECP256K1.cmake is dirty
ninja explain: ../CMake/BuildSodium.cmake is dirty
ninja explain: ../CMake/BuildZlib.cmake is dirty
ninja explain: ../CMake/FindReadline.cmake is dirty
ninja explain: ../CMakeLists.txt is dirty
ninja explain: ../adnl/CMakeLists.txt is dirty
ninja explain: ../blockchain-explorer/CMakeLists.txt is dirty
ninja explain: ../common/CMakeLists.txt is dirty
ninja explain: ../create-hardfork/CMakeLists.txt is dirty
ninja explain: ../crypto/CMakeLists.txt is dirty
ninja explain: ../crypto/test/workchain-activation-control.cmake is dirty
ninja explain: ../dht-server/CMakeLists.txt is dirty
ninja explain: ../dht/CMakeLists.txt is dirty
ninja explain: ../emulator/CMakeLists.txt is dirty
ninja explain: ../fec/CMakeLists.txt is dirty
ninja explain: ../git_watcher.cmake is dirty
ninja explain: ../http/CMakeLists.txt is dirty
ninja explain: ../keyring/CMakeLists.txt is dirty
ninja explain: ../keys/CMakeLists.txt is dirty
ninja explain: ../lite-client/CMakeLists.txt is dirty
ninja explain: ../memprof/CMakeLists.txt is dirty
ninja explain: ../metrics/CMakeLists.txt is dirty
ninja explain: ../overlay/CMakeLists.txt is dirty
ninja explain: ../quic/CMakeLists.txt is dirty
ninja explain: ../rldp-http-proxy/CMakeLists.txt is dirty
ninja explain: ../rldp2/CMakeLists.txt is dirty
ninja explain: ../storage/CMakeLists.txt is dirty
ninja explain: ../storage/storage-daemon/CMakeLists.txt is dirty
ninja explain: ../tdactor/CMakeLists.txt is dirty
ninja explain: ../tdactor/benchmark/CMakeLists.txt is dirty
ninja explain: ../tdactor/test/CMakeLists.txt is dirty
ninja explain: ../tddb/CMakeLists.txt is dirty
ninja explain: ../tdfec/CMakeLists.txt is dirty
ninja explain: ../tdfec/benchmark/CMakeLists.txt is dirty
ninja explain: ../tdnet/CMakeLists.txt is dirty
ninja explain: ../tdtl/CMakeLists.txt is dirty
ninja explain: ../tdutils/CMakeLists.txt is dirty
ninja explain: ../tdutils/generate/CMakeLists.txt is dirty
ninja explain: ../tdutils/td/utils/config.h.in is dirty
ninja explain: ../terminal/CMakeLists.txt is dirty
ninja explain: ../test/CMakeLists.txt is dirty
ninja explain: ../test/tdactor/CMakeLists.txt is dirty
ninja explain: ../test/tdutils/CMakeLists.txt is dirty
ninja explain: ../test/toslib/CMakeLists.txt is dirty
ninja explain: ../test/validator/CMakeLists.txt is dirty
ninja explain: ../test/validator/consensus/CMakeLists.txt is dirty
ninja explain: ../third-party/abseil-cpp/CMake/AbseilDll.cmake is dirty
ninja explain: ../third-party/abseil-cpp/CMake/AbseilHelpers.cmake is dirty
ninja explain: ../third-party/abseil-cpp/CMakeLists.txt is dirty
ninja explain: ../third-party/abseil-cpp/absl/CMakeLists.txt is dirty
ninja explain: ../third-party/abseil-cpp/absl/algorithm/CMakeLists.txt is dirty
ninja explain: ../third-party/abseil-cpp/absl/base/CMakeLists.txt is dirty
ninja explain: ../third-party/abseil-cpp/absl/cleanup/CMakeLists.txt is dirty
ninja explain: ../third-party/abseil-cpp/absl/container/CMakeLists.txt is dirty
ninja explain: ../third-party/abseil-cpp/absl/copts/AbseilConfigureCopts.cmake is dirty
ninja explain: ../third-party/abseil-cpp/absl/copts/GENERATED_AbseilCopts.cmake is dirty
ninja explain: ../third-party/abseil-cpp/absl/crc/CMakeLists.txt is dirty
ninja explain: ../third-party/abseil-cpp/absl/debugging/CMakeLists.txt is dirty
ninja explain: ../third-party/abseil-cpp/absl/flags/CMakeLists.txt is dirty
ninja explain: ../third-party/abseil-cpp/absl/functional/CMakeLists.txt is dirty
ninja explain: ../third-party/abseil-cpp/absl/hash/CMakeLists.txt is dirty
ninja explain: ../third-party/abseil-cpp/absl/log/CMakeLists.txt is dirty
ninja explain: ../third-party/abseil-cpp/absl/memory/CMakeLists.txt is dirty
ninja explain: ../third-party/abseil-cpp/absl/meta/CMakeLists.txt is dirty
ninja explain: ../third-party/abseil-cpp/absl/numeric/CMakeLists.txt is dirty
ninja explain: ../third-party/abseil-cpp/absl/profiling/CMakeLists.txt is dirty
ninja explain: ../third-party/abseil-cpp/absl/random/CMakeLists.txt is dirty
ninja explain: ../third-party/abseil-cpp/absl/status/CMakeLists.txt is dirty
ninja explain: ../third-party/abseil-cpp/absl/strings/CMakeLists.txt is dirty
ninja explain: ../third-party/abseil-cpp/absl/synchronization/CMakeLists.txt is dirty
ninja explain: ../third-party/abseil-cpp/absl/time/CMakeLists.txt is dirty
ninja explain: ../third-party/abseil-cpp/absl/types/CMakeLists.txt is dirty
ninja explain: ../third-party/abseil-cpp/absl/utility/CMakeLists.txt is dirty
ninja explain: ../third-party/crc32c/CMakeLists.txt is dirty
ninja explain: ../third-party/crc32c/src/crc32c_config.h.in is dirty
ninja explain: ../third-party/ngtcp2/CMakeLists.txt is dirty
ninja explain: ../third-party/ngtcp2/CMakeOptions.txt is dirty
ninja explain: ../third-party/ngtcp2/cmake/FindLibbrotlidec.cmake is dirty
ninja explain: ../third-party/ngtcp2/cmake/FindLibbrotlienc.cmake is dirty
ninja explain: ../third-party/ngtcp2/cmake/FindLibev.cmake is dirty
ninja explain: ../third-party/ngtcp2/cmake/FindLibnghttp3.cmake is dirty
ninja explain: ../third-party/ngtcp2/cmake/PickyWarningsC.cmake is dirty
ninja explain: ../third-party/ngtcp2/cmake/PickyWarningsCXX.cmake is dirty
ninja explain: ../third-party/ngtcp2/cmake/Version.cmake is dirty
ninja explain: ../third-party/ngtcp2/cmakeconfig.h.in is dirty
ninja explain: ../third-party/ngtcp2/crypto/CMakeLists.txt is dirty
ninja explain: ../third-party/ngtcp2/crypto/includes/CMakeLists.txt is dirty
ninja explain: ../third-party/ngtcp2/crypto/ossl/CMakeLists.txt is dirty
ninja explain: ../third-party/ngtcp2/crypto/ossl/libngtcp2_crypto_ossl.pc.in is dirty
ninja explain: ../third-party/ngtcp2/examples/CMakeLists.txt is dirty
ninja explain: ../third-party/ngtcp2/lib/CMakeLists.txt is dirty
ninja explain: ../third-party/ngtcp2/lib/config.cmake.in is dirty
ninja explain: ../third-party/ngtcp2/lib/includes/CMakeLists.txt is dirty
ninja explain: ../third-party/ngtcp2/lib/includes/ngtcp2/version.h.in is dirty
ninja explain: ../third-party/ngtcp2/lib/libngtcp2.pc.in is dirty
ninja explain: ../third-party/ngtcp2/third-party/CMakeLists.txt is dirty
ninja explain: ../third-party/rocksdb/CMakeLists.txt is dirty
ninja explain: ../third-party/rocksdb/cmake/RocksDBConfig.cmake.in is dirty
ninja explain: ../third-party/rocksdb/cmake/modules/Finduring.cmake is dirty
ninja explain: ../third-party/rocksdb/cmake/modules/ReadVersion.cmake is dirty
ninja explain: ../third-party/rocksdb/rocksdb.pc.in is dirty
ninja explain: ../third-party/rocksdb/third-party/gtest-1.8.1/fused-src/gtest/CMakeLists.txt is dirty
ninja explain: ../third-party/rocksdb/tools/CMakeLists.txt is dirty
ninja explain: ../third-party/rocksdb/util/build_version.cc.in is dirty
ninja explain: ../third-party/tl-parser/CMakeLists.txt is dirty
ninja explain: ../tl-utils/CMakeLists.txt is dirty
ninja explain: ../tl/CMakeLists.txt is dirty
ninja explain: ../tl/generate/CMakeLists.txt is dirty
ninja explain: ../tol/CMakeLists.txt is dirty
ninja explain: ../toslib/CMakeLists.txt is dirty
ninja explain: ../uno/crypto/CMakeLists.txt is dirty
ninja explain: ../uno/crypto/RequireCargo.cmake is dirty
ninja explain: ../utils/CMakeLists.txt is dirty
ninja explain: ../validator-engine-console/CMakeLists.txt is dirty
ninja explain: ../validator-engine/CMakeLists.txt is dirty
ninja explain: ../validator/CMakeLists.txt is dirty
ninja explain: ../validator/impl/CMakeLists.txt is dirty
ninja explain: /usr/share/cmake-3.22/Modules/BasicConfigVersion-ExactVersion.cmake.in is dirty
ninja explain: /usr/share/cmake-3.22/Modules/BasicConfigVersion-SameMajorVersion.cmake.in is dirty
ninja explain: /usr/share/cmake-3.22/Modules/CMakeASMInformation.cmake is dirty
ninja explain: /usr/share/cmake-3.22/Modules/CMakeCInformation.cmake is dirty
ninja explain: /usr/share/cmake-3.22/Modules/CMakeCXXInformation.cmake is dirty
ninja explain: /usr/share/cmake-3.22/Modules/CMakeCheckCompilerFlagCommonPatterns.cmake is dirty
ninja explain: /usr/share/cmake-3.22/Modules/CMakeCommonLanguageInclude.cmake is dirty
ninja explain: /usr/share/cmake-3.22/Modules/CMakeDependentOption.cmake is dirty
ninja explain: /usr/share/cmake-3.22/Modules/CMakeGenericSystem.cmake is dirty
ninja explain: /usr/share/cmake-3.22/Modules/CMakeInitializeConfigs.cmake is dirty
ninja explain: /usr/share/cmake-3.22/Modules/CMakeLanguageInformation.cmake is dirty
ninja explain: /usr/share/cmake-3.22/Modules/CMakePackageConfigHelpers.cmake is dirty
ninja explain: /usr/share/cmake-3.22/Modules/CMakeParseArguments.cmake is dirty
ninja explain: /usr/share/cmake-3.22/Modules/CMakePushCheckState.cmake is dirty
ninja explain: /usr/share/cmake-3.22/Modules/CMakeSystemSpecificInformation.cmake is dirty
ninja explain: /usr/share/cmake-3.22/Modules/CMakeSystemSpecificInitialize.cmake is dirty
ninja explain: /usr/share/cmake-3.22/Modules/CTest.cmake is dirty
ninja explain: /usr/share/cmake-3.22/Modules/CTestUseLaunchers.cmake is dirty
ninja explain: /usr/share/cmake-3.22/Modules/CheckCCompilerFlag.cmake is dirty
ninja explain: /usr/share/cmake-3.22/Modules/CheckCSourceCompiles.cmake is dirty
ninja explain: /usr/share/cmake-3.22/Modules/CheckCXXCompilerFlag.cmake is dirty
ninja explain: /usr/share/cmake-3.22/Modules/CheckCXXSourceCompiles.cmake is dirty
ninja explain: /usr/share/cmake-3.22/Modules/CheckCXXSymbolExists.cmake is dirty
ninja explain: /usr/share/cmake-3.22/Modules/CheckFunctionExists.cmake is dirty
ninja explain: /usr/share/cmake-3.22/Modules/CheckIncludeFile.cmake is dirty
ninja explain: /usr/share/cmake-3.22/Modules/CheckIncludeFileCXX.cmake is dirty
ninja explain: /usr/share/cmake-3.22/Modules/CheckLibraryExists.cmake is dirty
ninja explain: /usr/share/cmake-3.22/Modules/CheckSymbolExists.cmake is dirty
ninja explain: /usr/share/cmake-3.22/Modules/CheckTypeSize.cmake is dirty
ninja explain: /usr/share/cmake-3.22/Modules/Compiler/CMakeCommonCompilerMacros.cmake is dirty
ninja explain: /usr/share/cmake-3.22/Modules/Compiler/Clang-ASM.cmake is dirty
ninja explain: /usr/share/cmake-3.22/Modules/Compiler/Clang-C.cmake is dirty
ninja explain: /usr/share/cmake-3.22/Modules/Compiler/Clang-CXX.cmake is dirty
ninja explain: /usr/share/cmake-3.22/Modules/Compiler/Clang.cmake is dirty
ninja explain: /usr/share/cmake-3.22/Modules/Compiler/GNU.cmake is dirty
ninja explain: /usr/share/cmake-3.22/Modules/ExternalProject.cmake is dirty
ninja explain: /usr/share/cmake-3.22/Modules/FindBLAS.cmake is dirty
ninja explain: /usr/share/cmake-3.22/Modules/FindGit.cmake is dirty
ninja explain: /usr/share/cmake-3.22/Modules/FindOpenSSL.cmake is dirty
ninja explain: /usr/share/cmake-3.22/Modules/FindPackageHandleStandardArgs.cmake is dirty
ninja explain: /usr/share/cmake-3.22/Modules/FindPackageMessage.cmake is dirty
ninja explain: /usr/share/cmake-3.22/Modules/FindPkgConfig.cmake is dirty
ninja explain: /usr/share/cmake-3.22/Modules/FindPython/Support.cmake is dirty
ninja explain: /usr/share/cmake-3.22/Modules/FindPython3.cmake is dirty
ninja explain: /usr/share/cmake-3.22/Modules/FindThreads.cmake is dirty
ninja explain: /usr/share/cmake-3.22/Modules/GNUInstallDirs.cmake is dirty
ninja explain: /usr/share/cmake-3.22/Modules/GenerateExportHeader.cmake is dirty
ninja explain: /usr/share/cmake-3.22/Modules/GoogleTest.cmake is dirty
ninja explain: /usr/share/cmake-3.22/Modules/Internal/CheckCompilerFlag.cmake is dirty
ninja explain: /usr/share/cmake-3.22/Modules/Internal/CheckSourceCompiles.cmake is dirty
ninja explain: /usr/share/cmake-3.22/Modules/Platform/Linux-Clang-C.cmake is dirty
ninja explain: /usr/share/cmake-3.22/Modules/Platform/Linux-Clang-CXX.cmake is dirty
ninja explain: /usr/share/cmake-3.22/Modules/Platform/Linux-GNU-C.cmake is dirty
ninja explain: /usr/share/cmake-3.22/Modules/Platform/Linux-GNU-CXX.cmake is dirty
ninja explain: /usr/share/cmake-3.22/Modules/Platform/Linux-GNU.cmake is dirty
ninja explain: /usr/share/cmake-3.22/Modules/Platform/Linux.cmake is dirty
ninja explain: /usr/share/cmake-3.22/Modules/Platform/UnixPaths.cmake is dirty
ninja explain: /usr/share/cmake-3.22/Modules/TestBigEndian.cmake is dirty
ninja explain: /usr/share/cmake-3.22/Modules/WriteBasicConfigVersionFile.cmake is dirty
ninja explain: /usr/share/cmake-3.22/Modules/exportheader.cmake.in is dirty
ninja explain: CMakeCache.txt is dirty
ninja explain: CMakeFiles/3.22.1/CMakeASMCompiler.cmake is dirty
ninja explain: CMakeFiles/3.22.1/CMakeCCompiler.cmake is dirty
ninja explain: CMakeFiles/3.22.1/CMakeCXXCompiler.cmake is dirty
ninja explain: CMakeFiles/3.22.1/CMakeSystem.cmake is dirty
ninja explain: libbacktrace/tmp/libbacktrace_external-cfgcmd.txt.in is dirty
[0/1] Re-running CMake...
