Running test Test_WorkchainBlock_BatchPolicyVersionIdentityAgreement...
[1;31m[ 0][t 0][2026-09-09 10:33:33.195165899][test-workchain-block.cpp:269]	Expectation failed: std::get<block::ResolvedBatchInputPolicy>(result).permits_fee_settlement() is not equal to versions.first == 3 || versions.first == 4 (0 != 1)[0m
[pid 2013336] [time 1788950013] Signal: 6
------- Stack Backtrace -------
/home/tomi/tos/build/test-workchain-block(+0x6308e7)[0x648ded30c8e7]
/home/tomi/tos/build/test-workchain-block(+0xd287d)[0x648decdae87d]
/lib/x86_64-linux-gnu/libc.so.6(+0x42520)[0x790598c42520]
/lib/x86_64-linux-gnu/libc.so.6(pthread_kill+0x12c)[0x790598c969bc]
/lib/x86_64-linux-gnu/libc.so.6(raise+0x16)[0x790598c42476]
/lib/x86_64-linux-gnu/libc.so.6(abort+0xd3)[0x790598c287f3]
/home/tomi/tos/build/test-workchain-block(+0x633ce7)[0x648ded30fce7]
/home/tomi/tos/build/test-workchain-block(+0x633de7)[0x648ded30fde7]
/home/tomi/tos/build/test-workchain-block(+0x633997)[0x648ded30f997]
/home/tomi/tos/build/test-workchain-block(+0x1ec47e)[0x648decec847e]
/home/tomi/tos/build/test-workchain-block(+0x1b056a)[0x648dece8c56a]
/home/tomi/tos/build/test-workchain-block(+0x63dabc)[0x648ded319abc]
/home/tomi/tos/build/test-workchain-block(+0x63d5e8)[0x648ded3195e8]
/home/tomi/tos/build/test-workchain-block(+0xd965f)[0x648decdb565f]
/lib/x86_64-linux-gnu/libc.so.6(+0x29d90)[0x790598c29d90]
/lib/x86_64-linux-gnu/libc.so.6(__libc_start_main+0x80)[0x790598c29e40]
/home/tomi/tos/build/test-workchain-block(+0xd9505)[0x648decdb5505]
-------------------------------
--- Enhanced Backtrace (libbacktrace) ---
    #0  ?? (test-workchain-block+0xd287c) [0x648decdae87c]
    #1  ?? at libc_sigaction.c (libc.so.6+0x4251f) [0x790598c4251f]
    #2  __pthread_kill_implementation at pthread_kill.c:44 (libc.so.6+0x969bc) [0x790598c969bc]
    #3  __pthread_kill_internal at pthread_kill.c:78 (libc.so.6+0x969bc) [0x790598c969bc]
    #4  __GI___pthread_kill at pthread_kill.c:89 (libc.so.6+0x969bc) [0x790598c969bc]
    #5  __GI_raise at raise.c:26 (libc.so.6+0x42475) [0x790598c42475]
    #6  __GI_abort at abort.c:79 (libc.so.6+0x287f2) [0x790598c287f2]
    #7  ?? (test-workchain-block+0x633ce6) [0x648ded30fce6]
    #8  ?? (test-workchain-block+0x633de6) [0x648ded30fde6]
    #9  ?? (test-workchain-block+0x633996) [0x648ded30f996]
    #10  ?? (test-workchain-block+0x1ec47d) [0x648decec847d]
    #11  ?? (test-workchain-block+0x1b0569) [0x648dece8c569]
    #12  ?? (test-workchain-block+0x63dabb) [0x648ded319abb]
    #13  ?? (test-workchain-block+0x63d5e7) [0x648ded3195e7]
    #14  ?? (test-workchain-block+0xd965e) [0x648decdb565e]
    #15  __libc_start_call_main at libc_start_call_main.h:58 (libc.so.6+0x29d8f) [0x790598c29d8f]
    #16  __libc_start_main_impl at libc-start.c:392 (libc.so.6+0x29e3f) [0x790598c29e3f]
    #17  ?? (test-workchain-block+0xd9504) [0x648decdb5504]
    #18  P\þ (unknown+0xffffffffffffffff) [0xffffffffffffffff]
------------------------------------------
[Thread debugging using libthread_db enabled]
Using host libthread_db library "/lib/x86_64-linux-gnu/libthread_db.so.1".
0x0000790598cea3aa in __GI___wait4 (pid=2013337, stat_loc=0x0, options=0, usage=0x0) at ../sysdeps/unix/sysv/linux/wait4.c:30
30	../sysdeps/unix/sysv/linux/wait4.c: No such file or directory.
[Current thread is 1 (Thread 0x790599371800 (LWP 2013336))]

Thread 1 (Thread 0x790599371800 (LWP 2013336) "test-workchain-"):
#0  0x0000790598cea3aa in __GI___wait4 (pid=2013337, stat_loc=0x0, options=0, usage=0x0) at ../sysdeps/unix/sysv/linux/wait4.c:30
        sc_ret = -512
        sc_ret = <optimized out>
#1  0x0000648ded30cb62 in td::Stacktrace::print_to_stderr(td::Stacktrace::PrintOptions const&) ()
No symbol table info available.
#2  0x0000648decdae87d in td::default_failure_signal_handler(int) ()
No symbol table info available.
#3  <signal handler called>
No locals.
#4  __pthread_kill_implementation (no_tid=0, signo=6, threadid=133064952322048) at ./nptl/pthread_kill.c:44
        tid = <optimized out>
        ret = 0
        pd = 0x790599371800
        old_mask = {__val = {0 <repeats 16 times>}}
        ret = <optimized out>
        pd = <optimized out>
        old_mask = <optimized out>
        ret = <optimized out>
        tid = <optimized out>
        ret = <optimized out>
        resultvar = <optimized out>
        resultvar = <optimized out>
        __arg3 = <optimized out>
        __arg2 = <optimized out>
        __arg1 = <optimized out>
        _a3 = <optimized out>
        _a2 = <optimized out>
        _a1 = <optimized out>
        __futex = <optimized out>
        resultvar = <optimized out>
        __arg3 = <optimized out>
        __arg2 = <optimized out>
        __arg1 = <optimized out>
        _a3 = <optimized out>
        _a2 = <optimized out>
        _a1 = <optimized out>
        __futex = <optimized out>
        __private = <optimized out>
        __oldval = <optimized out>
        result = <optimized out>
#5  __pthread_kill_internal (signo=6, threadid=133064952322048) at ./nptl/pthread_kill.c:78
No locals.
#6  __GI___pthread_kill (threadid=133064952322048, signo=signo@entry=6) at ./nptl/pthread_kill.c:89
No locals.
#7  0x0000790598c42476 in __GI_raise (sig=sig@entry=6) at ../sysdeps/posix/raise.c:26
        ret = <optimized out>
#8  0x0000790598c287f3 in __GI_abort () at ./stdlib/abort.c:79
        save_stage = 1
        act = {__sigaction_handler = {sa_handler = 0x0, sa_sigaction = 0x0}, sa_mask = {__val = {0 <repeats 16 times>}}, sa_flags = 1, sa_restorer = 0x0}
        sigs = {__val = {32, 0 <repeats 15 times>}}
#9  0x0000648ded30fce7 in td::process_fatal_error(td::CSlice) ()
No symbol table info available.
#10 0x0000648ded30fde7 in td::DefaultLog::append(td::CSlice, int) ()
No symbol table info available.
#11 0x0000648ded30f997 in td::Logger::~Logger() ()
No symbol table info available.
#12 0x0000648decec847e in (anonymous namespace)::Test_WorkchainBlock_BatchPolicyVersionIdentityAgreement::run() ()
No symbol table info available.
#13 0x0000648dece8c56a in td::Test::step() ()
No symbol table info available.
#14 0x0000648ded319abc in td::TestsRunner::run_all_step() ()
No symbol table info available.
#15 0x0000648ded3195e8 in td::TestsRunner::run_all() ()
No symbol table info available.
#16 0x0000648decdb565f in main ()
No symbol table info available.
[Inferior 1 (process 2013336) detached]
