   Compiling proc-macro2 v1.0.106
   Compiling unicode-ident v1.0.24
   Compiling quote v1.0.45
   Compiling libc v0.2.183
   Compiling cfg-if v1.0.4
   Compiling version_check v0.9.5
   Compiling typenum v1.19.0
   Compiling subtle v2.6.1
   Compiling shlex v1.3.0
   Compiling find-msvc-tools v0.1.9
   Compiling const-oid v0.9.6
   Compiling autocfg v1.5.0
   Compiling zerocopy v0.8.47
   Compiling base64ct v1.8.3
   Compiling memchr v2.8.0
   Compiling semver v1.0.27
   Compiling serde_core v1.0.228
   Compiling crossbeam-utils v0.8.21
   Compiling itoa v1.0.18
   Compiling zmij v1.0.21
   Compiling serde v1.0.228
   Compiling crunchy v0.2.4
   Compiling cpufeatures v0.2.17
   Compiling either v1.15.0
   Compiling getrandom v0.3.4
   Compiling base16ct v0.2.0
   Compiling serde_json v1.0.149
   Compiling rayon-core v1.13.0
   Compiling once_cell v1.21.4
   Compiling rustix v1.1.4
   Compiling clap_lex v1.1.0
   Compiling static_assertions v1.1.0
   Compiling cpp_demangle v0.5.1
   Compiling plotters-backend v0.3.7
   Compiling arrayvec v0.7.6
   Compiling object v0.37.3
   Compiling anstyle v1.0.14
   Compiling uuid v1.22.0
   Compiling regex-syntax v0.8.10
   Compiling getrandom v0.4.2
   Compiling ciborium-io v0.2.2
   Compiling hex v0.4.3
   Compiling gimli v0.32.3
   Compiling scopeguard v1.2.0
   Compiling tiny-keccak v2.0.2
   Compiling bytemuck v1.25.0
   Compiling cc v1.2.57
   Compiling cast v0.3.0
   Compiling linux-raw-sys v0.12.1
   Compiling rustc_version v0.4.1
   Compiling rustc-demangle v0.1.27
   Compiling byteorder v1.5.0
   Compiling thiserror v1.0.69
   Compiling same-file v1.0.6
   Compiling hashbrown v0.16.1
   Compiling generic-array v0.14.7
   Compiling ahash v0.8.12
   Compiling itertools v0.10.5
   Compiling symbolic-demangle v12.17.2
   Compiling stable_deref_trait v1.2.1
   Compiling bitflags v2.11.0
   Compiling equivalent v1.0.2
   Compiling adler2 v2.0.1
   Compiling num-format v0.4.4
   Compiling plotters-svg v0.3.7
   Compiling fixed-hash v0.8.0
   Compiling num-traits v0.2.19
   Compiling pem-rfc7468 v0.7.0
   Compiling debugid v0.8.0
   Compiling lock_api v0.4.14
   Compiling quick-xml v0.26.0
   Compiling crossbeam-epoch v0.9.18
   Compiling fastrand v2.3.0
   Compiling walkdir v2.5.0
   Compiling rgb v0.8.53
   Compiling anyhow v1.0.102
   Compiling clap_builder v4.6.0
   Compiling curve25519-dalek v4.1.3
   Compiling uint v0.10.0
   Compiling crc32c v0.6.8
   Compiling bitflags v1.3.2
   Compiling oorandom v11.1.5
   Compiling miniz_oxide v0.8.9
   Compiling log v0.4.29
   Compiling crc16 v0.4.0
   Compiling str_stack v0.1.0
   Compiling pprof v0.14.1
   Compiling anes v0.1.6
   Compiling core2 v0.4.0
   Compiling smallvec v1.15.1
   Compiling indexmap v2.13.0
   Compiling spin v0.10.0
   Compiling diff v0.1.13
   Compiling chain_block v1.11.22 (/tmp/uno-rust-codec-controls-8xj_m0pu/source/tosctl/src/block)
   Compiling yansi v1.0.1
   Compiling owned-alloc v0.2.0
   Compiling arrayref v0.3.9
   Compiling constant_time_eq v0.4.2
   Compiling primitive-types v0.13.1
   Compiling crossbeam-deque v0.8.6
   Compiling base64 v0.13.1
   Compiling secp256k1-sys v0.10.1
   Compiling blst v0.3.16
   Compiling getrandom v0.2.17
   Compiling memmap2 v0.9.10
   Compiling is-terminal v0.4.17
   Compiling num-integer v0.1.46
   Compiling lz4-sys v1.11.1+lz4-1.10.0
   Compiling findshlibs v0.10.2
   Compiling plotters v0.3.7
   Compiling num_cpus v1.17.0
   Compiling num-complex v0.4.6
   Compiling criterion-plot v0.5.0
   Compiling nix v0.26.4
   Compiling lockfree v0.5.2 (/tmp/uno-rust-codec-controls-8xj_m0pu/source/tosctl/src/lockfree)
   Compiling bitstream-io v4.9.0
   Compiling pretty_assertions v1.4.1
   Compiling blake2b_simd v1.0.4
   Compiling rand_core v0.6.4
   Compiling symbolic-common v12.17.2
   Compiling threadpool v1.8.1
   Compiling num-bigint v0.4.6
   Compiling num-iter v0.1.45
   Compiling ff v0.13.1
   Compiling addr2line v0.25.1
   Compiling regex-automata v0.4.14
   Compiling syn v2.0.117
   Compiling secp256k1 v0.30.0
   Compiling lz4 v1.28.1
   Compiling group v0.13.0
   Compiling tempfile v3.27.0
   Compiling rayon v1.11.0
   Compiling clap v4.6.0
   Compiling keccak-hash v0.11.0
   Compiling backtrace v0.3.76
   Compiling num-rational v0.4.2
   Compiling num v0.4.3
   Compiling regex v1.12.3
   Compiling zeroize_derive v1.4.3
   Compiling zerocopy-derive v0.8.47
   Compiling serde_derive v1.0.228
   Compiling curve25519-dalek-derive v0.1.1
   Compiling equator-macro v0.4.2
   Compiling thiserror-impl v1.0.69
   Compiling num-derive v0.4.2
   Compiling zeroize v1.8.2
   Compiling equator v0.4.2
   Compiling der v0.7.10
   Compiling aligned-vec v0.6.4
   Compiling crypto-common v0.1.7
   Compiling block-buffer v0.10.4
   Compiling crypto-bigint v0.5.5
   Compiling inout v0.1.4
   Compiling digest v0.10.7
   Compiling cipher v0.4.4
   Compiling signature v2.2.0
   Compiling hmac v0.12.1
   Compiling sha2 v0.10.9
   Compiling ctr v0.9.2
   Compiling aes v0.8.4
   Compiling spki v0.7.3
   Compiling rfc6979 v0.4.0
   Compiling pkcs8 v0.10.2
   Compiling tinytemplate v1.2.1
   Compiling sec1 v0.7.3
   Compiling ed25519 v2.2.3
   Compiling x25519-dalek v2.0.1
   Compiling ed25519-dalek v2.2.0
   Compiling elliptic-curve v0.13.8
   Compiling primeorder v0.13.6
   Compiling ecdsa v0.16.9
   Compiling p256 v0.13.2
   Compiling half v2.7.1
   Compiling ppv-lite86 v0.2.21
   Compiling inferno v0.11.21
   Compiling ciborium-ll v0.2.2
   Compiling rand_chacha v0.3.1
   Compiling ciborium v0.2.2
   Compiling rand v0.8.5
   Compiling criterion v0.5.1
warning: unused import: `define_HashmapAugE`
  --> block/src/dictionary/tests/test_hashmapaug.rs:16:5
   |
16 |     define_HashmapAugE, dictionary::HashmapTraverser, error, AddSub, Coins, HashmapFilterResult,
   |     ^^^^^^^^^^^^^^^^^^
   |
   = note: `#[warn(unused_imports)]` (part of `#[warn(unused)]`) on by default

warning: `chain_block` (lib test) generated 1 warning (run `cargo fix --lib -p chain_block --tests` to apply 1 suggestion)
    Finished `test` profile [unoptimized + debuginfo] target(s) in 29.05s
     Running unittests src/lib.rs (/tmp/uno-rust-codec-controls-8xj_m0pu/target/debug/deps/chain_block-78d3858a6b752a65)
