UnoV2ResourceInput	0	c5defa2a
UnoV2ResourceState	0	90aef2dd
UnoV2ResourceWorkOutput	0	7a310b92
UnoV2ResourcePolicy	0	bbd8a9ec
UnoV2EngineConfiguration	0	41868cd4
WorkchainNativeIngressPolicy	0	4abd5ab4
Rust.McStateExtra: generated tags, widths, declared layout and mandatory auxiliary reference checked
Python.McStateExtra	32	3214e578
UnoV2ResourceInput	0	c5defa2a
UnoV2ResourceState	0	90aef2dd
UnoV2ResourceWorkOutput	0	7a310b92
UnoV2ResourcePolicy	0	bbd8a9ec
UnoV2EngineConfiguration	0	41868cd4
WorkchainNativeIngressPolicy	0	4abd5ab4
UnoV2ResourceInput	0	c5defa2a
UnoV2ResourceState	0	90aef2dd
UnoV2ResourceWorkOutput	0	7a310b92
UnoV2ResourcePolicy	0	bbd8a9ec
UnoV2EngineConfiguration	0	41868cd4
WorkchainNativeIngressPolicy	0	4abd5ab4
Rust.McStateExtra: generated tags, widths, declared layout and mandatory auxiliary reference checked
Python.McStateExtra	32	3214e578
UnoV2ResourceInput	0	c5defa2a
UnoV2ResourceState	0	90aef2dd
UnoV2ResourceWorkOutput	0	7a310b92
UnoV2ResourcePolicy	0	bbd8a9ec
UnoV2EngineConfiguration	0	41868cd4
WorkchainNativeIngressPolicy	0	4abd5ab4
UnoV2ResourceInput	0	c5defa2a
UnoV2ResourceState	0	90aef2dd
UnoV2ResourceWorkOutput	0	7a310b92
UnoV2ResourcePolicy	0	bbd8a9ec
UnoV2EngineConfiguration	0	41868cd4
WorkchainNativeIngressPolicy	0	4abd5ab4
Rust.McStateExtra: generated tags, widths, declared layout and mandatory auxiliary reference checked
Python.McStateExtra	32	3214e578
UnoV2ResourceInput	0	c5defa2a
UnoV2ResourceState	0	90aef2dd
UnoV2ResourceWorkOutput	0	7a310b92
UnoV2ResourcePolicy	0	bbd8a9ec
UnoV2EngineConfiguration	0	41868cd4
WorkchainNativeIngressPolicy	0	4abd5ab4
UnoV2ResourceInput	0	c5defa2a
UnoV2ResourceState	0	90aef2dd
UnoV2ResourceWorkOutput	0	7a310b92
UnoV2ResourcePolicy	0	bbd8a9ec
UnoV2EngineConfiguration	0	41868cd4
WorkchainNativeIngressPolicy	0	4abd5ab4
Rust.McStateExtra: generated tags, widths, declared layout and mandatory auxiliary reference checked
Python.McStateExtra	32	3214e578
/tmp/uno-rust-codec-controls-8xj_m0pu
