   Compiling proc-macro2 v1.0.106
   Compiling libc v0.2.183
    Checking cfg-if v1.0.4
   Compiling serde_core v1.0.228
    Checking once_cell v1.21.4
    Checking smallvec v1.15.1
    Checking subtle v2.6.1
    Checking itoa v1.0.18
   Compiling libm v0.2.16
    Checking const-oid v0.9.6
    Checking pin-project-lite v0.2.17
    Checking memchr v2.8.0
    Checking bytes v1.11.1
   Compiling getrandom v0.3.4
   Compiling parking_lot_core v0.9.12
    Checking scopeguard v1.2.0
    Checking base64ct v1.8.3
    Checking futures-core v0.3.32
    Checking cpufeatures v0.2.17
    Checking hashbrown v0.16.1
    Checking equivalent v1.0.2
    Checking bitflags v2.11.0
   Compiling quote v1.0.45
   Compiling num-traits v0.2.19
   Compiling syn v1.0.109
    Checking stable_deref_trait v1.2.1
    Checking typenum v1.19.0
    Checking futures-sink v0.3.32
    Checking slab v0.4.12
   Compiling fs_extra v1.3.0
   Compiling serde_json v1.0.149
   Compiling dunce v1.0.5
    Checking spin v0.9.8
   Compiling pkg-config v0.3.32
   Compiling vcpkg v0.2.15
    Checking zmij v1.0.21
    Checking tracing-core v0.1.36
    Checking base16ct v0.2.0
    Checking futures-task v0.3.32
    Checking fnv v1.0.7
    Checking litemap v0.8.1
    Checking writeable v0.6.2
    Checking futures-io v0.3.32
    Checking percent-encoding v2.3.2
    Checking http v1.4.0
    Checking crunchy v0.2.4
    Checking lock_api v0.4.14
   Compiling icu_properties_data v2.1.2
    Checking static_assertions v1.1.0
   Compiling serde v1.0.228
    Checking futures-channel v0.3.32
   Compiling aws-lc-rs v1.16.2
    Checking arrayvec v0.7.6
    Checking pem-rfc7468 v0.7.0
    Checking lazy_static v1.5.0
    Checking untrusted v0.9.0
   Compiling icu_normalizer_data v2.1.1
    Checking byteorder v1.5.0
   Compiling crc-catalog v2.4.0
    Checking anyhow v1.0.102
   Compiling pom v1.1.0
    Checking core2 v0.4.0
   Compiling chain_block v1.11.22 (/home/tomi/tos-m2/tosctl/src/block)
    Checking owned-alloc v0.2.0
    Checking base64 v0.22.1
    Checking openssl-probe v0.2.1
    Checking constant_time_eq v0.4.2
    Checking form_urlencoded v1.2.2
   Compiling rustls v0.23.37
   Compiling httparse v1.10.1
    Checking fixed-hash v0.8.0
    Checking tower-service v0.3.3
    Checking http-body v1.0.1
    Checking getrandom v0.2.17
    Checking socket2 v0.6.3
    Checking errno v0.3.14
    Checking num_cpus v1.17.0
    Checking arrayref v0.3.9
   Compiling crc v3.4.0
    Checking tiny-keccak v2.0.2
   Compiling jobserver v0.1.34
    Checking crc32c v0.6.8
    Checking crc16 v0.4.0
    Checking ipnet v2.12.0
    Checking base64 v0.13.1
   Compiling heck v0.5.0
    Checking try-lock v0.2.5
    Checking atomic-waker v1.1.2
   Compiling thiserror v2.0.18
    Checking bitstream-io v4.9.0
    Checking lockfree v0.5.2 (/home/tomi/tos-m2/tosctl/src/lockfree)
    Checking utf8_iter v1.0.4
    Checking secstr v0.4.0
    Checking httpdate v1.0.3
    Checking pin-utils v0.1.0
    Checking foreign-types-shared v0.1.1
    Checking ryu v1.0.23
    Checking num-integer v0.1.46
    Checking num-complex v0.4.6
    Checking rand_core v0.6.4
    Checking signal-hook-registry v1.4.8
    Checking threadpool v1.8.1
    Checking ordered-float v2.10.1
    Checking parking_lot v0.12.5
   Compiling openssl v0.10.76
    Checking blake2b_simd v1.0.4
    Checking extfmt v0.1.1
    Checking rand_core v0.9.5
   Compiling cc v1.2.57
    Checking sync_wrapper v1.0.2
   Compiling native-tls v0.2.18
    Checking want v0.3.1
    Checking tower-layer v0.3.3
    Checking tinyvec_macros v0.1.1
    Checking http-body-util v0.1.3
    Checking powerfmt v0.2.0
   Compiling num-conv v0.2.0
   Compiling time-core v0.1.8
    Checking encoding_rs v0.8.35
    Checking mime v0.3.17
   Compiling cfg_aliases v0.2.1
    Checking foreign-types v0.3.2
    Checking iri-string v0.7.10
    Checking allocator-api2 v0.2.21
   Compiling proc-macro-error-attr v1.0.4
    Checking num-iter v0.1.45
    Checking ff v0.13.1
    Checking num-bigint v0.4.6
    Checking iana-time-zone v0.1.65
    Checking getrandom v0.4.2
    Checking http v0.2.12
   Compiling proc-macro-error v1.0.4
    Checking linked-hash-map v0.5.6
   Compiling crossbeam-utils v0.8.21
    Checking data-encoding v2.10.0
    Checking opaque-debug v0.3.1
    Checking siphasher v1.0.2
    Checking xml-rs v0.8.28
    Checking linux-raw-sys v0.12.1
    Checking wildmatch v1.1.0
    Checking regex-syntax v0.8.10
    Checking tinyvec v1.11.0
   Compiling num-bigint-dig v0.8.6
    Checking deranged v0.5.8
    Checking pem v3.0.6
    Checking rustc-hash v2.1.1
    Checking lru-slab v0.1.2
    Checking fastrand v2.3.0
    Checking resolv-conf v0.7.6
   Compiling quinn-udp v0.5.14
   Compiling time-macros v0.2.27
   Compiling quinn v0.11.9
    Checking rmp v0.8.15
   Compiling ring v0.17.14
   Compiling cmake v0.1.57
    Checking group v0.13.0
   Compiling secp256k1-sys v0.10.1
   Compiling blst v0.3.16
   Compiling lz4-sys v1.11.1+lz4-1.10.0
   Compiling openssl-sys v0.9.112
    Checking lru-cache v0.1.2
    Checking sharded-slab v0.1.7
    Checking thread_local v1.1.9
   Compiling adnl v0.11.38 (/home/tomi/tos-m2/tosctl/src/adnl)
    Checking num-rational v0.4.2
   Compiling heck v0.4.1
    Checking utf8parse v0.2.2
    Checking arraydeque v0.5.1
    Checking nu-ansi-term v0.50.3
    Checking log v0.4.29
    Checking indexmap v2.13.0
    Checking xmltree v0.10.3
    Checking rustix v1.1.4
   Compiling secrets-vault v0.1.0 (/home/tomi/tos-m2/tosctl/src/secrets-vault)
    Checking uuid v1.22.0
    Checking password-hash v0.5.0
    Checking memsec v0.7.0
    Checking is_terminal_polyfill v1.70.2
    Checking regex-automata v0.4.14
    Checking anstyle v1.0.14
    Checking crossbeam-channel v0.5.15
    Checking raptorq v1.7.0 (/home/tomi/tos-m2/tosctl/src/adnl/raptorq)
    Checking anstyle-query v1.1.5
   Compiling aws-lc-sys v0.39.0
    Checking downcast-rs v2.0.2
    Checking urlencoding v2.1.3
    Checking time v0.3.47
    Checking colorchoice v1.0.5
    Checking anstyle-parse v1.0.0
   Compiling tos_vm v2.2.26 (/home/tomi/tos-m2/tosctl/src/vm)
    Checking strsim v0.11.1
    Checking clap_lex v1.1.0
    Checking num v0.4.3
   Compiling chain_block_json v0.9.41 (/home/tomi/tos-m2/tosctl/src/block-json)
   Compiling libsqlite3-sys v0.28.0
    Checking fs2 v0.4.3
   Compiling rustversion v1.0.22
   Compiling tos_assembler v1.9.3 (/home/tomi/tos-m2/tosctl/src/assembler)
    Checking unicode-ident v1.0.24
    Checking serde_path_to_error v0.1.20
    Checking hex-conservative v0.2.2
   Compiling syn v2.0.117
    Checking destructure_traitobject v0.2.0
    Checking matchit v0.8.4
    Checking fallible-iterator v0.3.0
    Checking mio v1.1.1
    Checking tracing-log v0.2.0
    Checking ciborium-io v0.2.2
    Checking anstream v1.0.0
   Compiling tos_executor v1.18.31 (/home/tomi/tos-m2/tosctl/src/executor)
    Checking fallible-streaming-iterator v0.1.9
   Compiling unicode-xid v0.2.6
    Checking tempfile v3.27.0
    Checking matchers v0.2.0
    Checking unicode-normalization v0.1.25
    Checking rtoolbox v0.0.3
    Checking unsafe-libyaml v0.2.11
    Checking bitcoin_hashes v0.14.1
    Checking colored v2.2.0
    Checking unsafe-any-ors v1.0.0
    Checking thread-id v5.1.0
   Compiling tosctl v0.3.0 (/home/tomi/tos-m2/tosctl/src/node-control/nodectl)
    Checking clap_builder v4.6.0
    Checking humantime v2.3.0
    Checking arc-swap v1.9.0
    Checking log-mdc v0.1.0
   Compiling tos_emulator v0.1.0 (/home/tomi/tos-m2/tosctl/src/emulator)
   Compiling tos_sandbox v0.1.0 (/home/tomi/tos-m2/tosctl/src/sandbox)
    Checking mock_instant v0.6.0
    Checking unicode-segmentation v1.12.0
    Checking rpassword v7.4.0
    Checking typemap-ors v1.0.0
    Checking lz4 v1.28.1
    Checking secp256k1 v0.30.0
    Checking yasna v0.5.2
   Compiling enum-as-inner v0.5.1
   Compiling synstructure v0.13.2
   Compiling zeroize_derive v1.4.3
   Compiling zerocopy-derive v0.8.47
   Compiling serde_derive v1.0.228
   Compiling tokio-macros v2.6.1
   Compiling tracing-attributes v0.1.31
   Compiling zerovec-derive v0.11.2
   Compiling displaydoc v0.2.5
   Compiling thiserror-impl v1.0.69
   Compiling futures-macro v0.3.32
   Compiling curve25519-dalek-derive v0.1.1
   Compiling num-derive v0.4.2
   Compiling thiserror-impl v2.0.18
   Compiling openssl-macros v0.1.1
   Compiling async-trait v0.1.89
   Compiling enum-as-inner v0.6.1
   Compiling pin-project-internal v1.1.11
   Compiling utoipa-gen v4.3.1
   Compiling clap_derive v4.6.0
   Compiling derive_more-impl v2.1.1
    Checking zeroize v1.8.2
    Checking tokio v1.50.0
   Compiling zerofrom-derive v0.1.6
   Compiling yoke-derive v0.8.1
    Checking futures-util v0.3.32
    Checking generic-array v0.14.7
    Checking der v0.7.10
    Checking rustls-pki-types v1.14.0
    Checking tracing v0.1.44
    Checking pin-project v1.1.11
    Checking thiserror v1.0.69
    Checking derive_more v2.1.1
    Checking zerocopy v0.8.47
    Checking zerofrom v0.1.6
    Checking webpki-roots v1.0.6
    Checking rustls-native-certs v0.8.3
    Checking rcgen v0.13.2
    Checking crypto-common v0.1.7
    Checking block-buffer v0.10.4
    Checking inout v0.1.4
    Checking crypto-bigint v0.5.5
    Checking tracing-subscriber v0.3.23
    Checking axum-core v0.5.6
    Checking simple_asn1 v0.6.4
    Checking clap v4.6.0
    Checking universal-hash v0.5.1
    Checking aead v0.5.2
    Checking yoke v0.8.1
    Checking cipher v0.4.4
    Checking digest v0.10.7
    Checking polyval v0.6.2
    Checking spki v0.7.3
    Checking zerovec v0.11.5
    Checking zerotrie v0.2.3
   Compiling tl_codegen v0.1.0 (/home/tomi/tos-m2/tosctl/src/tl/codegen)
    Checking aes v0.8.4
    Checking ctr v0.9.2
    Checking signature v2.2.0
    Checking sha2 v0.10.9
    Checking hmac v0.12.1
    Checking curve25519-dalek v4.1.3
    Checking blake2 v0.10.6
    Checking pkcs8 v0.10.2
    Checking ghash v0.5.1
    Checking rfc6979 v0.4.0
    Checking pbkdf2 v0.12.2
    Checking rustls-webpki v0.103.10
    Checking sec1 v0.7.3
    Checking ed25519 v2.2.3
    Checking pkcs1 v0.7.5
    Checking argon2 v0.5.3
    Checking hex v0.4.3
    Checking tinystr v0.8.2
    Checking potential_utf v0.1.4
    Checking serde_urlencoded v0.7.1
    Checking chrono v0.4.44
    Checking rmp-serde v1.3.1
    Checking utoipa v4.2.3
    Checking jsonwebtoken v9.3.1
    Checking bip39 v2.2.2
    Checking serde_yaml v0.9.34+deprecated
    Checking serde-value v0.7.0
    Checking tracing-appender v0.2.4
    Checking aes-kw v0.2.1
    Checking aes-gcm v0.10.3
   Compiling tl_api v0.4.32 (/home/tomi/tos-m2/tosctl/src/tl/api)
    Checking elliptic-curve v0.13.8
    Checking icu_locale_core v2.1.1
    Checking ed25519-dalek v2.2.0
    Checking x25519-dalek v2.0.1
    Checking uint v0.10.0
    Checking icu_collections v2.1.1
    Checking futures-executor v0.3.32
    Checking futures v0.3.32
    Checking primitive-types v0.13.1
    Checking ecdsa v0.16.9
    Checking primeorder v0.13.6
    Checking ppv-lite86 v0.2.21
    Checking ahash v0.8.12
    Checking half v2.7.1
    Checking rolling-file v0.2.0
    Checking icu_provider v2.1.1
    Checking p256 v0.13.2
    Checking hashbrown v0.14.5
    Checking metrics v0.24.3
    Checking keccak-hash v0.11.0
    Checking ciborium-ll v0.2.2
    Checking icu_normalizer v2.1.1
    Checking icu_properties v2.1.2
    Checking rand_chacha v0.3.1
    Checking rand_chacha v0.9.0
    Checking ciborium v0.2.2
    Checking rand v0.8.5
    Checking rand v0.9.2
    Checking hashlink v0.8.4
    Checking hashlink v0.9.1
    Checking tokio-util v0.7.18
    Checking tower v0.5.3
    Checking tokio-native-tls v0.3.1
    Checking tokio-stream v0.1.18
    Checking tokio-io-timeout v1.2.1
    Checking stream-cancel v0.8.2
    Checking rusqlite v0.31.0
    Checking yaml-rust2 v0.8.1
    Checking fastbloom v0.14.1
    Checking log4rs v1.4.0
    Checking idna_adapter v1.2.1
    Checking h2 v0.4.13
    Checking idna v1.1.0
    Checking tower-http v0.6.8
    Checking serde_yaml2 v0.1.3
    Checking url v2.5.8
    Checking tokio-rustls v0.26.4
    Checking rustls-platform-verifier v0.6.2
    Checking rsa v0.9.10
    Checking quinn-proto v0.11.14
    Checking attohttpc v0.16.3
    Checking hickory-proto v0.24.4
    Checking igd v0.12.1
    Checking hickory-resolver v0.24.4
    Checking hyper v1.8.1
    Checking hyper-util v0.1.20
    Checking hyper-rustls v0.27.7
    Checking hyper-tls v0.6.0
    Checking axum v0.8.8
    Checking reqwest v0.12.28
    Checking external-ip v6.0.0
    Checking toscenter-rs v0.1.0 (/home/tomi/tos-m2/tosctl/src/toscenter-rs)
warning: direct cast of function item into an integer
   --> assembler/src/disasm/handlers.rs:896:50
    |
896 |                 if x as usize == Loader::unknown as usize {
    |                                                  ^^^^^^^^
    |
    = note: `#[warn(function_casts_as_integer)]` on by default
help: first cast to a pointer `as *const ()`
    |
896 |                 if x as usize == Loader::unknown as *const () as usize {
    |                                                  ++++++++++++

warning: direct cast of function item into an integer
   --> assembler/src/disasm/handlers.rs:911:50
    |
911 |                 if x as usize == Loader::unknown as usize {
    |                                                  ^^^^^^^^
    |
help: first cast to a pointer `as *const ()`
    |
911 |                 if x as usize == Loader::unknown as *const () as usize {
    |                                                  ++++++++++++

warning: `tos_assembler` (lib) generated 2 warnings (run `cargo fix --lib -p tos_assembler` to apply 2 suggestions)
warning: unused import: `Account`
  --> sandbox/src/contract.rs:20:19
   |
20 | use chain_block::{Account, Cell, MsgAddressInt, SliceData, StateInit};
   |                   ^^^^^^^
   |
   = note: `#[warn(unused_imports)]` (part of `#[warn(unused)]`) on by default

warning: unused imports: `ComputeSkipReason` and `TrComputePhaseVm`
  --> sandbox/src/result.rs:9:11
   |
 9 |     Cell, ComputeSkipReason, Message, MsgAddressInt, SliceData, TrComputePhase,
   |           ^^^^^^^^^^^^^^^^^
10 |     TrComputePhaseSkipped, TrComputePhaseVm, Transaction, TransactionDescr,
   |                            ^^^^^^^^^^^^^^^^

warning: associated function `new` is never used
  --> sandbox/src/contract.rs:62:19
   |
57 | impl<T: ContractProvider> SandboxContract<T> {
   | -------------------------------------------- associated function in this implementation
...
62 |     pub(crate) fn new(provider: T) -> Self {
   |                   ^^^
   |
   = note: `#[warn(dead_code)]` (part of `#[warn(unused)]`) on by default

warning: `tos_sandbox` (lib) generated 3 warnings (run `cargo fix --lib -p tos_sandbox` to apply 2 suggestions)
    Checking common v0.3.0 (/home/tomi/tos-m2/tosctl/src/node-control/common)
    Checking chain-rpc-client v0.3.0 (/home/tomi/tos-m2/tosctl/src/node-control/chain-rpc-client)
    Checking control-client v0.3.0 (/home/tomi/tos-m2/tosctl/src/node-control/control-client)
    Checking contracts v0.3.0 (/home/tomi/tos-m2/tosctl/src/node-control/contracts)
    Checking elections v0.3.0 (/home/tomi/tos-m2/tosctl/src/node-control/elections)
    Checking service v0.3.0 (/home/tomi/tos-m2/tosctl/src/node-control/service)
    Checking commands v0.3.0 (/home/tomi/tos-m2/tosctl/src/node-control/commands)
warning: unused import: `command`
  --> node-control/commands/src/commands/chain_rpc/get_config_param_cmd.rs:12:18
   |
12 | use clap::{Args, command};
   |                  ^^^^^^^
   |
   = note: `#[warn(unused_imports)]` (part of `#[warn(unused)]`) on by default

warning: `commands` (lib) generated 1 warning (run `cargo fix --lib -p commands` to apply 1 suggestion)
    Finished `dev` profile [unoptimized + debuginfo] target(s) in 48.40s
