[1/233] Building CXX object CMakeFiles/test-workchain-collator-compute-mode.dir/crypto/test/test-workchain-collator-compute-mode.cpp.o
/home/tomi/tos/crypto/test/test-workchain-collator-compute-mode.cpp:20:71: warning: implicit conversion loses integer precision: 'std::int64_t' (aka 'long') to 'std::int32_t' (aka 'int') [-Wshorten-64-to-32]
   20 |     account.descriptor.vm_version = block::tvm_workchain_engine_key().selector;
      |                                   ~ ~~~~~~~~~~~~~~~~~~~~~~~~~~~~~~~~~~^~~~~~~~
1 warning generated.
[2/233] Building CXX object CMakeFiles/test-workchain-proof-work.dir/crypto/test/test-workchain-proof-work.cpp.o
[3/233] Building CXX object CMakeFiles/test-uno-state-snapshot.dir/test/uno-snapshot-transport.cpp.o
[4/233] Building CXX object CMakeFiles/test-workchain-settlement-continuation.dir/crypto/test/test-workchain-settlement-continuation.cpp.o
[5/233] Building CXX object CMakeFiles/test-celldb-actor-restart.dir/test/test-celldb-actor-restart.cpp.o
[6/233] Building CXX object CMakeFiles/test-workchain-proof-contracts.dir/crypto/test/test-workchain-proof-contracts.cpp.o
[7/233] Building CXX object CMakeFiles/test-workchain-admission.dir/crypto/test/test-workchain-admission.cpp.o
[8/233] Building CXX object CMakeFiles/test-msg-envelope.dir/test/test-msg-envelope.cpp.o
[9/233] Building CXX object CMakeFiles/test-ext-message-pool.dir/test/test-ext-message-pool.cpp.o
[10/233] Building CXX object CMakeFiles/test-config-transition.dir/test/test-config-transition.cpp.o
[11/233] Building CXX object CMakeFiles/test-download-state-budget.dir/test/test-download-state-budget.cpp.o
[12/233] Building CXX object CMakeFiles/test-vm-exception-hardening.dir/test/test-vm-exception-hardening.cpp.o
[13/233] Building CXX object CMakeFiles/test-celldb-streaming-import.dir/test/test-celldb-streaming-import.cpp.o
[14/233] Building CXX object CMakeFiles/test-download-next-blocks-validation.dir/test/test-download-next-blocks-validation.cpp.o
[15/233] Building CXX object CMakeFiles/test-validator-options.dir/test/test-validator-options.cpp.o
[16/233] Building CXX object CMakeFiles/test-uno-storage-measurement.dir/test/test-uno-state-snapshot.cpp.o
[17/233] Building CXX object CMakeFiles/test-uno-storage-measurement.dir/test/uno-snapshot-transport.cpp.o
[18/233] Building CXX object CMakeFiles/test-uno-state-snapshot.dir/test/test-uno-state-snapshot.cpp.o
[19/233] Building CXX object CMakeFiles/test-block-handle-flags.dir/test/test-block-handle-flags.cpp.o
[20/233] Building CXX object CMakeFiles/test-consensus-config-admission.dir/test/test-consensus-config-admission.cpp.o
[21/233] Linking CXX executable test-quorum
[22/233] Linking CXX executable test-bigint
[23/233] Building CXX object validator/CMakeFiles/full-node.dir/full-node-shard.cpp.o
[24/233] Building CXX object lite-client/CMakeFiles/lite-client-common.dir/query-utils.cpp.o
[25/233] cd /home/tomi/tos/uno/crypto && /usr/bin/cmake -E env CARGO_NET_OFFLINE=true CARGO_TARGET_DIR=/home/tomi/tos/build/uno/crypto/cargo-target /home/tomi/.cargo/bin/cargo build --locked --offline --release -j32
    Finished `release` profile [optimized] target(s) in 0.07s
[26/232] Linking CXX static library lite-client/liblite-client-common.a
[27/232] Building CXX object validator/CMakeFiles/validator.dir/collation-manager.cpp.o
[28/232] Checking the git repository for changes...
[29/232] Building CXX object validator/CMakeFiles/validator.dir/collator-node/collator-node-session.cpp.o
[30/232] Linking CXX executable test-cells
[31/232] Building CXX object validator/CMakeFiles/validator.dir/collator-node/collator-node.cpp.o
[32/232] Building CXX object crypto/CMakeFiles/func.dir/func/parse-func.cpp.o
[33/232] Building CXX object validator/CMakeFiles/validator.dir/get-next-key-blocks.cpp.o
[34/232] Building CXX object validator/CMakeFiles/validator.dir/downloaders/wait-block-data.cpp.o
[35/232] Building CXX object validator/CMakeFiles/validator.dir/import-db-slice.cpp.o
[36/232] Building CXX object validator/CMakeFiles/validator.dir/import-db-slice-local.cpp.o
[37/232] Building CXX object validator/CMakeFiles/validator.dir/state-serializer.cpp.o
[38/232] Linking CXX executable test-rldp2-connection-limits
[39/232] Building CXX object validator/CMakeFiles/validator.dir/token-manager.cpp.o
[40/232] Linking CXX executable test-workchain-proof-work
[41/232] Building CXX object validator/CMakeFiles/validator.dir/validate-broadcast.cpp.o
[42/232] Linking CXX executable test-workchain-proof-contracts
[43/232] Linking CXX executable test-workchain-admission
[44/232] Linking CXX executable test-full-node-shard-routing
[45/232] Building CXX object validator/CMakeFiles/validator.dir/validator-telemetry.cpp.o
[46/232] Building CXX object validator/CMakeFiles/validator.dir/storage-stat-cache.cpp.o
[47/232] Building CXX object validator/CMakeFiles/validator.dir/shard-block-verifier.cpp.o
[48/232] Building CXX object validator/CMakeFiles/validator.dir/impl/applied-ext-message-cleanup.cpp.o
[49/232] Building CXX object validator/CMakeFiles/validator.dir/shard-block-retainer.cpp.o
[50/232] Building CXX object validator/CMakeFiles/validator.dir/consensus/simplex/bus.cpp.o
[51/232] Building CXX object validator/CMakeFiles/validator.dir/consensus/simplex/certificate.cpp.o
[52/232] Building CXX object validator/CMakeFiles/validator.dir/consensus/simplex/collator-schedule.cpp.o
[53/232] Building CXX object validator/CMakeFiles/validator.dir/consensus/simplex/candidate-resolver.cpp.o
[54/232] Building CXX object validator/CMakeFiles/validator.dir/manager.cpp.o
[55/232] Building CXX object validator/CMakeFiles/validator.dir/consensus/simplex/consensus.cpp.o
[56/232] Building CXX object validator/CMakeFiles/validator.dir/consensus/simplex/db.cpp.o
[57/232] Building CXX object validator/CMakeFiles/validator.dir/consensus/simplex/metric-collector.cpp.o
[58/232] Building CXX object validator/CMakeFiles/validator.dir/consensus/simplex/pool.cpp.o
[59/232] Building CXX object validator/CMakeFiles/validator.dir/consensus/block-accepter.cpp.o
[60/232] Building CXX object validator/CMakeFiles/validator.dir/consensus/simplex/state-resolver.cpp.o
[61/232] Building CXX object validator/CMakeFiles/validator.dir/consensus/simplex/votes.cpp.o
[62/232] Building CXX object validator/CMakeFiles/validator.dir/consensus/block-producer.cpp.o
[63/232] Building CXX object validator/CMakeFiles/validator.dir/consensus/block-sync-overlay.cpp.o
[64/232] Linking CXX executable test-workchain-collator-compute-mode
[65/232] Building CXX object validator/CMakeFiles/validator.dir/consensus/block-validator.cpp.o
[66/232] Building CXX object validator/CMakeFiles/validator.dir/consensus/misbehavior-reporter.cpp.o
[67/232] Building CXX object validator/CMakeFiles/validator.dir/consensus/bus.cpp.o
[68/232] Building CXX object validator/CMakeFiles/validator.dir/consensus/chain-state.cpp.o
[69/232] Building CXX object validator/CMakeFiles/validator.dir/consensus/bridge.cpp.o
[70/232] Building CXX object validator/CMakeFiles/validator.dir/consensus/trace-collector.cpp.o
[71/232] Building CXX object validator/CMakeFiles/validator.dir/consensus/private-overlay.cpp.o
[72/232] Building CXX object validator/CMakeFiles/validator.dir/consensus/types.cpp.o
[73/232] Building CXX object validator/CMakeFiles/validator.dir/consensus/utils.cpp.o
[74/232] Building CXX object validator/CMakeFiles/full-node.dir/full-node-custom-overlays.cpp.o
[75/232] Building CXX object validator/CMakeFiles/full-node.dir/full-node-serializer.cpp.o
[76/232] Building CXX object validator/CMakeFiles/full-node.dir/full-node.cpp.o
[77/232] Linking CXX executable test-ed25519
[78/232] Building CXX object validator/CMakeFiles/full-node.dir/full-node-master.cpp.o
[79/232] Building CXX object validator/CMakeFiles/full-node.dir/net/download-state.cpp.o
[80/232] Building CXX object validator/CMakeFiles/full-node.dir/net/download-block-new.cpp.o
[81/232] Building CXX object validator/CMakeFiles/full-node.dir/full-node-fast-sync-overlays.cpp.o
[82/232] Building CXX object validator/CMakeFiles/full-node.dir/net/download-archive-slice.cpp.o
[83/232] Building CXX object validator/CMakeFiles/full-node.dir/net/download-next-blocks.cpp.o
[84/232] Linking CXX executable test-keyring-temp-key
[85/232] Building CXX object validator/CMakeFiles/full-node.dir/net/download-proof.cpp.o
[86/232] Building CXX object validator/CMakeFiles/full-node.dir/net/get-next-key-blocks.cpp.o
[87/232] Linking CXX executable test-msg-envelope
[88/232] Linking CXX executable test-workchain-proof-backend
[89/232] Building CXX object CMakeFiles/git.dir/git.cc.o
[90/232] Linking CXX static library validator/libfull-node.a
[91/232] Linking CXX executable test-vm
[92/232] Linking CXX executable test-workchain-settlement-continuation
[93/232] Linking CXX static library libgit.a
[94/232] Linking CXX executable test-config-transition
[95/232] Linking CXX executable test-json-rpc-handler-guard
[96/232] Linking CXX executable test-rldp2-inbound-transfer-bound
[97/232] Linking CXX executable test-fift
[98/232] Linking CXX executable test-json-rpc-parse
[99/232] Linking CXX executable test-consensus-config-admission
[100/232] Linking CXX executable test-validator-options
[101/232] Building CXX object validator/impl/CMakeFiles/tos_validator.dir/collator.cpp.o
[102/232] Linking CXX static library validator/impl/libtos_validator.a
[103/232] Linking CXX executable test-db
[104/232] Linking CXX static library validator/libvalidator.a
[105/232] Linking CXX executable tol/tol
[106/232] Linking CXX executable test-block-handle-flags
[107/232] Linking CXX executable crypto/func
[108/232] Compile FunC stdlib TVM v6 fee primitive coverage
[109/232] Linking CXX executable test-wallet-index
[110/232] Linking CXX executable test-rldp2-connection-cap
[111/232] Linking CXX executable test-dht
[112/232] Linking CXX executable test-overlay-peer-cleanup
[113/232] Linking CXX executable test-adnl
[114/232] Linking CXX executable plumtree-graph-sim
[115/232] Linking CXX executable test-download-next-blocks-validation
[116/232] Linking CXX executable test-rldp2
[117/232] Linking CXX executable crypto/fift
[118/232] Generate /home/tomi/tos/build/crypto/smartcont/auto/restricted-wallet-code.fif
[119/232] Generate /home/tomi/tos/build/crypto/smartcont/auto/session-wallet-code.fif
[120/232] Generate /home/tomi/tos/build/crypto/smartcont/auto/highload-wallet-code.fif
[121/232] Generate /home/tomi/tos/build/crypto/smartcont/auto/highload-wallet-v2-code.fif
[122/232] Generate /home/tomi/tos/build/crypto/smartcont/auto/wallet3-code.fif
[123/232] Generate /home/tomi/tos/build/crypto/smartcont/auto/restricted-wallet2-code.fif
[124/232] Generate /home/tomi/tos/build/crypto/smartcont/auto/wallet-v4-code.fif
[125/232] Generate /home/tomi/tos/build/crypto/smartcont/auto/simple-wallet-code.fif
[126/232] Generate /home/tomi/tos/build/crypto/smartcont/auto/wallet-code.fif
[127/232] Generate /home/tomi/tos/build/crypto/smartcont/auto/wallet-v5-code.fif
[128/232] Generate /home/tomi/tos/build/crypto/smartcont/auto/multisig-code.fif
[129/232] Linking CXX executable test-rldp2-query-eviction
[130/232] Generate /home/tomi/tos/build/crypto/smartcont/auto/config-code.fif
[131/232] Generate /home/tomi/tos/build/crypto/smartcont/auto/task-escrow-code.fif
[132/232] Generate /home/tomi/tos/build/crypto/smartcont/auto/restricted-wallet3-code.fif
[133/232] Linking CXX executable test-download-state-budget
[134/232] Generate /home/tomi/tos/build/crypto/smartcont/auto/elector-code.fif
[135/232] Generate /home/tomi/tos/build/crypto/smartcont/auto/restricted-wallet-code.cpp
[136/232] Generate /home/tomi/tos/build/crypto/smartcont/auto/wallet-v4-code.cpp
[137/232] Generate /home/tomi/tos/build/crypto/smartcont/auto/highload-wallet-code.cpp
[138/232] Generate /home/tomi/tos/build/crypto/smartcont/auto/restricted-wallet2-code.cpp
[139/232] Generate /home/tomi/tos/build/crypto/smartcont/auto/multisig-code.cpp
[140/232] Generate /home/tomi/tos/build/crypto/smartcont/auto/config-code.cpp
[141/232] Generate /home/tomi/tos/build/crypto/smartcont/auto/task-escrow-code.cpp
[142/232] Compiling Tol contract jetton-minter-tol -> /home/tomi/tos/build/slice1-gas-parity/jetton-minter-tol.boc
[143/232] Compiling FunC contract jetton-minter-func -> /home/tomi/tos/build/slice1-gas-parity/jetton-minter-func.boc
[144/232] Compiling FunC contract jetton-wallet-func -> /home/tomi/tos/build/slice1-gas-parity/jetton-wallet-func.boc
[145/232] Compiling Tol contract jetton-wallet-tol -> /home/tomi/tos/build/slice1-gas-parity/jetton-wallet-tol.boc
[146/232] Compiling FunC contract wallet-v5-func -> /home/tomi/tos/build/slice1-gas-parity/wallet-v5-func.boc
[147/232] Compiling Tol contract wallet-v5-tol -> /home/tomi/tos/build/slice1-gas-parity/wallet-v5-tol.boc
[148/232] Compiling Tol contract slice5-receive-context-tol -> /home/tomi/tos/build/slice1-gas-parity/slice5-receive-context-tol.boc
[149/232] Compiling Tol contract tos-report-bond-oracle -> /home/tomi/tos/build/slice1-gas-parity/tos-report-bond-oracle.boc
[150/232] Generate /home/tomi/tos/build/crypto/smartcont/auto/session-wallet-code.cpp
[151/232] Generate /home/tomi/tos/build/crypto/smartcont/auto/highload-wallet-v2-code.cpp
[152/232] Generate /home/tomi/tos/build/crypto/smartcont/auto/wallet3-code.cpp
[153/232] Generate /home/tomi/tos/build/crypto/smartcont/auto/simple-wallet-code.cpp
[154/232] Generate /home/tomi/tos/build/crypto/smartcont/auto/wallet-code.cpp
[155/232] Generate /home/tomi/tos/build/crypto/smartcont/auto/wallet-v5-code.cpp
[156/232] Generate /home/tomi/tos/build/crypto/smartcont/auto/restricted-wallet3-code.cpp
[157/232] Generate /home/tomi/tos/build/crypto/smartcont/auto/simple-wallet-ext-code.fif
[158/232] Generate /home/tomi/tos/build/crypto/smartcont/auto/dns-manual-code.fif
[159/232] Generate /home/tomi/tos/build/crypto/smartcont/auto/pow-testgiver-code.fif
[160/232] Generate /home/tomi/tos/build/crypto/smartcont/auto/dns-auto-code.fif
[161/232] Generate /home/tomi/tos/build/crypto/smartcont/auto/payment-channel-code.fif
[162/232] Generate /home/tomi/tos/build/crypto/smartcont/auto/agent-account-code.fif
[163/232] Generate /home/tomi/tos/build/crypto/smartcont/auto/elector-code.cpp
[164/232] Generate /home/tomi/tos/build/crypto/smartcont/auto/simple-wallet-ext-code.cpp
[165/232] Linking CXX executable test-vm-exception-hardening
[166/232] Generate /home/tomi/tos/build/crypto/smartcont/auto/dns-auto-code.cpp
[167/232] Generate /home/tomi/tos/build/crypto/smartcont/auto/pow-testgiver-code.cpp
[168/232] Generate /home/tomi/tos/build/crypto/smartcont/auto/dns-manual-code.cpp
[169/232] Generate /home/tomi/tos/build/crypto/smartcont/auto/payment-channel-code.cpp
[170/232] Generate /home/tomi/tos/build/crypto/smartcont/auto/agent-account-code.cpp
[171/232] Verify and embed the frozen TOS Service Protocol stablecoin escrow v2 BOC
[172/232] Verify and embed the frozen TOS Service Protocol stablecoin escrow v1 BOC
NOTE: escrow v1 is deprecated (superseded by v2); this build exists only to verify the frozen historical artifact.
NOTE: escrow v1 is deprecated (superseded by v2); this build exists only to verify the frozen historical artifact.
[173/232] Verify and embed the frozen TOS Native Service Registry BOC
[174/232] Generate /home/tomi/tos/build/crypto/smartcont/auto/prediction-market-code.fif
[175/232] Linking CXX executable test-ext-message-pool
[176/232] Generate /home/tomi/tos/build/crypto/smartcont/auto/prediction-market-code.cpp
[177/232] Building CXX object CMakeFiles/test-emulator.dir/emulator/test/slice-1-failure-phase-fixtures.cpp.o
[178/232] Building CXX object CMakeFiles/test-toslib-offline.dir/toslib/test/offline.cpp.o
[179/232] Building CXX object CMakeFiles/test-wallet-message-processor.dir/test/test-wallet-message-processor.cpp.o
[180/232] Building CXX object CMakeFiles/test-emulator.dir/emulator/test/emulator-tests.cpp.o
[181/232] Building CXX object CMakeFiles/test-emulator.dir/emulator/test/slice-1-stage-2-roundtrip-fixture.cpp.o
[182/232] Building CXX object CMakeFiles/test-emulator.dir/emulator/test/slice-5-receive-context-fixture.cpp.o
[183/232] Building CXX object crypto/CMakeFiles/smc-envelope.dir/smc-envelope/HighloadWallet.cpp.o
[184/232] Building CXX object crypto/CMakeFiles/create-state.dir/block/create-state.cpp.o
[185/232] Building CXX object CMakeFiles/test-emulator.dir/emulator/test/slice-1-account-state-fixtures.cpp.o
[186/232] Building CXX object CMakeFiles/test-emulator.dir/emulator/test/slice-3-replay-fixture.cpp.o
[187/232] Building CXX object CMakeFiles/test-emulator.dir/emulator/test/tos-report-bond-oracle-fixture.cpp.o
[188/232] Building CXX object CMakeFiles/test-emulator.dir/emulator/test/tvm-v14-v15-transaction-fixture.cpp.o
[189/232] Building CXX object crypto/CMakeFiles/smc-envelope.dir/smc-envelope/GenericAccount.cpp.o
[190/232] Building CXX object crypto/CMakeFiles/smc-envelope.dir/smc-envelope/HighloadWalletV2.cpp.o
[191/232] Building CXX object crypto/CMakeFiles/smc-envelope.dir/smc-envelope/MultisigWallet.cpp.o
[192/232] Building CXX object crypto/CMakeFiles/smc-envelope.dir/smc-envelope/SmartContractCode.cpp.o
[193/232] Building CXX object crypto/CMakeFiles/smc-envelope.dir/smc-envelope/WalletV3.cpp.o
[194/232] Building CXX object crypto/CMakeFiles/smc-envelope.dir/smc-envelope/WalletV4.cpp.o
[195/232] Linking CXX executable test-celldb-actor-restart
[196/232] Building CXX object CMakeFiles/test-emulator.dir/emulator/test/slice-1-stage-4-gas-parity-fixture.cpp.o
[197/232] Building CXX object CMakeFiles/test-emulator.dir/emulator/test/config-param-43-transaction-fixture.cpp.o
[198/232] Building CXX object crypto/CMakeFiles/smc-envelope.dir/smc-envelope/ManualDns.cpp.o
[199/232] Building CXX object crypto/CMakeFiles/smc-envelope.dir/smc-envelope/PaymentChannel.cpp.o
[200/232] Building CXX object crypto/CMakeFiles/smc-envelope.dir/smc-envelope/SmartContract.cpp.o
[201/232] Building CXX object crypto/CMakeFiles/smc-envelope.dir/smc-envelope/WalletInterface.cpp.o
[202/232] Building CXX object toslib/CMakeFiles/toslib.dir/toslib/ExtClient.cpp.o
[203/232] Building CXX object emulator/CMakeFiles/emulator.dir/emulator-extern.cpp.o
[204/232] Building CXX object emulator/CMakeFiles/emulator_static.dir/transaction-emulator.cpp.o
[205/232] Building CXX object toslib/CMakeFiles/toslib.dir/toslib/Client.cpp.o
[206/232] Building CXX object toslib/CMakeFiles/toslib.dir/toslib/LastConfig.cpp.o
[207/232] Building CXX object CMakeFiles/test-workchain-block.dir/crypto/test/test-workchain-block.cpp.o
[208/232] Building CXX object toslib/CMakeFiles/toslib.dir/toslib/utils.cpp.o
[209/232] Building CXX object toslib/CMakeFiles/toslib.dir/toslib/LastBlockStorage.cpp.o
[210/232] Building CXX object toslib/CMakeFiles/toslib.dir/toslib/LastBlock.cpp.o
[211/232] Building CXX object toslib/CMakeFiles/toslib.dir/toslib/Logging.cpp.o
[212/232] Building CXX object toslib/CMakeFiles/toslib.dir/toslib/ToslibClientWrapper.cpp.o
[213/232] Building CXX object toslib/CMakeFiles/toslib.dir/toslib/ToslibClient.cpp.o
[214/232] Linking CXX static library crypto/libsmc-envelope.a
[215/232] Linking CXX static library emulator/libemulator_static.a
[216/232] Linking CXX static library toslib/libtoslib.a
[217/232] Linking CXX executable test-celldb-streaming-import
[218/232] Linking CXX executable test-metrics-label-bound
[219/232] Linking CXX executable test-http-server-limits
[220/232] Linking CXX executable test-uno-storage-measurement
[221/232] Linking CXX executable crypto/create-state
[222/232] Linking CXX executable test-workchain-block
[223/232] Linking CXX executable test-tos-collator
[224/232] Building CXX object CMakeFiles/test-smartcont.dir/crypto/test/test-smartcont.cpp.o
[225/232] Linking CXX shared library emulator/libemulator.so
[226/232] Linking CXX executable test-uno-state-snapshot
[227/232] Linking CXX executable test/toslib/test-ffi-event-loop
[228/232] Linking CXX executable test-wallet-message-processor
[229/232] Linking CXX executable test/toslib/test-ffi-awaitable
[230/232] Linking CXX executable test-smartcont
[231/232] Linking CXX executable test-emulator
[232/232] Linking CXX executable test-toslib-offline
