time=2026-09-29T09:16:46.931Z level=INFO source=main.go:1589 msg="updated GOGC" old=100 new=75
time=2026-09-29T09:16:46.935Z level=INFO source=main.go:704 msg="Leaving GOMAXPROCS=192: CPU quota undefined" component=automaxprocs
time=2026-09-29T09:16:46.935Z level=INFO source=memlimit.go:198 msg="GOMEMLIMIT is updated" component=automemlimit package=github.com/KimMachineGun/automemlimit/memlimit GOMEMLIMIT=121250388787 previous=9223372036854775807
time=2026-09-29T09:16:46.935Z level=INFO source=main.go:752 msg="No time or size retention was set so using the default time retention" duration=15d
time=2026-09-29T09:16:46.935Z level=INFO source=main.go:803 msg="Starting Prometheus Server" mode=server version="(version=3.9.1, branch=HEAD, revision=9ec59baffb547e24f1468a53eb82901e58feabd8)"
time=2026-09-29T09:16:46.935Z level=INFO source=main.go:808 msg="operational information" build_context="(go=go1.25.5, platform=linux/amd64, user=root@61c3a9212c9e, date=20260107-16:08:09, tags=netgo,builtinassets)" host_details="(Linux 6.8.0-138-generic #138~22.04.1-Ubuntu SMP PREEMPT_DYNAMIC Fri Aug  7 13:43:15 UTC  x86_64 toserver (none))" fd_limits="(soft=1048576, hard=1048576)" vm_limits="(soft=unlimited, hard=unlimited)"
time=2026-09-29T09:16:46.938Z level=INFO source=web.go:684 msg="Start listening for connections" component=web address=127.0.0.1:47723
time=2026-09-29T09:16:46.939Z level=INFO source=main.go:1331 msg="Starting TSDB ..."
time=2026-09-29T09:16:46.947Z level=INFO source=tls_config.go:354 msg="Listening on" component=web address=127.0.0.1:47723
time=2026-09-29T09:16:46.947Z level=INFO source=tls_config.go:357 msg="TLS is disabled." component=web http2=false address=127.0.0.1:47723
time=2026-09-29T09:16:46.948Z level=INFO source=head.go:681 msg="Replaying on-disk memory mappable chunks if any" component=tsdb
time=2026-09-29T09:16:46.948Z level=INFO source=head.go:767 msg="On-disk memory mappable chunks replay completed" component=tsdb duration=1.957µs
time=2026-09-29T09:16:46.948Z level=INFO source=head.go:775 msg="Replaying WAL, this may take a while" component=tsdb
time=2026-09-29T09:16:46.962Z level=INFO source=head.go:848 msg="WAL segment loaded" component=tsdb segment=0 maxSegment=0 duration=13.366647ms
time=2026-09-29T09:16:46.962Z level=INFO source=head.go:885 msg="WAL replay completed" component=tsdb checkpoint_replay_duration=35.682µs wal_replay_duration=13.641427ms wbl_replay_duration=308ns chunk_snapshot_load_duration=0s mmap_chunk_replay_duration=1.957µs total_replay_duration=13.702011ms
time=2026-09-29T09:16:46.966Z level=INFO source=main.go:1352 msg="filesystem information" fs_type=EXT4_SUPER_MAGIC
time=2026-09-29T09:16:46.966Z level=INFO source=main.go:1355 msg="TSDB started"
time=2026-09-29T09:16:46.966Z level=INFO source=main.go:1542 msg="Loading configuration file" filename=/tmp/nhm-c03-runtime-ijoyn_bh/prometheus.yml
time=2026-09-29T09:16:46.968Z level=INFO source=main.go:1582 msg="Completed loading of configuration file" db_storage=3.136µs remote_storage=5.037µs web_handler=1.733µs query_engine=2.31µs scrape=390.196µs scrape_sd=41.474µs notify=230.15µs notify_sd=20.19µs rules=934.192µs tracing=8.78µs filename=/tmp/nhm-c03-runtime-ijoyn_bh/prometheus.yml totalDuration=2.135994ms
time=2026-09-29T09:16:46.968Z level=INFO source=main.go:1316 msg="Server is ready to receive web requests."
time=2026-09-29T09:16:46.968Z level=INFO source=manager.go:202 msg="Starting rule manager..." component="rule manager"
time=2026-09-29T09:18:42.896Z level=WARN source=main.go:1118 msg="Received an OS signal, exiting gracefully..." signal=terminated
time=2026-09-29T09:18:42.896Z level=INFO source=main.go:1143 msg="Stopping scrape discovery manager..."
time=2026-09-29T09:18:42.896Z level=INFO source=main.go:1157 msg="Stopping notify discovery manager..."
time=2026-09-29T09:18:42.896Z level=INFO source=manager.go:216 msg="Stopping rule manager..." component="rule manager"
time=2026-09-29T09:18:42.896Z level=INFO source=manager.go:232 msg="Rule manager stopped" component="rule manager"
time=2026-09-29T09:18:42.896Z level=INFO source=main.go:1194 msg="Stopping scrape manager..."
time=2026-09-29T09:18:42.896Z level=INFO source=main.go:1153 msg="Notify discovery manager stopped"
time=2026-09-29T09:18:42.896Z level=INFO source=main.go:1139 msg="Scrape discovery manager stopped"
time=2026-09-29T09:18:42.896Z level=INFO source=main.go:1186 msg="Scrape manager stopped"
time=2026-09-29T09:18:42.900Z level=INFO source=manager.go:561 msg="Stopping notification manager..." component=notifier
time=2026-09-29T09:18:42.900Z level=INFO source=manager.go:301 msg="Draining any remaining notifications..." component=notifier
time=2026-09-29T09:18:42.900Z level=INFO source=manager.go:307 msg="Remaining notifications drained" component=notifier
time=2026-09-29T09:18:42.900Z level=INFO source=manager.go:234 msg="Notification manager stopped" component=notifier
time=2026-09-29T09:18:42.900Z level=INFO source=main.go:1466 msg="Notifier manager stopped"
time=2026-09-29T09:18:42.900Z level=INFO source=main.go:1480 msg="See you next time!"
