Internal ctest changing into directory: /tmp/uno-ledger-mechanism-CYFxwo
Test project /tmp/uno-ledger-mechanism-CYFxwo
    Start 4: test-workchain-execution-ledger-gates
1/1 Test #4: test-workchain-execution-ledger-gates ...***Failed    0.23 sec
Traceback (most recent call last):
  File "/home/tomi/tos/crypto/test/workchain-execution-ledger.py", line 57, in <module>
    main()
    ~~~~^^
  File "/home/tomi/tos/crypto/test/workchain-execution-ledger.py", line 45, in main
    check_sources(build, Path(__file__).resolve().parents[2])
    ~~~~~~~~~~~~~^^^^^^^^^^^^^^^^^^^^^^^^^^^^^^^^^^^^^^^^^^^^
  File "/home/tomi/tos/crypto/test/workchain-execution-ledger.py", line 33, in check_sources
    raise RuntimeError(f'ledger header provenance mismatch: {headers!r} != {expected_header}')
RuntimeError: ledger header provenance mismatch: {PosixPath('/tmp/uno-ledger-measurement-copy-rpqt0y2m/crypto/block/workchain-execution-ledger.h')} != /home/tomi/tos/crypto/block/workchain-execution-ledger.h


0% tests passed, 1 tests failed out of 1

Label Time Summary:
i13          =   0.23 sec*proc (1 test)
private      =   0.23 sec*proc (1 test)
workchain    =   0.23 sec*proc (1 test)

Total Test time (real) =   0.24 sec

The following tests FAILED:
	  4 - test-workchain-execution-ledger-gates (Failed)
Errors while running CTest
