[1;36m[ 3][t 1][2026-09-10 01:03:45.181479382][test-tos-collator.cpp:331][!testnode]	no init block in config. using zero state[0m
[1;36m[ 3][t 1][2026-09-10 01:03:45.181759624][test-tos-collator.cpp:356][!testnode]	Hardforks num in config: 0[0m
[1;36m[ 3][t 1][2026-09-10 01:03:45.181907303][manager-init.cpp:333][!starter]	Starting validator manager[0m
[1;33m[ 2][t 1][2026-09-10 01:03:45.194953237][celldb.cpp:371][!celldbin]	Using V1 DynamicBagOfCells with options V1{}[0m
[1;36m[ 3][t 7][2026-09-10 01:03:45.197062190][manager-init.cpp:39][!reiniter]	init_block_id=[ w=-1 s=9223372036854775808 seq=0 HX3ytrvKSxj/JQkaInzYIm4+J8gz2sTwHfPiiHLuO6g= AZmznicAL/Bv8lQzaV0h3VhdnfOA/dzVuLz5+oBbylk= ][0m
[1;36m[ 3][t 1][2026-09-10 01:03:45.206172946][celldb.cpp:251][!celldbin]	Validating metadata[0m
[1;36m[ 3][t 1][2026-09-10 01:03:45.206211823][celldb.cpp:307][!celldbin]	Validating metadata: OK[0m
[1;36m[ 3][t 6][2026-09-10 01:03:45.207634497][download-state.cpp:491][!reiniter]	requested to download state of (-1,8000000000000000,0):1D7DF2B6BBCA4B18FF25091A227CD8226E3E27C833DAC4F01DF3E28872EE3BA8:0199B39E27002FF06FF25433695D21DD585D9DF380FDDCD5B8BCF9FA805BCA59 referenced by (-2147483648,0000000000000000,0):0000000000000000000000000000000000000000000000000000000000000000:0000000000000000000000000000000000000000000000000000000000000000 with split depth 0[0m
[1;33m[ 2][t 5][2026-09-10 01:03:45.209495176][download-state.cpp:1100][!downloadstate]	checked shard state (-1,8000000000000000,0):1D7DF2B6BBCA4B18FF25091A227CD8226E3E27C833DAC4F01DF3E28872EE3BA8:0199B39E27002FF06FF25433695D21DD585D9DF380FDDCD5B8BCF9FA805BCA59[0m
[1;33m[ 2][t 5][2026-09-10 01:03:45.210313915][download-state.cpp:1697][!downloadstate]	written shard state file (-1,8000000000000000,0):1D7DF2B6BBCA4B18FF25091A227CD8226E3E27C833DAC4F01DF3E28872EE3BA8:0199B39E27002FF06FF25433695D21DD585D9DF380FDDCD5B8BCF9FA805BCA59[0m
[1;33m[ 2][t 6][2026-09-10 01:03:45.234100283][download-state.cpp:1759][!downloadstate]	finished downloading and storing shard state (-1,8000000000000000,0):1D7DF2B6BBCA4B18FF25091A227CD8226E3E27C833DAC4F01DF3E28872EE3BA8:0199B39E27002FF06FF25433695D21DD585D9DF380FDDCD5B8BCF9FA805BCA59[0m
[1;36m[ 3][t 7][2026-09-10 01:03:45.234139994][download-state.cpp:491][!reiniter]	requested to download state of (-1,8000000000000000,0):1D7DF2B6BBCA4B18FF25091A227CD8226E3E27C833DAC4F01DF3E28872EE3BA8:0199B39E27002FF06FF25433695D21DD585D9DF380FDDCD5B8BCF9FA805BCA59 referenced by (-1,8000000000000000,0):1D7DF2B6BBCA4B18FF25091A227CD8226E3E27C833DAC4F01DF3E28872EE3BA8:0199B39E27002FF06FF25433695D21DD585D9DF380FDDCD5B8BCF9FA805BCA59 with split depth 0[0m
[1;33m[ 2][t 7][2026-09-10 01:03:45.234193875][download-state.cpp:519][!downloadstate]	shard state (-1,8000000000000000,0):1D7DF2B6BBCA4B18FF25091A227CD8226E3E27C833DAC4F01DF3E28872EE3BA8:0199B39E27002FF06FF25433695D21DD585D9DF380FDDCD5B8BCF9FA805BCA59 already stored in db[0m
[1;33m[ 2][t 5][2026-09-10 01:03:45.234396324][download-state.cpp:1759][!downloadstate]	finished downloading and storing shard state (-1,8000000000000000,0):1D7DF2B6BBCA4B18FF25091A227CD8226E3E27C833DAC4F01DF3E28872EE3BA8:0199B39E27002FF06FF25433695D21DD585D9DF380FDDCD5B8BCF9FA805BCA59[0m
[1;36m[ 3][t 7][2026-09-10 01:03:45.234455282][manager-init.cpp:294][!reiniter]	downloaded masterchain state[0m
[1;33m[ 2][t 7][2026-09-10 01:03:45.234483566][shard-client.cpp:58][!shardclient]	Downloading shard states for masterchain block [ w=-1 s=9223372036854775808 seq=0 HX3ytrvKSxj/JQkaInzYIm4+J8gz2sTwHfPiiHLuO6g= AZmznicAL/Bv8lQzaV0h3VhdnfOA/dzVuLz5+oBbylk= ][0m
[1;33m[ 2][t 7][2026-09-10 01:03:45.234512587][shard-client.cpp:71][!shardclient]	Downloaded all shard states[0m
[1;36m[ 3][t 7][2026-09-10 01:03:45.235052651][manager-init.cpp:305][!reiniter]	downloaded all shards[0m
[1;36m[ 3][t 7][2026-09-10 01:03:45.235081535][manager-init.cpp:316][!reiniter]	persistent state download finished[0m
[1;31m[ 1][t 7][2026-09-10 01:03:45.235893300][manager-disk.cpp:291][!manager]	running collate query[0m
[1;33m[ 2][t 7][2026-09-10 01:03:45.235975400][collator.cpp:145][!collate(-1,8000000000000000):1]	Collator for shard (-1,8000000000000000) started[0m
[1;36m[ 3][t 7][2026-09-10 01:03:45.236043697][collator.cpp:832][!collate(-1,8000000000000000):1]	after_get_shard_blocks: got 0 ShardTopBlockDescriptions[0m
[1;36m[ 3][t 7][2026-09-10 01:03:45.236066332][collator.cpp:846][!collate(-1,8000000000000000):1]	after_get_storage_stat_cache : [Error : 0 : not implemented][0m
[1;33m[ 2][t 1][2026-09-10 01:03:45.236461653][collator.cpp:669][!collate(-1,8000000000000000):1]	in Collator::after_get_shard_state(0)[0m
[1;33m[ 2][t 1][2026-09-10 01:03:45.236541919][collator.cpp:2086][!collate(-1,8000000000000000):1]	running do_preinit()[0m
[1;36m[ 3][t 1][2026-09-10 01:03:45.236565955][collator.cpp:1779][!collate(-1,8000000000000000):1]	unpacking most recent masterchain state[0m
[1;31m[ 1][t 1][2026-09-10 01:03:45.236677275][collator.cpp:928][!collate(-1,8000000000000000):1]	block version 16 have been enabled in global configuration, but we support only 15 (upgrade validator software?)[0m
[1;36m[ 3][t 1][2026-09-10 01:03:45.236812896][collator.cpp:1842][!collate(-1,8000000000000000):1]	adding new workchain 0 to shard configuration in masterchain state[0m
[1;36m[ 3][t 1][2026-09-10 01:03:45.236849316][collator.cpp:1842][!collate(-1,8000000000000000):1]	adding new workchain 2 to shard configuration in masterchain state[0m
[1;36m[ 3][t 1][2026-09-10 01:03:45.236888372][collator.cpp:2266][!collate(-1,8000000000000000):1]	start_lt set to 1000000[0m
[1;36m[ 3][t 5][2026-09-10 01:03:45.236958371][collator.cpp:1047][!collate(-1,8000000000000000):1]	neighbor output queues fetched, took 0.000050s[0m
[1;33m[ 2][t 5][2026-09-10 01:03:45.237393560][collator.cpp:1169][!collate(-1,8000000000000000):1]	got outbound queue size from prev block #0: 0[0m
[1;33m[ 2][t 5][2026-09-10 01:03:45.237441115][collator.cpp:2439][!collate(-1,8000000000000000):1]	do_collate() : start[0m
[1;36m[ 3][t 5][2026-09-10 01:03:45.238501966][collator.cpp:2673][!collate(-1,8000000000000000):1]	cleaning outbound queue from messages already imported by neighbors[0m
[1;33m[ 2][t 5][2026-09-10 01:03:45.238513219][collator.cpp:2840][!collate(-1,8000000000000000):1]	deleted 0 messages from out_msg_queue, remaining queue size is 0[0m
[1;36m[ 3][t 5][2026-09-10 01:03:45.238536427][collator.cpp:2405][!collate(-1,8000000000000000):1]	fee recovery skipped (0ng)[0m
[1;36m[ 3][t 5][2026-09-10 01:03:45.238551967][collator.cpp:2527][!collate(-1,8000000000000000):1]	process dispatch queue[0m
[1;36m[ 3][t 5][2026-09-10 01:03:45.238564065][collator.cpp:2532][!collate(-1,8000000000000000):1]	create tick transactions[0m
[1;36m[ 3][t 5][2026-09-10 01:03:45.238607968][collator.cpp:2553][!collate(-1,8000000000000000):1]	process inbound internal messages[0m
[1;36m[ 3][t 5][2026-09-10 01:03:45.238616781][collator.cpp:4498][!collate(-1,8000000000000000):1]	process inbound external messages[0m
[1;36m[ 3][t 5][2026-09-10 01:03:45.238637946][collator.cpp:4506][!collate(-1,8000000000000000):1]	process newly-generated messages[0m
[1;36m[ 3][t 5][2026-09-10 01:03:45.238644358][collator.cpp:4511][!collate(-1,8000000000000000):1]	Don't wait for new external messages[0m
[1;36m[ 3][t 5][2026-09-10 01:03:45.238651120][collator.cpp:2575][!collate(-1,8000000000000000):1]	create tock transactions[0m
[1;36m[ 3][t 5][2026-09-10 01:03:45.238760495][collator.cpp:2580][!collate(-1,8000000000000000):1]	enqueue newly-generated messages[0m
[1;36m[ 3][t 5][2026-09-10 01:03:45.238767111][collator.cpp:5778][!collate(-1,8000000000000000):1]	final out_msg_queue size is 0[0m
[1;36m[ 3][t 5][2026-09-10 01:03:45.238772105][collator.cpp:5782][!collate(-1,8000000000000000):1]	block load statistics: gas=0 lt_delta=2 size_estimate=2561 collated_size_estimate=0[0m
[1;36m[ 3][t 5][2026-09-10 01:03:45.238778699][collator.cpp:5822][!collate(-1,8000000000000000):1]	block is underloaded[0m
[1;36m[ 3][t 5][2026-09-10 01:03:45.239316366][collator.cpp:5514][!collate(-1,8000000000000000):1]	masterchain validator set hash changed from 2805358205 to 2805358205[0m
[1;36m[ 3][t 5][2026-09-10 01:03:45.239333704][collator.cpp:5557][!collate(-1,8000000000000000):1]	Global balance is 0ng[0m
[1;36m[ 3][t 5][2026-09-10 01:03:45.239343060][collator.cpp:5677][!collate(-1,8000000000000000):1]	updating block creator statistics[0m
[1;36m[ 3][t 5][2026-09-10 01:03:45.239349971][collator.cpp:5693][!collate(-1,8000000000000000):1]	scanning for outdated CreatorStats entries[0m
[1;36m[ 3][t 5][2026-09-10 01:03:45.239359547][collator.cpp:5719][!collate(-1,8000000000000000):1]	removed 0 stale CreatorStats entries out of 0 scanned[0m
[1;36m[ 3][t 5][2026-09-10 01:03:45.239373638][collator.cpp:5600][!collate(-1,8000000000000000):1]	McStateExtra created[0m
[1;36m[ 3][t 5][2026-09-10 01:03:45.239403948][collator.cpp:6155][!collate(-1,8000000000000000):1]	creating Merkle update for the ShardState[0m
[1;36m[ 3][t 5][2026-09-10 01:03:45.239469181][collator.cpp:6168][!collate(-1,8000000000000000):1]	updating block profile statistics[0m
[1;36m[ 3][t 5][2026-09-10 01:03:45.239480108][collator.cpp:6170][!collate(-1,8000000000000000):1]	new ShardState and corresponding Merkle update created[0m
[1;36m[ 3][t 5][2026-09-10 01:03:45.239494466][collator.cpp:6410][!collate(-1,8000000000000000):1]	Value flow: (value-flow from_prev_blk:0ng to_next_blk:0ng imported:0ng exported:0ng fees_collected:0ng fees_imported:0ng recovered:0ng created:0ng minted:0ng)[0m
[1;36m[ 3][t 5][2026-09-10 01:03:45.239526339][collator.cpp:6508][!collate(-1,8000000000000000):1]	verifying new Block[0m
[1;36m[ 3][t 5][2026-09-10 01:03:45.239563496][collator.cpp:6513][!collate(-1,8000000000000000):1]	new Block created[0m
[1;36m[ 3][t 5][2026-09-10 01:03:45.239578500][collator.cpp:6729][!collate(-1,8000000000000000):1]	serializing new Block[0m
[1;36m[ 3][t 5][2026-09-10 01:03:45.239634216][collator.cpp:6760][!collate(-1,8000000000000000):1]	serialized block size 1913 bytes (preliminary estimate was 2561)[0m
[1;36m[ 3][t 5][2026-09-10 01:03:45.239641328][collator.cpp:6763][!collate(-1,8000000000000000):1]	size regression stats: 1913 18 6480 19 4 1 1[0m
[1;36m[ 3][t 5][2026-09-10 01:03:45.239646610][collator.cpp:6766][!collate(-1,8000000000000000):1]	serialized collated data size 33 bytes (preliminary estimate was 0)[0m
[1;36m[ 3][t 5][2026-09-10 01:03:45.239659676][collator.cpp:6826][!collate(-1,8000000000000000):1]	saving new BlockCandidate[0m
[1;33m[ 2][t 1][2026-09-10 01:03:45.241850914][collator.cpp:6865][!collate(-1,8000000000000000):1]	sending new BlockCandidate to Promise[0m
[1;33m[ 2][t 1][2026-09-10 01:03:45.241860433][collator.cpp:6866][!collate(-1,8000000000000000):1]	collation took 0.005897 s[0m
[1;33m[ 2][t 1][2026-09-10 01:03:45.241871152][collator.cpp:6867][!collate(-1,8000000000000000):1]	{{
	{do_collate:154110.859525->154110.861766(0.002240)}
	{set_block_candidate:154110.861756->154110.863941(0.002184)}
	{post_ext_processing:154110.860857->154110.861763(0.000906)}
	{wait_block_state #0:154110.858081->154110.858597(0.000516)}
	{get_storage_stat_cache:154110.858103->154110.858156(0.000053)[Error : 0 : not implemented]}
	{neighbor_msg_queues:154110.858998->154110.859048(0.000050)}
	{get_shard_blocks_for_collator:154110.858102->154110.858133(0.000031)}
}[0m
[1;33m[ 2][t 1][2026-09-10 01:03:45.241893701][collator.cpp:6978][!collate(-1,8000000000000000):1]	Collate query work time = 0.002611s, cpu time = 0.002607s[0m
[1;31m[ 1][t 7][2026-09-10 01:03:45.245318241][manager-disk.cpp:264][!manager]	created block [ w=-1 s=9223372036854775808 seq=1 5UvI9ZNhN1o1PPEbR0KY8r0yDbG/epqrtH2tvh/kFDk= DvftmSlvaWWIMmW83GNoy4Ln8/3LfBB7fsnNm6LwK1k= ][0m
[1;33m[ 2][t 7][2026-09-10 01:03:45.245371262][validate-query.cpp:289][!fakevalidate(-1,8000000000000000):1#0]	validate query for (-1,8000000000000000,1):E54BC8F59361375A353CF11B474298F2BD320DB1BF7A9AABB47DADBE1FE41439:0EF7ED99296F6965883265BCDC6368CB82E7F3FDCB7C107B7EC9CD9BA2F02B59 started[0m
[1;33m[ 2][t 6][2026-09-10 01:03:45.245477962][validate-query.cpp:786][!fakevalidate(-1,8000000000000000):1#0]	in ValidateQuery::after_get_latest_mc_state()[0m
[1;36m[ 3][t 6][2026-09-10 01:03:45.245496882][validate-query.cpp:884][!fakevalidate(-1,8000000000000000):1#0]	after_get_storage_stat_cache : [Error : 0 : not implemented][0m
[1;33m[ 2][t 6][2026-09-10 01:03:45.245725255][validate-query.cpp:904][!fakevalidate(-1,8000000000000000):1#0]	in ValidateQuery::after_get_shard_state(0)[0m
[1;31m[ 1][t 6][2026-09-10 01:03:45.245820352][validate-query.cpp:1002][!fakevalidate(-1,8000000000000000):1#0]	block version 16 have been enabled in global configuration, but we support only 15 (upgrade validator software?)[0m
[1;33m[ 2][t 7][2026-09-10 01:03:45.245971157][validate-query.cpp:786][!fakevalidate(-1,8000000000000000):1#0]	in ValidateQuery::after_get_latest_mc_state()[0m
[1;33m[ 2][t 7][2026-09-10 01:03:45.245980663][validate-query.cpp:7761][!fakevalidate(-1,8000000000000000):1#0]	try_validate stage 0[0m
[1;36m[ 3][t 7][2026-09-10 01:03:45.246141214][validate-query.cpp:2478][!fakevalidate(-1,8000000000000000):1#0]	masterchain validator set hash changed from 2805358205 to 2805358205[0m
[1;33m[ 2][t 7][2026-09-10 01:03:45.246161869][validate-query.cpp:7801][!fakevalidate(-1,8000000000000000):1#0]	try_validate stage 1[0m
[1;36m[ 3][t 7][2026-09-10 01:03:45.246167270][validate-query.cpp:7802][!fakevalidate(-1,8000000000000000):1#0]	running automated validity checks for block candidate (-1,8000000000000000,1):E54BC8F59361375A353CF11B474298F2BD320DB1BF7A9AABB47DADBE1FE41439:0EF7ED99296F6965883265BCDC6368CB82E7F3FDCB7C107B7EC9CD9BA2F02B59[0m
[1;36m[ 3][t 7][2026-09-10 01:03:45.246285388][validate-query.cpp:3200][!fakevalidate(-1,8000000000000000):1#0]	pre-checking all Account updates between the old and the new state[0m
[1;36m[ 3][t 7][2026-09-10 01:03:45.246303605][validate-query.cpp:3393][!fakevalidate(-1,8000000000000000):1#0]	pre-checking all AccountBlocks, and all transactions of all accounts[0m
[1;36m[ 3][t 7][2026-09-10 01:03:45.246334321][validate-query.cpp:3652][!fakevalidate(-1,8000000000000000):1#0]	pre-checking the difference between the old and the new outbound message queues[0m
[1;36m[ 3][t 7][2026-09-10 01:03:45.246339984][validate-query.cpp:3673][!fakevalidate(-1,8000000000000000):1#0]	outbound message queue size: 0 -> 0[0m
[1;36m[ 3][t 7][2026-09-10 01:03:45.246345530][validate-query.cpp:3816][!fakevalidate(-1,8000000000000000):1#0]	checking the difference between the old and the new dispatch queues[0m
[1;36m[ 3][t 7][2026-09-10 01:03:45.246356158][validate-query.cpp:4574][!fakevalidate(-1,8000000000000000):1#0]	checking inbound messages listed in InMsgDescr[0m
[1;36m[ 3][t 7][2026-09-10 01:03:45.246368408][validate-query.cpp:5247][!fakevalidate(-1,8000000000000000):1#0]	checking outbound messages listed in OutMsgDescr[0m
[1;36m[ 3][t 7][2026-09-10 01:03:45.246379775][validate-query.cpp:5271][!fakevalidate(-1,8000000000000000):1#0]	checking ProcessedInfo[0m
[1;36m[ 3][t 7][2026-09-10 01:03:45.246383862][validate-query.cpp:5308][!fakevalidate(-1,8000000000000000):1#0]	ProcessedInfo claims to have processed all inbound messages up to (0,0000000000000000000000000000000000000000000000000000000000000000)[0m
[1;36m[ 3][t 7][2026-09-10 01:03:45.246390695][validate-query.cpp:6511][!fakevalidate(-1,8000000000000000):1#0]	checking all transactions[0m
[1;33m[ 2][t 7][2026-09-10 01:03:45.246462038][validate-query.cpp:7920][!fakevalidate(-1,8000000000000000):1#0]	try_validate stage 2[0m
[1;36m[ 3][t 7][2026-09-10 01:03:45.246476245][validate-query.cpp:6963][!fakevalidate(-1,8000000000000000):1#0]	checking header of the new shardchain state[0m
[1;36m[ 3][t 7][2026-09-10 01:03:45.246513042][validate-query.cpp:7262][!fakevalidate(-1,8000000000000000):1#0]	checking header of McStateExtra in the new masterchain state[0m
[1;36m[ 3][t 7][2026-09-10 01:03:45.246938205][validate-query.cpp:7576][!fakevalidate(-1,8000000000000000):1#0]	checking all CreatorStats updates between the old and the new state[0m
[1;33m[ 2][t 7][2026-09-10 01:03:45.247026839][validate-query.cpp:8017][!fakevalidate(-1,8000000000000000):1#0]	validation took 0.001664s[0m
[1;33m[ 2][t 7][2026-09-10 01:03:45.247033967][validate-query.cpp:8018][!fakevalidate(-1,8000000000000000):1#0]	Validate query work time = 0.000972s, cpu time = 0.000971s[0m
[1;33m[ 2][t 7][2026-09-10 01:03:45.247039682][validate-query.cpp:8020][!fakevalidate(-1,8000000000000000):1#0]	{{
	{wait_block_state #0:154110.867552->154110.867815(0.000263)}
	{get_top_masterchain_state_block:154110.867470->154110.867568(0.000097)}
	{set_block_candidate:154110.869042->154110.869093(0.000051)}
	{wait_verify_shard_blocks:154110.868214->154110.868251(0.000037)}
	{get_storage_stat_cache:154110.867555->154110.867587(0.000031)[Error : 0 : not implemented]}
	{get_top_masterchain_state_block:154110.868047->154110.868061(0.000014)}
}[0m
[1;33m[ 2][t 7][2026-09-10 01:03:45.247062236][validate-query.cpp:269][!fakevalidate(-1,8000000000000000):1#0]	validate query done[0m
[1;31m[ 1][t 7][2026-09-10 01:03:45.259521495][manager-disk.cpp:369][!manager]	success, block [ w=-1 s=9223372036854775808 seq=1 5UvI9ZNhN1o1PPEbR0KY8r0yDbG/epqrtH2tvh/kFDk= DvftmSlvaWWIMmW83GNoy4Ln8/3LfBB7fsnNm6LwK1k= ] = (-1,8000000000000000,1):E54BC8F59361375A353CF11B474298F2BD320DB1BF7A9AABB47DADBE1FE41439:0EF7ED99296F6965883265BCDC6368CB82E7F3FDCB7C107B7EC9CD9BA2F02B59 saved to disk[0m
